unix_timestamp,active_power (mW)
1770648343552384,45250
1770648343595454,45570
1770648343638070,45130
1770648343681223,45180
1770648343724358,45160
1770648343767571,45140
1770648343810597,45100
1770648343852909,45070
1770648343895525,45130
1770648343938393,45140
1770648343981485,45070
1770648344024373,45050
1770648344070047,45070
1770648344113088,45070
1770648344155998,45060
1770648344199174,44950
1770648344242194,45040
1770648344285118,45060
1770648344328201,45000
1770648344371098,45000
1770648344414259,44870
1770648344456811,45060
1770648344499917,45080
1770648344542865,44990
1770648344589585,44970
1770648344632602,44990
1770648344675623,45030
1770648344718406,45040
1770648344761019,44990
1770648344804084,44960
1770648344847150,44970
1770648344890060,44990
1770648344933187,44980
1770648344977920,44950
1770648345020563,44970
1770648345063527,45030
1770648345109266,44940
1770648345152292,44890
1770648345195234,45050
1770648345238350,45040
1770648345281534,44960
1770648345324623,45040
1770648345367572,45060
1770648345410687,44990
1770648345453106,45000
1770648345496293,45000
1770648345539246,44990
1770648345582318,44950
1770648345628806,44990
1770648345671949,45020
1770648345715210,44970
1770648345758298,45040
1770648345801396,45030
1770648345844191,44940
1770648345887343,44960
1770648345930440,44960
1770648345972960,45020
1770648346016102,45010
1770648346059161,44980
1770648346102124,44970
1770648346148263,45070
1770648346191292,44990
1770648346234329,45020
1770648346277376,45000
1770648346320476,45000
1770648346363349,44970
1770648346406405,45090
1770648346449373,45080
1770648346492520,44940
1770648346535444,45010
1770648346578561,45030
1770648346621552,45230
1770648346667994,45190
1770648346711073,45080
1770648346753846,45140
1770648346796743,45110
1770648346839853,45180
1770648346882997,45230
1770648346926193,45220
1770648346969167,45120
1770648347012214,45170
1770648347055399,45160
1770648347098634,45190
1770648347141458,45140
1770648347187563,45180
1770648347230725,45150
1770648347273844,45200
1770648347316932,45200
1770648347360066,45110
1770648347403334,45150
1770648347446445,45160
1770648347488905,45160
1770648347531986,45140
1770648347574999,45190
1770648347617618,45080
1770648347660566,45020
1770648347706977,45110
1770648347750021,45080
1770648347792968,45040
1770648347835983,44980
1770648347879201,45030
1770648347922402,44990
1770648347965526,45070
1770648348008470,44930
1770648348051514,45010
1770648348094278,44990
1770648348137519,44970
1770648348180668,44980
1770648348226464,45050
1770648348268911,44970
1770648348311966,45070
1770648348354415,45040
1770648348397367,45070
1770648348440440,44930
1770648348483641,45010
1770648348526795,45140
1770648348569914,45000
1770648348613024,45000
1770648348656041,45030
1770648348698646,45040
1770648348741267,45050
1770648348785943,45000
1770648348829022,45010
1770648348872249,45060
1770648348915398,45060
1770648348958304,45030
1770648349001435,45080
1770648349044585,45120
1770648349087692,45060
1770648349130803,45050
1770648349173973,44980
1770648349217091,45010
1770648349260181,45030
1770648349305561,44950
1770648349348599,44990
1770648349391578,45010
1770648349434485,45010
1770648349476963,44960
1770648349520178,44960
1770648349562463,45090
1770648349605585,45120
1770648349648618,45010
1770648349691796,45020
1770648349734355,45000
1770648349776934,45110
1770648349819934,45120
1770648349865068,45150
1770648349908187,45130
1770648349951244,45150
1770648349994188,45180
1770648350037385,45170
1770648350080507,45200
1770648350123680,45140
1770648350166667,45170
1770648350208895,45190
1770648350251792,45140
1770648350294854,45110
1770648350337774,45100
1770648350384494,45150
1770648350427696,45090
1770648350470819,45480
1770648350513812,45140
1770648350556801,45510
1770648350599970,45190
1770648350643183,45050
1770648350686201,45150
1770648350729130,45010
1770648350771885,45010
1770648350814967,45050
1770648350857791,44970
1770648350904063,45070
1770648350946966,45000
1770648350990077,45110
1770648351033010,44960
1770648351076245,44980
1770648351119428,45040
1770648351162499,45020
1770648351205697,44960
1770648351248560,44990
1770648351291556,45020
1770648351334540,45090
1770648351377713,44900
1770648351423454,44990
1770648351466174,45000
1770648351508524,45050
1770648351551540,45070
1770648351594663,45020
1770648351637172,45080
1770648351679832,45090
1770648351722792,45210
1770648351765816,45100
1770648351808966,45080
1770648351851934,45140
1770648351894811,45210
1770648351937962,45270
1770648351983041,45140
1770648352026215,45200
1770648352068893,45180
1770648352111875,45230
1770648352154846,45110
1770648352197769,45150
1770648352241014,45170
1770648352284098,45270
1770648352327175,45180
1770648352370217,45110
1770648352413279,45150
1770648352456416,45150
1770648352502544,45040
1770648352545487,45110
1770648352588531,45060
1770648352631553,45140
1770648352674602,45060
1770648352717468,44980
1770648352760420,45030
1770648352803587,44960
1770648352846686,45020
1770648352889799,45020
1770648352932924,45020
1770648352975919,45060
1770648353022049,45040
1770648353065095,44990
1770648353108199,45020
1770648353151400,45020
1770648353194402,44990
1770648353237335,45020
1770648353280349,45090
1770648353323498,45030
1770648353366599,45160
1770648353409060,45090
1770648353452122,45030
1770648353495224,45160
1770648353541670,45120
1770648353584682,45110
1770648353627858,45200
1770648353670762,45130
1770648353713802,45180
1770648353757020,45160
1770648353800240,45080
1770648353843426,45150
1770648353886365,45170
1770648353929342,45170
1770648353972545,45020
1770648354015759,45070
1770648354061012,44980
1770648354104069,44970
1770648354146958,45110
1770648354190040,45030
1770648354233165,44910
1770648354276103,45040
1770648354319222,45050
1770648354362175,45020
1770648354405271,45040
1770648354448415,44990
1770648354491386,45140
1770648354534115,45060
1770648354580636,45400
1770648354623642,44930
1770648354666594,45120
1770648354709565,45050
1770648354752390,45150
1770648354795268,45080
1770648354838228,45020
1770648354880926,45030
1770648354924110,45030
1770648354967169,44990
1770648355010035,44980
1770648355052822,44990
1770648355095768,45100
1770648355140122,44970
1770648355183099,44970
1770648355226270,45050
1770648355269199,45000
1770648355312308,44980
1770648355355512,44950
1770648355398540,45050
1770648355441506,45060
1770648355484581,44980
1770648355527543,44960
1770648355570554,44990
1770648355613570,45010
1770648355659561,44950
1770648355702640,44990
1770648355745517,45030
1770648355788643,45080
1770648355831798,45080
1770648355874587,44940
1770648355917610,45030
1770648355960607,45020
1770648356003571,45070
1770648356046600,45060
1770648356089039,45020
1770648356132302,45040
1770648356179101,45080
1770648356222207,45020
1770648356265382,45000
1770648356308441,45000
1770648356351568,45060
1770648356394507,44860
1770648356437656,44990
1770648356480634,45010
1770648356523645,45120
1770648356566793,45100
1770648356609783,44930
1770648356652527,45050
1770648356698508,45070
1770648356741609,45030
1770648356784605,44940
1770648356827763,45020
1770648356870878,45120
1770648356913642,45110
1770648356956536,45200
1770648356999546,45010
1770648357042500,45040
1770648357085522,45110
1770648357128517,45140
1770648357171467,45160
1770648357218268,45170
1770648357261350,45200
1770648357304556,45220
1770648357347653,45150
1770648357390591,45120
1770648357433653,45120
1770648357476531,45210
1770648357519310,45210
1770648357562556,45230
1770648357605543,45090
1770648357648604,45140
1770648357691608,45140
1770648357737758,45080
1770648357780834,45080
1770648357823966,45040
1770648357867111,44990
1770648357910215,45010
1770648357953211,45050
1770648357996285,45100
1770648358039289,45000
1770648358082044,44980
1770648358125130,45010
1770648358168230,45030
1770648358211319,44950
1770648358257255,44980
1770648358300356,45060
1770648358343498,45080
1770648358386664,45090
1770648358429582,44990
1770648358472661,44990
1770648358515799,45110
1770648358558715,45050
1770648358601677,45190
1770648358644800,45110
1770648358687989,45020
1770648358731174,45140
1770648358776976,45110
1770648358820029,45190
1770648358863200,45200
1770648358906377,45180
1770648358948885,45190
1770648358991953,45210
1770648359034933,45180
1770648359078034,45130
1770648359121146,45200
1770648359164327,45090
1770648359207368,45160
1770648359250290,45120
1770648359296450,45090
1770648359339487,45060
1770648359382568,45040
1770648359425037,44980
1770648359467985,45030
1770648359510921,44990
1770648359553833,44980
1770648359596811,44970
1770648359639850,45040
1770648359682767,44990
1770648359725937,44940
1770648359769016,44990
1770648359815855,45000
1770648359858857,44960
1770648359901875,44930
1770648359944988,45000
1770648359988179,45070
1770648360031030,45130
1770648360074153,45080
1770648360117278,45040
1770648360160302,45110
1770648360203359,45110
1770648360246373,45170
1770648360288991,45160
1770648360335520,45140
1770648360378538,45190
1770648360421010,45180
