unix_timestamp,active_power (mW)
1770652102317347,49270
1770652102360416,49550
1770652102403360,49260
1770652102445927,49310
1770652102488848,49330
1770652102532038,49480
1770652102577777,49430
1770652102620825,49630
1770652102663827,49740
1770652102707109,49730
1770652102750032,49800
1770652102793029,49690
1770652102836146,49820
1770652102879184,49760
1770652102921821,49760
1770652102964907,49820
1770652103007995,49780
1770652103051095,49800
1770652103097640,49370
1770652103140804,49410
1770652103184009,49410
1770652103227156,49330
1770652103270118,49410
1770652103312812,49360
1770652103355824,49350
1770652103398333,49460
1770652103441518,49350
1770652103484680,49350
1770652103527475,49380
1770652103570447,49380
1770652103613534,49300
1770652103657582,49360
1770652103700480,49360
1770652103743589,49350
1770652103786755,49330
1770652103829883,49360
1770652103872883,49380
1770652103916054,49300
1770652103959253,49350
1770652104002201,49330
1770652104045329,49280
1770652104088505,49330
1770652104131688,49240
1770652104177459,49290
1770652104220416,49340
1770652104263420,49310
1770652104306471,49160
1770652104349521,49200
1770652104392687,49270
1770652104435685,49250
1770652104478828,49260
1770652104521930,49330
1770652104565164,49120
1770652104608409,49200
1770652104651378,49210
1770652104697467,49230
1770652104740413,49250
1770652104783392,49230
1770652104826557,49120
1770652104869460,49180
1770652104912595,49310
1770652104955520,49170
1770652104998749,49190
1770652105041610,49280
1770652105084789,49270
1770652105127908,49220
1770652105170704,49230
1770652105217225,49280
1770652105260474,49240
1770652105303442,49240
1770652105346094,49200
1770652105389086,49290
1770652105432245,49260
1770652105475328,49240
1770652105518268,49280
1770652105561745,49230
1770652105604740,49240
1770652105647855,49190
1770652105690729,49220
1770652105737220,49240
1770652105780473,49150
1770652105823963,49100
1770652105866776,49180
1770652105909659,49040
1770652105952610,49160
1770652105995707,49130
1770652106038860,49120
1770652106081468,49200
1770652106124554,49180
1770652106166990,49270
1770652106209947,49100
1770652106253224,49190
1770652106297258,49250
1770652106340437,49200
1770652106383411,49220
1770652106426420,49200
1770652106469439,49330
1770652106512437,49180
1770652106555835,49310
1770652106598827,49250
1770652106642103,49200
1770652106685231,49240
1770652106728238,49230
1770652106771415,49220
1770652106817223,49290
1770652106860284,49220
1770652106903455,49210
1770652106946311,49160
1770652106988938,49190
1770652107032014,49280
1770652107075163,49250
1770652107118184,49270
1770652107161304,49220
1770652107204549,49180
1770652107247833,49150
1770652107290522,49200
1770652107337046,49170
1770652107380085,49140
1770652107423038,49180
1770652107465672,49200
1770652107507963,49260
1770652107550925,49250
1770652107593884,49170
1770652107636970,49150
1770652107680222,49190
1770652107722614,49230
1770652107765741,49180
1770652107808868,49160
1770652107852061,49210
1770652107897159,49190
1770652107940288,49110
1770652107983483,49150
1770652108026358,49240
1770652108068927,49250
1770652108112045,49220
1770652108155085,49250
1770652108198092,49210
1770652108241134,49230
1770652108284153,49250
1770652108326704,49290
1770652108369815,49240
1770652108412713,49220
1770652108457116,49190
1770652108500223,49260
1770652108543166,49370
1770652108586302,49240
1770652108629280,49300
1770652108672344,49230
1770652108715576,49360
1770652108758462,49320
1770652108800967,49320
1770652108844073,49310
1770652108887032,49330
1770652108929618,49310
1770652108972808,49310
1770652109017125,49250
1770652109060252,49250
1770652109103368,49310
1770652109145854,49230
1770652109188868,49240
1770652109231920,49300
1770652109275132,49260
1770652109318129,49310
1770652109361277,49320
1770652109404471,49240
1770652109447562,49200
1770652109490588,49220
1770652109536995,49150
1770652109580033,49330
1770652109623033,49280
1770652109666073,49240
1770652109709156,49230
1770652109752211,49280
1770652109795118,49280
1770652109838170,49220
1770652109881365,49210
1770652109924406,49150
1770652109967694,49140
1770652110010654,49150
1770652110056772,49230
1770652110099887,49220
1770652110142508,49230
1770652110184909,49210
1770652110227972,49250
1770652110270906,49230
1770652110313980,49280
1770652110357082,49230
1770652110400214,49220
1770652110442736,49200
1770652110485776,49170
1770652110528816,49330
1770652110571800,49210
1770652110616881,49210
1770652110659894,49280
1770652110702851,49170
1770652110745637,49350
1770652110788655,49320
1770652110831696,49290
1770652110874352,49280
1770652110917383,49250
1770652110960362,49340
1770652111003542,49350
1770652111046515,49310
1770652111088848,49250
1770652111131994,49200
1770652111176752,49220
1770652111219813,49210
1770652111263006,49240
1770652111306284,49160
1770652111349433,49170
1770652111392604,49250
1770652111435801,49220
1770652111478723,49320
1770652111521195,49200
1770652111564290,49280
1770652111607223,49190
1770652111650379,49190
1770652111696537,49160
1770652111739558,49090
1770652111782344,49190
1770652111825361,49170
1770652111868369,49260
1770652111911300,49230
1770652111954215,49280
1770652111997361,49430
1770652112040398,49180
1770652112083481,49260
1770652112126537,49210
1770652112169558,49320
1770652112216488,49270
1770652112259507,49260
1770652112302407,49180
1770652112345363,49260
1770652112388418,51730
1770652112431462,49370
1770652112474558,49270
1770652112517790,49410
1770652112560997,49270
1770652112604022,49260
1770652112647041,49250
1770652112690166,49290
1770652112736444,49080
1770652112779497,49360
1770652112822413,49300
1770652112865496,49280
1770652112908383,49360
1770652112951457,49320
1770652112994403,49300
1770652113036989,49280
1770652113080135,49290
1770652113123017,49230
1770652113166235,49350
1770652113209455,49250
1770652113256349,49300
1770652113299445,49230
1770652113342247,49340
1770652113385235,49270
1770652113428289,49290
1770652113471323,49210
1770652113513890,49210
1770652113557163,49260
1770652113600272,49180
1770652113643269,49190
1770652113686287,49230
1770652113729376,49290
1770652113776023,49200
1770652113819190,49220
1770652113862017,49250
1770652113905208,49220
1770652113947803,49210
1770652113990884,49310
1770652114034092,49160
1770652114077234,49260
1770652114120178,49260
1770652114163323,49260
1770652114206302,49270
1770652114249808,49250
1770652114295865,49230
1770652114339067,49240
1770652114382046,49250
1770652114425095,49250
1770652114468259,49320
1770652114511282,49230
1770652114554353,49280
1770652114597405,49260
1770652114640403,49240
1770652114683412,49240
1770652114726544,49280
1770652114768899,49260
1770652114815854,49200
1770652114859025,49250
1770652114902170,49320
1770652114945189,49140
1770652114988301,49270
1770652115031522,49290
1770652115074050,49290
1770652115117166,49350
1770652115160348,49380
1770652115203544,49340
1770652115246542,49260
1770652115289045,49360
1770652115335703,49240
1770652115378833,49290
1770652115421979,49250
1770652115464867,49240
1770652115508025,49200
1770652115551167,49280
1770652115594317,49160
1770652115637366,49190
1770652115680399,49200
1770652115723373,49190
1770652115766413,49180
1770652115809416,49180
1770652115855530,49240
1770652115898548,49230
1770652115941739,49230
1770652115984920,49300
1770652116027876,49210
1770652116070841,49260
1770652116113496,49160
1770652116156353,49230
1770652116198842,49250
1770652116241883,49240
1770652116285025,49300
1770652116328144,49290
1770652116371318,49320
1770652116415329,49280
1770652116458544,49330
1770652116501739,49310
1770652116544843,49420
1770652116588122,49280
1770652116631202,49240
1770652116674217,49330
1770652116717241,49260
1770652116760150,49240
1770652116803099,49310
1770652116846254,49260
1770652116889488,49140
1770652116935102,49270
1770652116978244,49300
1770652117021209,49210
1770652117064295,49270
1770652117107471,49140
1770652117150516,49150
1770652117193470,49170
1770652117236397,49130
