unix_timestamp,active_power (mW)
1770220655052651,44570
1770220655095806,40050
1770220655138699,30530
1770220655181774,45450
1770220655227016,44530
1770220655270175,44500
1770220655312679,44510
1770220655355803,44540
1770220655398964,44530
1770220655442206,44560
1770220655485407,44640
1770220655528339,44540
1770220655571487,44420
1770220655614633,44440
1770220655657709,44370
1770220655700692,44360
1770220655746806,44390
1770220655789846,44500
1770220655832854,44480
1770220655875886,44490
1770220655918933,44540
1770220655961922,44530
1770220656004786,44410
1770220656047674,44360
1770220656090649,44390
1770220656133709,44480
1770220656176687,44440
1770220656219541,44530
1770220656266730,44400
1770220656309884,44380
1770220656352916,44590
1770220656395965,44480
1770220656438996,44490
1770220656482089,44520
1770220656525100,44540
1770220656568149,44590
1770220656611166,44510
1770220656654150,44560
1770220656697263,44590
1770220656740503,44550
1770220656786695,44550
1770220656829820,44520
1770220656872829,44430
1770220656915753,44390
1770220656958669,44360
1770220657001420,44450
1770220657044407,44490
1770220657087474,44510
1770220657130380,44460
1770220657173391,44510
1770220657216518,44490
1770220657259507,44460
1770220657306343,44410
1770220657349476,44420
1770220657392700,44450
1770220657435679,44280
1770220657478804,44360
1770220657521753,44530
1770220657564774,44450
1770220657607714,44360
1770220657650598,44380
1770220657693682,44430
1770220657736711,44480
1770220657779827,44400
1770220657826419,47810
1770220657869571,44160
1770220657912794,44490
1770220657955808,44510
1770220657998822,44550
1770220658041773,44610
1770220658084824,44500
1770220658127855,44610
1770220658170990,44520
1770220658213836,44530
1770220658256777,44540
1770220658299850,44620
1770220658346339,44580
1770220658389474,44570
1770220658432696,44500
1770220658475682,44430
1770220658518582,44440
1770220658561641,44390
1770220658604600,44420
1770220658647658,44430
1770220658690702,44440
1770220658733590,44460
1770220658776747,44510
1770220658819696,44500
1770220658866157,44490
1770220658908695,44400
1770220658951690,44270
1770220658994584,44370
1770220659037672,44440
1770220659080524,44370
1770220659123487,44310
1770220659166656,44350
1770220659209592,44400
1770220659252686,44480
1770220659295731,44350
1770220659338747,44390
1770220659381667,44460
1770220659426117,44520
1770220659469165,44480
1770220659512250,44490
1770220659555300,44590
1770220659598393,44710
1770220659641480,44560
1770220659684529,44580
1770220659727691,44610
1770220659770690,44530
1770220659813764,44540
1770220659856765,44570
1770220659899744,44560
1770220659945991,44490
1770220659988689,44370
1770220660031656,44550
1770220660074649,44650
1770220660117596,44420
1770220660160641,44510
1770220660203535,44700
1770220660246577,44530
1770220660289637,44500
1770220660332645,44460
1770220660375679,44410
1770220660418575,44320
1770220660461814,44360
1770220660505740,44310
1770220660548802,44400
1770220660591972,44420
1770220660634934,44480
1770220660678035,44500
1770220660721291,44480
1770220660764504,44510
1770220660807736,44490
1770220660850623,44450
1770220660893460,44530
1770220660936623,44420
1770220660979803,44420
1770220661025696,44660
1770220661068854,44410
1770220661111912,44460
1770220661154827,44510
1770220661197758,44430
1770220661240784,44450
1770220661283766,44460
1770220661326719,44460
1770220661369451,44480
1770220661412444,44480
1770220661455561,44500
1770220661498496,44470
1770220661541710,44500
1770220661585676,44530
1770220661628736,44740
1770220661671855,44560
1770220661714681,44530
1770220661757695,44580
1770220661800717,44530
1770220661843617,44560
1770220661886549,44530
1770220661929622,44520
1770220661972587,44500
1770220662015711,44450
1770220662058713,44560
1770220662105465,44380
1770220662148568,44380
1770220662191680,44410
1770220662234579,44380
1770220662277529,44460
1770220662320694,44540
1770220662363790,44480
1770220662406780,44480
1770220662449554,44420
1770220662492656,44400
1770220662535662,44430
1770220662578786,44460
1770220662625360,44390
1770220662668476,44370
1770220662711618,44410
1770220662754589,44460
1770220662797775,44420
1770220662840756,44430
1770220662883743,44530
1770220662926563,44510
1770220662969673,44470
1770220663012768,44420
1770220663055619,44650
1770220663098651,44470
1770220663145336,44560
1770220663188466,44520
1770220663231434,44510
1770220663274609,44650
1770220663317832,44520
1770220663360905,44550
1770220663403854,44480
1770220663446741,44530
1770220663489949,44480
1770220663532953,44520
1770220663575964,45290
1770220663618814,45090
1770220663665416,44860
1770220663708424,44610
1770220663751390,44630
1770220663794130,44510
1770220663837272,44650
1770220663880298,44570
1770220663923411,44600
1770220663966591,44600
1770220664009855,44560
1770220664052933,44600
1770220664095822,44430
1770220664138723,44670
1770220664185117,44620
1770220664228277,44400
1770220664271416,44380
1770220664314358,44470
1770220664357471,44470
1770220664400717,44520
1770220664443702,44500
1770220664486869,44560
1770220664529954,44490
1770220664572980,44530
1770220664616115,44490
1770220664659231,44580
1770220664705130,44560
1770220664748275,44550
1770220664791367,44550
1770220664834378,44560
1770220664877493,44590
1770220664920562,44600
1770220664963662,44640
1770220665006697,44640
1770220665049569,44710
1770220665092688,44650
1770220665135750,44600
1770220665178710,44620
1770220665225219,44600
1770220665268301,44630
1770220665311510,44650
1770220665354775,44640
1770220665397569,44630
1770220665440651,44600
1770220665483762,44690
1770220665526762,44610
1770220665569740,44590
1770220665612797,44610
1770220665655762,44570
1770220665698697,44570
1770220665745137,44530
1770220665788210,44490
1770220665831192,44570
1770220665874248,44630
1770220665917273,44580
1770220665960323,44530
1770220666003531,44500
1770220666046682,44560
1770220666089570,44370
1770220666132801,44550
1770220666175957,44370
1770220666219168,44410
1770220666265032,44390
1770220666308154,44410
1770220666351187,44380
1770220666394193,44400
1770220666437339,44410
1770220666480522,44530
1770220666523707,44420
1770220666566667,44460
1770220666609869,44520
1770220666653090,44450
1770220666696235,44440
1770220666739197,44430
1770220666785028,44420
1770220666828098,44490
1770220666871303,44510
1770220666914132,44530
1770220666957311,44530
1770220667000368,44520
1770220667043480,44580
1770220667086705,44530
1770220667129806,44550
1770220667172838,44570
1770220667216016,44610
1770220667259246,44680
1770220667305051,44530
1770220667348105,44520
1770220667391251,44640
1770220667434238,44590
1770220667477357,44530
1770220667520558,44550
1770220667563727,44540
1770220667606668,44470
1770220667649859,44470
1770220667692812,44490
1770220667735899,44500
1770220667778767,44670
1770220667824962,44490
1770220667868151,44520
1770220667911318,44560
1770220667954153,44500
1770220667997159,44520
1770220668040211,44640
1770220668083203,44650
1770220668126333,44520
1770220668169538,44510
1770220668212789,44800
1770220668255780,45000
1770220668298789,44500
1770220668344996,44500
1770220668388138,44530
1770220668431329,44500
1770220668474405,44520
1770220668517469,44470
1770220668560626,44460
1770220668603767,44570
1770220668646688,44560
1770220668689222,45250
1770220668732376,44980
1770220668775438,44610
1770220668818521,44660
1770220668864965,44710
1770220668907815,44660
1770220668950776,44640
1770220668993072,44680
1770220669035979,44700
1770220669078906,44590
1770220669122002,44680
1770220669165138,44590
1770220669208135,44650
1770220669251434,44600
1770220669294485,44690
1770220669337457,44650
1770220669380660,44650
1770220669425026,44630
1770220669468178,44590
1770220669511226,44600
1770220669554188,44600
1770220669597399,44580
1770220669640645,44590
1770220669683802,44580
1770220669726775,44660
1770220669769778,44660
1770220669812798,44630
1770220669855770,44730
1770220669898860,44620
1770220669945097,44640
1770220669988130,44590
1770220670031248,44760
1770220670074257,44700
1770220670117433,44650
1770220670160585,44650
1770220670203514,44610
1770220670246730,44540
1770220670289837,44680
1770220670332852,44850
1770220670375820,44530
1770220670418776,44580
1770220670464996,44590
1770220670508150,44500
1770220670551312,44530
1770220670594277,44490
1770220670637455,44500
1770220670680552,44480
1770220670723594,44500
1770220670766586,44460
1770220670809235,44440
1770220670852386,44490
1770220670895482,44460
1770220670938479,44470
1770220670985023,44380
1770220671028079,44530
1770220671071273,44370
1770220671114162,44430
1770220671157294,44360
1770220671200291,44450
1770220671243481,44450
1770220671286646,44390
1770220671329787,44400
1770220671372684,44390
1770220671415722,44390
1770220671458719,44470
1770220671504923,44360
1770220671548004,44380
1770220671590994,44410
1770220671634073,44400
1770220671677085,44390
1770220671720232,44370
1770220671763333,44370
1770220671806516,44410
1770220671849544,44350
1770220671892641,44660
1770220671935650,44420
1770220671978754,44320
1770220672024832,44480
1770220672067843,44350
1770220672110737,44450
1770220672153638,44370
1770220672196709,44460
1770220672239775,44380
1770220672282732,44390
1770220672325702,44920
1770220672368746,44440
1770220672411751,44370
1770220672454800,44310
1770220672497685,44370
1770220672540571,44330
1770220672584939,44310
1770220672627882,44360
1770220672670927,44400
1770220672713940,44380
1770220672757005,44260
1770220672800124,44380
1770220672842697,44330
1770220672885257,44320
1770220672928476,44310
1770220672971639,44300
1770220673014809,44310
1770220673057981,44430
1770220673105147,44330
1770220673148129,44320
1770220673191233,44330
1770220673234179,44320
1770220673277407,44370
1770220673320645,44300
1770220673363803,44390
1770220673406664,44320
1770220673449580,44340
1770220673492696,44340
1770220673535983,44350
1770220673579047,44320
1770220673624974,44380
1770220673668031,44410
1770220673711295,44360
1770220673754454,44380
1770220673797567,44390
1770220673840584,44400
1770220673883593,44350
1770220673926570,44700
1770220673969579,44480
