unix_timestamp,active_power (mW)
1770219818752378,42270
1770219818795490,39710
1770219818838512,41930
1770219818881504,42340
1770219818924509,42260
1770219818967638,42170
1770219819010708,42270
1770219819053719,42340
1770219819096809,42230
1770219819139943,42370
1770219819182874,42440
1770219819229405,42240
1770219819272645,42400
1770219819315695,42280
1770219819358903,42270
1770219819401838,42230
1770219819444927,42240
1770219819487845,42270
1770219819530699,42220
1770219819573866,42230
1770219819616949,42290
1770219819659855,42350
1770219819702810,42300
1770219819749306,42410
1770219819792429,42350
1770219819835524,42370
1770219819878516,42460
1770219819920974,42380
1770219819964061,42320
1770219820006999,42260
1770219820049508,42300
1770219820092526,42440
1770219820135561,42440
1770219820178564,42350
1770219820221484,42410
1770219820264580,42230
1770219820309032,42300
1770219820352082,42250
1770219820394956,42370
1770219820438038,42400
1770219820480931,42290
1770219820523868,42410
1770219820566894,42260
1770219820609824,42210
1770219820652913,42290
1770219820695796,42370
1770219820738863,42410
1770219820781836,42260
1770219820828653,42290
1770219820871767,42250
1770219820914447,42180
1770219820957544,42190
1770219821000710,42270
1770219821043753,42180
1770219821086889,42290
1770219821130019,42250
1770219821172910,42310
1770219821216068,42320
1770219821258869,42400
1770219821301738,42510
1770219821348643,42640
1770219821391773,42360
1770219821434895,42370
1770219821477861,42390
1770219821520916,42350
1770219821563879,42280
1770219821606831,42310
1770219821649432,42340
1770219821692396,42400
1770219821735491,42360
1770219821778653,42400
1770219821821289,42430
1770219821868371,42370
1770219821911511,42460
1770219821954660,42490
1770219821997745,42350
1770219822040628,42420
1770219822083698,42440
1770219822126725,42350
1770219822169733,42370
1770219822212745,42280
1770219822255625,42300
1770219822298810,42340
1770219822341882,42380
1770219822388011,42410
1770219822431082,42350
1770219822474020,42330
1770219822517170,42270
1770219822560211,42330
1770219822603186,42340
1770219822645775,42370
1770219822688872,42440
1770219822731893,42370
1770219822774696,42330
1770219822817790,42310
1770219822860911,42320
1770219822907780,42310
1770219822950922,42380
1770219822993730,42400
1770219823036725,42440
1770219823079852,42440
1770219823122935,42380
1770219823165458,42280
1770219823208380,42220
1770219823251530,42240
1770219823294709,42300
1770219823337738,42280
1770219823380703,42380
1770219823423721,42320
1770219823467683,42350
1770219823510687,42320
1770219823553599,42230
1770219823596674,42220
1770219823639613,42180
1770219823682705,42330
1770219823725912,42290
1770219823768784,42360
1770219823812013,42250
1770219823855113,42250
1770219823898096,42230
1770219823941129,42270
1770219823987318,42490
1770219824030411,42350
1770219824073627,42360
1770219824116802,42420
1770219824159883,42290
1770219824202839,42400
1770219824246035,42250
1770219824288982,42200
1770219824332035,42290
1770219824374893,42370
1770219824417967,42390
1770219824460910,42360
1770219824507189,42360
1770219824550306,42260
1770219824593531,42260
1770219824636711,42350
1770219824679628,42300
1770219824722747,42230
1770219824765597,42250
1770219824808524,42260
1770219824851572,42380
1770219824894561,42380
1770219824937723,42300
1770219824980507,42280
1770219825026984,42320
1770219825070039,42290
1770219825113062,42270
1770219825156008,42250
1770219825198874,42210
1770219825241917,42290
1770219825284982,42390
1770219825328181,42340
1770219825371395,42330
1770219825414512,42290
1770219825457591,42220
1770219825500548,42230
1770219825546658,42260
1770219825589713,42310
1770219825632709,42240
1770219825675847,42290
1770219825718984,42220
1770219825761961,42200
1770219825805043,42240
1770219825848339,42330
1770219825891428,42370
1770219825934612,42410
1770219825977688,42330
1770219826020648,42310
1770219826066405,42290
1770219826109548,42240
1770219826152759,42350
1770219826195872,42350
1770219826239004,42390
1770219826282085,42410
1770219826325072,42380
1770219826368205,42300
1770219826411385,42230
1770219826454327,42210
1770219826497288,42360
1770219826540367,42290
1770219826586273,42330
1770219826629317,42360
1770219826672294,42350
1770219826715304,42410
1770219826758244,42370
1770219826800757,42380
1770219826843856,42330
1770219826886868,42300
1770219826929669,42240
1770219826972696,42290
1770219827015663,42360
1770219827058836,42310
1770219827101858,42330
1770219827146177,42310
1770219827189155,42310
1770219827232334,42290
1770219827275575,42260
1770219827318674,42340
1770219827361943,42260
1770219827404891,42330
1770219827447915,42290
1770219827490946,42350
1770219827533871,42310
1770219827576856,42210
1770219827619857,42260
1770219827665723,42260
1770219827708872,42310
1770219827751916,42410
1770219827794871,42270
1770219827837633,42230
1770219827880761,42220
1770219827923662,42220
1770219827966922,42310
1770219828009885,42380
1770219828052916,42310
1770219828095924,42650
1770219828138885,42260
1770219828185449,42380
1770219828228544,42270
1770219828271695,42310
1770219828314919,42360
1770219828358107,42390
1770219828400589,42240
1770219828443734,42240
1770219828486680,42230
1770219828529833,42300
1770219828572721,42210
1770219828615530,42380
1770219828658338,42310
1770219828705139,42360
1770219828748322,42250
1770219828791509,42170
1770219828834606,42230
1770219828877711,42300
1770219828920777,42300
1770219828963781,42330
1770219829006812,42430
1770219829049859,42320
1770219829092743,42290
1770219829135739,42320
1770219829178811,42260
1770219829224981,42290
1770219829268107,42220
1770219829311315,42320
1770219829354479,42330
1770219829397605,42370
1770219829440810,42280
1770219829484048,42380
1770219829526948,42270
1770219829570039,42340
1770219829613070,42270
1770219829656134,42310
1770219829699012,42280
1770219829744810,42320
1770219829787916,42350
1770219829831028,42320
1770219829873666,42260
1770219829916680,42170
1770219829959892,42210
1770219830002785,42330
1770219830045985,42350
1770219830089132,42450
1770219830132223,42480
1770219830175202,42230
1770219830218327,42220
1770219830264454,42280
1770219830307608,42290
1770219830350697,42410
1770219830393857,42300
1770219830436731,42300
1770219830479925,42180
1770219830522997,42280
1770219830565964,42240
1770219830608813,42310
1770219830651876,42360
1770219830694958,42350
1770219830738035,42290
1770219830784227,42240
1770219830827298,42220
1770219830870461,42310
1770219830912957,42260
1770219830956076,42350
1770219830998926,42470
1770219831041945,42380
1770219831084899,42200
1770219831127822,42220
1770219831170958,42220
1770219831213935,42280
1770219831257064,42290
1770219831303919,42330
1770219831346787,42290
1770219831389923,42200
1770219831432892,42240
1770219831475975,42260
1770219831519025,42270
1770219831561909,42360
1770219831605055,42280
1770219831648019,42360
1770219831691139,42340
1770219831734025,42230
1770219831777092,42230
1770219831823604,42290
1770219831866797,42260
1770219831909596,42320
1770219831952714,42240
1770219831995740,42350
1770219832039003,42350
1770219832081860,42230
1770219832124902,42290
1770219832168006,42300
1770219832211042,42610
1770219832254076,42290
1770219832296976,42320
1770219832343358,42170
1770219832386514,42220
1770219832429608,42190
1770219832472619,42310
1770219832515714,42330
1770219832558855,42360
1770219832602077,42370
1770219832645009,42330
1770219832688025,42240
1770219832730911,42230
1770219832773802,42250
1770219832816528,42240
1770219832863110,42360
1770219832905871,42310
1770219832948735,42280
1770219832991959,42350
1770219833034904,42240
1770219833077974,42180
1770219833120935,42260
1770219833163863,42400
1770219833206828,42370
1770219833249846,42220
1770219833292947,42220
1770219833335893,42300
1770219833382938,42230
1770219833425544,42300
1770219833468733,42380
1770219833511943,42290
1770219833554873,42280
1770219833597959,42240
1770219833641042,42200
1770219833683984,42200
1770219833726823,42280
1770219833769886,42330
1770219833812821,42360
1770219833855830,42310
1770219833902535,42250
1770219833945572,42200
1770219833988797,42260
1770219834031847,42310
1770219834074918,42450
1770219834117971,42320
1770219834160932,42340
1770219834204021,42280
1770219834246881,42430
1770219834289794,42270
1770219834332907,42310
1770219834375957,42360
1770219834422248,42300
1770219834465405,42290
1770219834508359,42290
1770219834551494,42270
1770219834594520,42320
1770219834637447,42220
1770219834680384,42320
1770219834723487,42370
1770219834766477,42300
1770219834809571,42290
1770219834852739,42310
1770219834895933,42220
1770219834942002,42280
1770219834985148,42290
1770219835028231,42480
1770219835071331,42320
1770219835114327,42210
1770219835157524,42250
1770219835200706,42330
1770219835243861,42340
1770219835286682,42330
1770219835329970,42320
1770219835373049,42220
1770219835416241,42270
1770219835461714,42310
1770219835504795,42260
1770219835547753,42360
1770219835590851,42310
1770219835633620,42390
1770219835676813,42290
1770219835719862,42170
1770219835762868,42280
1770219835806105,42280
