unix_timestamp,active_power (mW)
1774525645008899,47110
1774525645051218,24910
1774525645093676,18860
1774525645136798,21670
1774525645179893,31210
1774525645222555,32170
1774525645265737,43730
1774525645308386,49720
1774525645351417,49500
1774525645394440,49520
1774525645437420,49450
1774525645480268,49410
1774525645523409,49390
1774525645568992,49480
1774525645611744,49440
1774525645654692,49430
1774525645697927,49450
1774525645741059,49520
1774525645783993,49430
1774525645826479,49630
1774525645869470,49540
1774525645912468,49470
1774525645955489,49450
1774525645998502,49500
1774525646041476,49490
1774525646084437,49440
1774525646129097,49450
1774525646172187,49470
1774525646214691,49540
1774525646257876,49520
1774525646301002,49480
1774525646344025,49480
1774525646387197,49550
1774525646429891,49480
1774525646473115,49430
1774525646516348,49410
1774525646559474,49410
1774525646602352,49580
1774525646648901,49430
1774525646691941,49600
1774525646734966,49500
1774525646778100,49410
1774525646821200,49490
1774525646864399,49430
1774525646907414,49560
1774525646949779,49420
1774525646993068,49480
1774525647036108,49490
1774525647079103,49560
1774525647122174,49520
1774525647168959,49460
1774525647211946,49470
1774525647254526,49560
1774525647297400,49540
1774525647340566,49550
1774525647383567,49530
1774525647426338,49550
1774525647469524,49470
1774525647512251,49510
1774525647555212,49540
1774525647597670,49500
1774525647640781,49510
1774525647683896,49560
1774525647728733,49490
1774525647771627,49500
1774525647814662,49540
1774525647857512,49450
1774525647900700,49690
1774525647943792,50290
1774525647986872,49780
1774525648029698,49510
1774525648072862,49410
1774525648116023,49430
1774525648159151,49470
1774525648202176,49550
1774525648248667,49520
1774525648291759,49450
1774525648334772,49550
1774525648377459,49490
1774525648420670,49470
1774525648463918,49560
1774525648506788,49500
1774525648549955,49490
1774525648592868,49510
1774525648635222,49560
1774525648678234,49600
1774525648721377,49520
1774525648764236,49590
1774525648808690,49570
1774525648851904,49650
1774525648894662,49650
1774525648937592,49560
1774525648980508,49650
1774525649023674,49660
1774525649066826,49640
1774525649109720,49670
1774525649152947,49640
1774525649195287,49700
1774525649238281,49590
1774525649281365,49730
1774525649324290,49620
1774525649368716,49730
1774525649411859,49570
1774525649454973,49640
1774525649498092,49640
1774525649541280,49590
1774525649584357,49620
1774525649627465,49680
1774525649670612,49660
1774525649713637,49690
1774525649756870,49680
1774525649799947,49630
1774525649842515,49710
1774525649888767,49620
1774525649931841,49650
1774525649975024,49520
1774525650017562,49570
1774525650060824,49550
1774525650103802,49520
1774525650146727,49530
1774525650189793,49880
1774525650232777,49820
1774525650276067,49860
1774525650318988,49830
1774525650362067,49850
1774525650408558,49820
1774525650451693,49850
1774525650494902,49820
1774525650538110,49780
1774525650581276,49750
1774525650624308,49700
1774525650667474,49770
1774525650710607,49780
1774525650753718,49730
1774525650796959,49670
1774525650839914,49770
1774525650883055,49820
1774525650928394,49800
1774525650971251,49790
1774525651013929,49850
1774525651056991,49590
1774525651100132,49660
1774525651143014,49580
1774525651186076,49520
1774525651229155,49550
1774525651272266,49520
1774525651315377,49540
1774525651358453,49530
1774525651401371,49450
1774525651444361,49530
1774525651488423,49510
1774525651531481,49490
1774525651573948,49580
1774525651617129,49400
1774525651660327,49530
1774525651703243,49500
1774525651746483,49470
1774525651789588,49570
1774525651832504,49480
1774525651875429,49600
1774525651918558,49530
1774525651961492,49600
1774525652008223,49560
1774525652051434,49620
1774525652094411,49570
1774525652137416,49650
1774525652180337,49540
1774525652223006,49570
1774525652266137,49570
1774525652309089,49570
1774525652352244,49500
1774525652394963,49530
1774525652437947,49550
1774525652481224,49430
1774525652524406,49420
1774525652568420,49510
1774525652611399,49430
1774525652654398,49400
1774525652697436,49500
1774525652740452,49490
1774525652783265,49440
1774525652825586,49540
1774525652868660,49640
1774525652911652,49470
1774525652954733,49610
1774525652997810,49550
1774525653040950,49470
1774525653084112,49470
1774525653128145,49470
1774525653171257,49450
1774525653214197,49410
1774525653257375,49370
1774525653300180,49330
1774525653343254,49340
1774525653386274,49410
1774525653429211,49330
1774525653472333,49400
1774525653515274,49470
1774525653557721,49550
1774525653600753,49510
1774525653643807,49470
1774525653688154,49510
1774525653731247,49530
1774525653774274,49530
1774525653817354,49480
1774525653860199,49550
1774525653903200,49480
1774525653946377,49540
1774525653989583,49440
1774525654032068,49470
1774525654075235,49420
1774525654118425,49520
1774525654161573,49460
1774525654208087,49460
1774525654251129,49450
1774525654294168,49530
1774525654337355,49420
1774525654380418,49420
1774525654423290,49530
1774525654466499,49420
1774525654509597,49410
1774525654552877,49350
1774525654596003,49250
1774525654638590,49430
1774525654681837,49470
1774525654727954,49470
1774525654771165,49490
1774525654814419,49470
1774525654857541,49440
1774525654900810,49560
1774525654943872,49500
1774525654986938,49510
1774525655030061,49470
1774525655073234,49550
1774525655116422,49410
1774525655159367,49500
1774525655202512,49400
1774525655248040,49430
1774525655291002,49520
1774525655334017,49490
1774525655377271,49470
1774525655420383,49460
1774525655463417,49520
1774525655506318,49490
1774525655548629,49520
1774525655591530,49500
1774525655633830,49570
1774525655676900,49530
1774525655719810,49500
1774525655762420,49520
1774525655807863,49410
1774525655850220,49440
1774525655893523,49450
1774525655936454,49420
1774525655979454,49420
1774525656021842,49380
1774525656064914,49350
1774525656107966,49380
1774525656151149,49450
1774525656194269,49420
1774525656237356,49370
1774525656280406,49470
1774525656323371,49410
1774525656367688,49510
1774525656410418,49430
1774525656453418,49400
1774525656496527,49450
1774525656539580,49440
1774525656582182,49520
1774525656625064,49530
1774525656668112,49510
1774525656711149,49480
1774525656754054,49450
1774525656797243,49580
1774525656840330,49520
1774525656883320,49580
1774525656927634,49410
1774525656970701,49510
1774525657013606,49480
1774525657056836,49530
1774525657099887,49540
1774525657142884,49560
1774525657185766,49510
1774525657228819,49470
1774525657271778,49400
1774525657314814,49470
1774525657357800,49460
1774525657400935,49330
1774525657447326,49410
1774525657489808,49350
1774525657532756,49310
1774525657575812,49500
1774525657618746,49410
1774525657662036,49440
1774525657705110,49500
1774525657748023,49450
1774525657791123,49450
1774525657834189,49560
1774525657877019,49610
1774525657919975,49500
1774525657963034,49490
1774525658007459,49520
1774525658050459,49510
1774525658093463,49520
1774525658136306,49450
1774525658179475,49540
1774525658222419,49480
1774525658265512,49470
1774525658308377,49540
1774525658351649,49530
1774525658394849,49440
1774525658438002,49420
1774525658481214,49460
1774525658527390,49430
1774525658570505,49390
1774525658613551,49450
1774525658656548,49500
1774525658699651,49430
1774525658742555,49490
1774525658785735,49410
1774525658828990,49390
1774525658872070,49990
1774525658915127,49350
1774525658958159,49500
1774525659001399,49430
1774525659047250,49420
1774525659090275,49390
1774525659133173,49530
1774525659176289,49360
1774525659219194,49420
1774525659262370,49430
1774525659305430,49390
1774525659348468,49330
1774525659391506,49390
1774525659434162,49450
1774525659477218,49410
1774525659520170,49380
