unix_timestamp,active_power (mW)
1774525223052395,49770
1774525223094796,31160
1774525223137120,25280
1774525223180147,23320
1774525223223117,20450
1774525223266135,31950
1774525223309044,32370
1774525223352236,46050
1774525223396973,49460
1774525223440125,49390
1774525223483334,49450
1774525223525821,49520
1774525223569052,49600
1774525223612044,49540
1774525223654618,49690
1774525223697610,49610
1774525223740695,49480
1774525223783633,49510
1774525223826759,49500
1774525223869907,49610
1774525223916820,49510
1774525223959718,49500
1774525224002448,49390
1774525224045617,49420
1774525224088611,49390
1774525224131312,49610
1774525224174319,49490
1774525224217333,49390
1774525224259837,49400
1774525224302744,49400
1774525224345558,49430
1774525224388626,49540
1774525224431185,49460
1774525224476666,49530
1774525224519805,49380
1774525224562900,49600
1774525224605884,49310
1774525224649007,49660
1774525224692171,49450
1774525224735361,49540
1774525224778514,49700
1774525224821781,49720
1774525224864802,49420
1774525224907843,49680
1774525224950489,49570
1774525224996422,49610
1774525225039508,49290
1774525225082696,49300
1774525225125811,49490
1774525225168969,49530
1774525225212144,49480
1774525225254704,49510
1774525225297700,49620
1774525225340743,49600
1774525225383624,49350
1774525225426761,49670
1774525225469382,49570
1774525225516168,49470
1774525225558967,49360
1774525225601587,49400
1774525225644720,49550
1774525225687383,49580
1774525225730627,49620
1774525225773757,49610
1774525225816723,49690
1774525225859743,49380
1774525225902638,49490
1774525225946166,49600
1774525225989409,49420
1774525226035884,49440
1774525226078530,49300
1774525226121494,49330
1774525226164621,49450
1774525226207732,49400
1774525226250674,49540
1774525226293527,49410
1774525226336670,49650
1774525226379633,49440
1774525226422146,49450
1774525226465228,49380
1774525226508153,49420
1774525226550731,49500
1774525226595778,49570
1774525226638746,49570
1774525226681716,49540
1774525226724947,49380
1774525226767878,49490
1774525226810605,49430
1774525226853870,49620
1774525226897014,49490
1774525226940093,49600
1774525226983151,49630
1774525227026250,49490
1774525227069318,49540
1774525227115629,49310
1774525227158357,49430
1774525227201475,49570
1774525227244631,49500
1774525227287609,49550
1774525227330248,49390
1774525227373243,49550
1774525227416046,49390
1774525227459184,49480
1774525227502844,49640
1774525227545676,49580
1774525227588765,49440
1774525227635262,49320
1774525227678424,49470
1774525227721607,49410
1774525227764749,49460
1774525227807832,49280
1774525227850852,49400
1774525227893793,49400
1774525227936778,49310
1774525227979714,49350
1774525228022506,49600
1774525228065727,49410
1774525228108782,49370
1774525228154969,49300
1774525228198070,49580
1774525228240586,49580
1774525228283504,49540
1774525228326528,49490
1774525228369525,49480
1774525228412677,49510
1774525228455734,49530
1774525228498750,49560
1774525228541950,49380
1774525228585203,49410
1774525228628334,49350
1774525228674832,49410
1774525228717827,49420
1774525228761059,49250
1774525228804203,49160
1774525228846894,49370
1774525228889687,49280
1774525228932743,49540
1774525228975685,49660
1774525229018798,49370
1774525229061157,49550
1774525229104276,49360
1774525229147299,49180
1774525229194410,49380
1774525229237662,49300
1774525229280837,49620
1774525229324036,49500
1774525229366532,49520
1774525229409736,49670
1774525229453407,49610
1774525229496495,49660
1774525229539345,49600
1774525229581698,49520
1774525229624596,49470
1774525229667063,49690
1774525229709944,49560
1774525229754309,49520
1774525229797508,49660
1774525229840641,49480
1774525229883521,49350
1774525229926663,49350
1774525229969203,49550
1774525230012308,49400
1774525230055602,49540
1774525230098625,49410
1774525230141750,49380
1774525230184744,49290
1774525230227850,49470
1774525230274084,49420
1774525230317146,49530
1774525230360393,49500
1774525230403435,49360
1774525230446731,49270
1774525230489685,49280
1774525230532716,49430
1774525230575670,49460
1774525230618251,49360
1774525230661301,49380
1774525230704473,49290
1774525230747326,49330
1774525230789752,49110
1774525230833739,49180
1774525230876114,49450
1774525230918880,49350
1774525230961879,49330
1774525231005043,49280
1774525231048148,49180
1774525231091244,49280
1774525231133635,49380
1774525231176720,49270
1774525231219763,49350
1774525231262656,49640
1774525231305676,49480
1774525231348628,49520
1774525231393471,49290
1774525231436534,49250
1774525231479436,49430
1774525231521767,49230
1774525231564774,49530
1774525231607569,49390
1774525231650281,49370
1774525231693238,49270
1774525231736460,49240
1774525231779485,49470
1774525231821934,49360
1774525231864880,49470
1774525231908000,49460
1774525231953141,49490
1774525231996241,49460
1774525232039450,49410
1774525232082020,49560
1774525232125035,49500
1774525232167941,49460
1774525232211050,49610
1774525232253681,49230
1774525232296695,49470
1774525232339624,49520
1774525232382977,49520
1774525232426095,49260
1774525232472840,49310
1774525232515935,49480
1774525232558987,49490
1774525232601650,49580
1774525232644694,49500
1774525232687715,49440
1774525232730616,49370
1774525232773675,49410
1774525232816772,49280
1774525232859822,49350
1774525232902945,49480
1774525232946119,49370
1774525232992634,49360
1774525233036015,49430
1774525233079129,49430
1774525233122191,49320
1774525233165268,49200
1774525233208420,49420
1774525233251094,49280
1774525233293462,49240
1774525233336685,49320
1774525233379698,49470
1774525233422639,49470
1774525233465689,49530
1774525233512391,49470
1774525233555025,49310
1774525233597685,49470
1774525233640741,49590
1774525233683934,49470
1774525233727078,49530
1774525233769689,49320
1774525233812766,49260
1774525233855742,49270
1774525233898521,49560
1774525233941642,49310
1774525233984789,49170
1774525234027662,49390
1774525234072025,49440
1774525234115175,49470
1774525234158345,49350
1774525234201557,49310
1774525234244666,49290
1774525234287621,49390
1774525234330412,49450
1774525234373470,49360
1774525234416464,49540
1774525234459403,49500
1774525234502609,49340
1774525234545688,49510
1774525234591984,49460
1774525234635061,49610
1774525234677543,49540
1774525234720748,49370
1774525234763812,49350
1774525234806361,49690
1774525234849433,49700
1774525234892401,49630
1774525234935622,49650
1774525234978631,49450
1774525235021742,49420
1774525235064847,49490
1774525235111629,49540
1774525235154631,49580
1774525235197621,49440
1774525235240709,49460
1774525235284230,49320
1774525235327371,49390
1774525235370342,49240
1774525235413439,49310
1774525235456386,49470
1774525235499320,49230
1774525235542204,49450
1774525235585189,49380
1774525235631296,49520
1774525235674409,49520
1774525235717495,49160
1774525235760450,49340
1774525235803298,49460
1774525235846558,49490
1774525235889600,49610
1774525235932669,49550
1774525235975717,49320
1774525236018674,49330
1774525236061761,49460
1774525236104649,49240
1774525236150997,49320
1774525236194145,49370
1774525236237053,49320
1774525236280183,49310
1774525236322649,49510
1774525236365668,49490
1774525236408781,49460
1774525236451553,49580
1774525236494544,49490
1774525236537723,49560
1774525236580786,49280
1774525236623407,49420
1774525236666632,49450
1774525236711125,49390
1774525236754272,49420
1774525236797302,49310
1774525236840527,49580
1774525236883598,49450
1774525236926625,49540
1774525236969704,49420
1774525237012645,49570
1774525237055760,49370
1774525237098751,49270
1774525237141852,49350
1774525237184998,49410
1774525237230943,49510
1774525237273745,49480
1774525237316708,49500
1774525237359494,49430
1774525237402652,49360
1774525237445653,49380
1774525237488763,49300
1774525237531768,49310
1774525237574448,49320
1774525237617272,49440
1774525237660343,49560
1774525237703420,49540
1774525237746597,49390
1774525237790490,49300
1774525237833635,49240
1774525237876592,49550
