unix_timestamp,active_power (mW)
1774522574174458,48890
1774522574216891,23460
1774522574259926,16930
1774522574303005,28780
1774522574346002,33660
1774522574389020,46240
1774522574431938,50170
1774522574474937,50420
1774522574517627,50220
1774522574560602,50080
1774522574603453,50080
1774522574646216,50070
1774522574692731,49970
1774522574735738,49980
1774522574778309,49960
1774522574821294,50150
1774522574864330,49970
1774522574907382,49930
1774522574950463,49920
1774522574993559,50150
1774522575036703,49930
1774522575079325,49930
1774522575122743,50070
1774522575165898,50020
1774522575212294,49990
1774522575255155,50060
1774522575298078,49990
1774522575341168,50050
1774522575383937,49970
1774522575427098,50010
1774522575470039,49990
1774522575513205,50030
1774522575556309,49960
1774522575599397,49910
1774522575642481,49890
1774522575685642,50070
1774522575732222,49990
1774522575774928,50020
1774522575817871,50000
1774522575860984,50100
1774522575903904,50110
1774522575946595,50090
1774522575989651,50130
1774522576032729,50080
1774522576075844,50080
1774522576118742,50010
1774522576161644,50090
1774522576204745,50070
1774522576247834,50030
1774522576292070,50060
1774522576335295,49960
1774522576377636,49970
1774522576420892,50000
1774522576463927,50020
1774522576506598,49910
1774522576549670,50120
1774522576592416,50070
1774522576635026,50070
1774522576677684,50100
1774522576720771,50030
1774522576763781,50030
1774522576806875,50050
1774522576851772,50070
1774522576894499,49950
1774522576937563,49820
1774522576980617,50000
1774522577023653,49930
1774522577067004,50150
1774522577109775,50240
1774522577152868,50050
1774522577195813,50090
1774522577238641,50110
1774522577281569,49960
1774522577324736,50100
1774522577367381,50060
1774522577411669,50130
1774522577454766,50050
1774522577498004,50100
1774522577541191,50130
1774522577584352,49990
1774522577627304,50110
1774522577670420,50010
1774522577713622,50050
1774522577756905,50130
1774522577799801,49970
1774522577842940,50030
1774522577885751,50000
1774522577931489,50000
1774522577974573,50110
1774522578017603,50090
1774522578060657,50140
1774522578103508,50060
1774522578146640,50150
1774522578189774,50130
1774522578232793,50050
1774522578275900,50040
1774522578318662,50060
1774522578361556,50030
1774522578404717,50000
1774522578451300,49920
1774522578493686,49970
1774522578536860,49930
1774522578579811,50010
1774522578622514,49990
1774522578665505,50070
1774522578708597,50120
1774522578751634,50010
1774522578794774,50050
1774522578837652,50230
1774522578880844,50100
1774522578924049,49990
1774522578966971,50140
1774522579011309,50050
1774522579054793,50050
1774522579097847,50110
1774522579140957,50140
1774522579183917,50000
1774522579226545,50060
1774522579269685,49970
1774522579312792,49970
1774522579355957,49960
1774522579399041,50030
1774522579441701,49910
1774522579484950,49920
1774522579531041,50030
1774522579573836,50090
1774522579616830,50070
1774522579659837,50100
1774522579702647,50090
1774522579745682,50080
1774522579788770,50090
1774522579831984,49990
1774522579874509,50000
1774522579917753,50030
1774522579960951,50040
1774522580004070,50030
1774522580047104,50000
1774522580091019,49960
1774522580134156,50000
1774522580177234,49980
1774522580220295,50020
1774522580263324,49980
1774522580306473,49920
1774522580349415,49970
1774522580392599,50010
1774522580435852,49940
1774522580478871,50020
1774522580521901,49990
1774522580564861,50010
1774522580610875,49890
1774522580654026,49990
1774522580697211,49920
1774522580740386,49930
1774522580782969,50130
1774522580825667,49930
1774522580868714,49990
1774522580911711,49930
1774522580954670,49970
1774522580997837,49990
1774522581041017,49990
1774522581084162,50120
1774522581130744,50090
1774522581173825,50020
1774522581217064,50150
1774522581259943,50000
1774522581302969,50040
1774522581346010,49970
1774522581388743,49910
1774522581432113,50000
1774522581474854,49960
1774522581517953,49880
1774522581560985,49990
1774522581603817,49910
1774522581650586,50030
1774522581693809,50050
1774522581736955,49980
1774522581779832,50030
1774522581822700,50030
1774522581865912,50000
1774522581908904,50020
1774522581951787,49960
1774522581994533,50110
1774522582037631,50050
1774522582080688,49950
1774522582123842,50010
1774522582170302,49860
1774522582213452,49980
1774522582256454,50080
1774522582299283,50020
1774522582342429,50030
1774522582385655,50020
1774522582428557,49990
1774522582471727,50120
1774522582514996,50110
1774522582557890,50050
1774522582600310,50100
1774522582643488,50060
1774522582690512,50040
1774522582733582,50060
1774522582776821,50050
1774522582819663,50060
1774522582862552,50000
1774522582905683,50070
1774522582948709,49970
1774522582991678,49920
1774522583034636,49950
1774522583077836,50000
1774522583120952,50000
1774522583164133,49950
1774522583210454,50070
1774522583253488,50000
1774522583296627,50040
1774522583339840,50060
1774522583382413,50020
1774522583425514,50140
1774522583468627,49950
1774522583511935,50080
1774522583555142,50030
1774522583598322,50050
1774522583641521,50020
1774522583684716,50010
1774522583730099,50070
1774522583773250,49950
1774522583816324,49910
1774522583859544,49970
1774522583902420,49980
1774522583945567,50030
1774522583988651,49970
1774522584031677,50040
1774522584074660,50090
1774522584117877,50030
1774522584161090,50080
1774522584204070,50090
1774522584249973,50080
1774522584293219,50010
1774522584336410,50090
1774522584379262,50010
1774522584421730,50010
1774522584464842,50010
1774522584507729,50000
1774522584550307,49960
1774522584592896,49960
1774522584635758,49910
1774522584678913,49880
1774522584721985,49980
1774522584764944,50020
1774522584810013,50100
1774522584852714,50010
1774522584895892,50070
1774522584938850,49890
1774522584981912,50150
1774522585024734,49960
1774522585067672,50060
1774522585110772,50130
1774522585153627,50040
1774522585196865,50090
1774522585239899,53150
1774522585282852,49580
1774522585329692,50070
1774522585372867,50160
1774522585415776,50050
1774522585458917,50000
1774522585502139,50000
1774522585545324,50140
1774522585588551,50070
1774522585631732,50090
1774522585674639,50120
1774522585717832,50050
1774522585761007,50070
1774522585804188,50030
1774522585849613,50050
1774522585892665,50030
1774522585935899,50020
1774522585978709,50040
1774522586021701,50020
1774522586064794,50060
1774522586107774,50070
1774522586150759,50050
1774522586193768,50000
1774522586236799,50050
1774522586279735,50000
1774522586322270,49950
1774522586365633,49980
1774522586409573,49930
1774522586452683,50000
1774522586495172,49930
1774522586538311,49950
1774522586581563,49960
1774522586624723,49890
1774522586667874,50020
1774522586710360,50030
1774522586753349,49870
1774522586796497,50140
1774522586839317,50120
1774522586882466,50110
1774522586929380,49980
1774522586972499,50150
1774522587016050,50080
1774522587059292,50080
1774522587102407,50010
1774522587145658,50080
1774522587188711,50100
1774522587231751,50020
1774522587274795,50060
1774522587317967,50070
1774522587361077,49980
1774522587404018,49940
1774522587449142,49900
1774522587492250,49990
1774522587535384,50050
1774522587577539,50000
1774522587620425,50060
1774522587663280,50050
1774522587706168,50010
1774522587749428,50080
1774522587792607,50090
1774522587835554,50060
1774522587878676,50090
1774522587921719,49990
1774522587964712,49890
1774522588009229,49940
1774522588052294,49900
1774522588095456,50000
1774522588138507,49950
1774522588181481,49920
1774522588224647,49920
1774522588267572,50000
1774522588310323,50030
1774522588353575,49990
1774522588396762,49930
1774522588439752,49960
1774522588482406,49950
1774522588528977,50050
1774522588571976,50020
1774522588615370,50080
1774522588657806,50220
1774522588701279,50150
1774522588744150,50080
1774522588787289,50120
1774522588829815,50060
1774522588873101,50010
1774522588916316,49890
1774522588959201,49970
1774522589002383,49930
1774522589048876,49910
1774522589091947,49930
1774522589135145,49990
1774522589178342,50040
1774522589221312,50070
1774522589264394,50070
1774522589307136,50120
1774522589350153,50150
1774522589393293,50080
1774522589436451,49920
1774522589479119,50110
1774522589522191,50070
1774522589568672,49970
1774522589611856,50040
1774522589654960,49960
1774522589697934,49960
1774522589740975,50030
1774522589783935,49990
1774522589827231,49860
1774522589869964,49960
1774522589913139,50050
1774522589956044,49940
1774522589999218,50120
1774522590042374,49980
1774522590088551,50030
1774522590131334,50070
1774522590174470,49980
1774522590217651,50060
1774522590260862,50030
1774522590303805,50100
1774522590346833,50060
1774522590389863,50100
1774522590432861,50060
1774522590475819,50010
1774522590518528,49960
1774522590561514,49970
1774522590608300,50030
1774522590651443,50000
1774522590693905,50050
1774522590736844,50100
1774522590779974,50080
1774522590823200,50170
1774522590866394,50140
1774522590909440,50020
1774522590952510,50110
1774522590995639,50090
1774522591038836,50100
1774522591082041,49970
1774522591128245,49960
1774522591171376,49910
1774522591213915,50450
1774522591257008,50590
1774522591300290,50130
1774522591343080,50010
1774522591385987,50100
1774522591429188,50030
1774522591472346,50090
1774522591515250,50130
