unix_timestamp,active_power (mW)
1769525492635366,43500
1769525492677981,42740
1769525492721110,42540
1769525492764248,42540
1769525492807005,42550
1769525492849823,42450
1769525492892780,42510
1769525492935828,42440
1769525492978618,42500
1769525493021882,42500
1769525493064750,42440
1769525493111639,42470
1769525493154356,42580
1769525493197291,42480
1769525493240070,42410
1769525493283324,42480
1769525493326499,42410
1769525493369488,42420
1769525493412640,42440
1769525493455500,42400
1769525493497849,42430
1769525493540804,42380
1769525493583640,42420
1769525493626641,42450
1769525493671653,42450
1769525493714790,42460
1769525493757939,42390
1769525493800646,42480
1769525493843319,42450
1769525493886447,42340
1769525493929288,42420
1769525493972309,42340
1769525494015254,42500
1769525494058324,42370
1769525494101170,42390
1769525494144299,42450
1769525494187646,42440
1769525494231662,42440
1769525494274737,42420
1769525494317967,42450
1769525494361080,42410
1769525494403994,42420
1769525494447107,42420
1769525494490102,42390
1769525494533361,42490
1769525494576603,42380
1769525494619791,42420
1769525494662104,42360
1769525494705141,42400
1769525494751572,42470
1769525494794112,42360
1769525494837287,42530
1769525494879973,42480
1769525494922852,42480
1769525494965717,42460
1769525495008757,42490
1769525495051883,42400
1769525495094679,42430
1769525495137677,42400
1769525495180727,42440
1769525495223762,42570
1769525495266729,42380
1769525495311659,42400
1769525495354814,42430
1769525495397832,42440
1769525495440775,42430
1769525495483859,42380
1769525495526982,42420
1769525495569995,42330
1769525495613043,42420
1769525495656212,42440
1769525495698709,42410
1769525495741675,42440
1769525495784532,42460
1769525495827695,42460
1769525495871744,42440
1769525495914711,42480
1769525495957383,42440
1769525496000428,42460
1769525496043429,42450
1769525496085764,42480
1769525496128649,42460
1769525496171645,42440
1769525496214413,42450
1769525496257648,42580
1769525496300029,42530
1769525496342755,42500
1769525496385889,42490
1769525496431739,42520
1769525496474816,42500
1769525496517412,42470
1769525496559778,42450
1769525496602896,42550
1769525496645959,42540
1769525496689055,42480
1769525496732015,42460
1769525496775252,42430
1769525496817674,42510
1769525496860837,42490
1769525496903748,42520
1769525496946438,42520
1769525496991866,42480
1769525497034460,42480
1769525497077149,42520
1769525497120204,42540
1769525497163433,42540
1769525497206640,42460
1769525497249705,42510
1769525497292673,42580
1769525497335593,42550
1769525497378626,42440
1769525497421524,42370
1769525497464433,42320
1769525497507167,42330
1769525497551677,42270
1769525497594395,42270
1769525497637551,42250
1769525497680756,42320
1769525497723705,42370
1769525497766680,42370
1769525497809659,42320
1769525497852706,42410
1769525497895021,42400
1769525497937776,42430
1769525497980870,42400
1769525498023822,42430
1769525498066617,42400
1769525498111670,42550
1769525498154356,42420
1769525498197256,42460
1769525498240281,42500
1769525498283449,42650
1769525498325915,42570
1769525498368822,42550
1769525498411966,42550
1769525498455106,42540
1769525498498215,42510
1769525498540475,42550
1769525498583172,42570
1769525498625841,42520
1769525498671700,42460
1769525498714570,42530
1769525498757672,42530
1769525498800829,42560
1769525498843766,42570
1769525498886730,42540
1769525498929798,42490
1769525498972830,42570
1769525499015995,42500
1769525499058710,42570
1769525499101833,42510
1769525499144969,42490
1769525499187478,42540
1769525499231721,42430
1769525499274702,42470
1769525499317745,42680
1769525499360838,42480
1769525499403844,42460
1769525499446402,42460
1769525499489543,42440
1769525499532596,42430
1769525499575669,42480
1769525499618204,42480
1769525499661464,42480
1769525499704231,42470
1769525499747444,42430
1769525499791726,42420
1769525499835031,42460
1769525499877872,42370
1769525499921006,42450
1769525499964090,42450
1769525500006741,42370
1769525500049417,42330
1769525500092160,42380
1769525500135307,42380
1769525500178306,42430
1769525500221434,42400
1769525500264460,42400
1769525500307483,42380
1769525500351910,42370
1769525500394950,42410
1769525500437950,42490
1769525500481132,42480
1769525500524310,42390
1769525500566848,42430
1769525500609619,42380
1769525500652468,42370
1769525500695586,42400
1769525500737892,42410
1769525500780997,42380
1769525500823951,42370
1769525500866963,42410
1769525500911831,42380
1769525500954631,42430
1769525500997695,42470
1769525501040672,42450
1769525501083612,42410
1769525501126849,42420
1769525501169769,42450
1769525501212895,42380
1769525501255447,42540
1769525501298644,42470
1769525501341810,42450
1769525501384857,42660
1769525501428037,42450
1769525501472033,42520
1769525501515148,42470
1769525501557779,42460
1769525501600078,42530
1769525501642573,42510
1769525501685692,42450
1769525501727960,42570
1769525501770716,42530
1769525501813679,42490
1769525501856567,42490
1769525501899919,42520
1769525501942513,42520
1769525501985165,42490
1769525502032022,42450
1769525502075074,42470
1769525502118300,42490
1769525502160869,42460
1769525502203953,42470
1769525502246568,42420
1769525502289640,42420
1769525502332708,42390
1769525502375851,42460
1769525502418991,42500
1769525502462103,42430
1769525502505209,42370
1769525502551975,42430
1769525502594694,42380
1769525502637680,42340
1769525502680449,42420
1769525502723720,42360
1769525502766349,42420
1769525502809433,42350
1769525502852561,42290
1769525502895488,42370
1769525502937935,42360
1769525502980918,42340
1769525503024005,42300
1769525503066877,42250
1769525503111981,42390
1769525503154783,42340
1769525503197703,42290
1769525503240535,42360
1769525503283211,42340
1769525503326273,42360
1769525503368698,42370
1769525503411735,42590
1769525503454784,42430
1769525503497867,42420
1769525503541047,42400
1769525503583683,42450
1769525503626368,42390
1769525503672094,42450
1769525503715321,42460
1769525503758456,42430
1769525503801644,42360
1769525503844591,42480
1769525503887507,42370
1769525503929821,42350
1769525503972496,42330
1769525504015605,42310
1769525504058672,42330
1769525504101815,42250
1769525504145052,42270
1769525504188302,42380
1769525504232237,42330
1769525504275111,42320
1769525504318315,42360
1769525504361451,42340
1769525504404724,42410
1769525504447910,42560
1769525504491076,42410
1769525504534114,42480
1769525504577994,42440
1769525504621181,42560
1769525504663992,42500
1769525504706713,42460
1769525504752241,42390
1769525504795318,42410
1769525504837934,42410
1769525504880780,42390
1769525504923801,42350
1769525504966814,42390
1769525505009715,42330
1769525505052620,42360
1769525505095573,42310
1769525505138815,42320
1769525505181233,42330
1769525505224404,42370
1769525505267309,42300
1769525505312425,42330
1769525505355581,42350
1769525505398503,42370
1769525505441578,42470
1769525505484383,42340
1769525505527387,42420
1769525505570488,42430
1769525505612913,42450
1769525505655936,42450
1769525505698606,42490
1769525505741395,42470
1769525505784526,42400
1769525505827612,42430
1769525505872429,42380
1769525505915546,42500
1769525505957787,42430
1769525506001059,42370
1769525506044235,42340
1769525506087205,42330
1769525506130137,42320
1769525506173127,42320
1769525506216325,42330
1769525506259352,42300
1769525506301728,42340
1769525506344615,42290
1769525506387607,42270
1769525506432661,42250
1769525506475733,42490
1769525506518719,42460
1769525506561788,42410
1769525506604823,42490
1769525506647674,42430
1769525506690759,42490
1769525506733709,42460
1769525506776826,42460
1769525506819906,42480
1769525506862554,42430
1769525506904757,42380
1769525506947537,42400
1769525506992765,42440
1769525507035793,42350
1769525507078564,42380
1769525507121660,42350
1769525507164750,42340
1769525507207283,42330
1769525507250490,42270
1769525507293454,42290
1769525507335921,42310
1769525507378711,42370
1769525507421912,42310
1769525507464897,42340
1769525507507914,42410
1769525507552781,42430
1769525507596009,42430
1769525507638727,42400
1769525507681716,42420
1769525507725096,42470
1769525507767992,42410
1769525507811053,42430
1769525507854301,42420
1769525507897500,42360
1769525507940699,42360
1769525507983802,42370
1769525508026711,42390
1769525508072932,42310
1769525508116039,42290
1769525508159245,42270
1769525508202147,42320
1769525508245315,42300
1769525508288535,42320
1769525508331160,42330
1769525508374391,42390
1769525508417368,42250
1769525508460488,42420
1769525508503333,42420
1769525508546521,42590
1769525508593145,42460
1769525508636094,42460
1769525508678711,42390
1769525508721826,42430
1769525508764835,42430
1769525508807799,42440
1769525508850742,42410
1769525508893040,42360
1769525508936255,42360
1769525508979153,42310
1769525509021620,42330
1769525509064835,42300
1769525509107273,42250
1769525509153166,42320
1769525509196276,42260
1769525509239077,42390
1769525509282191,42380
1769525509325130,42470
1769525509367803,42370
1769525509410954,42410
1769525509453959,42490
1769525509497197,42440
1769525509540162,42450
1769525509583338,42580
1769525509627204,42400
1769525509673349,42390
1769525509716476,42450
1769525509759458,42470
1769525509802631,42460
1769525509845727,42510
1769525509888719,42500
1769525509931163,42420
1769525509974180,42360
1769525510017262,42480
1769525510060351,42470
1769525510103484,42480
1769525510145987,42410
1769525510189181,42470
1769525510233469,42480
1769525510276608,42440
1769525510319122,42330
1769525510362346,42380
1769525510405590,42420
1769525510448762,42470
1769525510491745,42390
1769525510534821,42380
1769525510577684,42590
1769525510620412,42430
1769525510663031,42460
1769525510705694,42460
1769525510748127,42460
1769525510793898,42450
1769525510836966,42510
1769525510879886,42440
1769525510922451,42430
1769525510965609,42390
1769525511008617,42400
1769525511051690,42410
1769525511094756,42410
1769525511137075,42400
