unix_timestamp,active_power (mW)
1774541319491814,42410
1774541319534088,39550
1774541319576897,41940
1774541319619719,42300
1774541319662843,42420
1774541319705863,42280
1774541319749032,42350
1774541319792282,42310
1774541319835171,42530
1774541319877680,42350
1774541319920780,42360
1774541319965873,42260
1774541320008991,42250
1774541320052235,42200
1774541320094900,42260
1774541320137898,42190
1774541320181026,42160
1774541320223886,42240
1774541320266751,42220
1774541320309755,42280
1774541320352877,42250
1774541320395835,42250
1774541320438923,42240
1774541320485807,42240
1774541320528928,42330
1774541320572054,42310
1774541320615107,42320
1774541320658209,42290
1774541320701236,42270
1774541320744411,42360
1774541320787414,42350
1774541320830518,42420
1774541320873607,42310
1774541320916582,42390
1774541320959622,42330
1774541321006003,42350
1774541321049111,42360
1774541321091981,42510
1774541321135133,42380
1774541321178285,42400
1774541321221412,42260
1774541321264385,42260
1774541321307303,42350
1774541321350205,42300
1774541321393026,42320
1774541321436047,42300
1774541321479205,42520
1774541321525977,42330
1774541321569148,42240
1774541321612430,42330
1774541321655576,42300
1774541321698641,42380
1774541321741725,42350
1774541321784761,42310
1774541321827783,42330
1774541321870907,42300
1774541321913358,42240
1774541321956414,42380
1774541321999431,42210
1774541322045971,42310
1774541322089080,42320
1774541322132268,42270
1774541322175167,42290
1774541322218375,42290
1774541322261273,42310
1774541322304354,42370
1774541322347236,42270
1774541322390210,42300
1774541322433432,42280
1774541322476620,42280
1774541322519390,42260
1774541322565880,42230
1774541322608921,42260
1774541322651976,42250
1774541322695076,42290
1774541322737649,42260
1774541322780851,42250
1774541322823891,42330
1774541322866962,42270
1774541322910184,42330
1774541322953319,42290
1774541322996300,42340
1774541323039221,42400
1774541323086023,42320
1774541323129192,42340
1774541323172354,42330
1774541323215348,42330
1774541323258466,42290
1774541323301463,42370
1774541323344572,42340
1774541323387698,42280
1774541323430945,42360
1774541323474227,42320
1774541323517390,42400
1774541323560241,42340
1774541323606087,42360
1774541323649056,42280
1774541323691937,42410
1774541323734844,42350
1774541323777892,42330
1774541323820977,42470
1774541323863979,42360
1774541323906816,42300
1774541323949784,42270
1774541323992898,42300
1774541324035822,42230
1774541324079032,42220
1774541324121686,42230
1774541324165861,42210
1774541324209010,42220
1774541324252078,42230
1774541324295021,42230
1774541324338001,42230
1774541324381171,42240
1774541324424332,42200
1774541324467279,42290
1774541324510373,42250
1774541324553357,42220
1774541324596528,42290
1774541324639712,42250
1774541324685933,42200
1774541324729010,42290
1774541324771371,42280
1774541324814341,42220
1774541324857484,42340
1774541324899971,42290
1774541324943047,42240
1774541324985622,42240
1774541325028815,42260
1774541325072047,42210
1774541325114984,42300
1774541325158210,42280
1774541325201363,42250
1774541325245883,42260
1774541325288929,42320
1774541325331979,42350
1774541325375004,42430
1774541325417976,42340
1774541325461132,42390
1774541325503880,42350
1774541325546513,42360
1774541325589579,42510
1774541325632617,42370
1774541325675787,42340
1774541325718433,42460
1774541325761391,42350
1774541325805943,42300
1774541325848955,42300
1774541325891833,42330
1774541325934723,42340
1774541325977816,42270
1774541326020809,42300
1774541326063763,42340
1774541326106604,42230
1774541326149619,42380
1774541326192749,42290
1774541326235766,42240
1774541326278826,42350
1774541326325653,42400
1774541326368762,42270
1774541326411364,42280
1774541326454402,42270
1774541326497400,42300
1774541326540467,42380
1774541326583482,42230
1774541326626544,42210
1774541326669542,42280
1774541326712332,42310
1774541326755409,42270
1774541326798632,42260
1774541326845562,42300
1774541326888696,42180
1774541326931368,42350
1774541326974409,42340
1774541327017480,42390
1774541327060958,42400
1774541327103870,42290
1774541327146657,42320
1774541327189865,42390
1774541327232714,42300
1774541327275814,42340
1774541327318562,42320
1774541327365658,42250
1774541327408788,42290
1774541327451660,42310
1774541327494769,42190
1774541327537066,42260
1774541327580180,42280
1774541327622982,42360
1774541327666108,42470
1774541327709134,42280
1774541327752154,42270
1774541327795161,42340
1774541327838306,42500
1774541327885411,42270
1774541327928342,42310
1774541327971359,42330
1774541328014364,42330
1774541328057509,42240
1774541328100487,42300
1774541328143587,42330
1774541328186789,42310
1774541328230014,42280
1774541328273299,42290
1774541328316412,42250
1774541328359053,42320
1774541328405562,42260
1774541328448608,42260
1774541328491775,42170
1774541328534644,42190
1774541328577613,42280
1774541328620559,42230
1774541328663223,42180
1774541328706364,42240
1774541328749403,42210
1774541328792431,42260
1774541328835317,42320
1774541328878497,42340
1774541328925379,42320
1774541328968712,42340
1774541329011743,42350
1774541329054912,42290
1774541329098028,42280
1774541329140994,42320
1774541329184184,42270
1774541329227382,42200
1774541329269903,42250
1774541329313050,42280
1774541329356157,42240
1774541329399163,42340
1774541329445207,42300
1774541329488299,42250
1774541329531207,42290
1774541329573710,42330
1774541329616825,42300
1774541329659817,42490
1774541329702760,42370
1774541329745788,42340
1774541329789049,42250
1774541329832034,42300
1774541329875083,42330
1774541329917820,42260
1774541329960912,42300
1774541330005167,42250
1774541330048320,42260
1774541330091389,42320
1774541330133874,42280
1774541330176845,42380
1774541330219836,42330
1774541330262637,42380
1774541330305748,42360
1774541330348783,42310
1774541330391982,42400
1774541330435228,42370
1774541330478510,42330
1774541330525335,42370
1774541330568302,42280
1774541330611242,42210
1774541330654299,42270
1774541330697307,42310
1774541330740471,42320
1774541330783545,42280
1774541330826547,42240
1774541330869629,42310
1774541330912570,42400
1774541330955411,42340
1774541330997746,42300
1774541331040690,42350
1774541331084993,42350
1774541331127851,42340
1774541331170604,42290
1774541331213754,42180
1774541331256730,42150
1774541331299885,42160
1774541331342576,42250
1774541331385581,42350
1774541331427943,42290
1774541331470923,42750
1774541331514115,42310
1774541331557363,42250
1774541331600590,42190
1774541331645090,42300
1774541331688147,42660
1774541331731303,42290
1774541331774355,42310
1774541331817266,42430
1774541331860277,42260
1774541331903374,42250
1774541331946356,42200
1774541331989318,42360
1774541332032419,42360
1774541332075404,42320
1774541332117693,42270
1774541332160791,42200
1774541332205036,42370
1774541332247750,42280
1774541332290787,42330
1774541332333636,42300
1774541332375908,42290
1774541332419100,42320
1774541332462209,42240
1774541332505315,42270
1774541332548341,42270
1774541332591344,42180
1774541332633688,42280
1774541332676864,42290
1774541332720067,42230
1774541332764901,42330
1774541332807981,42230
1774541332851084,42290
1774541332894222,42280
1774541332937248,42310
1774541332980393,42380
1774541333023529,42330
1774541333066151,42320
1774541333109260,42390
1774541333152182,42380
1774541333195195,42370
1774541333238235,42380
1774541333284686,42360
1774541333327946,42370
1774541333371198,42370
1774541333414238,42360
1774541333457246,42330
1774541333500454,42380
1774541333543234,42300
1774541333586370,42300
1774541333629395,42250
1774541333672468,42240
1774541333715368,42360
1774541333758509,42420
1774541333804712,42470
1774541333847806,42340
1774541333890531,42430
1774541333933532,42310
1774541333976686,42370
1774541334019815,42350
1774541334063010,42290
1774541334105911,42260
1774541334149055,42290
1774541334192272,42220
1774541334234920,42160
1774541334278090,42250
1774541334324561,42200
1774541334367635,42280
1774541334410425,42290
1774541334453625,42310
1774541334496645,42300
1774541334539781,42320
