unix_timestamp,active_power (mW)
1774545946069845,43970
1774545946112166,36730
1774545946155119,45130
1774545946197704,43830
1774545946240816,44010
1774545946284074,43940
1774545946329933,43930
1774545946373069,43890
1774545946416102,43940
1774545946459064,43890
1774545946502122,44040
1774545946545244,43960
1774545946587564,43970
1774545946630247,43940
1774545946673218,44010
1774545946716567,43920
1774545946759771,43880
1774545946802733,44010
1774545946845821,43920
1774545946891397,43970
1774545946934434,43950
1774545946977501,43940
1774545947020616,43940
1774545947063717,43980
1774545947106665,43860
1774545947149743,43980
1774545947192892,43870
1774545947235892,43910
1774545947278547,43960
1774545947321459,43910
1774545947364484,43970
1774545947407449,43910
1774545947452721,43880
1774545947495783,44080
1774545947538671,43880
1774545947581742,43980
1774545947624911,43980
1774545947668028,43950
1774545947711000,43960
1774545947753926,44110
1774545947796800,44030
1774545947839784,43950
1774545947882442,44190
1774545947925537,43960
1774545947968749,44160
1774545948013828,43930
1774545948056712,44110
1774545948099821,44030
1774545948143090,43940
1774545948186163,43880
1774545948229343,44030
1774545948272522,43870
1774545948315433,43930
1774545948358558,43850
1774545948401504,43990
1774545948444538,43910
1774545948487397,43990
1774545948530422,43960
1774545948575394,43960
1774545948618427,43920
1774545948661396,44020
1774545948704452,43950
1774545948747557,43950
1774545948790746,43910
1774545948833877,43930
1774545948876831,43970
1774545948919794,44050
1774545948962914,43890
1774545949006102,43960
1774545949049113,43890
1774545949091999,44010
1774545949136390,43970
1774545949179382,44000
1774545949222256,43890
1774545949265217,44000
1774545949308094,43880
1774545949351202,44010
1774545949393749,43970
1774545949436753,43950
1774545949479862,43970
1774545949522889,43950
1774545949565826,43880
1774545949608946,43940
1774545949652168,43850
1774545949697682,43980
1774545949740652,43970
1774545949783727,43920
1774545949826407,43990
1774545949869453,43920
1774545949912722,43990
1774545949955685,43970
1774545949998585,44190
1774545950041552,43970
1774545950084714,44030
1774545950127796,43820
1774545950170926,43980
1774545950213721,43880
1774545950258904,43880
1774545950301990,44020
1774545950345068,43880
1774545950388235,43970
1774545950430957,43960
1774545950473966,44030
1774545950517124,43910
1774545950560094,44040
1774545950602798,43920
1774545950645842,44010
1774545950688976,43940
1774545950731958,43910
1774545950774967,43920
1774545950819917,43990
1774545950863008,43920
1774545950905790,43960
1774545950948912,43970
1774545950991989,43880
1774545951034611,44030
1774545951077537,43940
1774545951120498,43930
1774545951163555,43900
1774545951206517,44000
1774545951249530,43890
1774545951292430,44160
1774545951335309,43990
1774545951381220,44010
1774545951424359,44050
1774545951467399,44000
1774545951510410,44000
1774545951553618,44010
1774545951596735,44030
1774545951639776,43970
1774545951682772,44030
1774545951725744,44060
1774545951768839,43990
1774545951811849,43920
1774545951855012,44420
1774545951898265,44210
1774545951942383,43940
1774545951985618,44010
1774545952028577,44130
1774545952071519,44000
1774545952114589,44040
1774545952157677,43920
1774545952200615,43990
1774545952243578,43940
1774545952286501,44060
1774545952329461,43970
1774545952372649,43970
1774545952415271,43990
1774545952458382,44000
1774545952503488,43960
1774545952546148,43960
1774545952589327,43960
1774545952632322,44000
1774545952675045,43990
1774545952717757,44020
1774545952760962,43980
1774545952803899,43990
1774545952846797,43960
1774545952889819,43950
1774545952932858,43920
1774545952975770,43940
1774545953018753,43920
1774545953064657,44030
1774545953107770,44040
1774545953150418,43980
1774545953193528,43940
1774545953236501,43990
1774545953278779,44010
1774545953321594,43970
1774545953364814,43960
1774545953408021,44000
1774545953451163,43870
1774545953493791,43970
1774545953536899,43950
1774545953579458,44010
1774545953625718,43990
1774545953668842,43940
1774545953711890,43960
1774545953755019,44000
1774545953797768,44020
1774545953841013,43980
1774545953884128,44010
1774545953927216,44030
1774545953970151,44030
1774545954013202,44000
1774545954056473,43870
1774545954099409,44180
1774545954142559,44040
1774545954186717,44000
1774545954229733,43930
1774545954272965,43980
1774545954315858,43970
1774545954358677,43960
1774545954401740,43980
1774545954444951,43970
1774545954487874,43920
1774545954530487,44000
1774545954573578,43940
1774545954615961,44010
1774545954658965,43920
1774545954701865,43970
1774545954747805,43990
1774545954791016,43930
1774545954834090,43930
1774545954877281,44000
1774545954920274,43880
1774545954963099,44020
1774545955005997,43920
1774545955049483,43980
1774545955092946,43980
1774545955136025,43960
1774545955179062,43960
1774545955222273,43920
1774545955268790,43970
1774545955311926,43970
1774545955355016,44010
1774545955398104,43920
1774545955441259,44020
1774545955484454,43910
1774545955527394,44000
1774545955569705,43960
1774545955612548,43960
1774545955655595,44000
1774545955698070,43960
1774545955741117,44110
1774545955784319,43940
1774545955829739,44090
1774545955872745,43960
1774545955915767,43990
1774545955958713,43940
1774545956001813,43980
1774545956044806,43970
1774545956087818,44070
1774545956130999,44190
1774545956174076,44040
1774545956217199,43950
1774545956260251,43970
1774545956302976,43960
1774545956346108,43970
1774545956390972,43970
1774545956434017,43970
1774545956477095,44020
1774545956520211,43990
1774545956562891,43960
1774545956605556,43960
1774545956648402,43930
1774545956691399,44070
1774545956734457,44000
1774545956777581,43930
1774545956820487,43960
1774545956863633,43950
1774545956906447,44030
1774545956951858,43950
1774545956994847,43990
1774545957037970,44040
1774545957081093,43980
1774545957124048,44010
1774545957167244,43930
1774545957210445,43950
1774545957253454,43950
1774545957296420,43930
1774545957339469,43990
1774545957382228,44010
1774545957425261,43950
1774545957468312,43980
1774545957512997,43990
1774545957555949,43940
1774545957598817,43970
1774545957642030,43910
1774545957685127,44000
1774545957728348,44050
1774545957771462,43970
1774545957814427,44020
1774545957857408,44000
1774545957900316,43980
1774545957943407,43910
1774545957986537,44030
1774545958029609,43910
1774545958074001,43950
1774545958117212,43970
1774545958160148,44210
1774545958203132,43970
1774545958246247,44000
1774545958289230,43890
1774545958332237,43920
1774545958375402,43930
1774545958418114,44000
1774545958461090,44010
1774545958504249,43950
1774545958547369,43990
1774545958590439,43950
1774545958634910,43970
1774545958678174,43900
1774545958721350,43970
1774545958764470,43960
1774545958807540,44000
1774545958850570,43890
1774545958893443,43940
1774545958936430,44190
1774545958979434,43990
1774545959022157,43990
1774545959065210,43900
1774545959108088,44060
1774545959151164,43890
1774545959196004,43880
1774545959239122,43930
1774545959282265,43910
1774545959325328,43920
1774545959368365,43950
1774545959411442,43910
1774545959454499,43920
1774545959497547,43940
1774545959540416,43920
1774545959582974,44000
1774545959626126,43970
1774545959669229,43940
1774545959712242,44060
1774545959756997,44000
1774545959800264,44010
1774545959843440,44100
1774545959886507,43970
1774545959929490,43950
1774545959972524,43950
1774545960015101,43960
1774545960057882,43910
1774545960100861,43990
1774545960143903,43970
1774545960186904,43900
1774545960230114,44150
1774545960273192,43980
1774545960317899,43950
1774545960361168,43990
1774545960404252,44000
1774545960447401,43940
1774545960490336,43940
1774545960533623,44000
1774545960576647,44000
1774545960619799,43940
1774545960662388,43960
1774545960705423,43890
1774545960748621,44010
1774545960791613,43970
1774545960834548,43980
1774545960878951,43930
1774545960922029,43950
1774545960965028,43950
1774545961007854,44040
1774545961050881,43970
1774545961093987,43970
1774545961137074,43960
1774545961180109,43950
1774545961223278,43960
1774545961266235,43980
1774545961309470,43950
1774545961352393,43900
1774545961395636,43910
1774545961439715,43960
1774545961482972,43930
1774545961526125,43860
1774545961569171,43950
1774545961611961,43910
1774545961654634,43990
1774545961697479,43970
1774545961740478,43980
1774545961783419,44080
1774545961826471,43870
1774545961869531,44020
1774545961912538,43930
1774545961955538,44010
1774545962000588,43900
1774545962043602,43960
1774545962086563,43960
1774545962129535,43960
1774545962172587,43920
1774545962215242,43850
1774545962258322,44060
1774545962301274,43980
1774545962344433,43950
1774545962387462,43990
1774545962430464,43960
1774545962473552,43970
1774545962516626,43970
1774545962561734,43940
1774545962604160,43910
1774545962647176,43940
1774545962690339,43940
1774545962733523,43890
1774545962776685,43980
1774545962819845,43870
1774545962862726,43930
1774545962905228,43980
1774545962948302,43910
1774545962991290,43940
1774545963034414,43950
1774545963077463,43940
1774545963122615,47480
1774545963165761,43750
1774545963209017,43900
1774545963251997,43980
1774545963295014,43930
1774545963338156,43990
1774545963381208,43940
1774545963424010,43910
1774545963466988,44000
1774545963509561,43910
1774545963552492,44780
1774545963595430,43780
1774545963638493,43990
1774545963683484,43900
1774545963726451,44160
1774545963769466,43850
1774545963812611,43910
1774545963855599,44040
1774545963898590,43930
