unix_timestamp,active_power (mW)
1774545588876131,43920
1774545588918409,30170
1774545588960675,47560
1774545589003473,43480
1774545589046519,43910
1774545589089762,43890
1774545589132951,43900
1774545589175908,43900
1774545589218952,43940
1774545589262050,43920
1774545589307460,44000
1774545589350925,43870
1774545589393968,44010
1774545589437167,43930
1774545589480025,43920
1774545589523094,44160
1774545589565734,43940
1774545589608644,43940
1774545589651626,43970
1774545589694749,43940
1774545589737844,44060
1774545589780959,44040
1774545589827837,43910
1774545589870547,43850
1774545589913723,43880
1774545589956761,43960
1774545589999554,44060
1774545590042890,43860
1774545590085423,43920
1774545590128643,44050
1774545590171831,43970
1774545590214811,43980
1774545590257932,43930
1774545590300921,44060
1774545590343738,43980
1774545590388053,43960
1774545590430556,43890
1774545590473597,43990
1774545590516718,43940
1774545590559930,43940
1774545590602535,43950
1774545590645639,43820
1774545590688295,44110
1774545590731418,43960
1774545590774493,43910
1774545590817730,44090
1774545590860646,43900
1774545590903522,43960
1774545590948698,43990
1774545590991477,43980
1774545591034663,43920
1774545591077981,43920
1774545591121102,43930
1774545591164326,43950
1774545591207274,43900
1774545591250409,43970
1774545591293425,43890
1774545591336562,43950
1774545591379567,44000
1774545591422797,43950
1774545591468867,43990
1774545591511360,43880
1774545591554291,44070
1774545591597302,44030
1774545591640475,43980
1774545591683573,43990
1774545591725911,44010
1774545591769055,43920
1774545591811473,43900
1774545591854593,44130
1774545591897568,43940
1774545591940737,43970
1774545591983795,43910
1774545592029448,43900
1774545592072495,44040
1774545592115332,43930
1774545592158486,43970
1774545592201646,44000
1774545592244849,43940
1774545592288042,44000
1774545592330619,43870
1774545592373639,43910
1774545592416925,43960
1774545592459953,43950
1774545592502535,43950
1774545592545552,43950
1774545592589917,43910
1774545592632972,43970
1774545592676074,43930
1774545592719205,43990
1774545592761779,43830
1774545592804907,43900
1774545592847730,43930
1774545592890776,43960
1774545592933824,43970
1774545592976786,43870
1774545593019763,43930
1774545593062844,43840
1774545593105589,43910
1774545593150398,43860
1774545593193463,43930
1774545593236674,43890
1774545593279672,43990
1774545593322785,43880
1774545593365723,43840
1774545593408744,43900
1774545593451586,43880
1774545593494423,43940
1774545593537502,43900
1774545593580292,43900
1774545593623113,43980
1774545593666269,44100
1774545593710677,43850
1774545593753727,44000
1774545593796897,43920
1774545593839954,43900
1774545593883229,43940
1774545593926161,43980
1774545593969366,43870
1774545594012387,43920
1774545594055461,43900
1774545594098552,43900
1774545594141656,43920
1774545594184668,43870
1774545594231224,43900
1774545594274412,43960
1774545594317587,44020
1774545594360873,43920
1774545594403816,43830
1774545594446756,43930
1774545594489864,43940
1774545594532882,43940
1774545594575286,43920
1774545594618361,43900
1774545594661495,43910
1774545594704718,44010
1774545594751602,43890
1774545594794405,43920
1774545594837623,43950
1774545594880583,43990
1774545594923658,43990
1774545594966600,43910
1774545595009526,43970
1774545595052495,43930
1774545595095351,44020
1774545595138533,43980
1774545595181675,43970
1774545595224794,43840
1774545595267908,43900
1774545595312098,43930
1774545595355174,43940
1774545595397791,43870
1774545595440730,43960
1774545595483087,43990
1774545595526083,44060
1774545595569217,44020
1774545595612271,43860
1774545595655491,43940
1774545595698780,44250
1774545595741749,44120
1774545595784844,43850
1774545595827877,43940
1774545595872633,43910
1774545595915483,43960
1774545595958603,43890
1774545596001603,43910
1774545596044798,43970
1774545596087262,43970
1774545596129787,43890
1774545596172841,43790
1774545596215684,43920
1774545596258869,43940
1774545596301837,43970
1774545596345004,43900
1774545596387940,43950
1774545596433148,44020
1774545596476270,43960
1774545596519448,43910
1774545596562393,43830
1774545596605454,43950
1774545596648533,43920
1774545596691491,43930
1774545596734584,43870
1774545596777535,43880
1774545596820480,43940
1774545596863723,43990
1774545596906949,43980
1774545596953535,43900
1774545596996721,43940
1774545597039677,44030
1774545597082517,43900
1774545597125674,43860
1774545597168980,43900
1774545597211877,43940
1774545597254535,43970
1774545597297507,43860
1774545597339716,43910
1774545597382610,43940
1774545597425778,44040
1774545597468792,44000
1774545597514067,43860
1774545597557115,43940
1774545597600089,43930
1774545597643294,43990
1774545597686351,43920
1774545597729432,44070
1774545597772441,43980
1774545597815585,43960
1774545597858557,44020
1774545597901150,43900
1774545597944340,43910
1774545597987554,43910
1774545598034553,44010
1774545598077656,43960
1774545598120849,43940
1774545598163845,43900
1774545598206931,43970
1774545598249910,43970
1774545598292858,43870
1774545598335781,43870
1774545598378518,43900
1774545598421567,44020
1774545598464684,43970
1774545598507348,44030
1774545598549904,43850
1774545598595140,44030
1774545598637535,43970
1774545598679889,43830
1774545598722562,43950
1774545598765601,43990
1774545598808672,44050
1774545598851700,43900
1774545598894713,43950
1774545598937818,43910
1774545598980636,44030
1774545599023745,44030
1774545599066759,43960
1774545599109312,43900
1774545599155539,43960
1774545599198394,43990
1774545599241545,43950
1774545599284694,43970
1774545599327630,43950
1774545599370637,44010
1774545599413739,43890
1774545599456816,43900
1774545599499790,43880
1774545599542121,43940
1774545599584886,44010
1774545599627960,43940
1774545599671178,43880
1774545599715854,43920
1774545599758749,44130
1774545599801726,44040
1774545599844880,44150
1774545599887871,43920
1774545599931056,43870
1774545599974281,43930
1774545600016923,44000
1774545600060136,44000
1774545600103197,44010
1774545600146178,47600
1774545600189410,43440
1774545600236237,44020
1774545600279192,43990
1774545600321918,43950
1774545600364979,43870
1774545600408201,44020
1774545600451332,44050
1774545600494316,43920
1774545600537482,44390
1774545600580424,43850
1774545600623171,43920
1774545600666329,43950
1774545600709434,44010
1774545600752760,43960
1774545600796728,44000
1774545600839622,43940
1774545600882442,43950
1774545600924975,43920
1774545600967892,44000
1774545601010901,43950
1774545601053889,44060
1774545601097054,43920
1774545601139955,43970
1774545601182960,43960
1774545601225915,43930
1774545601268853,43940
1774545601311832,43950
1774545601357387,43920
1774545601400527,43970
1774545601443284,43950
1774545601486390,43970
1774545601529478,44010
1774545601572551,43900
1774545601615605,43980
1774545601658149,43840
1774545601701077,43980
1774545601743524,44090
1774545601786149,44000
1774545601829275,44110
1774545601872254,43860
1774545601917778,43990
1774545601960791,43910
1774545602003707,43940
1774545602047348,43970
1774545602090292,43970
1774545602133270,43970
1774545602176343,43990
1774545602219321,43970
1774545602261611,43940
1774545602304733,43940
1774545602347716,43970
1774545602390883,44010
1774545602433949,44060
1774545602478134,43930
1774545602521368,43920
1774545602563894,43980
1774545602606445,43940
1774545602649635,43940
1774545602692574,44010
1774545602735782,43920
1774545602778379,43980
1774545602821545,43990
1774545602864786,43950
1774545602907782,44010
1774545602950853,43970
1774545602993864,43980
1774545603038636,44060
1774545603081736,44000
1774545603124653,43940
1774545603167675,43940
1774545603210811,43920
1774545603253881,44020
1774545603296867,44010
1774545603339729,43940
1774545603381959,43940
1774545603424929,43980
1774545603468039,43900
1774545603510647,43970
1774545603553707,43960
1774545603599023,44000
1774545603641885,43920
1774545603685086,43980
1774545603728089,44120
1774545603771223,44040
1774545603814354,43860
1774545603857335,44270
1774545603900407,43950
1774545603943421,43960
1774545603985812,43980
1774545604028887,43990
1774545604072004,43890
1774545604114630,43950
1774545604159309,43930
1774545604201965,43930
1774545604245062,43990
1774545604288359,43960
1774545604331525,43920
1774545604374620,43950
1774545604417632,43930
1774545604461023,43990
1774545604504445,43940
1774545604547586,43910
1774545604590816,43800
1774545604633778,43910
1774545604679518,43930
1774545604722623,43950
1774545604765772,43990
1774545604808860,43840
1774545604851829,43960
1774545604894993,43980
1774545604937968,43980
1774545604981017,44010
1774545605023849,43920
1774545605066780,43920
1774545605109832,43970
1774545605152992,43890
1774545605199953,43940
1774545605242746,43970
1774545605285933,43920
1774545605328499,43870
1774545605371491,43910
1774545605414619,43980
1774545605457654,43980
1774545605500786,43900
1774545605543626,43950
1774545605586548,44000
1774545605629623,43930
1774545605672711,44340
1774545605715851,44560
1774545605760321,43980
1774545605803472,44020
1774545605845892,44010
1774545605888827,44110
1774545605931812,44080
1774545605974979,44040
1774545606017746,44010
1774545606060853,43940
1774545606104110,44050
1774545606146712,44060
1774545606189627,44070
1774545606232665,43970
1774545606275839,43920
1774545606320656,43930
1774545606363625,43950
1774545606406639,44020
1774545606449604,44060
1774545606492735,44050
1774545606535748,44030
1774545606578885,44020
1774545606621811,44000
1774545606665055,43990
1774545606707921,44030
