unix_timestamp,active_power (mW)
1774545838926474,43940
1774545838968821,31570
1774545839011640,45680
1774545839054517,43880
1774545839097579,43920
1774545839140691,44070
1774545839183608,43950
1774545839226382,43880
1774545839271193,43920
1774545839313969,43920
1774545839356960,44000
1774545839400043,44050
1774545839443114,43960
1774545839486285,43900
1774545839529278,43850
1774545839572398,43860
1774545839615259,43960
1774545839658471,43990
1774545839701636,44030
1774545839744675,44070
1774545839791579,43940
1774545839834278,44160
1774545839877362,43880
1774545839920424,43960
1774545839963398,43990
1774545840006246,43930
1774545840049430,43960
1774545840092430,43920
1774545840135117,43870
1774545840178344,43910
1774545840221393,43900
1774545840264410,43930
1774545840307422,43990
1774545840351794,43920
1774545840394976,44060
1774545840438088,43910
1774545840481055,43930
1774545840524010,43980
1774545840566808,43970
1774545840609916,43990
1774545840652962,43930
1774545840696088,43980
1774545840739089,43930
1774545840782099,43940
1774545840825190,43980
1774545840872150,43920
1774545840915250,43980
1774545840958466,43970
1774545841001416,43940
1774545841044520,43950
1774545841087436,43920
1774545841130613,43930
1774545841173654,43920
1774545841216885,43980
1774545841259719,43970
1774545841302709,43930
1774545841345664,43940
1774545841392402,43910
1774545841434940,44090
1774545841477687,44010
1774545841520702,43940
1774545841563441,43960
1774545841605954,43920
1774545841649008,43920
1774545841692182,43940
1774545841735360,43910
1774545841778377,44080
1774545841821499,43950
1774545841864724,43920
1774545841907703,43960
1774545841952739,43930
1774545841995920,43920
1774545842039103,43890
1774545842081582,43970
1774545842124636,47430
1774545842167710,43690
1774545842210604,43940
1774545842253502,43920
1774545842296644,43860
1774545842339679,43930
1774545842382642,43960
1774545842425627,43910
1774545842468640,44010
1774545842513002,44020
1774545842556013,43920
1774545842598928,43980
1774545842641700,43980
1774545842684702,43890
1774545842727704,44000
1774545842770894,44000
1774545842814102,43990
1774545842857177,43980
1774545842900251,43880
1774545842943482,43940
1774545842986850,43950
1774545843033252,43970
1774545843076506,43960
1774545843119369,43910
1774545843162243,43980
1774545843205069,43900
1774545843248314,43930
1774545843291560,43990
1774545843334512,43920
1774545843377711,43930
1774545843420640,43880
1774545843463564,43950
1774545843506741,44130
1774545843553613,44020
1774545843596728,43950
1774545843639707,43960
1774545843682934,43910
1774545843726023,44150
1774545843769136,43940
1774545843812396,44000
1774545843855507,44170
1774545843898246,43910
1774545843941307,43940
1774545843984424,43980
1774545844027496,43950
1774545844073970,43980
1774545844116989,43970
1774545844160074,43940
1774545844203226,43900
1774545844246165,43970
1774545844289358,43950
1774545844331897,43930
1774545844375039,44030
1774545844418086,43910
1774545844461225,44040
1774545844504167,43970
1774545844546868,43950
1774545844589929,43970
1774545844634292,43920
1774545844677384,43950
1774545844720400,44050
1774545844763507,44000
1774545844806459,43960
1774545844849367,43920
1774545844892521,43980
1774545844935383,43920
1774545844978353,43980
1774545845021334,43960
1774545845064494,44000
1774545845107517,44040
1774545845150243,43900
1774545845194630,44000
1774545845237719,44010
1774545845280612,44020
1774545845323518,43970
1774545845366461,43970
1774545845409661,43910
1774545845452698,44010
1774545845495946,43930
1774545845538730,44170
1774545845581736,43950
1774545845624807,44100
1774545845667789,44010
1774545845710961,43920
1774545845755079,43960
1774545845798192,44010
1774545845841391,43960
1774545845884528,43990
1774545845927145,44010
1774545845970038,44010
1774545846013245,44010
1774545846056338,43950
1774545846099366,43970
1774545846142030,44000
1774545846185128,43990
1774545846228135,44000
1774545846275256,43990
1774545846317643,44000
1774545846360632,44020
1774545846403600,43980
1774545846446573,43990
1774545846489737,43950
1774545846532639,43970
1774545846575945,43890
1774545846619045,43970
1774545846662217,44160
1774545846705183,43960
1774545846747878,43950
1774545846790945,43940
1774545846835616,43920
1774545846878537,43870
1774545846921359,43870
1774545846964325,43900
1774545847007376,43930
1774545847050517,43890
1774545847093619,43940
1774545847136620,43920
1774545847179534,43900
1774545847222676,43880
1774545847265608,43950
1774545847308748,43900
1774545847351781,43930
1774545847396051,43810
1774545847439018,43960
1774545847482146,43900
1774545847525157,43940
1774545847568358,44140
1774545847611244,43870
1774545847654464,43940
1774545847697664,44020
1774545847740700,43920
1774545847783865,43900
1774545847826637,43930
1774545847869605,44010
1774545847916493,43940
1774545847958965,43910
1774545848001964,43930
1774545848045140,43910
1774545848088113,43900
1774545848131155,43920
1774545848174138,43950
1774545848217363,43870
1774545848260541,43840
1774545848303465,43880
1774545848346630,43900
1774545848389545,43880
1774545848432536,43960
1774545848476891,43880
1774545848520000,43900
1774545848562587,43930
1774545848605606,43920
1774545848648718,43880
1774545848691652,43840
1774545848734272,43880
1774545848777552,43960
1774545848820718,43940
1774545848863666,43880
1774545848906685,43880
1774545848949809,43870
1774545848993005,43910
1774545849037405,43950
1774545849080599,43850
1774545849123741,43880
1774545849166335,43900
1774545849209334,43960
1774545849252361,43930
1774545849295470,43870
1774545849338720,43880
1774545849381800,43910
1774545849424920,43980
1774545849467887,43990
1774545849510962,43890
1774545849557694,43920
1774545849600664,44200
1774545849643537,44010
1774545849686135,44030
1774545849729145,43860
1774545849772161,43990
1774545849815068,44030
1774545849857520,43970
1774545849900505,43910
1774545849943443,43890
1774545849986552,43980
1774545850029502,43970
1774545850072479,43960
1774545850118388,43860
1774545850161474,43970
1774545850204404,44000
1774545850247595,43910
1774545850290518,43900
1774545850333730,43930
1774545850376664,44040
1774545850419691,43990
1774545850462892,43950
1774545850505973,43800
1774545850549076,43960
1774545850592173,44080
1774545850638867,43880
1774545850681682,43930
1774545850724874,44010
1774545850768130,44060
1774545850811221,43850
1774545850854248,43860
1774545850897495,44000
1774545850940519,43980
1774545850983582,43870
1774545851026669,43930
1774545851069899,43910
1774545851112959,43980
1774545851159331,43870
1774545851202483,44020
1774545851245443,43910
1774545851288717,43850
1774545851331944,43920
1774545851375160,43950
1774545851418144,43890
1774545851461169,43860
1774545851504246,43900
1774545851547271,43960
1774545851590472,43870
1774545851633666,43830
1774545851679935,44030
1774545851723086,44040
1774545851766278,43870
1774545851809511,43910
1774545851852476,44030
1774545851895612,43980
1774545851938564,43900
1774545851981478,43950
1774545852024696,43830
1774545852067665,44020
1774545852110866,43980
1774545852153887,43860
1774545852200318,43930
1774545852243446,43990
1774545852286335,43930
1774545852329274,43910
1774545852372578,43780
1774545852415556,44020
1774545852458720,44020
1774545852501947,43930
1774545852544992,43890
1774545852588201,43990
1774545852631045,43980
1774545852674138,43890
1774545852720892,43910
1774545852764023,43900
1774545852807129,43870
1774545852850333,43990
1774545852893442,43900
1774545852936475,43930
1774545852979603,43860
1774545853022712,43880
1774545853065617,43990
1774545853108564,43910
1774545853151709,43920
1774545853194795,43890
1774545853241505,43850
1774545853284421,43920
1774545853327532,44000
1774545853370563,43910
1774545853413674,43870
1774545853456723,43910
1774545853499699,43930
1774545853542452,43920
1774545853585641,43850
1774545853628611,43910
1774545853671540,43950
1774545853714504,44020
1774545853757640,44340
1774545853802031,43940
1774545853845234,44000
1774545853888495,43990
1774545853931545,43920
1774545853974323,43850
1774545854017363,44040
1774545854060030,43940
1774545854102925,43920
1774545854146079,43920
1774545854189161,43950
1774545854232271,44010
1774545854274977,43940
1774545854318059,43890
1774545854362618,43990
1774545854405806,43850
1774545854448889,43870
1774545854491940,43970
1774545854534599,43950
1774545854577486,43870
1774545854620648,43890
1774545854663653,43950
1774545854706637,43850
1774545854749767,43960
1774545854792725,43860
1774545854835710,43910
1774545854878192,43860
1774545854923340,43930
1774545854966505,43910
1774545855009570,43930
1774545855052670,43980
1774545855095318,43980
1774545855138449,43890
1774545855181450,43950
1774545855224754,43870
1774545855267869,43860
1774545855310664,43920
1774545855353660,43890
1774545855396674,43850
1774545855439856,43870
1774545855483945,44010
1774545855527225,43910
1774545855570309,43890
1774545855613333,43800
1774545855656397,44000
1774545855699147,44130
1774545855742262,43860
1774545855785414,44030
1774545855828395,43960
1774545855871322,44140
1774545855914276,43870
1774545855957203,44010
1774545856000182,44040
1774545856044534,44010
1774545856087367,44000
1774545856130305,43920
1774545856173378,43900
1774545856216376,44060
1774545856259361,43900
1774545856302392,43920
1774545856345284,43900
1774545856388483,43940
1774545856431531,43870
1774545856474431,43970
1774545856517430,43940
1774545856560563,43970
1774545856605316,43880
1774545856648298,43880
1774545856691532,43900
1774545856734616,43930
