unix_timestamp,active_power (mW)
1774539881107212,40770
1774539881149783,41000
1774539881192725,40700
1774539881239273,40810
1774539881281985,40840
1774539881325004,40880
1774539881367967,40760
1774539881411004,40870
1774539881454120,40790
1774539881497068,40690
1774539881539574,40640
1774539881582456,40730
1774539881625634,40780
1774539881668561,40790
1774539881711471,40930
1774539881753715,40760
1774539881799669,40860
1774539881842806,40870
1774539881885592,40770
1774539881928614,40800
1774539881971066,40860
1774539882014044,40830
1774539882057265,40810
1774539882100530,40790
1774539882143274,40730
1774539882185552,40750
1774539882228552,40780
1774539882271643,40670
1774539882314301,40650
1774539882360104,40690
1774539882403330,40740
1774539882446503,40710
1774539882489576,40740
1774539882532557,40750
1774539882575598,40820
1774539882618728,40690
1774539882661627,40730
1774539882704686,40700
1774539882747794,40760
1774539882790947,40730
1774539882833967,40740
1774539882880424,40730
1774539882922772,40730
1774539882965848,40780
1774539883008986,40690
1774539883052015,40730
1774539883095180,40740
1774539883138331,40750
1774539883180676,40720
1774539883223523,40740
1774539883266596,40690
1774539883309638,40800
1774539883352739,40700
1774539883395768,40730
1774539883440956,40700
1774539883483998,40720
1774539883526584,40790
1774539883569481,40710
1774539883612484,40750
1774539883655563,40680
1774539883698495,40760
1774539883741732,40760
1774539883784764,40840
1774539883827812,40820
1774539883870807,40760
1774539883913942,40800
1774539883957030,40780
1774539884001378,40790
1774539884044502,40810
1774539884087666,40820
1774539884130353,40730
1774539884173482,40760
1774539884216596,40770
1774539884259539,40840
1774539884302566,40770
1774539884345805,40710
1774539884388724,40740
1774539884431810,40710
1774539884474815,40690
1774539884521720,40650
1774539884564882,40720
1774539884607797,40700
1774539884650609,40790
1774539884693617,40780
1774539884736020,40800
1774539884779042,40850
1774539884821832,40840
1774539884865015,40700
1774539884907998,40750
1774539884950722,40710
1774539884993747,40830
1774539885037001,40850
1774539885082171,40830
1774539885125311,40770
1774539885168623,40850
1774539885211786,40710
1774539885254420,40760
1774539885297564,40700
1774539885340587,40850
1774539885382984,40750
1774539885425256,40730
1774539885468200,40700
1774539885511314,40800
1774539885553565,40760
1774539885596791,40790
1774539885642606,40720
1774539885685828,40830
1774539885729065,40790
1774539885771951,40830
1774539885815147,40800
1774539885858056,40740
1774539885900969,40680
1774539885943883,40680
1774539885986350,40850
1774539886029392,40800
1774539886072526,40720
1774539886115347,40720
1774539886158326,40760
1774539886203100,40800
1774539886246148,40630
1774539886289209,40680
1774539886332039,40670
1774539886374635,40770
1774539886417756,40780
1774539886460767,40740
1774539886503855,40740
1774539886546960,40710
1774539886590012,40750
1774539886632947,40680
1774539886675880,40730
1774539886718526,40750
1774539886763578,40750
1774539886806387,40690
1774539886849547,40720
1774539886892552,40740
1774539886935774,40630
1774539886979054,40780
1774539887022229,40730
1774539887065393,40780
1774539887108433,40710
1774539887151356,40750
1774539887194161,40670
1774539887237087,40680
1774539887284057,40730
1774539887327211,40730
1774539887370187,40680
1774539887413262,40760
1774539887456429,40740
1774539887499431,40700
1774539887542318,40750
1774539887585370,40740
1774539887628567,40720
1774539887671732,40710
1774539887714039,40710
1774539887757116,40750
1774539887799992,40690
1774539887844490,40820
1774539887887585,40790
1774539887930797,40770
1774539887974027,40710
1774539888017082,40810
1774539888060189,40700
1774539888103105,41070
1774539888146055,41390
1774539888189169,40990
1774539888232197,40750
1774539888275270,40820
1774539888317962,40820
1774539888364785,40730
1774539888407847,40710
1774539888450846,40800
1774539888494011,40960
1774539888537030,40890
1774539888580142,40830
1774539888623093,40810
1774539888666065,40810
1774539888708956,40820
1774539888752010,40840
1774539888795072,40740
1774539888837627,40730
1774539888880685,40790
1774539888925326,40820
1774539888968412,40850
1774539889011524,40800
1774539889054536,40830
1774539889097527,40730
1774539889140435,40800
1774539889183521,40790
1774539889226472,40780
1774539889269484,40770
1774539889312658,40810
1774539889355821,40780
1774539889398457,40890
1774539889441543,40760
1774539889485615,40810
1774539889528506,40790
1774539889571430,40870
1774539889613926,40880
1774539889657126,40910
1774539889700325,40880
1774539889743443,40870
1774539889786485,40820
1774539889829697,40760
1774539889872903,40880
1774539889915995,41050
1774539889958641,40860
1774539890001697,41640
1774539890046050,40900
1774539890089169,40850
1774539890131804,40780
1774539890174721,40720
1774539890217909,40780
1774539890260865,40820
1774539890304081,40820
1774539890346677,40750
1774539890389734,40730
1774539890432842,40760
1774539890475858,40800
1774539890518966,40820
1774539890562133,40760
1774539890606552,40730
1774539890649717,40730
1774539890692942,40780
1774539890735745,40710
1774539890778420,40720
1774539890821689,40720
1774539890864937,40620
1774539890907869,40650
1774539890951004,40760
1774539890993564,40730
1774539891036739,40660
1774539891079700,40710
1774539891122814,40730
1774539891166962,40770
1774539891209752,40770
1774539891252888,40760
1774539891295538,40760
1774539891338379,40800
1774539891381489,40750
1774539891424547,40830
1774539891467565,40760
1774539891510389,40720
1774539891553298,40720
1774539891595690,40720
1774539891638426,40850
1774539891681545,40730
1774539891727469,40690
1774539891770625,40710
1774539891813824,40770
1774539891857057,40710
1774539891899957,40760
1774539891942902,40890
1774539891986018,40760
1774539892029032,41020
1774539892072095,40800
1774539892114650,40710
1774539892157566,40730
1774539892200564,40750
1774539892243781,40740
1774539892287779,40690
1774539892330487,40710
1774539892373538,40720
1774539892416134,40700
1774539892459225,40680
1774539892502189,40740
1774539892545312,40780
1774539892588302,40770
1774539892631200,40710
1774539892674392,40760
1774539892717821,40670
1774539892760788,40750
1774539892803770,40730
1774539892848137,40670
1774539892891131,40790
1774539892933582,40750
1774539892976775,40720
1774539893019957,40790
1774539893062603,40710
1774539893105869,40780
1774539893149140,40690
1774539893192248,40720
1774539893235168,40710
1774539893278319,40740
1774539893321396,40720
1774539893364549,40810
1774539893408580,40770
1774539893451819,40770
1774539893494667,40720
1774539893537582,40760
1774539893580590,40740
1774539893623375,40710
1774539893665803,40710
1774539893708785,40650
1774539893751272,40710
1774539893794307,40670
1774539893837387,40680
1774539893880365,40730
1774539893923644,40770
1774539893969036,40770
1774539894012152,40730
1774539894054724,41190
1774539894097694,40730
1774539894140891,40670
1774539894183793,40770
1774539894226683,40710
1774539894269921,40680
1774539894313199,40760
1774539894356441,40840
1774539894399572,40740
1774539894442601,40630
1774539894489527,40710
1774539894532553,40710
1774539894575269,40740
1774539894618381,40670
1774539894661416,40780
1774539894704619,40780
1774539894747794,40780
1774539894790656,40760
1774539894833920,40870
1774539894876864,40830
1774539894919884,40800
1774539894962959,40850
1774539895009942,40870
1774539895053000,40780
1774539895096005,40810
1774539895139090,40840
1774539895181765,40840
1774539895224440,40850
1774539895267441,40760
1774539895310500,40790
1774539895353573,40830
1774539895396606,40860
1774539895439754,40740
1774539895482831,40730
1774539895526041,41010
1774539895570420,40830
1774539895613592,40900
1774539895656680,40740
1774539895699721,40770
1774539895742951,40790
1774539895786166,40700
1774539895829105,40850
1774539895872027,40670
1774539895914753,40790
1774539895957733,40720
1774539896000336,40670
1774539896043607,40750
1774539896086453,40840
1774539896130814,40690
1774539896174001,40760
1774539896217094,40670
1774539896260081,40770
1774539896303075,40750
1774539896346041,40740
1774539896389184,40720
1774539896432284,40770
1774539896474964,40700
1774539896517730,40710
1774539896560823,40740
1774539896603721,40760
1774539896646936,40680
1774539896691331,40730
1774539896733763,40690
1774539896776733,40750
1774539896819321,40650
1774539896862472,40680
1774539896905640,40770
1774539896948707,40780
1774539896991766,40700
1774539897034643,40740
1774539897077744,40770
1774539897120896,40690
1774539897163962,40770
1774539897206798,40770
1774539897251779,40740
1774539897294966,40750
1774539897337792,40740
1774539897380906,40730
1774539897423994,40680
1774539897466970,40650
1774539897510108,40690
1774539897553299,40780
1774539897596619,40760
1774539897639178,40730
1774539897682083,40820
1774539897725017,40770
1774539897768320,40760
1774539897812176,40660
1774539897855315,40730
1774539897898340,40770
1774539897941498,40760
1774539897984582,40770
1774539898027769,40740
1774539898070423,40760
1774539898113471,40870
1774539898156624,41240
1774539898199614,40760
1774539898242871,40710
1774539898286088,40740
1774539898332660,40650
1774539898375861,40790
1774539898418769,40680
1774539898461691,40730
1774539898504885,40740
1774539898547779,40690
1774539898590808,40800
1774539898633959,40780
1774539898677167,40700
1774539898720118,40670
1774539898763041,40660
1774539898806517,40790
1774539898853090,40710
1774539898896015,40750
1774539898938965,40710
1774539898982051,40830
1774539899024983,40740
1774539899067564,40690
1774539899110805,40750
1774539899153917,40720
1774539899196914,40760
1774539899240082,40790
1774539899283061,40720
1774539899325991,40680
1774539899369171,40710
1774539899413654,40760
1774539899456130,40750
1774539899498873,40730
1774539899541611,40750
1774539899584281,40730
