unix_timestamp,active_power (mW)
1770297754871230,43370
1770297754917415,37620
1770297754960478,44010
1770297755003636,43390
1770297755046736,43470
1770297755089740,43420
1770297755132610,43460
1770297755175572,43360
1770297755218563,43380
1770297755261527,43420
1770297755304600,43400
1770297755347597,43360
1770297755390638,43390
1770297755437213,43450
1770297755480301,43380
1770297755523336,43460
1770297755566349,43430
1770297755608869,43310
1770297755651823,43370
1770297755694876,43360
1770297755737808,43350
1770297755780953,43450
1770297755824225,43290
1770297755867364,43380
1770297755910406,43410
1770297755952921,43350
1770297755997290,43450
1770297756040217,43290
1770297756083533,43580
1770297756126686,43430
1770297756169295,43470
1770297756212376,43470
1770297756255282,43410
1770297756298356,43390
1770297756340629,43340
1770297756383654,43400
1770297756426676,43380
1770297756469672,43430
1770297756512621,43410
1770297756557280,43350
1770297756600446,43380
1770297756643611,43350
1770297756686567,43440
1770297756729644,43340
1770297756772666,43330
1770297756815744,43490
1770297756858678,43390
1770297756901678,43480
1770297756944771,43400
1770297756987750,43330
1770297757030664,43390
1770297757077162,43420
1770297757120301,43350
1770297757163213,43440
1770297757206316,43410
1770297757249195,43370
1770297757292354,43360
1770297757335298,43460
1770297757378495,43390
1770297757421697,43340
1770297757464723,43460
1770297757507667,43410
1770297757550637,43360
1770297757597058,43310
1770297757640297,43340
1770297757683238,43380
1770297757726317,43350
1770297757769584,43420
1770297757812642,43290
1770297757855671,43350
1770297757898765,43380
1770297757941504,43410
1770297757984372,43450
1770297758027287,43460
1770297758070418,43350
1770297758116990,43430
1770297758159941,43520
1770297758203096,43510
1770297758246160,43380
1770297758289120,43440
1770297758332307,43450
1770297758375489,43450
1770297758418486,43480
1770297758461996,43380
1770297758505174,43370
1770297758548370,43420
1770297758591274,43420
1770297758637065,43410
1770297758680103,43340
1770297758722996,43460
1770297758766104,43410
1770297758808466,43350
1770297758851642,43370
1770297758894622,43360
1770297758937307,43370
1770297758980417,43310
1770297759023501,43400
1770297759066641,43400
1770297759109945,43350
1770297759156941,43320
1770297759200048,43330
1770297759243245,43320
1770297759285955,43350
1770297759328989,43390
1770297759372102,43350
1770297759415125,43410
1770297759458339,43450
1770297759501459,43300
1770297759544742,43460
1770297759587608,43420
1770297759630522,43410
1770297759676992,43420
1770297759720064,43320
1770297759763229,43280
1770297759806092,43330
1770297759849017,43340
1770297759891959,43300
1770297759935093,43300
1770297759978124,43390
1770297760021181,43310
1770297760064070,43360
1770297760107368,43360
1770297760150461,43350
1770297760196999,43490
1770297760240180,43460
1770297760283175,43350
1770297760326239,43510
1770297760369088,43430
1770297760411997,43490
1770297760455169,43500
1770297760498327,43290
1770297760541371,43370
1770297760584471,43370
1770297760627609,43300
1770297760670532,43360
1770297760717032,43460
1770297760760161,43300
1770297760803297,43350
1770297760846533,43380
1770297760889494,43310
1770297760932721,43360
1770297760975827,43300
1770297761018775,43330
1770297761061964,43440
1770297761105089,43300
1770297761148298,43320
1770297761191437,43370
1770297761236920,43450
1770297761280100,43390
1770297761323254,43410
1770297761366462,43440
1770297761409584,43630
1770297761452642,43340
1770297761495741,43460
1770297761538827,43500
1770297761581857,43350
1770297761625010,43450
1770297761668037,43390
1770297761711210,43390
1770297761757040,43390
1770297761800065,43390
1770297761842768,43390
1770297761885804,43320
1770297761928711,43380
1770297761971807,43390
1770297762014753,43450
1770297762057907,43370
1770297762101133,43400
1770297762144335,43340
1770297762187443,43340
1770297762230502,43340
1770297762276998,43380
1770297762320023,43380
1770297762363169,43410
1770297762406378,43340
1770297762449352,43370
1770297762492602,43400
1770297762535656,43400
1770297762578621,43360
1770297762621503,43330
1770297762664752,43360
1770297762707564,43310
1770297762750743,43480
1770297762797020,43440
1770297762840141,43460
1770297762883320,43460
1770297762926321,43460
1770297762968834,43480
1770297763011991,43480
1770297763055137,43440
1770297763098262,43390
1770297763141189,43350
1770297763184306,43410
1770297763227300,43400
1770297763270443,43300
1770297763312957,43370
1770297763356957,43330
1770297763400034,43300
1770297763442988,43530
1770297763486090,43220
1770297763529257,43380
1770297763572187,43320
1770297763615335,43370
1770297763658437,43320
1770297763701511,43400
1770297763744621,43340
1770297763787484,43350
1770297763830726,43350
1770297763876838,43370
1770297763919977,43380
1770297763963053,43380
1770297764006076,43360
1770297764049231,43480
1770297764092433,43420
1770297764135537,43360
1770297764178398,43420
1770297764221415,43390
1770297764264529,43360
1770297764307670,43480
1770297764350608,43330
1770297764396847,43340
1770297764439850,43350
1770297764482916,43350
1770297764525841,43320
1770297764568834,43400
1770297764611708,43350
1770297764654839,43430
1770297764697788,43320
1770297764740912,43310
1770297764784011,43330
1770297764827064,43280
1770297764870247,43380
1770297764916633,43300
1770297764959767,43300
1770297765002637,43410
1770297765045613,43390
1770297765088639,43380
1770297765131680,43350
1770297765174672,43350
1770297765217878,43390
1770297765261021,43380
1770297765304029,43420
1770297765347048,43430
1770297765390114,43390
1770297765436667,43540
1770297765479691,43450
1770297765522667,43390
1770297765565562,43490
1770297765608634,43450
1770297765651657,43420
1770297765694747,43380
1770297765737674,43400
1770297765780817,43450
1770297765823706,43360
1770297765866690,43950
1770297765909759,43470
1770297765956598,43450
1770297765999668,43350
1770297766042676,43450
1770297766085660,43460
1770297766128677,43390
1770297766171619,43370
1770297766214665,43350
1770297766257592,43350
1770297766300750,43380
1770297766343738,43440
1770297766386551,43360
1770297766429755,43470
1770297766476733,43450
1770297766519787,43410
1770297766562708,43380
1770297766605807,43390
1770297766648760,43430
1770297766691798,43410
1770297766734791,43470
1770297766777924,43380
1770297766820474,43380
1770297766863637,43390
1770297766906468,43540
1770297766949417,43300
1770297766996619,43320
1770297767039719,43360
1770297767082873,43430
1770297767125831,43360
1770297767168967,43390
1770297767211999,43410
1770297767255100,43420
1770297767298232,43420
1770297767341411,43330
1770297767384375,43380
1770297767427470,43410
1770297767470542,43400
1770297767516671,43480
1770297767559805,43380
1770297767602848,43470
1770297767645761,43300
1770297767688641,43400
1770297767731609,43390
1770297767774696,43390
1770297767817586,43370
1770297767860554,43310
1770297767903658,43350
1770297767946653,43400
1770297767989535,43340
1770297768036721,43380
1770297768079740,43420
1770297768122623,43330
1770297768165574,43380
1770297768208701,43360
1770297768251650,43340
1770297768294696,43330
1770297768337607,43370
1770297768380511,43390
1770297768423673,43410
1770297768466503,43430
1770297768509421,43330
1770297768552363,43390
1770297768596586,43340
1770297768639724,43410
1770297768682726,43380
1770297768725687,43360
1770297768768668,43410
1770297768811733,43500
1770297768854605,43380
1770297768897588,43520
1770297768940683,43650
1770297768983612,43410
1770297769026482,43340
1770297769069462,43390
1770297769116624,43320
1770297769159832,43400
1770297769202619,43320
1770297769245593,43340
1770297769288683,43390
1770297769331742,43350
1770297769374896,43320
1770297769417961,43500
1770297769460525,43280
1770297769503464,43360
1770297769546714,43370
1770297769589816,43370
1770297769636799,43410
1770297769679931,43350
1770297769723090,43340
1770297769766182,43330
1770297769809201,43300
1770297769852304,43300
1770297769895558,43310
1770297769938296,43260
1770297769981345,43360
1770297770024422,43320
1770297770067406,43320
1770297770110489,43350
1770297770156701,43300
1770297770199727,43260
1770297770242660,43360
1770297770285825,43280
1770297770328678,43300
1770297770371555,43360
1770297770414572,43370
1770297770457485,43460
1770297770500359,43400
1770297770543284,43360
1770297770586223,43470
1770297770629221,43360
1770297770672297,43370
1770297770716655,43400
1770297770759607,43390
1770297770802624,43330
1770297770845471,43390
1770297770888452,43420
1770297770931411,43290
1770297770974444,43340
1770297771017403,43300
1770297771060523,43350
1770297771103489,43320
1770297771146374,43360
1770297771189548,43300
1770297771236680,43290
1770297771279720,43330
