unix_timestamp,active_power (mW)
1769685796357105,29390
1769685796399370,20980
1769685796441778,25960
1769685796484779,32170
1769685796527657,40570
1769685796572059,49090
1769685796615125,48940
1769685796658246,49100
1769685796701221,49130
1769685796743512,48990
1769685796786618,49070
1769685796829576,49060
1769685796872566,49040
1769685796915407,49010
1769685796957851,48930
1769685797000796,48930
1769685797043538,49020
1769685797086730,48920
1769685797131792,48880
1769685797175028,48900
1769685797218173,49010
1769685797261314,48890
1769685797304528,48940
1769685797347462,48940
1769685797390647,48990
1769685797433735,48920
1769685797476672,48860
1769685797519863,48910
1769685797562704,48890
1769685797605902,48900
1769685797651775,48890
1769685797694780,48890
1769685797737977,48910
1769685797780680,48900
1769685797823710,48860
1769685797866394,48890
1769685797909485,48850
1769685797952248,48910
1769685797995292,48810
1769685798037748,48870
1769685798080747,48850
1769685798123420,48840
1769685798166581,48850
1769685798211653,48850
1769685798254353,48990
1769685798297317,48960
1769685798340446,49010
1769685798383077,48940
1769685798426256,48990
1769685798469522,48970
1769685798512649,48850
1769685798555564,49030
1769685798598423,48950
1769685798641581,48930
1769685798683993,49010
1769685798726668,48880
1769685798771591,49020
1769685798814477,48940
1769685798858419,49080
1769685798901661,49030
1769685798944507,48960
1769685798987585,49030
1769685799030665,48970
1769685799073638,48920
1769685799116543,48860
1769685799159346,48960
1769685799202502,49080
1769685799245470,48830
1769685799291485,48950
1769685799334004,48940
1769685799376343,49010
1769685799419275,48920
1769685799461909,49010
1769685799504645,49020
1769685799547450,49030
1769685799590396,48900
1769685799633474,48990
1769685799676603,48960
1769685799719589,48980
1769685799761973,48920
1769685799804963,48960
1769685799851352,48870
1769685799893728,48870
1769685799936755,48790
1769685799979934,48810
1769685800022723,48910
1769685800065720,48880
1769685800108869,48940
1769685800152094,48910
1769685800195092,48930
1769685800238153,48890
1769685800281023,48900
1769685800323772,48840
1769685800366276,48950
1769685800411419,48930
1769685800454610,48900
1769685800497604,49050
1769685800540496,48880
1769685800583683,49070
1769685800626456,48920
1769685800669551,49040
1769685800712779,49060
1769685800755294,49010
1769685800798348,49000
1769685800841268,49020
1769685800884286,48990
1769685800927154,49010
1769685800971385,49080
1769685801013759,48980
1769685801056744,49010
1769685801099656,49020
1769685801142231,48940
1769685801185491,48950
1769685801228319,48870
1769685801271332,48910
1769685801314445,48850
1769685801357510,48830
1769685801400547,48850
1769685801443658,48880
1769685801486912,48870
1769685801531312,48910
1769685801574358,48890
1769685801617572,48940
1769685801660821,48900
1769685801703995,48970
1769685801746664,48910
1769685801789814,48990
1769685801833034,48950
1769685801877157,48940
1769685801920169,48980
1769685801962966,48980
1769685802005744,49010
1769685802051303,49070
1769685802094422,49100
1769685802137622,49310
1769685802180500,49070
1769685802223790,49100
1769685802266985,49040
1769685802310042,49020
1769685802353311,49130
1769685802395747,49030
1769685802438429,49070
1769685802481586,49060
1769685802524643,49030
1769685802571190,48980
1769685802614317,48970
1769685802657232,48950
1769685802700389,48960
1769685802743111,48980
1769685802785340,49060
1769685802828610,48940
1769685802871737,48910
1769685802914458,48820
1769685802957479,48830
1769685803000549,48930
1769685803043164,48970
1769685803086461,48890
1769685803131174,48940
1769685803174342,49040
1769685803217471,49100
1769685803259678,49020
1769685803302285,49010
1769685803345415,49020
1769685803388553,49030
1769685803431632,49010
1769685803474205,49080
1769685803516530,49030
1769685803559716,49070
1769685803602551,49080
1769685803645616,49080
1769685803691265,49030
1769685803734156,48990
1769685803777106,49060
1769685803820076,49080
1769685803863199,49040
1769685803905860,49060
1769685803948934,49060
1769685803991887,49050
1769685804034613,49010
1769685804077651,49060
1769685804120244,49030
1769685804163368,48950
1769685804206380,49040
1769685804251031,48850
1769685804294169,48990
1769685804337407,48950
1769685804380554,48960
1769685804423702,48930
1769685804466396,48960
1769685804509482,48940
1769685804552643,48900
1769685804595547,48910
1769685804638417,48880
1769685804681576,48970
1769685804724632,48880
1769685804770912,49040
1769685804813945,48960
1769685804856965,48970
1769685804900109,49040
1769685804942613,49020
1769685804985749,48970
1769685805028732,48940
1769685805071842,48860
1769685805114922,48880
1769685805157967,48880
1769685805201007,48880
1769685805244037,49000
1769685805286725,48840
1769685805330686,48830
1769685805373577,48870
1769685805416049,48880
1769685805458883,48880
1769685805501293,49000
1769685805543849,48940
1769685805586071,48880
1769685805629304,48920
1769685805672463,48970
1769685805715602,48990
1769685805758231,48990
1769685805801326,48940
1769685805844375,49030
1769685805890779,48940
1769685805933504,48900
1769685805976762,48950
1769685806019600,48940
1769685806062686,48920
1769685806105807,48850
1769685806149183,48840
1769685806191526,48810
1769685806234166,48770
1769685806276483,48910
1769685806319168,48800
1769685806362311,48970
1769685806405525,48890
1769685806450678,48860
1769685806493697,48870
1769685806536179,48940
1769685806578735,49030
1769685806621758,48950
1769685806664866,48920
1769685806708040,48980
1769685806750734,48980
1769685806793819,48990
1769685806837046,48970
1769685806880108,48890
1769685806923204,48940
1769685806965807,48980
1769685807010510,48900
1769685807053603,48900
1769685807096681,48870
1769685807139027,48870
1769685807182170,49080
1769685807225187,48890
1769685807268264,48910
1769685807311447,48920
1769685807354659,48920
1769685807397685,48880
1769685807440720,48950
1769685807484056,48880
1769685807530453,49040
1769685807573625,48940
1769685807616654,49000
1769685807659756,49620
1769685807702493,49480
1769685807745645,49020
1769685807788726,49070
1769685807831760,49070
1769685807874687,49080
1769685807917772,49020
1769685807960803,49120
1769685808003478,49030
1769685808050463,49050
1769685808093462,49080
1769685808136456,49010
1769685808179245,49080
1769685808221691,49060
1769685808264610,49080
1769685808307467,49090
1769685808350564,49080
1769685808393005,49130
1769685808435398,49120
1769685808478511,49180
1769685808521629,49080
1769685808564782,49100
1769685808610285,49080
1769685808653488,49080
1769685808696564,49070
1769685808739439,49160
1769685808782787,49120
1769685808825767,49120
1769685808868779,49150
1769685808911604,49120
1769685808954277,49280
1769685808997415,49170
1769685809039934,49120
1769685809083102,49160
1769685809130101,49030
1769685809172978,49190
1769685809216208,49070
1769685809259389,49160
1769685809301803,49050
1769685809344627,49070
1769685809387767,49060
1769685809430832,49150
1769685809474028,49140
1769685809517169,49120
1769685809559861,49090
1769685809602883,49150
1769685809645612,49090
1769685809690075,49030
1769685809733142,49030
1769685809776281,49060
1769685809819489,49080
1769685809861992,49060
1769685809905173,49060
1769685809949052,49050
1769685809991889,49020
1769685810034709,49040
1769685810077631,49030
1769685810120800,49040
1769685810163537,49080
1769685810209739,49030
1769685810252759,49090
1769685810295744,49080
1769685810338783,49050
1769685810381703,48950
1769685810424498,49010
1769685810467695,49020
1769685810510642,49050
1769685810553724,49070
1769685810596790,49100
1769685810639833,49130
1769685810682719,48980
1769685810729583,49040
1769685810772674,49020
1769685810815550,49100
1769685810858672,49070
1769685810901760,49100
1769685810944761,49070
1769685810987491,49060
1769685811030065,49100
1769685811073193,49060
1769685811116261,49080
1769685811159253,49070
1769685811201747,49070
1769685811244749,49170
1769685811289303,49060
1769685811332367,49070
1769685811378886,49050
1769685811421368,48990
1769685811464448,49040
1769685811507198,48990
1769685811549633,48900
1769685811592451,48960
1769685811635590,48950
