unix_timestamp,active_power (mW)
1770033030164710,42740
1770033030207303,42560
1770033030249737,42580
1770033030292889,42540
1770033030336053,42590
1770033030378720,42550
1770033030421136,42590
1770033030465890,42590
1770033030508993,42590
1770033030551979,42620
1770033030595035,42600
1770033030637921,42510
1770033030680884,42530
1770033030724103,42560
1770033030766385,42630
1770033030808780,42490
1770033030851109,42600
1770033030893644,42550
1770033030936601,42600
1770033030979780,42590
1770033031025992,42550
1770033031069024,42530
1770033031112253,42630
1770033031155137,42720
1770033031197742,42490
1770033031240824,42620
1770033031283987,42610
1770033031326581,42580
1770033031369186,42540
1770033031412333,42610
1770033031454765,42640
1770033031497358,42580
1770033031540551,42540
1770033031585922,42570
1770033031629159,42560
1770033031672201,42550
1770033031715173,42600
1770033031757841,42540
1770033031800859,42540
1770033031843839,42530
1770033031886593,42630
1770033031929654,42660
1770033031972102,42600
1770033032014693,42620
1770033032057256,42620
1770033032099760,42620
1770033032145931,42570
1770033032189094,42750
1770033032232295,42570
1770033032275172,42590
1770033032318253,42580
1770033032360900,42600
1770033032403835,42570
1770033032446862,42540
1770033032489831,42590
1770033032532840,42510
1770033032575842,42560
1770033032618517,42550
1770033032661167,42600
1770033032706098,42560
1770033032749130,42570
1770033032792269,42620
1770033032835141,42540
1770033032877849,42540
1770033032920871,42580
1770033032963709,42540
1770033033006865,42510
1770033033049974,42590
1770033033092966,42580
1770033033135913,42600
1770033033178479,42600
1770033033221614,42680
1770033033265977,42560
1770033033308774,42590
1770033033351634,42580
1770033033394097,42580
1770033033436653,42600
1770033033479518,42600
1770033033521890,42580
1770033033564954,42580
1770033033607957,42610
1770033033650777,42510
1770033033693796,42640
1770033033736798,42640
1770033033779479,42590
1770033033826005,42620
1770033033868799,42670
1770033033911893,42580
1770033033954621,42600
1770033033997335,42560
1770033034040609,42580
1770033034083644,42550
1770033034126503,42600
1770033034169092,42590
1770033034212298,42640
1770033034255140,42770
1770033034297762,42670
1770033034340911,42690
1770033034385956,42570
1770033034428335,42650
1770033034471071,42690
1770033034514092,42530
1770033034557343,42620
1770033034600530,42520
1770033034643811,42550
1770033034687034,42550
1770033034730122,42550
1770033034773631,42580
1770033034816286,42610
1770033034859133,42550
1770033034905967,42600
1770033034948831,42530
1770033034992019,42590
1770033035035015,42600
1770033035078011,42520
1770033035120620,42510
1770033035163818,42560
1770033035207018,42550
1770033035249873,42540
1770033035292964,42670
1770033035336042,42490
1770033035379091,42540
1770033035425910,42530
1770033035468388,42610
1770033035511256,42580
1770033035554150,42590
1770033035597339,42560
1770033035640235,42620
1770033035682685,42600
1770033035725846,42600
1770033035769042,42610
1770033035812255,42580
1770033035854578,42720
1770033035897258,42660
1770033035940245,42650
1770033035985926,42540
1770033036029142,42610
1770033036072204,42620
1770033036115117,42660
1770033036157746,42610
1770033036200863,42550
1770033036243911,42720
1770033036286990,42780
1770033036330017,42620
1770033036373057,42580
1770033036416209,42580
1770033036459083,42580
1770033036505887,42600
1770033036548964,42590
1770033036592030,42630
1770033036634739,42520
1770033036677918,42570
1770033036721175,42640
1770033036764149,42640
1770033036806773,42540
1770033036849227,42610
1770033036892040,42560
1770033036934675,42620
1770033036977858,42630
1770033037020982,42660
1770033037065835,42630
1770033037108659,42570
1770033037151877,42590
1770033037194642,42610
1770033037237298,42610
1770033037279682,42540
1770033037322490,42710
1770033037365302,42590
1770033037407559,42550
1770033037450549,42550
1770033037493263,42590
1770033037536284,42560
1770033037579041,42650
1770033037625973,42620
1770033037669065,42580
1770033037712208,42590
1770033037755231,42640
1770033037797984,42540
1770033037840956,42580
1770033037884035,42620
1770033037927300,42590
1770033037970053,42600
1770033038013311,42590
1770033038056517,42570
1770033038099572,42600
1770033038145994,42600
1770033038188634,42590
1770033038230861,42440
1770033038273999,42620
1770033038317188,42700
1770033038360248,42650
1770033038403146,42560
1770033038446142,42590
1770033038489237,42630
1770033038531882,42600
1770033038574283,42610
1770033038616966,42690
1770033038659468,42560
1770033038705937,42590
1770033038749130,42520
1770033038792201,42630
1770033038835121,42650
1770033038877702,42600
1770033038920893,42560
1770033038964018,42610
1770033039006745,42630
1770033039049347,42610
1770033039092267,42600
1770033039135120,42590
1770033039177729,42500
1770033039220954,42590
1770033039265922,42580
1770033039309091,42600
1770033039351950,42690
1770033039395261,42550
1770033039438007,42620
1770033039481173,42660
1770033039524071,42500
1770033039566654,42620
1770033039609261,42580
1770033039652025,42580
1770033039694800,42590
1770033039737342,42640
1770033039779832,42580
1770033039826029,42560
1770033039869188,42550
1770033039912550,42600
1770033039955513,42540
1770033039998103,42640
1770033040041148,42600
1770033040083987,42640
1770033040127044,42570
1770033040169864,42690
1770033040212978,42650
1770033040256092,42550
1770033040299074,42570
1770033040341621,42550
1770033040385984,42690
1770033040429119,42600
1770033040472072,42550
1770033040515165,42500
1770033040557678,42600
1770033040600904,42580
1770033040644024,42610
1770033040686697,42570
1770033040729275,42560
1770033040772304,42610
1770033040814821,42600
1770033040857329,42510
1770033040900485,42640
1770033040946069,42650
1770033040989292,42600
1770033041032310,42600
1770033041075206,42570
1770033041118181,42600
1770033041161295,42670
1770033041204478,42590
1770033041247273,42560
1770033041289757,42600
1770033041332997,42560
1770033041375899,42560
1770033041418839,42780
1770033041461285,42590
1770033041506016,42560
1770033041549070,42640
1770033041591926,42660
1770033041634874,42600
1770033041677774,42620
1770033041720884,42560
1770033041763839,42650
1770033041806583,42560
1770033041849194,42570
1770033041892350,42600
1770033041935312,42650
1770033041978399,42640
1770033042021470,42620
1770033042066111,42570
1770033042109248,42580
1770033042152270,42620
1770033042195315,42630
1770033042238368,42570
1770033042281227,42590
1770033042324396,42620
1770033042367347,42580
1770033042410392,42620
1770033042453289,42670
1770033042496312,42600
1770033042539470,42580
1770033042585900,42570
1770033042628821,42570
1770033042671231,42560
1770033042714134,42480
1770033042757340,42620
1770033042800365,42520
1770033042843341,42570
1770033042886147,42650
1770033042929483,42600
1770033042972438,42560
1770033043014768,42550
1770033043057660,42610
1770033043100846,42540
1770033043145927,42650
1770033043188295,42660
1770033043230986,42550
1770033043273435,42600
1770033043317016,42560
1770033043359846,42530
1770033043402953,42610
1770033043445822,42570
1770033043488658,42560
1770033043531642,42580
1770033043574863,42650
1770033043617639,42600
1770033043659903,42650
1770033043706440,42550
1770033043749473,42610
1770033043792773,42620
1770033043835955,42650
1770033043878786,42640
1770033043921221,42590
1770033043964223,42570
1770033044007068,42630
1770033044049897,42610
1770033044092955,42550
1770033044135975,42560
1770033044178932,42680
1770033044221673,42560
1770033044266015,42630
1770033044309133,42560
1770033044352178,42590
1770033044395207,42630
1770033044438020,42600
1770033044481209,42720
1770033044524229,42590
1770033044567047,42590
1770033044609719,42620
1770033044652799,42640
1770033044695881,42620
1770033044738594,42590
1770033044781326,42620
1770033044826304,42670
1770033044869319,42660
1770033044912461,42620
1770033044955652,42690
1770033044998691,42580
1770033045041755,42580
1770033045084893,42610
1770033045127820,42580
1770033045171003,42580
1770033045213880,42630
1770033045257111,42550
1770033045300327,42660
1770033045346077,42650
1770033045389184,42600
1770033045432166,42610
1770033045475209,42630
1770033045518028,42770
1770033045560911,42580
1770033045603487,42640
1770033045646417,42600
1770033045689207,42610
1770033045731980,42650
1770033045774975,42640
1770033045817837,42660
1770033045861083,42610
1770033045906145,42670
1770033045949267,42600
1770033045992518,42670
1770033046035549,42620
1770033046078663,42600
1770033046121690,42590
1770033046164722,42590
1770033046207854,42610
1770033046250753,42540
1770033046293665,42700
1770033046336375,42620
1770033046378968,42630
1770033046421616,42670
1770033046466163,42570
1770033046508993,42700
1770033046551848,42570
1770033046594330,42570
1770033046636804,42620
1770033046679756,42620
1770033046722906,42580
1770033046765873,42520
1770033046809068,42630
1770033046851545,42540
1770033046894070,42510
1770033046936582,42560
1770033046979006,42590
1770033047021881,42600
1770033047066309,42550
1770033047108991,42560
1770033047151809,42560
1770033047194706,42600
1770033047237213,42520
1770033047280097,42540
1770033047323228,42620
1770033047366040,42600
1770033047409060,42550
1770033047451792,42580
1770033047494629,42580
1770033047537670,42600
1770033047580804,42750
1770033047626175,42600
1770033047669241,42580
1770033047712167,42590
1770033047755235,42580
1770033047797945,42590
1770033047840957,42570
1770033047883990,42530
1770033047926896,42590
1770033047970079,42580
1770033048013167,42580
1770033048056074,42550
1770033048099138,42510
1770033048141947,42620
1770033048186170,42610
1770033048229293,42570
1770033048272274,42570
1770033048315360,42590
1770033048358231,42580
1770033048401135,42550
1770033048444162,42600
1770033048486843,42600
1770033048529815,42620
1770033048573026,42690
1770033048616200,42600
