unix_timestamp,active_power (mW)
1770297377118325,43390
1770297377160849,29760
1770297377204024,44580
1770297377247155,43610
1770297377290168,43590
1770297377332633,43460
1770297377375720,43440
1770297377422622,43440
1770297377465727,43390
1770297377508950,43340
1770297377552177,43410
1770297377595313,43370
1770297377638241,43390
1770297377681380,43400
1770297377724559,43440
1770297377767579,43440
1770297377810726,43430
1770297377853405,43400
1770297377896481,43400
1770297377942536,43380
1770297377985663,43440
1770297378028578,43400
1770297378071750,43340
1770297378114789,43430
1770297378157669,43380
1770297378200668,43470
1770297378243835,43370
1770297378286771,43370
1770297378329920,43540
1770297378373114,43460
1770297378416239,43410
1770297378462401,43370
1770297378505506,43470
1770297378548391,43400
1770297378591256,43450
1770297378634380,43460
1770297378677305,43480
1770297378720226,43500
1770297378763372,43500
1770297378806452,43450
1770297378849435,43350
1770297378892642,43380
1770297378935791,43480
1770297378982244,43420
1770297379025307,43430
1770297379068249,43410
1770297379111265,43400
1770297379153835,43420
1770297379197030,43380
1770297379239916,43370
1770297379283015,43470
1770297379326036,43410
1770297379369139,43420
1770297379412329,43460
1770297379455254,43430
1770297379502085,43380
1770297379545129,43510
1770297379588304,43380
1770297379631312,43490
1770297379674405,43370
1770297379717439,43370
1770297379760534,43370
1770297379803615,43370
1770297379846624,43450
1770297379889356,43410
1770297379932554,43410
1770297379975689,43450
1770297380021998,43410
1770297380065136,43440
1770297380108265,43370
1770297380151176,43410
1770297380194004,43460
1770297380237197,43410
1770297380280345,43450
1770297380323431,43430
1770297380366524,43440
1770297380409592,43490
1770297380452702,43420
1770297380495739,43380
1770297380541759,43430
1770297380584809,43350
1770297380627761,43350
1770297380670827,43320
1770297380713741,43340
1770297380756928,43330
1770297380800107,43360
1770297380843009,43300
1770297380886060,43350
1770297380929237,43400
1770297380972215,43360
1770297381015245,43420
1770297381061426,43340
1770297381104526,43410
1770297381147716,43410
1770297381190841,43450
1770297381233819,43390
1770297381277380,43410
1770297381320481,43570
1770297381363339,43410
1770297381406393,43450
1770297381449421,43510
1770297381492609,43360
1770297381535764,43380
1770297381581275,43470
1770297381624386,43370
1770297381667350,43350
1770297381710422,43400
1770297381753404,43360
1770297381796380,43380
1770297381839383,43460
1770297381882498,43400
1770297381925391,43450
1770297381968311,43780
1770297382011378,43500
1770297382054349,43380
1770297382101178,43390
1770297382144176,43370
1770297382187465,43460
1770297382230282,43450
1770297382273468,43540
1770297382316593,43400
1770297382359602,43360
1770297382402629,43380
1770297382445918,43430
1770297382489041,43310
1770297382532120,43470
1770297382575171,43350
1770297382620925,43400
1770297382664024,43360
1770297382707158,43360
1770297382750276,43440
1770297382793233,43410
1770297382836280,43410
1770297382879241,43320
1770297382922066,43370
1770297382965214,43360
1770297383008352,43380
1770297383051523,43440
1770297383094465,43400
1770297383140665,43370
1770297383183652,43360
1770297383226696,43410
1770297383269767,43380
1770297383312980,43400
1770297383356149,43570
1770297383399346,43460
1770297383442275,43520
1770297383485393,43390
1770297383528352,43410
1770297383571168,43580
1770297383614356,43460
1770297383660574,43460
1770297383703621,43470
1770297383746672,43420
1770297383789620,43460
1770297383832780,43420
1770297383875978,43340
1770297383919155,43320
1770297383962335,43340
1770297384005244,43420
1770297384048344,43350
1770297384091263,43340
1770297384134287,43390
1770297384180067,43380
1770297384223146,43420
1770297384266016,43430
1770297384309027,43370
1770297384352168,43380
1770297384395289,43490
1770297384438053,43430
1770297384481030,43430
1770297384524177,43470
1770297384567264,43380
1770297384610176,43390
1770297384653349,43330
1770297384699971,43490
1770297384742965,43330
1770297384785842,43410
1770297384828929,43450
1770297384872018,43380
1770297384914919,43380
1770297384958036,43450
1770297385001312,43370
1770297385044412,43430
1770297385087094,43440
1770297385130174,43490
1770297385173324,43490
1770297385219788,43350
1770297385262960,43440
1770297385306121,43440
1770297385348669,43400
1770297385391683,43460
1770297385434864,43500
1770297385477870,43450
1770297385520680,43400
1770297385563825,43410
1770297385606852,43350
1770297385649685,43380
1770297385692684,43420
1770297385739438,43390
1770297385782524,43380
1770297385825435,43420
1770297385868540,43480
1770297385911740,43440
1770297385954935,43390
1770297385998121,43390
1770297386041179,43370
1770297386084304,43360
1770297386127328,43340
1770297386170303,43390
1770297386213489,43360
1770297386259389,43400
1770297386302459,43380
1770297386345300,43410
1770297386388445,43410
1770297386431424,43370
1770297386474470,43390
1770297386517449,43330
1770297386560430,43410
1770297386603428,43450
1770297386646503,43480
1770297386689397,43410
1770297386732387,43510
1770297386779229,43450
1770297386822243,43570
1770297386864706,43500
1770297386907344,43420
1770297386950142,43370
1770297386992759,43380
1770297387035606,43320
1770297387078461,43340
1770297387121348,43340
1770297387164524,43430
1770297387207415,43380
1770297387250115,43400
1770297387293016,43380
1770297387338707,43350
1770297387381963,43380
1770297387425099,43340
1770297387468054,43640
1770297387511028,43440
1770297387553948,43460
1770297387597144,43430
1770297387640355,43330
1770297387683433,43410
1770297387726337,43420
1770297387769361,43340
1770297387812398,43390
1770297387858665,43480
1770297387901685,43490
1770297387944681,43500
1770297387987687,43330
1770297388030640,43380
1770297388073828,43430
1770297388116774,43360
1770297388159804,43360
1770297388202358,43400
1770297388245149,43450
1770297388288104,43430
1770297388331559,43430
1770297388378498,43460
1770297388421634,43500
1770297388464805,43450
1770297388507955,43460
1770297388550895,43520
1770297388593556,43400
1770297388636534,43370
1770297388679491,43370
1770297388722578,43390
1770297388765666,43430
1770297388808837,43440
1770297388851884,43400
1770297388898367,43450
1770297388941392,43430
1770297388984378,43470
1770297389027502,43450
1770297389070555,43490
1770297389113533,43410
1770297389156635,43490
1770297389199902,43440
1770297389242837,43390
1770297389285759,43320
1770297389328689,43380
1770297389371750,43350
1770297389417929,43500
1770297389460962,43320
1770297389503944,43500
1770297389547137,43460
1770297389590094,43470
1770297389633141,43450
1770297389675987,43310
1770297389719124,43350
1770297389762062,43350
1770297389804971,43390
1770297389848052,43450
1770297389890900,43380
1770297389937845,43460
1770297389980867,43440
1770297390023904,43370
1770297390066537,43440
1770297390109507,43440
1770297390152618,43470
1770297390195806,43510
1770297390238829,43340
1770297390281981,43350
1770297390325083,43380
1770297390368097,43340
1770297390411141,43340
1770297390457809,43390
1770297390500873,43370
1770297390544061,43360
1770297390587192,43390
1770297390630255,43380
1770297390673269,43360
1770297390716248,43360
1770297390759221,43420
1770297390802177,43340
1770297390845395,43410
1770297390888316,43370
1770297390931426,43360
1770297390977602,43400
1770297391020732,43440
1770297391063980,43430
1770297391107042,43480
1770297391150083,43540
1770297391193102,43420
1770297391236120,43420
1770297391279152,43390
1770297391322146,43430
1770297391365155,43520
1770297391408098,43420
1770297391451323,43510
1770297391497531,43350
1770297391540649,43620
1770297391583720,43440
1770297391626882,43450
1770297391669994,43430
1770297391712928,43500
1770297391755923,43350
1770297391798929,43380
1770297391841912,43450
1770297391885109,43440
1770297391928378,43410
1770297391971502,43330
1770297392017267,43360
1770297392060385,43500
1770297392103527,43440
1770297392146518,43500
1770297392189321,43460
1770297392232334,43480
1770297392275271,43400
1770297392318219,43370
1770297392361376,43430
1770297392404278,43380
1770297392447476,43410
1770297392491002,43360
1770297392537126,43440
1770297392580263,44230
1770297392623846,44040
1770297392667423,43520
1770297392710580,43480
1770297392753751,43480
1770297392796995,43430
1770297392840075,43490
1770297392882908,43450
1770297392925929,43460
1770297392968604,43490
1770297393011761,43410
1770297393056928,43530
1770297393100121,43520
1770297393143315,43490
1770297393186477,43420
1770297393229352,43510
1770297393272217,43560
1770297393315293,43570
1770297393358174,43480
1770297393401270,43520
1770297393444344,43500
1770297393487431,43420
1770297393530324,43450
