unix_timestamp,active_power (mW)
1770295255452703,44110
1770295255496967,33820
1770295255539938,43790
1770295255583005,44300
1770295255626235,44300
1770295255669424,44200
1770295255712503,44180
1770295255755482,44220
1770295255798548,44140
1770295255841417,44220
1770295255884582,44180
1770295255927669,44150
1770295255970695,44150
1770295256016725,44440
1770295256059852,44330
1770295256103054,44200
1770295256145901,44190
1770295256188945,44100
1770295256232032,44170
1770295256274978,44170
1770295256318229,44180
1770295256361352,44180
1770295256404316,44130
1770295256447356,44120
1770295256490308,44190
1770295256536395,44170
1770295256579331,44080
1770295256622243,44210
1770295256665395,44140
1770295256708321,44110
1770295256751460,44130
1770295256794534,44590
1770295256837402,44180
1770295256880542,44230
1770295256923499,44150
1770295256966341,44200
1770295257009283,44200
1770295257056009,44680
1770295257099118,44220
1770295257141993,44180
1770295257185126,44130
1770295257227806,44090
1770295257270862,44140
1770295257313996,44130
1770295257356740,44090
1770295257399666,44290
1770295257442796,44160
1770295257485941,44140
1770295257529158,44120
1770295257575760,44110
1770295257618870,44050
1770295257661944,44130
1770295257705069,44170
1770295257748044,44200
1770295257791167,44160
1770295257834295,44190
1770295257876773,44120
1770295257919950,44080
1770295257962877,44110
1770295258005598,44230
1770295258048763,44190
1770295258095276,44280
1770295258138320,44120
1770295258181255,44160
1770295258224143,44130
1770295258267259,44220
1770295258310132,44130
1770295258353174,44140
1770295258396115,44180
1770295258439286,44170
1770295258482307,44140
1770295258525340,44160
1770295258568439,44130
1770295258615081,44190
1770295258658273,44190
1770295258701422,44160
1770295258744447,44110
1770295258787429,44210
1770295258830678,44260
1770295258873879,44200
1770295258916615,44250
1770295258959831,44180
1770295259002892,44200
1770295259045762,44100
1770295259088938,44130
1770295259134770,44180
1770295259177833,44150
1770295259220952,44150
1770295259263978,44050
1770295259306973,44200
1770295259349661,44140
1770295259392635,44130
1770295259435774,44290
1770295259478704,44080
1770295259521854,44340
1770295259564779,44200
1770295259607881,44210
1770295259654396,44200
1770295259696742,44150
1770295259739681,44120
1770295259782735,44210
1770295259825506,44160
1770295259868572,44060
1770295259911644,44070
1770295259954841,44200
1770295259998090,44050
1770295260041146,44130
1770295260084169,44100
1770295260127257,44120
1770295260174081,44160
1770295260217160,44080
1770295260260242,44190
1770295260303226,44090
1770295260346394,44170
1770295260389612,44180
1770295260432738,44140
1770295260475913,44140
1770295260519035,44180
1770295260561675,44160
1770295260604700,44040
1770295260647928,44150
1770295260693831,44170
1770295260736854,44090
1770295260780020,44120
1770295260823019,44110
1770295260866127,44140
1770295260908655,44270
1770295260951801,44190
1770295260994846,44220
1770295261037897,44200
1770295261080641,44280
1770295261123771,44250
1770295261166673,44170
1770295261213570,44210
1770295261256624,44220
1770295261299771,44220
1770295261342853,44280
1770295261385838,44180
1770295261428801,44330
1770295261471846,44230
1770295261515011,44250
1770295261557764,44200
1770295261600713,44210
1770295261643924,44260
1770295261686873,44220
1770295261733296,44170
1770295261776324,44170
1770295261819495,44130
1770295261862564,44130
1770295261905255,44200
1770295261948427,44130
1770295261991631,44130
1770295262034648,44100
1770295262077603,44180
1770295262120628,44150
1770295262163789,44090
1770295262206768,44360
1770295262253182,44150
1770295262296283,44110
1770295262339298,44180
1770295262382324,44130
1770295262425397,44180
1770295262468317,44140
1770295262511244,44100
1770295262554413,44180
1770295262597343,44180
1770295262640352,44120
1770295262683269,44150
1770295262726227,44170
1770295262772564,44110
1770295262815679,44170
1770295262858834,44180
1770295262901416,44250
1770295262944297,44300
1770295262987419,44250
1770295263030276,44270
1770295263073230,44280
1770295263116370,44170
1770295263159216,44230
1770295263202308,44230
1770295263245248,44300
1770295263292577,44250
1770295263335886,44170
1770295263378732,44260
1770295263421916,44310
1770295263464958,44230
1770295263508229,44310
1770295263551319,44260
1770295263594061,44240
1770295263637088,44200
1770295263680201,44180
1770295263723401,44200
1770295263766379,44220
1770295263812017,44200
1770295263855066,44130
1770295263898291,44060
1770295263941524,44140
1770295263984581,44160
1770295264027783,44240
1770295264070947,44150
1770295264113834,44130
1770295264156805,44080
1770295264199944,44160
1770295264242875,44310
1770295264285940,44200
1770295264331776,44170
1770295264374835,44080
1770295264418022,44210
1770295264461213,44200
1770295264504448,44130
1770295264547420,44140
1770295264590500,44230
1770295264633530,44150
1770295264676525,44260
1770295264719353,44240
1770295264762338,44180
1770295264805324,44210
1770295264851669,44190
1770295264894667,44270
1770295264937843,44210
1770295264980688,44250
1770295265023809,44330
1770295265066824,44340
1770295265109928,44190
1770295265153141,44780
1770295265196238,44290
1770295265239288,44200
1770295265282326,44240
1770295265325357,44240
1770295265371266,44310
1770295265414405,44220
1770295265457571,44130
1770295265500731,44120
1770295265543860,44170
1770295265587059,44140
1770295265630152,44150
1770295265673108,44170
1770295265716234,44180
1770295265759238,44090
1770295265802232,44160
1770295265845292,44150
1770295265890973,44160
1770295265934058,44150
1770295265977233,44210
1770295266020332,44180
1770295266063268,44090
1770295266105877,44170
1770295266149028,44180
1770295266192186,44210
1770295266235394,44430
1770295266278360,44300
1770295266320749,44770
1770295266363930,44170
1770295266410822,44180
1770295266453877,44210
1770295266496829,44250
1770295266539823,44210
1770295266582887,44250
1770295266625907,44170
1770295266668909,44240
1770295266712026,44270
1770295266755249,44240
1770295266798473,44280
1770295266841502,44190
1770295266884449,44210
1770295266930568,44170
1770295266973599,44210
1770295267016500,44170
1770295267059697,44200
1770295267102841,44230
1770295267145904,44200
1770295267189045,44210
1770295267232108,44220
1770295267275001,44200
1770295267318108,44240
1770295267361129,44190
1770295267404227,44220
1770295267450355,44130
1770295267493517,44300
1770295267536731,44360
1770295267579808,44210
1770295267622765,44220
1770295267665913,44220
1770295267709097,44200
1770295267752285,44210
1770295267795171,44200
1770295267838365,44320
1770295267880845,44250
1770295267923956,44210
1770295267970165,44230
1770295268013308,44190
1770295268056398,44220
1770295268099308,44210
1770295268142263,44270
1770295268184661,44250
1770295268227846,44280
1770295268270894,44230
1770295268313960,44180
1770295268357143,44370
1770295268400285,44260
1770295268443228,44180
1770295268490042,44300
1770295268533144,44170
1770295268576281,44270
1770295268619273,44230
1770295268662330,44300
1770295268705246,44250
1770295268748402,44280
1770295268791312,44240
1770295268834386,44220
1770295268877281,44210
1770295268920300,44200
1770295268963313,44140
1770295269009726,44240
1770295269052842,44250
1770295269095869,44230
1770295269138835,44310
1770295269181949,44240
1770295269224980,44290
1770295269268076,44200
1770295269311067,44250
1770295269354195,44230
1770295269397316,44170
1770295269440142,44290
1770295269483103,44240
1770295269529619,44220
1770295269572707,44220
1770295269615824,44310
1770295269658778,44290
1770295269701968,44210
1770295269745136,44140
1770295269788179,44190
1770295269831074,44230
1770295269873696,44150
1770295269916063,44230
1770295269959307,44220
1770295270001887,44240
1770295270045017,44170
1770295270089418,44190
1770295270132403,44220
1770295270175348,44200
1770295270218347,44180
1770295270260944,44230
1770295270304025,44190
1770295270347191,44170
1770295270390273,44440
1770295270433347,44210
1770295270476351,44260
1770295270519419,44200
1770295270562564,44190
1770295270609166,44170
1770295270652289,44200
1770295270695128,44210
1770295270738219,44260
1770295270781159,44240
1770295270824328,44170
1770295270867404,44230
1770295270910047,44270
1770295270953122,44190
1770295270995952,44160
1770295271038940,44090
1770295271081948,44160
1770295271128982,44230
1770295271172119,44180
1770295271215221,44170
1770295271258177,44320
1770295271301308,44280
1770295271344407,44210
1770295271387360,44190
1770295271430498,44380
1770295271472752,44280
1770295271515794,44200
1770295271558797,44240
1770295271601910,44160
1770295271648746,44200
1770295271691844,44140
1770295271734823,44150
1770295271777964,44250
1770295271821026,44180
1770295271863969,44180
1770295271906799,44240
1770295271949648,44220
1770295271992752,44190
1770295272035758,44110
1770295272078811,44210
1770295272121863,44130
1770295272168627,44100
1770295272211677,44090
1770295272254916,44240
1770295272298151,44240
1770295272341313,44210
1770295272384376,44110
1770295272427201,44430
1770295272469945,44170
1770295272513027,44210
1770295272556240,44200
1770295272599141,44120
1770295272642247,44130
1770295272688444,44100
1770295272731427,44120
1770295272774387,44130
1770295272817369,44120
1770295272860346,44230
1770295272903331,44200
1770295272946117,44260
1770295272989284,44200
1770295273032187,44180
1770295273075366,44200
1770295273118557,44190
1770295273161478,44140
1770295273208235,44100
1770295273251337,44120
1770295273294236,44140
1770295273337204,44120
1770295273380379,44280
1770295273423339,44110
1770295273466340,44140
1770295273509289,44200
1770295273552304,44140
1770295273595228,44160
1770295273638430,44210
1770295273681444,44140
1770295273728171,44230
1770295273771237,44180
1770295273814160,44130
1770295273856684,44100
1770295273899822,44100
1770295273942681,44190
1770295273985912,44170
1770295274029085,44050
1770295274072536,44090
1770295274115408,44090
1770295274158289,44070
1770295274201278,44160
1770295274248090,44180
1770295274291179,44260
1770295274334196,44130
1770295274377268,44150
1770295274420291,44310
