unix_timestamp,active_power (mW)
1770295520909397,44190
1770295520951985,34280
1770295520995175,36630
1770295521038315,44680
1770295521081066,44190
1770295521127774,44190
1770295521170756,44240
1770295521213845,44280
1770295521256855,44380
1770295521299924,44250
1770295521343013,44230
1770295521386009,44330
1770295521428570,44140
1770295521471675,44110
1770295521514694,44220
1770295521557672,44310
1770295521600647,44320
1770295521647389,44150
1770295521690525,44050
1770295521733552,44120
1770295521776592,44160
1770295521819622,44210
1770295521862556,44370
1770295521905493,44240
1770295521948486,44260
1770295521991607,44080
1770295522034626,44060
1770295522077737,44140
1770295522120544,44360
1770295522167065,44290
1770295522210126,44170
1770295522253150,44100
1770295522296213,44280
1770295522339435,44190
1770295522382553,44210
1770295522425570,44190
1770295522468643,44300
1770295522511783,44250
1770295522554935,44170
1770295522597914,44180
1770295522640908,44080
1770295522686790,44330
1770295522729858,44300
1770295522772687,44270
1770295522815671,44210
1770295522858748,44110
1770295522901486,44090
1770295522944403,44230
1770295522987538,44330
1770295523030576,44280
1770295523073632,44250
1770295523116558,44110
1770295523159733,44090
1770295523206553,44100
1770295523249542,44920
1770295523292462,44770
1770295523335667,44260
1770295523378480,44250
1770295523420977,44270
1770295523464120,44230
1770295523507089,44140
1770295523550146,44320
1770295523592683,44330
1770295523635842,44330
1770295523679070,44340
1770295523722215,44210
1770295523766196,44220
1770295523809313,44260
1770295523852474,44350
1770295523895468,44300
1770295523938539,44180
1770295523981357,44170
1770295524024504,44160
1770295524067322,44120
1770295524110209,44270
1770295524153122,44280
1770295524196192,44280
1770295524239400,44300
1770295524285955,44110
1770295524329097,44330
1770295524372290,44240
1770295524415609,44300
1770295524458609,44330
1770295524501712,44310
1770295524544698,44280
1770295524587769,44160
1770295524630619,44150
1770295524673536,44110
1770295524716546,44310
1770295524759515,44350
1770295524805585,44200
1770295524848825,44080
1770295524891891,44170
1770295524934823,44130
1770295524977478,44230
1770295525020566,44330
1770295525063507,44340
1770295525106817,44210
1770295525150040,44130
1770295525193066,44120
1770295525236043,44190
1770295525278943,44210
1770295525325457,44240
1770295525368489,44230
1770295525411522,44360
1770295525454475,44130
1770295525497512,44140
1770295525540451,44110
1770295525583519,44110
1770295525626714,44200
1770295525669892,44280
1770295525712967,44290
1770295525755957,44230
1770295525799138,44090
1770295525845138,44130
1770295525888171,44180
1770295525931390,44270
1770295525974383,44180
1770295526017476,44210
1770295526060563,44120
1770295526103641,44090
1770295526146551,44120
1770295526189524,44210
1770295526232481,44140
1770295526275508,44260
1770295526318483,44260
1770295526364998,44510
1770295526408011,44280
1770295526450943,44210
1770295526493586,44220
1770295526536866,44140
1770295526579975,44170
1770295526622986,44250
1770295526666033,44230
1770295526709039,44320
1770295526752182,44280
1770295526795063,44280
1770295526838114,44300
1770295526884861,44200
1770295526927971,44120
1770295526971138,44190
1770295527014180,44320
1770295527056627,44240
1770295527099498,44210
1770295527142334,44160
1770295527185508,44080
1770295527228587,44060
1770295527271459,44130
1770295527314332,44180
1770295527357248,44290
1770295527404335,44210
1770295527447536,44160
1770295527490634,44070
1770295527533484,44260
1770295527576545,44130
1770295527619443,44090
1770295527662611,44080
1770295527705511,44160
1770295527748534,44190
1770295527791682,44180
1770295527834750,44300
1770295527877662,44770
1770295527924323,44280
1770295527967377,44390
1770295528010485,44290
1770295528053376,44250
1770295528096667,44220
1770295528139532,44290
1770295528182559,44240
1770295528225485,44210
1770295528268336,44290
1770295528311334,44240
1770295528354423,44320
1770295528397596,44320
1770295528444164,44360
1770295528487287,44220
1770295528530445,44210
1770295528573188,44210
1770295528616206,44240
1770295528659274,44210
1770295528702178,44210
1770295528745271,44250
1770295528788242,44290
1770295528831345,44340
1770295528874498,44330
1770295528917479,44240
1770295528963840,44180
1770295529006899,44160
1770295529049807,44170
1770295529092654,44160
1770295529135551,44220
1770295529178461,44300
1770295529221517,44300
1770295529264491,44300
1770295529307538,44370
1770295529350508,44310
1770295529393614,44480
1770295529436656,44370
1770295529479668,44320
1770295529523872,44320
1770295529567011,44200
1770295529610154,44240
1770295529653205,44200
1770295529696147,44230
1770295529739697,44270
1770295529782566,44250
1770295529825362,44350
1770295529868434,44290
1770295529911608,44330
1770295529954566,44300
1770295529997433,44310
1770295530043649,44150
1770295530086627,44090
1770295530129211,44090
1770295530172291,44110
1770295530215292,44160
1770295530258385,44300
1770295530301482,44280
1770295530344533,44160
1770295530387560,44140
1770295530430336,44050
1770295530473347,44100
1770295530516356,44200
1770295530559447,44010
1770295530603282,44120
1770295530646355,44130
1770295530689396,44240
1770295530732431,44210
1770295530775407,44200
1770295530818327,44180
1770295530861278,44290
1770295530904370,44300
1770295530947473,44220
1770295530990449,44310
1770295531033788,44240
1770295531076824,44310
1770295531123412,44170
1770295531166517,44220
1770295531209526,44200
1770295531252411,44200
1770295531295552,44250
1770295531338402,44210
1770295531381454,44130
1770295531424446,44270
1770295531467438,44370
1770295531510447,44260
1770295531553582,44480
1770295531596584,44220
1770295531643065,44010
1770295531686179,44200
1770295531729154,44090
1770295531772303,44080
1770295531815377,44160
1770295531858284,44180
1770295531901258,44160
1770295531944428,44170
1770295531987591,44240
1770295532030614,44300
1770295532073562,44320
1770295532116614,44250
1770295532162987,44240
1770295532206075,44250
1770295532249028,44230
1770295532292231,44200
1770295532335345,44210
1770295532378372,44180
1770295532421425,44090
1770295532464642,44170
1770295532507637,44120
1770295532550606,44280
1770295532593256,44180
1770295532636363,44260
1770295532683013,44200
1770295532725667,44260
1770295532768602,44320
1770295532811709,44320
1770295532854664,44280
1770295532897837,44270
1770295532941027,44270
1770295532984180,44320
1770295533027175,44220
1770295533070287,44250
1770295533113609,44190
1770295533156690,44180
1770295533202709,44170
1770295533245675,44160
1770295533288633,44130
1770295533331623,44280
1770295533374808,44240
1770295533417756,44350
1770295533460611,44200
1770295533503694,44310
1770295533546616,44250
1770295533589696,44240
1770295533632840,44290
1770295533675902,44310
1770295533722690,44120
1770295533765772,44150
1770295533808648,44220
1770295533851761,44150
1770295533894659,44120
1770295533937292,44170
1770295533980219,44280
1770295534023319,44220
1770295534066294,44240
1770295534109828,44230
1770295534152929,44130
1770295534195824,44130
1770295534242307,44070
1770295534285377,44050
1770295534328388,44090
1770295534371397,44090
1770295534414777,44050
1770295534457713,44220
1770295534500818,44150
1770295534543944,44250
1770295534587005,44420
1770295534630088,44260
1770295534673075,44270
1770295534716138,44280
1770295534762374,44250
1770295534805482,44290
1770295534848521,44310
1770295534891637,44290
1770295534934475,44220
1770295534977597,44220
1770295535020797,44320
1770295535063996,44200
1770295535107202,44220
1770295535150578,44140
1770295535193634,44200
1770295535236831,44110
1770295535282257,44230
1770295535325362,44180
1770295535368364,44240
1770295535411570,44290
1770295535454631,44260
1770295535497627,44210
1770295535540716,44400
1770295535583605,44310
1770295535626664,44320
1770295535669188,44280
1770295535712265,44250
1770295535755263,44260
1770295535802150,44310
1770295535845310,44210
1770295535888262,44160
1770295535931341,44110
1770295535974615,44180
1770295536017683,44200
1770295536060781,44220
1770295536103794,44150
1770295536146764,44190
1770295536189385,44170
1770295536232302,44250
1770295536275517,44280
1770295536322068,44310
1770295536365142,44310
1770295536408190,44260
1770295536451226,44270
1770295536494154,44300
1770295536537018,44280
1770295536580118,44220
1770295536623149,45030
1770295536666333,44070
1770295536709459,44220
1770295536752562,44190
1770295536795477,44130
1770295536842005,44230
1770295536884619,44220
1770295536927591,44130
1770295536970451,44150
1770295537013356,44190
1770295537056264,44260
1770295537099379,44230
1770295537142137,44220
1770295537185038,44270
1770295537227994,44200
1770295537271096,44350
1770295537314241,44390
1770295537357540,44310
1770295537401923,44310
1770295537445011,44240
1770295537487937,44270
1770295537531276,44230
1770295537574363,44210
1770295537617663,44110
1770295537660714,44220
1770295537703662,44150
1770295537746797,44150
1770295537789861,44140
1770295537832863,44250
1770295537876048,44270
1770295537921881,44230
1770295537964590,44270
1770295538007476,44290
1770295538050611,44310
1770295538093606,44290
1770295538136605,44240
1770295538179532,44200
1770295538222475,44210
1770295538265693,44220
1770295538308769,44160
1770295538351673,44190
1770295538394718,44170
1770295538441669,44140
1770295538484819,44200
1770295538527705,44150
1770295538570860,44190
1770295538613823,44280
1770295538656895,44400
1770295538700139,44390
1770295538743071,44280
1770295538786215,44270
1770295538829405,44280
1770295538872628,44270
1770295538915670,44240
1770295538961622,44240
1770295539004828,44220
1770295539047867,44140
1770295539091052,44180
1770295539134012,44180
1770295539177251,44220
1770295539220383,44150
1770295539263589,44180
1770295539306384,44120
1770295539348567,44360
1770295539391577,44290
1770295539434509,44290
1770295539481482,44160
1770295539524569,44360
1770295539567711,44260
1770295539610669,44230
1770295539653904,44190
1770295539696947,44220
1770295539740003,44170
1770295539783029,44120
