unix_timestamp,active_power (mW)
1770298232786758,44260
1770298232829151,35430
1770298232872237,44540
1770298232915261,43570
1770298232958252,43530
1770298233000630,43420
1770298233043572,43550
1770298233086446,43470
1770298233129521,43450
1770298233172549,43420
1770298233217567,43470
1770298233260621,43470
1770298233303853,43570
1770298233346980,43400
1770298233389925,43450
1770298233433108,43680
1770298233476254,43500
1770298233519108,43490
1770298233562087,43430
1770298233605193,43410
1770298233648143,43410
1770298233691179,43330
1770298233737533,43460
1770298233780594,43490
1770298233823795,43450
1770298233867032,43430
1770298233909635,43400
1770298233952647,43340
1770298233995714,43370
1770298234038921,43290
1770298234082090,43580
1770298234125167,43510
1770298234168253,43460
1770298234211423,43450
1770298234257578,43380
1770298234300662,43380
1770298234343853,43280
1770298234387114,43390
1770298234430075,43610
1770298234473045,43540
1770298234516059,43460
1770298234559175,43410
1770298234602120,43460
1770298234645219,43360
1770298234688260,43400
1770298234731216,43510
1770298234777437,43420
1770298234820699,43190
1770298234863828,43280
1770298234906839,43450
1770298234949895,43360
1770298234992728,43260
1770298235035891,43550
1770298235078941,43550
1770298235121899,43350
1770298235164914,43370
1770298235207950,43490
1770298235250957,43400
1770298235297392,43420
1770298235340439,43580
1770298235383495,43440
1770298235426496,43350
1770298235469487,43400
1770298235512673,43240
1770298235555828,43490
1770298235598889,43320
1770298235641818,43550
1770298235684829,43420
1770298235727959,43410
1770298235771013,43260
1770298235817406,43170
1770298235860442,43450
1770298235903473,43400
1770298235946425,43300
1770298235989398,43280
1770298236032576,43440
1770298236075737,43510
1770298236118975,43510
1770298236162044,43410
1770298236205062,43550
1770298236248008,43530
1770298236290992,43420
1770298236337138,43280
1770298236379967,43370
1770298236422848,43530
1770298236465265,43470
1770298236508074,43410
1770298236551104,43320
1770298236594186,43290
1770298236637081,43260
1770298236680089,43310
1770298236723147,43300
1770298236766086,43460
1770298236808971,43520
1770298236852142,43500
1770298236897159,43490
1770298236940267,43300
1770298236983128,43290
1770298237026081,43410
1770298237069146,43350
1770298237112136,43460
1770298237155220,43460
1770298237198132,43490
1770298237241253,43400
1770298237284240,43390
1770298237327432,43450
1770298237370665,43400
1770298237417201,43510
1770298237460214,43520
1770298237503171,43440
1770298237546398,43480
1770298237589585,43490
1770298237632701,43460
1770298237675641,43480
1770298237718864,43490
1770298237762183,43520
1770298237805188,43440
1770298237848056,43440
1770298237891286,43470
1770298237937032,43420
1770298237980132,43460
1770298238023151,43510
1770298238066158,43600
1770298238109125,43470
1770298238152009,43540
1770298238194870,43470
1770298238237805,43520
1770298238280924,43530
1770298238323730,43450
1770298238366957,43470
1770298238409895,43490
1770298238452960,43480
1770298238497123,43420
1770298238540194,43480
1770298238583349,43500
1770298238626226,43440
1770298238669189,43530
1770298238712320,43430
1770298238755178,43450
1770298238798131,43480
1770298238841280,43510
1770298238884411,43370
1770298238927529,43430
1770298238970609,43440
1770298239017014,43420
1770298239060105,43460
1770298239103047,43450
1770298239146024,43400
1770298239189058,43410
1770298239232056,43440
1770298239275192,43430
1770298239317607,43370
1770298239360819,43410
1770298239403885,43440
1770298239446943,43690
1770298239490150,43340
1770298239537022,43480
1770298239580174,43420
1770298239623098,43450
1770298239666246,43470
1770298239709275,43390
1770298239752321,43420
1770298239795315,43410
1770298239838361,43470
1770298239881279,43420
1770298239924433,43400
1770298239967635,43380
1770298240010766,43460
1770298240057069,43430
1770298240100175,43470
1770298240143423,43470
1770298240186628,43500
1770298240229842,43460
1770298240273091,43470
1770298240316348,43410
1770298240359519,43440
1770298240402686,43440
1770298240445899,43360
1770298240489019,43410
1770298240532078,43470
1770298240577049,43430
1770298240620226,43350
1770298240663278,43390
1770298240706196,43470
1770298240749140,43420
1770298240792197,43390
1770298240835156,43390
1770298240878206,43480
1770298240920704,43460
1770298240963823,43400
1770298241006960,43430
1770298241050073,43440
1770298241092618,43510
1770298241137008,43470
1770298241180190,43480
1770298241223410,43530
1770298241266566,43460
1770298241309641,43440
1770298241352733,43510
1770298241395755,43420
1770298241439023,43590
1770298241482246,43580
1770298241525170,43470
1770298241568212,43500
1770298241611170,43420
1770298241656980,43430
1770298241700173,43430
1770298241743203,43450
1770298241786108,43430
1770298241828970,43480
1770298241871944,43470
1770298241915152,43390
1770298241958293,43430
1770298242000606,43470
1770298242043670,43370
1770298242086815,43400
1770298242130174,43440
1770298242176931,43440
1770298242220060,43440
1770298242263071,43420
1770298242306140,43440
1770298242348656,43460
1770298242391778,43460
1770298242435030,43430
1770298242478286,43430
1770298242521285,43420
1770298242564379,43420
1770298242607492,43450
1770298242650453,43360
1770298242696993,43430
1770298242740096,43340
1770298242783210,43440
1770298242826187,43370
1770298242869170,43360
1770298242912162,43450
1770298242955068,43400
1770298242998169,43450
1770298243041256,43410
1770298243084324,43400
1770298243127218,43410
1770298243170089,43450
1770298243216944,43430
1770298243259990,43450
1770298243302880,43490
1770298243345889,43400
1770298243388976,43360
1770298243431909,43400
1770298243475052,43500
1770298243517943,43490
1770298243561021,43600
1770298243604149,43470
1770298243647223,43360
1770298243690322,43430
1770298243736930,43350
1770298243780046,43390
1770298243823002,43470
1770298243866051,43400
1770298243908677,43440
1770298243951783,43390
1770298243994734,43430
1770298244037867,43450
1770298244080892,43420
1770298244123927,43470
1770298244166953,43440
1770298244209626,43400
1770298244252545,43400
1770298244297019,43410
1770298244340060,43340
1770298244383255,43410
1770298244426385,43430
1770298244469411,43450
1770298244512559,43420
1770298244555712,43430
1770298244598809,43450
1770298244641847,43480
1770298244684972,43470
1770298244727938,43450
1770298244771024,43510
1770298244816975,43470
1770298244860075,43450
1770298244903147,43350
1770298244945744,43420
1770298244988931,43440
1770298245031865,43390
1770298245074700,43420
1770298245117718,43460
1770298245160793,43360
1770298245203975,43380
1770298245247115,43360
1770298245290151,43450
1770298245332579,43470
1770298245376919,43430
1770298245420094,43450
1770298245463149,43470
1770298245506129,43380
1770298245549082,43450
1770298245591949,44040
1770298245635076,43450
1770298245678194,43390
1770298245721093,43460
1770298245764022,43370
1770298245806874,43510
1770298245849845,43390
1770298245892907,43460
1770298245937070,43390
1770298245980030,43340
1770298246022933,43430
1770298246065821,43440
1770298246108925,43420
1770298246151928,43410
1770298246194371,43400
1770298246237362,43440
1770298246280211,43430
1770298246323427,43440
1770298246366564,43390
1770298246409561,43410
1770298246452656,43360
1770298246497012,43410
1770298246540090,43390
1770298246583155,43370
1770298246626156,43410
1770298246669160,43530
1770298246712258,43450
1770298246755237,43400
1770298246798274,43310
1770298246841227,43440
1770298246884063,43400
1770298246927235,43430
1770298246969928,43350
1770298247017057,43380
1770298247060110,43410
1770298247103302,43450
1770298247146277,43460
1770298247189337,43420
1770298247232155,43450
1770298247275142,43400
1770298247318204,43410
1770298247361181,43370
1770298247404428,43460
1770298247447583,43580
1770298247490464,43360
1770298247537049,43530
1770298247580207,43350
1770298247623321,43460
1770298247665984,43440
1770298247709042,43500
1770298247752102,43440
1770298247795084,43370
1770298247838143,43390
1770298247881189,43410
1770298247924155,43390
1770298247967294,43440
1770298248010318,43380
1770298248057051,43470
1770298248100071,43460
1770298248143051,43430
1770298248186229,43350
1770298248229364,43420
1770298248272327,43380
1770298248315369,43380
1770298248358277,43390
1770298248401229,43510
1770298248444126,43420
1770298248487196,43420
1770298248530321,43380
1770298248577033,43440
1770298248620302,43430
