unix_timestamp,active_power (mW)
1770295331374571,44210
1770295331418913,33560
1770295331461662,43650
1770295331504580,44410
1770295331547702,44140
1770295331590823,44280
1770295331633789,44190
1770295331676839,44160
1770295331720020,44310
1770295331763014,44240
1770295331806119,44140
1770295331849233,44420
1770295331892146,44270
1770295331938557,44120
1770295331981622,44210
1770295332024836,44230
1770295332068058,44350
1770295332111133,44220
1770295332153734,44110
1770295332196414,44120
1770295332239373,44220
1770295332282363,44260
1770295332325352,44240
1770295332368491,44130
1770295332411626,44030
1770295332458143,44240
1770295332501220,44230
1770295332544418,44050
1770295332587491,44060
1770295332630413,44160
1770295332673449,44270
1770295332716377,44370
1770295332759354,44200
1770295332802356,44150
1770295332845324,44120
1770295332888441,44170
1770295332931656,44200
1770295332977721,44230
1770295333020834,44060
1770295333063809,44060
1770295333106929,44120
1770295333150025,44300
1770295333193152,44240
1770295333236092,44240
1770295333279218,44130
1770295333322333,44060
1770295333365306,44050
1770295333408193,44190
1770295333451075,44350
1770295333497464,44260
1770295333540379,44220
1770295333583328,44070
1770295333626408,44090
1770295333669327,44240
1770295333712489,44270
1770295333755787,44300
1770295333798810,44140
1770295333841819,44100
1770295333884999,44300
1770295333928128,44100
1770295333971004,44200
1770295334017166,44240
1770295334060175,44140
1770295334103090,44090
1770295334146200,44070
1770295334189251,44220
1770295334232238,44230
1770295334275478,44270
1770295334318568,44250
1770295334361165,44150
1770295334404234,44110
1770295334447215,44100
1770295334490309,44180
1770295334536878,44220
1770295334579953,44250
1770295334623061,44210
1770295334666032,44060
1770295334709168,44160
1770295334752300,44170
1770295334795416,44200
1770295334838354,44300
1770295334881516,44270
1770295334924735,44120
1770295334967866,44100
1770295335010908,44080
1770295335056646,44140
1770295335099721,44150
1770295335142832,44250
1770295335185718,44250
1770295335228864,44320
1770295335271813,44210
1770295335314921,44240
1770295335357860,44190
1770295335401016,44240
1770295335443956,44230
1770295335487094,44150
1770295335530216,44330
1770295335576488,44270
1770295335619588,44270
1770295335662737,44310
1770295335705947,44240
1770295335749125,44200
1770295335792309,44160
1770295335835376,44170
1770295335878308,44150
1770295335921367,44420
1770295335964309,44230
1770295336007176,44200
1770295336049917,44090
1770295336096122,44210
1770295336139123,44230
1770295336182096,44190
1770295336225173,44220
1770295336268317,44120
1770295336311201,44080
1770295336354133,44040
1770295336397223,44130
1770295336440604,44150
1770295336483736,44190
1770295336526754,44230
1770295336569732,44230
1770295336616040,44260
1770295336659030,44280
1770295336702295,44270
1770295336745474,44200
1770295336788461,44290
1770295336831476,44150
1770295336874410,44210
1770295336916839,44140
1770295336959937,44180
1770295337002853,44290
1770295337045629,44200
1770295337088538,44220
1770295337131774,44210
1770295337175748,44210
1770295337218699,44070
1770295337261723,44200
1770295337304857,44160
1770295337348055,44310
1770295337391224,44360
1770295337434319,44300
1770295337477285,44220
1770295337520321,44180
1770295337563193,44090
1770295337606309,44080
1770295337649425,44150
1770295337695442,44330
1770295337738459,44190
1770295337781506,44210
1770295337824440,44210
1770295337867358,44190
1770295337910223,44150
1770295337953229,44180
1770295337996271,44200
1770295338039339,44120
1770295338082318,44180
1770295338125313,44120
1770295338168351,44160
1770295338211358,44220
1770295338255329,44220
1770295338298463,44160
1770295338341337,44230
1770295338384397,44210
1770295338427400,44410
1770295338470474,44250
1770295338513493,44230
1770295338556523,44240
1770295338599685,44140
1770295338642722,44170
1770295338685832,44200
1770295338728983,44210
1770295338775057,44310
1770295338818240,44280
1770295338861434,44270
1770295338904571,44210
1770295338947709,44240
1770295338990694,44230
1770295339033774,44220
1770295339076734,44210
1770295339119893,44290
1770295339162910,44190
1770295339206036,44210
1770295339248563,44270
1770295339294968,44320
1770295339338106,44300
1770295339380625,44210
1770295339423553,44340
1770295339466640,44020
1770295339509439,44320
1770295339552366,44200
1770295339595296,44160
1770295339638308,44150
1770295339681311,44180
1770295339724368,44250
1770295339767314,44180
1770295339810363,44230
1770295339854731,44180
1770295339897908,44250
1770295339940930,44170
1770295339984029,44180
1770295340027218,44310
1770295340070352,44190
1770295340113501,44240
1770295340156412,44120
1770295340199537,44180
1770295340242455,44180
1770295340285670,44260
1770295340328841,44260
1770295340374670,44300
1770295340417739,44220
1770295340460914,44230
1770295340503924,44200
1770295340546945,44190
1770295340589966,44130
1770295340633025,44130
1770295340676103,44160
1770295340719159,44180
1770295340762398,44240
1770295340805512,44190
1770295340848429,44220
1770295340894595,44220
1770295340937696,44330
1770295340980580,44260
1770295341023778,44280
1770295341066894,44170
1770295341110130,44130
1770295341153357,44230
1770295341196459,44160
1770295341239464,44160
1770295341282513,44240
1770295341325452,44320
1770295341368440,44280
1770295341414344,44410
1770295341457416,44190
1770295341500404,44300
1770295341543601,44180
1770295341586558,44280
1770295341629568,44250
1770295341672456,44200
1770295341715245,44080
1770295341758460,44160
1770295341801342,44120
1770295341844306,44180
1770295341887321,44160
1770295341934147,44210
1770295341977214,44270
1770295342020188,44330
1770295342063221,44440
1770295342106140,44280
1770295342149101,44250
1770295342192279,44310
1770295342235512,44250
1770295342278432,44180
1770295342321381,44170
1770295342364478,44150
1770295342407647,44220
1770295342454099,44180
1770295342497271,44110
1770295342540442,44200
1770295342583577,44240
1770295342626510,44250
1770295342669596,44230
1770295342712629,44310
1770295342755756,44240
1770295342798889,44220
1770295342841885,44160
1770295342885012,44190
1770295342928089,44170
1770295342974033,44180
1770295343017081,44260
1770295343060329,44130
1770295343103291,44170
1770295343146397,44230
1770295343189380,44230
1770295343232370,44280
1770295343275340,44230
1770295343318456,44360
1770295343361461,44320
1770295343404601,44400
1770295343447695,44340
1770295343493824,44300
1770295343536502,44160
1770295343579363,44170
1770295343622308,44170
1770295343664764,44140
1770295343708033,44060
1770295343751145,44160
1770295343794269,44220
1770295343837369,44260
1770295343880416,44260
1770295343923317,44240
1770295343966416,44240
1770295344009299,44230
1770295344053733,44330
1770295344096843,44420
1770295344140004,44210
1770295344182980,44180
1770295344226070,44270
1770295344269003,44190
1770295344312098,44210
1770295344354981,44210
1770295344398160,44180
1770295344441223,44100
1770295344484352,44170
1770295344527185,44260
1770295344573685,44200
1770295344616836,44120
1770295344659934,44220
1770295344702822,44290
1770295344745804,44170
1770295344788940,44160
1770295344832095,44290
1770295344875280,44210
1770295344918230,44280
1770295344961298,44240
1770295345004301,44310
1770295345047399,44250
1770295345093552,44210
1770295345136468,44330
1770295345179451,44340
1770295345222316,44260
1770295345265441,44220
1770295345308431,44200
1770295345351400,44270
1770295345394222,44320
1770295345437140,44220
1770295345480318,44250
1770295345523416,44250
1770295345566483,44200
1770295345613518,44320
1770295345656601,44190
1770295345699549,44180
1770295345742743,44180
1770295345785910,44260
1770295345829086,44160
1770295345872224,44170
1770295345915318,44140
1770295345958378,44220
1770295346000933,44170
1770295346044061,44270
1770295346087126,44190
1770295346133510,44470
1770295346176648,44250
1770295346219440,44250
1770295346262378,44220
1770295346305361,44240
1770295346348456,44320
1770295346391316,44320
1770295346434423,44270
1770295346477369,44200
1770295346520328,44230
1770295346563248,44230
1770295346606165,44250
1770295346649172,44350
1770295346693485,44190
1770295346736472,44190
1770295346779375,44210
1770295346822553,44210
1770295346865152,44200
1770295346908213,44240
1770295346951220,44220
1770295346994040,44230
1770295347036979,44170
1770295347080108,44130
1770295347123138,44210
1770295347166221,44120
1770295347209353,44230
1770295347253442,44100
1770295347296504,44130
1770295347339621,44150
1770295347382358,44170
1770295347425417,44310
1770295347468333,44170
1770295347511445,44260
1770295347554434,44200
1770295347597475,44160
1770295347640598,44180
1770295347683745,44300
1770295347726846,44160
1770295347773398,44230
1770295347816438,44190
1770295347859356,44280
1770295347902479,44240
1770295347945479,44210
1770295347988465,44220
1770295348031450,44230
1770295348074366,44280
1770295348117433,44230
1770295348160439,44230
1770295348203511,44230
1770295348246404,44450
1770295348293299,44280
1770295348336531,44220
1770295348379553,44290
1770295348422455,44330
1770295348465417,44320
1770295348508521,44250
1770295348551590,44340
1770295348593912,44260
1770295348637115,44320
1770295348680391,44390
1770295348723600,44220
1770295348766508,44260
1770295348813233,44310
1770295348856356,44260
1770295348899444,44330
1770295348942557,44250
1770295348985332,44270
1770295349028308,44290
1770295349071410,44230
1770295349114348,44220
1770295349157373,44310
1770295349200244,44280
1770295349243223,44180
1770295349286281,44230
1770295349333297,44190
1770295349376441,44170
1770295349419320,44310
1770295349462434,44120
1770295349505016,44190
1770295349548171,44180
1770295349591018,44180
1770295349633881,44130
1770295349676955,44220
1770295349720016,44200
1770295349763040,44220
1770295349805976,44090
1770295349849263,44170
1770295349893140,44270
1770295349936436,44170
1770295349979578,44230
1770295350022688,44170
1770295350065739,44200
1770295350108744,44230
1770295350151724,44190
1770295350194591,44270
1770295350237643,44250
