unix_timestamp,active_power (mW)
1770296752317979,42780
1770296752360245,33630
1770296752403355,45890
1770296752446446,42330
1770296752489505,42730
1770296752532756,42860
1770296752575608,42910
1770296752618668,42790
1770296752661623,42880
1770296752704675,42900
1770296752749287,42880
1770296752792398,42800
1770296752835426,42850
1770296752878617,42970
1770296752921671,42880
1770296752964638,42840
1770296753007660,42820
1770296753050565,42890
1770296753093754,42900
1770296753136742,42910
1770296753179753,42960
1770296753222694,43050
1770296753265584,42970
1770296753309564,42930
1770296753352663,42860
1770296753395666,42950
1770296753438570,42910
1770296753481667,42980
1770296753524634,42890
1770296753567727,42920
1770296753610833,42870
1770296753653467,42940
1770296753696738,42870
1770296753739643,42940
1770296753782857,42900
1770296753829806,42910
1770296753872575,42930
1770296753915364,42870
1770296753958447,42960
1770296754001373,42930
1770296754044260,42870
1770296754087445,42860
1770296754130369,43010
1770296754173525,42860
1770296754216728,42870
1770296754259721,42900
1770296754302883,42800
1770296754349742,42840
1770296754392878,42830
1770296754435821,42880
1770296754478847,42950
1770296754521913,42950
1770296754564888,42940
1770296754608066,43040
1770296754651209,43030
1770296754694232,43030
1770296754736634,42910
1770296754779640,42900
1770296754822718,42830
1770296754865672,42860
1770296754910055,42850
1770296754953170,42920
1770296754996356,42840
1770296755039428,42920
1770296755082472,42960
1770296755125424,42960
1770296755168486,42950
1770296755211474,42970
1770296755254407,42950
1770296755297544,42870
1770296755340697,42890
1770296755383738,42920
1770296755430257,43040
1770296755473375,42850
1770296755516497,42980
1770296755559551,42980
1770296755602646,42930
1770296755645740,42890
1770296755688638,42920
1770296755731798,42940
1770296755774688,42940
1770296755817712,42960
1770296755860752,42950
1770296755903654,42910
1770296755950259,42860
1770296755992581,42900
1770296756035836,42960
1770296756078722,42810
1770296756121575,42870
1770296756164120,42830
1770296756206864,42860
1770296756249834,42860
1770296756292813,42820
1770296756335874,42850
1770296756378811,42840
1770296756421888,42910
1770296756464995,42910
1770296756510427,42960
1770296756553622,42890
1770296756596802,42910
1770296756639989,42960
1770296756682997,43070
1770296756725717,42920
1770296756768674,42880
1770296756811714,43260
1770296756854755,42900
1770296756897667,42860
1770296756940878,42980
1770296756983790,42970
1770296757030704,42990
1770296757073700,42840
1770296757116586,42820
1770296757159706,42940
1770296757202691,42960
1770296757245767,42950
1770296757288642,42960
1770296757331676,42870
1770296757374841,42860
1770296757417968,42870
1770296757460985,42950
1770296757503958,42840
1770296757550531,42830
1770296757593089,42900
1770296757636214,42820
1770296757679386,42880
1770296757722373,42800
1770296757765511,42810
1770296757808519,42910
1770296757851541,42910
1770296757894547,42860
1770296757937160,43020
1770296757980344,42890
1770296758023586,42970
1770296758066565,42870
1770296758110829,42940
1770296758153865,42840
1770296758196826,42930
1770296758239729,42890
1770296758282587,42990
1770296758325469,42910
1770296758368642,42980
1770296758411645,42920
1770296758454821,42900
1770296758497679,43010
1770296758540697,42940
1770296758583672,42860
1770296758626716,42990
1770296758670922,42900
1770296758714057,43020
1770296758756996,42970
1770296758800180,42960
1770296758843406,42860
1770296758886561,42900
1770296758929442,42880
1770296758972379,42900
1770296759015375,42900
1770296759058501,42890
1770296759101365,42880
1770296759144502,42860
1770296759191045,42930
1770296759234139,42980
1770296759277167,43020
1770296759320304,42990
1770296759363420,42960
1770296759406477,43030
1770296759449416,42880
1770296759492648,42920
1770296759535870,43030
1770296759579076,42880
1770296759622238,42850
1770296759664685,42940
1770296759711216,42950
1770296759754369,42950
1770296759796811,42870
1770296759839681,42910
1770296759882631,42840
1770296759925733,42820
1770296759968849,42890
1770296760011796,42870
1770296760054764,42810
1770296760097895,42770
1770296760140857,42810
1770296760183815,42850
1770296760226734,42870
1770296760271178,42820
1770296760314279,42850
1770296760357219,42920
1770296760400269,42950
1770296760443263,42820
1770296760486136,42840
1770296760529223,42870
1770296760572429,42810
1770296760615865,42840
1770296760658932,42900
1770296760702187,42880
1770296760745248,42910
1770296760791477,42950
1770296760834695,43030
1770296760877779,42940
1770296760920838,42960
1770296760964086,42930
1770296761007284,42940
1770296761050468,42920
1770296761092947,42870
1770296761136044,42910
1770296761178967,42900
1770296761222171,42960
1770296761265110,42930
1770296761311527,42830
1770296761354341,42750
1770296761397333,42980
1770296761440399,42760
1770296761483521,42720
1770296761526464,42880
1770296761569683,42820
1770296761612807,42760
1770296761655697,42780
1770296761698530,42790
1770296761741514,42930
1770296761784451,42960
1770296761827693,43040
1770296761871747,43000
1770296761914724,42970
1770296761957669,42890
1770296762000736,42900
1770296762043779,42990
1770296762086704,42940
1770296762129904,42880
1770296762173104,42920
1770296762216046,42910
1770296762259154,42920
1770296762302186,42860
1770296762345156,42950
1770296762391940,42820
1770296762434966,42910
1770296762477907,42870
1770296762520823,42840
1770296762563963,42890
1770296762606870,42890
1770296762649725,42860
1770296762692728,42870
1770296762735669,42860
1770296762778735,42880
1770296762821756,43490
1770296762864708,43480
1770296762907655,43150
1770296762951963,42850
1770296762995081,42910
1770296763038245,42890
1770296763081483,42910
1770296763124684,42970
1770296763167823,42930
1770296763210942,42910
1770296763253613,42880
1770296763296705,42860
1770296763339692,42970
1770296763382666,42940
1770296763425862,42960
1770296763472085,42940
1770296763515222,43130
1770296763558060,42970
1770296763601226,42940
1770296763644183,42830
1770296763687261,42890
1770296763730373,42940
1770296763773403,42980
1770296763816342,42990
1770296763858913,42910
1770296763901914,42950
1770296763944912,42990
1770296763988017,42980
1770296764032253,42970
1770296764075380,42980
1770296764118329,42940
1770296764161492,42920
1770296764204701,42830
1770296764247628,42870
1770296764290659,42890
1770296764333589,42770
1770296764376559,42870
1770296764419490,42830
1770296764462548,42890
1770296764505564,42800
1770296764552298,42800
1770296764595429,42820
1770296764638334,42870
1770296764681478,42860
1770296764724687,42860
1770296764767776,42840
1770296764810659,42840
1770296764853578,42950
1770296764896625,42950
1770296764939737,42950
1770296764982522,42830
1770296765025502,42890
1770296765072379,42840
1770296765115447,42870
1770296765158679,43030
1770296765201908,42950
1770296765244625,42880
1770296765287666,42890
1770296765330643,42850
1770296765373692,42880
1770296765416598,42940
1770296765459523,42960
1770296765502479,42780
1770296765545335,42930
1770296765588560,42920
