unix_timestamp,active_power (mW)
1774542305398726,44640
1774542305440911,29370
1774542305483910,47500
1774542305527098,44810
1774542305569658,44100
1774542305612792,44210
1774542305655731,44080
1774542305701296,44400
1774542305744362,44130
1774542305787221,44190
1774542305830151,44320
1774542305873292,44170
1774542305916263,44170
1774542305959320,44170
1774542306001808,44050
1774542306044766,44130
1774542306087835,44120
1774542306130777,44070
1774542306173821,44100
1774542306216960,44110
1774542306261256,44120
1774542306304313,44000
1774542306347210,44090
1774542306390270,44130
1774542306433350,44120
1774542306476277,44030
1774542306519064,44060
1774542306561746,44230
1774542306604756,44030
1774542306647833,44170
1774542306690896,44050
1774542306733921,44100
1774542306776747,44050
1774542306821405,43960
1774542306864533,44050
1774542306907426,44160
1774542306950436,44170
1774542306993291,44190
1774542307036477,44180
1774542307079630,44060
1774542307122620,44110
1774542307165767,44140
1774542307209043,44140
1774542307252039,44080
1774542307295180,44100
1774542307341639,44160
1774542307384839,44050
1774542307427766,44020
1774542307470890,44050
1774542307513371,44070
1774542307556383,44060
1774542307599462,44090
1774542307642459,44050
1774542307685576,44070
1774542307728839,44170
1774542307772022,44100
1774542307814544,44040
1774542307857882,44680
1774542307901888,44230
1774542307945015,44210
1774542307988010,44150
1774542308030543,44140
1774542308073629,44160
1774542308116593,44170
1774542308159759,44250
1774542308202661,44210
1774542308245812,44180
1774542308288834,44190
1774542308332037,44280
1774542308375246,44220
1774542308417784,44230
1774542308462325,44270
1774542308505375,44310
1774542308548376,44270
1774542308591096,44330
1774542308633567,44310
1774542308676833,44240
1774542308719982,44240
1774542308762583,44200
1774542308805805,44200
1774542308848984,44190
1774542308891874,44160
1774542308934998,44190
1774542308977521,44170
1774542309022308,44130
1774542309065437,44130
1774542309108395,44150
1774542309151274,44100
1774542309194459,44150
1774542309237468,44160
1774542309280567,44100
1774542309323680,44070
1774542309366375,44180
1774542309409351,44180
1774542309452457,44170
1774542309495390,44240
1774542309538396,44150
1774542309582656,44130
1774542309625591,44260
1774542309668783,44280
1774542309711994,44270
1774542309755049,44320
1774542309798211,44260
1774542309841125,44290
1774542309884195,44270
1774542309927218,44240
1774542309970318,44190
1774542310013202,44180
1774542310056131,44160
1774542310102940,44130
1774542310145814,44170
1774542310188971,44160
1774542310231631,44240
1774542310274549,44180
1774542310317725,44190
1774542310360791,44190
1774542310403749,44240
1774542310446785,44210
1774542310489926,44230
1774542310532909,44240
1774542310576136,44200
1774542310618857,44260
1774542310663446,44260
1774542310706530,44220
1774542310749769,44190
1774542310792725,44210
1774542310835656,44240
1774542310878710,44250
1774542310920977,44180
1774542310963965,44170
1774542311007062,44310
1774542311049981,44170
1774542311093137,44170
1774542311136251,44190
1774542311179360,44220
1774542311223885,44220
1774542311266989,44210
1774542311309706,44200
1774542311352732,44160
1774542311395823,44220
1774542311438405,44130
1774542311481429,44200
1774542311524431,44310
1774542311567572,44210
1774542311610345,44180
1774542311653335,44320
1774542311696554,44270
1774542311739782,44200
1774542311784203,44230
1774542311827251,44360
1774542311869679,44160
1774542311912663,44160
1774542311955558,44180
1774542311998581,44190
1774542312041703,44200
1774542312084756,44210
1774542312127911,44140
1774542312170961,44070
1774542312213694,44170
1774542312256951,44200
1774542312300187,44180
1774542312344686,44170
1774542312387662,44210
1774542312430410,44210
1774542312473489,44130
1774542312516579,44190
1774542312559487,44190
1774542312602088,44170
1774542312645169,44170
1774542312688327,44210
1774542312731445,44350
1774542312774441,44260
1774542312817431,44130
1774542312860293,44150
1774542312905051,44190
1774542312948142,44220
1774542312991254,44150
1774542313034332,44200
1774542313077511,44140
1774542313120533,44190
1774542313163750,44210
1774542313206142,44110
1774542313249097,44100
1774542313292012,44250
1774542313335060,44150
1774542313377733,44140
1774542313420761,44200
1774542313465411,44150
1774542313508525,44160
1774542313551511,44190
1774542313593933,44170
1774542313636933,44170
1774542313680169,44140
1774542313722996,44340
1774542313766112,44200
1774542313808429,44250
1774542313851505,44260
1774542313894689,44210
1774542313937786,44230
1774542313980849,44190
1774542314025985,44210
1774542314069056,44220
1774542314112162,44230
1774542314155264,44120
1774542314197678,44210
1774542314240929,44240
1774542314283904,44200
1774542314327024,44190
1774542314369976,44180
1774542314412642,44190
1774542314455712,44290
1774542314498766,44230
1774542314541876,44200
1774542314586231,44160
1774542314629118,44210
1774542314672170,44180
1774542314715023,44170
1774542314758125,44350
1774542314801138,44250
1774542314844248,44140
1774542314887152,44150
1774542314930088,44180
1774542314973062,44180
1774542315016182,44210
1774542315059442,44250
1774542315102395,44250
1774542315146849,44200
1774542315189901,44230
1774542315233082,44200
1774542315276067,44290
1774542315319091,44220
1774542315362247,44200
1774542315405216,44180
1774542315448366,44230
1774542315491254,44250
1774542315534214,44320
1774542315577083,44160
1774542315619926,44180
1774542315662556,44150
1774542315707269,44350
1774542315750402,44110
1774542315793308,44160
1774542315836250,44240
1774542315879117,44210
1774542315921630,44300
1774542315964644,44220
1774542316007692,44180
1774542316050734,44210
1774542316093940,44220
1774542316137130,44200
1774542316180390,44170
1774542316223273,44220
1774542316267763,44260
1774542316310842,44180
1774542316353862,44140
1774542316396941,44150
1774542316439880,44170
1774542316482914,44190
1774542316525707,44180
1774542316568879,44140
1774542316611781,44130
1774542316654821,44200
1774542316697969,44240
1774542316740923,44140
1774542316783966,44180
1774542316828271,44220
1774542316871360,44250
1774542316914370,44190
1774542316957487,44270
1774542317000389,44160
1774542317043339,44250
1774542317086296,44220
1774542317129424,44200
1774542317172367,44190
1774542317215352,44200
1774542317258455,44220
1774542317301352,44170
1774542317343977,44170
1774542317388664,44170
1774542317431802,44200
1774542317474800,44220
1774542317517682,44170
1774542317560608,44180
1774542317603790,44160
1774542317646821,44170
1774542317689965,44380
1774542317732932,44080
1774542317775975,44120
1774542317819017,44190
1774542317861627,44190
1774542317904721,44220
1774542317949278,44220
1774542317992451,44110
1774542318035367,44180
1774542318077689,44160
1774542318120728,44130
1774542318163347,44210
1774542318206297,44100
1774542318249427,44100
1774542318292733,44090
1774542318335814,44150
1774542318378735,44230
1774542318421795,44150
1774542318464958,44190
1774542318509738,44160
1774542318552823,44180
1774542318595948,44100
1774542318639040,44030
1774542318681901,44110
1774542318724890,44190
1774542318768089,44100
1774542318810781,44030
1774542318853831,44320
1774542318896991,44100
1774542318940018,44220
1774542318982824,44070
1774542319026021,44080
1774542319070183,44090
1774542319113303,44160
1774542319156235,44040
1774542319198705,44060
1774542319241631,44060
1774542319284659,44130
1774542319327852,44130
1774542319370458,44130
1774542319413607,43940
1774542319456530,44080
1774542319499768,44160
1774542319542259,44060
1774542319585226,44050
1774542319630672,44100
1774542319673783,44250
1774542319716819,44080
1774542319760051,44000
1774542319803272,44100
1774542319845801,44220
1774542319888823,44160
1774542319932003,44010
1774542319975247,44050
1774542320018367,44120
1774542320061358,44120
1774542320104643,44120
1774542320151149,44160
1774542320194084,44100
1774542320236987,44150
1774542320280115,44030
1774542320323065,43990
1774542320366305,44100
1774542320409267,44180
1774542320452424,44050
1774542320495335,44030
1774542320537865,44060
1774542320580475,44120
1774542320623610,44130
1774542320666216,44070
1774542320711650,44090
1774542320754372,44080
1774542320797083,44100
1774542320840265,44060
1774542320883306,44190
1774542320926354,44120
1774542320969256,44220
1774542321012332,44110
1774542321055401,44080
1774542321098385,44070
1774542321141742,44120
1774542321184663,44120
1774542321227854,44130
1774542321272291,44160
1774542321315139,44100
1774542321358352,44090
1774542321401348,44240
1774542321444209,44210
1774542321487165,44130
1774542321530407,44150
1774542321573301,44230
1774542321616557,44250
1774542321659469,44260
1774542321702367,44180
1774542321745225,44290
1774542321788318,44180
1774542321832942,44170
1774542321875945,44130
1774542321918915,44210
1774542321962102,44170
1774542322005068,44300
1774542322048706,44190
1774542322091889,44090
1774542322134911,44170
1774542322178021,44140
1774542322221008,44200
1774542322263854,44160
1774542322307001,44090
1774542322353276,44170
1774542322396390,44170
1774542322439654,44110
1774542322482686,44050
1774542322525855,44030
1774542322569014,44120
1774542322612053,44190
1774542322655097,44130
1774542322698054,44090
1774542322741053,44010
1774542322784132,44050
1774542322827185,44160
1774542322873631,44030
1774542322916636,44060
1774542322959640,44110
1774542323002596,44140
1774542323045733,44080
1774542323088750,44080
1774542323131856,44070
1774542323174901,44050
1774542323217908,44250
1774542323261066,44110
1774542323303953,44060
1774542323347105,44040
1774542323394080,44050
1774542323437253,44100
1774542323480349,44100
1774542323523376,44020
1774542323566419,44020
1774542323609657,44040
1774542323652740,44100
1774542323695707,44110
1774542323738715,44040
1774542323781817,44040
1774542323824813,44100
1774542323867916,44220
1774542323914480,43990
1774542323957378,43980
1774542324000207,44080
1774542324043168,44100
1774542324086260,44040
1774542324129247,44020
1774542324172250,44040
1774542324215041,44090
1774542324258043,44110
1774542324301210,44080
