unix_timestamp,active_power (mW)
1769771095624119,45540
1769771095666792,47640
1769771095709835,44290
1769771095753003,43940
1769771095795741,43880
1769771095838843,44090
1769771095881868,43970
1769771095925024,44050
1769771095968075,43910
1769771096010664,44040
1769771096053034,44070
1769771096095853,44100
1769771096138727,44150
1769771096183860,44070
1769771096226216,44090
1769771096268920,44080
1769771096311909,44180
1769771096354686,44080
1769771096397794,44030
1769771096440980,44090
1769771096484128,44110
1769771096527047,44210
1769771096569862,44060
1769771096612960,44070
1769771096656027,44140
1769771096698973,44020
1769771096743271,44040
1769771096785595,44080
1769771096828041,44010
1769771096870788,43930
1769771096913780,44040
1769771096956837,44050
1769771096999998,44000
1769771097042836,43880
1769771097085898,43980
1769771097128907,44060
1769771097172017,44130
1769771097214983,44050
1769771097257989,43990
1769771097302737,44060
1769771097345892,44080
1769771097388665,44140
1769771097431490,43980
1769771097474028,43980
1769771097517177,44090
1769771097559922,44100
1769771097602902,44030
1769771097646029,44030
1769771097689121,44050
1769771097732134,44060
1769771097774780,44130
1769771097818017,44100
1769771097862318,44030
1769771097905444,44120
1769771097948608,44090
1769771097991731,44030
1769771098034681,43990
1769771098077826,44050
1769771098120910,44110
1769771098163722,44050
1769771098206770,43970
1769771098249793,44020
1769771098292886,44090
1769771098335879,43990
1769771098381811,43980
1769771098424874,44030
1769771098467912,43970
1769771098510599,43910
1769771098553706,44170
1769771098596770,44120
1769771098639751,44110
1769771098682485,43950
1769771098725695,43920
1769771098768892,43950
1769771098812047,44060
1769771098855217,44100
1769771098901326,43930
1769771098944168,43980
1769771098986793,44010
1769771099029729,44170
1769771099072865,44080
1769771099115984,44090
1769771099158985,44110
1769771099202111,44010
1769771099245125,44120
1769771099288215,44150
1769771099331423,44080
1769771099374483,44010
1769771099420968,44100
1769771099463982,44060
1769771099506810,44010
1769771099550029,44060
1769771099592805,44120
1769771099635615,44060
1769771099678486,44010
1769771099721611,43990
1769771099764637,44090
1769771099807746,44050
1769771099850766,43880
1769771099893898,43910
1769771099940398,44040
1769771099983425,43900
1769771100025967,43880
1769771100069126,43990
1769771100111963,44080
1769771100154712,44030
1769771100197669,43890
1769771100240821,43940
1769771100283913,44030
1769771100326889,44040
1769771100369276,44040
1769771100411721,44010
1769771100454518,43970
1769771100500012,44020
1769771100543059,44060
1769771100585929,44190
1769771100629048,44060
1769771100672023,44010
1769771100714752,44070
1769771100757715,44240
1769771100800773,44090
1769771100843639,44080
1769771100886662,44060
1769771100929685,44110
1769771100972086,44170
1769771101015203,44090
1769771101059592,44010
1769771101102740,44210
1769771101145860,44080
1769771101189354,44100
1769771101232433,44010
1769771101275434,44090
1769771101318512,44100
1769771101361704,44090
1769771101404849,43950
1769771101447783,43920
1769771101490787,44030
1769771101533781,44160
1769771101579070,43890
1769771101622083,44020
1769771101665138,44020
1769771101708201,43980
1769771101750503,43890
1769771101793389,44050
1769771101836528,44090
1769771101879401,44040
1769771101922457,43910
1769771101965519,43970
1769771102008582,43960
1769771102051348,44060
1769771102094376,44100
1769771102138586,43970
1769771102181614,43970
1769771102224792,44100
1769771102267736,44060
1769771102310879,44080
1769771102353904,43950
1769771102397039,43990
1769771102439607,44050
1769771102482107,44100
1769771102525124,44120
1769771102567874,44050
1769771102610924,44030
1769771102653996,44110
1769771102698173,44170
1769771102741376,44070
1769771102784331,44040
1769771102827308,44100
1769771102870495,44070
1769771102913598,44140
1769771102956773,44070
1769771102999965,44090
1769771103043084,44140
1769771103086082,44070
1769771103129046,43990
1769771103172239,44070
1769771103217620,44070
1769771103260738,43950
1769771103303600,43940
1769771103346707,44060
1769771103389228,44060
1769771103432207,43920
1769771103474805,43940
1769771103517959,44090
1769771103561053,43980
1769771103604018,43900
1769771103647075,43950
1769771103690283,44040
1769771103737093,44050
1769771103780270,43970
1769771103823435,44000
1769771103866601,44010
1769771103909494,44240
1769771103952561,44060
1769771103995459,44000
1769771104038569,44040
1769771104081822,44070
1769771104124907,44100
1769771104168103,44050
1769771104210831,44000
1769771104256668,44180
1769771104299788,44030
1769771104342928,44020
1769771104386094,43960
1769771104429299,44110
1769771104471630,43990
1769771104514252,43860
1769771104557054,44070
1769771104599429,44070
1769771104641858,44020
1769771104685054,43930
1769771104727969,44130
1769771104770237,44080
1769771104816177,43910
1769771104859207,44010
1769771104902307,44030
1769771104945486,43990
1769771104988358,43920
1769771105031102,43930
1769771105073879,44150
1769771105117014,44010
1769771105159970,44030
1769771105202662,43900
1769771105245595,44100
1769771105288743,44130
1769771105335621,43980
1769771105378707,44040
1769771105421483,44080
1769771105464608,43900
1769771105507070,43990
1769771105550230,44090
1769771105593360,44000
1769771105636582,43860
1769771105679710,43950
1769771105722418,44100
1769771105765518,44060
1769771105808513,43980
1769771105855016,43990
1769771105898078,44080
1769771105941090,44020
1769771105984183,43920
1769771106026846,44010
1769771106069917,44040
1769771106113083,44140
1769771106156003,44010
1769771106198627,43990
1769771106241829,44100
1769771106285023,44140
1769771106328023,44000
1769771106374610,44080
1769771106417564,44050
1769771106460358,43980
1769771106502990,43950
1769771106545786,44050
1769771106588813,44030
1769771106631823,43960
1769771106674861,43980
1769771106718042,44030
1769771106761164,44130
1769771106804302,43860
1769771106847498,44010
1769771106893975,43880
1769771106937085,43970
1769771106980211,44030
1769771107023312,44140
1769771107066009,44020
1769771107108993,43920
1769771107151864,44120
1769771107195002,44030
1769771107238129,43870
1769771107281031,43950
1769771107323953,47170
1769771107366298,43740
1769771107409401,43900
1769771107453446,44050
1769771107496468,44020
1769771107539320,43840
1769771107581739,43980
1769771107624985,44120
1769771107667985,44040
1769771107711066,43900
1769771107754105,44030
1769771107797194,44090
1769771107840212,43980
1769771107882816,43960
1769771107925981,43940
1769771107972870,43980
1769771108015981,43890
1769771108058642,43990
1769771108101663,44070
1769771108144722,43910
1769771108187548,43910
1769771108230728,44040
1769771108273805,44060
1769771108316977,43880
1769771108359974,43960
1769771108402685,44050
1769771108445816,44150
1769771108492208,44010
1769771108534593,44110
1769771108577458,44060
1769771108620627,43970
1769771108663864,44040
1769771108706647,44110
1769771108749389,43910
1769771108792583,44060
1769771108835811,44110
1769771108878902,44070
1769771108922087,43980
1769771108965103,43900
1769771109011772,44080
1769771109054783,43880
1769771109098028,44070
1769771109140766,44190
1769771109184008,44120
1769771109227125,43940
1769771109270321,44180
1769771109313461,44040
1769771109356639,44020
1769771109399398,43940
1769771109442521,45460
1769771109485805,44950
1769771109531131,43980
1769771109573778,44110
1769771109616695,44170
1769771109659923,44050
1769771109703061,44000
1769771109745851,44110
1769771109789065,44090
1769771109832251,44060
1769771109874990,43960
1769771109917682,44070
1769771109960610,44110
1769771110003772,44080
1769771110050555,44060
1769771110093624,44170
1769771110136480,44030
1769771110179571,43930
1769771110222516,44060
1769771110265597,44110
1769771110308755,44010
1769771110351667,43980
1769771110394750,44040
1769771110437143,44140
1769771110480197,44030
1769771110522989,44010
1769771110566219,43970
1769771110610191,44140
1769771110653124,44160
1769771110696015,44050
1769771110738813,44010
1769771110781682,44070
1769771110824856,44130
1769771110867743,44150
1769771110910539,44120
1769771110953609,44120
1769771110995982,44110
1769771111038929,44000
1769771111082003,43870
1769771111125027,44140
1769771111169612,44060
1769771111212635,43950
1769771111255432,44070
1769771111298592,44150
1769771111341771,44030
1769771111384997,43960
1769771111428058,44030
1769771111470610,44060
1769771111513795,44080
1769771111556917,43970
1769771111600025,43870
1769771111643034,44020
1769771111689116,43990
1769771111732144,43940
1769771111774523,43940
1769771111817593,44010
1769771111860636,44020
1769771111903487,44040
1769771111946726,43900
1769771111989908,43880
1769771112033038,43970
1769771112075903,44040
1769771112119102,44060
1769771112162210,44000
1769771112208748,44010
1769771112251465,44050
1769771112293916,44110
1769771112337098,44070
1769771112380197,44000
1769771112423162,43980
1769771112465595,44110
1769771112508594,44210
1769771112551607,44070
1769771112594012,44120
1769771112636909,44000
1769771112679975,44060
1769771112722543,44080
1769771112768309,44060
1769771112811047,43990
1769771112853864,44060
1769771112897167,44260
1769771112940246,44110
1769771112983332,44060
1769771113026518,43970
1769771113069705,44030
1769771113112649,44100
1769771113155621,44140
1769771113198692,43930
1769771113241602,44010
1769771113287756,44000
1769771113330850,43870
1769771113374031,44000
1769771113417040,44110
1769771113460010,44020
