unix_timestamp,active_power (mW)
1770053342898010,45960
1770053342941068,40580
1770053342984151,47080
1770053343026433,45850
1770053343069064,46010
1770053343112105,45950
1770053343154871,45970
1770053343200371,45970
1770053343243439,45940
1770053343286224,45910
1770053343329163,45950
1770053343372236,45960
1770053343415360,45940
1770053343458352,45970
1770053343501094,45850
1770053343544286,45980
1770053343587422,45970
1770053343630181,45920
1770053343673250,45920
1770053343719922,45950
1770053343763004,45880
1770053343805394,46020
1770053343848330,45960
1770053343891341,45950
1770053343934268,45880
1770053343977220,45940
1770053344020037,45890
1770053344063143,45970
1770053344106352,45910
1770053344148794,45980
1770053344191953,45890
1770053344234733,46030
1770053344279554,46010
1770053344322142,45920
1770053344365040,46000
1770053344408279,45940
1770053344451198,45970
1770053344493929,45900
1770053344537064,45960
1770053344580194,45930
1770053344623068,45920
1770053344665939,45960
1770053344709006,45950
1770053344752260,45940
1770053344799065,45890
1770053344841591,45950
1770053344884615,45920
1770053344927449,45870
1770053344969898,45890
1770053345013161,45930
1770053345055888,45910
1770053345098816,45980
1770053345141283,45930
1770053345184132,45870
1770053345226597,45960
1770053345269243,45940
1770053345311821,45930
1770053345354701,45950
1770053345398670,45970
1770053345440949,45910
1770053345483906,45970
1770053345526921,45930
1770053345569849,45960
1770053345612918,45940
1770053345655850,45930
1770053345698862,45950
1770053345741182,45810
1770053345784188,45910
1770053345827196,45890
1770053345869932,45910
1770053345912636,45980
1770053345958123,45890
1770053346001248,45900
1770053346044117,46000
1770053346087226,45870
1770053346130358,45970
1770053346173266,45960
1770053346216488,45940
1770053346259648,45890
1770053346302787,45970
1770053346345657,45940
1770053346388587,45940
1770053346431232,45950
1770053346477715,45950
1770053346520484,45950
1770053346563731,45970
1770053346606884,45960
1770053346649665,45900
1770053346692792,45880
1770053346735814,46020
1770053346778553,45970
1770053346821294,45880
1770053346864508,45910
1770053346907560,45940
1770053346950362,45980
1770053346993407,46060
1770053347037259,46010
1770053347079564,46000
1770053347122209,45900
1770053347165288,45900
1770053347208416,45950
1770053347250983,45930
1770053347293407,45980
1770053347336372,46010
1770053347379360,45970
1770053347422480,45980
1770053347465181,45950
1770053347508274,45940
1770053347551099,45930
1770053347596983,45970
1770053347639981,46030
1770053347683223,45950
1770053347725933,45920
1770053347768922,45910
1770053347812052,45970
1770053347854902,46020
1770053347897661,45970
1770053347940606,46060
1770053347983651,45940
1770053348026425,45940
1770053348069335,45980
1770053348116470,46040
1770053348159569,45970
1770053348202645,45960
1770053348245521,46000
1770053348288477,45990
1770053348331016,45960
1770053348373343,45940
1770053348416307,45970
1770053348459363,46060
1770053348502546,45930
1770053348545669,46030
1770053348588668,45950
1770053348631424,46000
1770053348676100,45950
1770053348718746,46000
1770053348761307,45980
1770053348804434,46040
1770053348846975,45930
1770053348889656,45980
1770053348932585,46030
1770053348975707,46020
1770053349018192,46010
1770053349060590,46080
1770053349103325,46040
1770053349145961,45980
1770053349188394,46030
1770053349230882,46090
1770053349275572,46080
1770053349318174,45960
1770053349361191,46100
1770053349404312,46070
1770053349447331,46030
1770053349490315,46010
1770053349533154,46030
1770053349576236,46010
1770053349619136,45950
1770053349662150,46000
1770053349705120,45960
1770053349748256,46020
1770053349795125,45990
1770053349838265,46010
1770053349880561,46020
1770053349923003,45930
1770053349965216,45930
1770053350008377,45930
1770053350051388,45950
1770053350094502,46010
1770053350136929,46000
1770053350180193,45980
1770053350223297,46000
1770053350266151,45960
1770053350309276,46010
1770053350354748,45960
1770053350397886,45900
1770053350441028,46050
1770053350484166,45970
1770053350527289,45970
1770053350570162,45950
1770053350613049,45950
1770053350656263,45980
1770053350699321,45980
1770053350742021,45910
1770053350785084,45980
1770053350828210,45940
1770053350874436,45950
1770053350917161,45980
1770053350960219,46000
1770053351003341,45940
1770053351046128,45960
1770053351089208,45960
1770053351132282,45980
1770053351175048,45940
1770053351217892,45910
1770053351261083,45960
1770053351303999,45940
1770053351346839,46000
1770053351393945,45930
1770053351437042,45900
1770053351480162,46010
1770053351523116,45930
1770053351566185,45880
1770053351609414,45900
1770053351651875,45990
1770053351695030,45920
1770053351738218,45910
1770053351781285,45970
1770053351824335,45890
1770053351867479,45930
1770053351913602,45910
1770053351956408,45830
1770053351999393,45930
1770053352041912,45860
1770053352084870,45900
1770053352127756,45910
1770053352170593,45940
1770053352213532,45920
1770053352256407,45920
1770053352299349,45910
1770053352342100,45900
1770053352385023,45960
1770053352428192,45940
1770053352473162,45930
1770053352515833,45920
1770053352558742,45960
1770053352601608,45890
1770053352644754,45910
1770053352687700,45860
1770053352730780,45940
1770053352773207,45900
1770053352816509,45870
1770053352859571,45930
1770053352902142,45910
1770053352945246,45880
1770053352988005,45890
1770053353032848,45960
1770053353075927,45940
1770053353118367,45960
1770053353161252,45980
1770053353204374,45940
1770053353247567,45950
1770053353290281,45920
1770053353333237,45960
1770053353376364,45950
1770053353418931,45970
1770053353461942,45930
1770053353505002,45940
1770053353547934,45910
1770053353592339,45920
1770053353635143,45940
1770053353677492,45990
1770053353720043,45900
1770053353762780,45930
1770053353805812,45880
1770053353848858,45870
1770053353891615,45940
1770053353934413,45860
1770053353977296,45920
1770053354019984,45980
1770053354062899,45930
1770053354105361,45890
1770053354151842,45970
1770053354194967,45920
1770053354237305,45970
1770053354280218,45960
1770053354323292,45920
1770053354365901,45910
1770053354408990,45880
1770053354452178,45910
1770053354495009,45950
1770053354537579,45880
1770053354580726,45900
1770053354623919,45850
1770053354667008,45910
1770053354711447,45920
1770053354754558,45870
1770053354797379,45910
1770053354840441,45950
1770053354883274,45930
1770053354926044,45870
1770053354969265,45960
1770053355012498,45970
1770053355055695,45880
1770053355098122,45930
1770053355141267,45910
1770053355184292,45930
1770053355231007,45950
1770053355273280,45890
1770053355316203,45900
1770053355359047,45900
1770053355401737,45920
1770053355444187,45990
1770053355487088,45920
1770053355529580,45920
1770053355572024,45930
1770053355615211,45920
1770053355658007,45900
1770053355701196,45900
1770053355743753,45970
1770053355790424,45970
1770053355833286,45950
1770053355876403,45880
1770053355919581,45930
1770053355962612,45960
1770053356005170,45850
1770053356048453,45910
1770053356091432,45900
1770053356134463,45900
1770053356177620,45900
1770053356221018,45920
1770053356264164,45960
1770053356309998,45880
1770053356352303,45960
1770053356394783,45920
1770053356437664,45910
1770053356480729,45910
1770053356523751,45900
1770053356566458,46000
1770053356608917,45980
1770053356652049,45910
1770053356694611,45940
1770053356737683,45890
1770053356780597,45940
1770053356823465,45910
1770053356869493,45900
1770053356912687,45960
1770053356955749,45930
1770053356998892,45900
1770053357041356,45900
1770053357084460,45930
1770053357127379,45970
1770053357170625,45890
1770053357213635,45980
1770053357256626,46010
1770053357299704,45930
1770053357342791,45930
1770053357389037,45960
1770053357432160,45930
1770053357475205,45930
1770053357518380,45980
1770053357560867,45870
1770053357603862,45990
1770053357646884,45940
1770053357690090,45920
1770053357733560,45960
1770053357776491,45940
1770053357819316,45970
1770053357862280,45960
1770053357908494,45940
1770053357951368,45980
1770053357994350,45870
1770053358037278,45990
1770053358080471,45980
1770053358123582,45940
1770053358166593,45840
1770053358209677,45900
1770053358252752,45930
1770053358295940,45890
1770053358339159,45970
1770053358382376,45950
1770053358428088,45920
1770053358470825,45870
1770053358513993,45880
1770053358557129,45940
1770053358600187,45890
1770053358643166,45940
