unix_timestamp,active_power (mW)
1769765850268010,42800
1769765850313099,42160
1769765850356070,42140
1769765850398793,42080
1769765850442095,42130
1769765850485359,42070
1769765850528406,42170
1769765850571480,42100
1769765850614619,42070
1769765850657838,42110
1769765850700250,42160
1769765850743045,42100
1769765850785940,42060
1769765850828707,42200
1769765850873162,42160
1769765850915809,42200
1769765850958740,42150
1769765851001787,42100
1769765851044658,42120
1769765851087720,42270
1769765851130469,42170
1769765851173636,42150
1769765851216895,42120
1769765851260055,42110
1769765851303054,42050
1769765851345702,42180
1769765851388614,42110
1769765851432965,42110
1769765851475745,42150
1769765851518938,42270
1769765851561997,42140
1769765851604992,42140
1769765851647964,42140
1769765851691052,42090
1769765851733762,42170
1769765851776767,42160
1769765851819808,42150
1769765851862879,42100
1769765851906136,42190
1769765851952942,42100
1769765851995816,42070
1769765852038620,42110
1769765852081550,42130
1769765852124635,42080
1769765852167719,42110
1769765852210464,41980
1769765852253647,42090
1769765852296849,42090
1769765852340109,42040
1769765852382819,42070
1769765852426070,42180
1769765852472922,42060
1769765852515889,42110
1769765852558835,42160
1769765852601856,42080
1769765852644805,42120
1769765852687632,42220
1769765852730720,42140
1769765852773467,42140
1769765852816514,42130
1769765852859693,42090
1769765852902748,42180
1769765852945814,42090
1769765852992655,42250
1769765853035522,42120
1769765853078561,42280
1769765853121448,42070
1769765853164672,42150
1769765853207500,42210
1769765853249984,42170
1769765853292956,42160
1769765853335674,42080
1769765853378822,42160
1769765853422056,42190
1769765853464993,42130
1769765853508103,42200
1769765853552514,42140
1769765853595399,42250
1769765853638530,42160
1769765853681746,42040
1769765853724940,42050
1769765853768119,42200
1769765853811015,42180
1769765853853749,42220
1769765853896835,42140
1769765853939812,42160
1769765853982439,42140
1769765854025634,42160
1769765854072464,42130
1769765854115517,42070
1769765854158035,42170
1769765854200988,42040
1769765854243993,42020
1769765854287002,42090
1769765854330067,42080
1769765854373019,42180
1769765854415892,42130
1769765854458708,42130
1769765854501864,42210
1769765854544824,42160
1769765854587873,42190
1769765854632409,42170
1769765854675378,42130
1769765854718024,42130
1769765854761002,42120
1769765854804001,42100
1769765854847089,42060
1769765854889973,42120
1769765854932519,42080
1769765854975465,42140
1769765855017805,42140
1769765855060307,42210
1769765855103372,42230
1769765855146435,42300
1769765855192251,42090
1769765855235183,42290
1769765855278425,42080
1769765855321577,42150
1769765855364802,42130
1769765855407972,42120
1769765855450460,42060
1769765855493815,42100
1769765855536971,42200
1769765855580131,42130
1769765855622581,42200
1769765855665574,42280
1769765855712088,42230
1769765855755152,42160
1769765855797487,42070
1769765855840489,42150
1769765855883652,42240
1769765855926779,42220
1769765855969828,42190
1769765856013014,42150
1769765856055692,42170
1769765856098662,42200
1769765856141879,42170
1769765856185055,42150
1769765856227544,42100
1769765856271968,42090
1769765856315080,42110
1769765856357836,42150
1769765856400952,42090
1769765856443873,42110
1769765856486990,42160
1769765856529948,42220
1769765856573027,42160
1769765856615960,42150
1769765856658953,42120
1769765856701976,42150
1769765856744422,42210
1769765856786649,42230
1769765856831780,42160
1769765856874549,42090
1769765856917670,42150
1769765856960557,42150
1769765857003444,42160
1769765857045810,42150
1769765857088772,42220
1769765857131935,42190
1769765857174887,42160
1769765857218072,42310
1769765857261258,42240
1769765857304472,42110
1769765857347525,42140
1769765857391578,42100
1769765857434281,42080
1769765857477354,42130
1769765857520424,42180
1769765857563562,42140
1769765857606470,42180
1769765857649644,42160
1769765857692683,42240
1769765857735446,42150
1769765857777888,42180
1769765857821079,42190
1769765857864216,42170
1769765857907135,42190
1769765857951519,42120
1769765857993965,42090
1769765858036854,42130
1769765858079871,42110
1769765858122875,42160
1769765858165990,42030
1769765858208833,42140
1769765858251779,42100
1769765858294903,42180
1769765858337717,42190
1769765858380516,42150
1769765858423212,42170
1769765858466171,42160
1769765858511336,42080
1769765858554379,42150
1769765858597526,42110
1769765858640378,42140
1769765858683499,42120
1769765858725806,42050
1769765858768973,42080
1769765858811661,42190
1769765858854283,42130
1769765858897337,42130
1769765858940329,42220
1769765858982951,42160
1769765859025736,42130
1769765859071216,42210
1769765859114363,42070
1769765859157446,42100
1769765859200453,42140
1769765859243245,42120
1769765859285767,42130
1769765859328939,42140
1769765859372080,42130
1769765859415026,42220
1769765859458150,42180
1769765859501307,42150
1769765859544494,42140
1769765859591000,42150
1769765859633964,42130
1769765859677079,42170
1769765859720112,42220
1769765859762786,42040
1769765859805903,42170
1769765859849065,42080
1769765859892015,42140
1769765859935145,42190
1769765859977737,42180
1769765860020874,42160
1769765860063946,42170
1769765860110835,42090
1769765860153982,42160
1769765860196949,42070
1769765860240037,42090
1769765860282816,42080
1769765860325274,42180
1769765860368285,42090
1769765860411455,42200
1769765860453906,42160
1769765860497126,42180
1769765860540092,42220
1769765860582812,42130
1769765860625780,42110
1769765860670711,42070
1769765860713844,42120
1769765860757052,42150
1769765860800078,42100
1769765860843107,42120
1769765860886714,42240
1769765860929809,42160
1769765860975611,42150
1769765861018323,42140
1769765861061559,42130
1769765861104739,42160
1769765861150500,42010
1769765861193714,42130
1769765861236806,42240
1769765861279357,42180
1769765861321754,42170
1769765861364693,42220
1769765861407830,42090
1769765861450658,42130
1769765861493940,42130
1769765861536875,42110
1769765861579323,42120
1769765861622424,42100
1769765861665600,42140
1769765861710402,42040
1769765861753485,42270
1769765861796689,42210
1769765861839796,42170
1769765861882390,42110
1769765861925601,42050
1769765861968366,42110
1769765862010999,42050
1769765862053798,42030
1769765862096861,42030
1769765862139707,42210
1769765862182891,42070
1769765862225850,42070
1769765862270109,42090
1769765862313129,42080
1769765862356118,45250
1769765862398980,42160
1769765862442136,42050
1769765862485018,42070
1769765862528195,42080
1769765862571280,42050
1769765862613782,42150
1769765862657031,42070
1769765862699862,42140
1769765862742424,42030
1769765862785628,42100
1769765862829978,42050
1769765862873000,42090
1769765862915991,42050
1769765862959102,42060
1769765863001806,42100
1769765863044850,42090
1769765863087848,42100
1769765863130397,42190
1769765863173357,42090
1769765863216509,42070
1769765863259604,42040
1769765863302101,42130
1769765863345183,42080
1769765863389605,42100
1769765863432703,42130
1769765863475780,42000
1769765863518888,42100
1769765863561969,42120
1769765863604843,42030
1769765863648074,42070
1769765863691250,42180
1769765863733738,42090
1769765863776555,42170
1769765863819876,42040
1769765863862992,42230
1769765863909467,42080
1769765863952501,42090
1769765863995012,42070
1769765864037527,42150
1769765864081098,42110
1769765864124183,42090
1769765864166838,42140
1769765864210190,42170
1769765864253199,42100
1769765864296326,42070
1769765864339161,42160
1769765864382131,42100
1769765864425358,42150
1769765864469282,42110
1769765864512439,42080
1769765864555162,42110
1769765864597776,42050
1769765864640780,42060
1769765864683745,42030
1769765864726498,42040
1769765864769710,42100
1769765864812883,42080
1769765864855193,42080
1769765864897774,42120
1769765864940830,42080
1769765864983883,42090
1769765865029089,42030
1769765865072013,42110
1769765865115158,42170
1769765865158033,42070
1769765865201028,42080
1769765865244149,42150
1769765865287461,42100
1769765865329848,42170
1769765865373036,42060
1769765865416182,42060
1769765865458859,42050
1769765865501859,42080
1769765865548694,42130
1769765865591814,42140
1769765865635009,42020
1769765865677889,42110
1769765865721019,42110
1769765865764109,42030
1769765865806723,42110
1769765865849864,42030
1769765865892827,42190
1769765865936074,42140
1769765865979100,42000
1769765866022056,42100
1769765866068458,42060
1769765866111233,42080
1769765866154160,42050
1769765866197294,42070
1769765866240537,42100
1769765866283659,41980
1769765866326773,42070
1769765866369469,42090
1769765866412542,42060
1769765866455439,42080
1769765866497759,42020
1769765866540869,42100
1769765866583786,42150
1769765866628194,42060
1769765866671419,42010
1769765866713698,42060
1769765866756794,42090
1769765866799707,42120
1769765866842621,42120
1769765866885754,42140
1769765866928943,42100
1769765866971869,42030
1769765867014547,42040
1769765867057802,42070
1769765867100956,42280
1769765867147852,42150
1769765867190480,42020
1769765867232778,42160
1769765867275828,42170
