unix_timestamp,active_power (mW)
1769593113374180,43990
1769593113417526,45570
1769593113459906,45910
1769593113502578,45840
1769593113545180,45820
1769593113588157,45800
1769593113630750,45780
1769593113673803,45810
1769593113716875,45830
1769593113760039,45820
1769593113803102,45830
1769593113846151,45860
1769593113891938,45810
1769593113935058,45820
1769593113977531,45870
1769593114020477,45890
1769593114063482,45880
1769593114106403,45860
1769593114149144,45940
1769593114192177,45870
1769593114235209,45900
1769593114278333,45920
1769593114321529,45900
1769593114364509,45910
1769593114411637,45950
1769593114453907,46010
1769593114497093,46020
1769593114539952,45970
1769593114582452,45930
1769593114625161,46030
1769593114668024,46100
1769593114711183,46090
1769593114753760,45970
1769593114796122,46080
1769593114838702,46030
1769593114881982,46070
1769593114925235,46030
1769593114971185,46070
1769593115013809,46000
1769593115056960,46050
1769593115099842,46030
1769593115142430,46070
1769593115185441,46080
1769593115228423,45930
1769593115271561,45930
1769593115314020,45960
1769593115356954,45980
1769593115399469,45990
1769593115441825,45850
1769593115485094,45840
1769593115530697,45870
1769593115573893,45860
1769593115617080,45880
1769593115660267,45850
1769593115703405,45950
1769593115745794,45810
1769593115788401,45920
1769593115831148,45910
1769593115874350,45820
1769593115917137,45950
1769593115959750,45920
1769593116002789,45870
1769593116045714,45780
1769593116090432,45880
1769593116133491,45910
1769593116176367,45940
1769593116219594,45910
1769593116261979,46000
1769593116304929,45930
1769593116348125,45970
1769593116390737,45950
1769593116433833,46070
1769593116476907,45950
1769593116519873,45980
1769593116562462,46050
1769593116605274,45990
1769593116650176,45930
1769593116693260,46020
1769593116736395,46000
1769593116779691,46030
1769593116822382,46000
1769593116865392,46080
1769593116908414,46080
1769593116951357,46040
1769593116993691,46040
1769593117036956,45970
1769593117080060,46060
1769593117123039,46070
1769593117169735,46010
1769593117212804,46060
1769593117255319,46060
1769593117298270,46040
1769593117341415,46060
1769593117384316,45940
1769593117427340,46040
1769593117470295,46070
1769593117513476,46090
1769593117556285,46040
1769593117599110,46020
1769593117642224,46040
1769593117685279,46070
1769593117729542,46050
1769593117772176,46120
1769593117814390,45980
1769593117857499,45980
1769593117900442,46060
1769593117943532,46000
1769593117986013,46040
1769593118029127,45970
1769593118072030,46000
1769593118115038,45980
1769593118158102,45990
1769593118201310,45940
1769593118244333,46060
1769593118289275,46000
1769593118332208,46000
1769593118375106,45990
1769593118417827,45990
1769593118461047,45980
1769593118503915,45980
1769593118546768,46000
1769593118589942,46000
1769593118633105,46040
1769593118676050,46080
1769593118719261,46030
1769593118761727,46040
1769593118804819,46040
1769593118848833,46010
1769593118891987,46060
1769593118934785,46080
1769593118978036,46030
1769593119021077,46070
1769593119064034,46030
1769593119106766,46030
1769593119149778,46040
1769593119192854,46080
1769593119236073,46060
1769593119279185,45990
1769593119322302,46050
1769593119368599,45930
1769593119410992,46000
1769593119453855,46000
1769593119496855,46010
1769593119539922,46080
1769593119582668,46080
1769593119625811,46120
1769593119668853,46100
1769593119711876,46040
1769593119755054,46040
1769593119797915,46120
1769593119841083,46040
1769593119883559,46110
1769593119928337,46040
1769593119971415,46000
1769593120014470,46120
1769593120057749,46060
1769593120100723,46080
1769593120143687,46110
1769593120186624,45950
1769593120229755,46080
1769593120272980,46020
1769593120316156,46020
1769593120359180,45940
1769593120401962,46040
1769593120448024,46020
1769593120491098,46060
1769593120533452,46040
1769593120576360,45970
1769593120619330,45970
1769593120661783,45970
1769593120704944,45930
1769593120747833,45860
1769593120790196,45960
1769593120833229,46000
1769593120876281,45960
1769593120919394,45990
1769593120962457,45970
1769593121007676,45920
1769593121050488,45910
1769593121094852,45920
1769593121137869,45870
1769593121181025,45840
1769593121224046,45870
1769593121266706,45810
1769593121309886,45750
1769593121353113,45780
1769593121396156,45770
1769593121438748,45760
1769593121481647,45790
1769593121527403,45830
1769593121569839,45690
1769593121612782,45800
1769593121655937,45780
1769593121698884,45790
1769593121741595,45790
1769593121784349,45860
1769593121827294,45800
1769593121869783,45930
1769593121912783,45900
1769593121955860,45950
1769593121998728,45970
1769593122041758,45990
1769593122087386,46050
1769593122129693,45950
1769593122172860,46030
1769593122215966,46080
1769593122258657,46000
1769593122301936,46070
1769593122345142,46080
1769593122387437,45990
1769593122430557,45960
1769593122473572,46010
1769593122516755,46050
1769593122559709,46020
1769593122602442,45910
1769593122647102,45830
1769593122689725,45840
1769593122732855,45840
1769593122775896,45770
1769593122818652,45780
1769593122861845,45830
1769593122904755,45750
1769593122947950,45840
1769593122990530,45790
1769593123033495,45790
1769593123076441,45820
1769593123119157,45690
1769593123162224,45770
1769593123206937,45820
1769593123249829,45830
1769593123292831,45880
1769593123336024,45820
1769593123378992,45820
1769593123422168,45850
1769593123465363,45930
1769593123507716,45890
1769593123550389,45990
1769593123592763,46000
1769593123635667,46030
1769593123678666,46010
1769593123721686,46060
1769593123766861,46070
1769593123809143,46080
1769593123852339,46030
1769593123895376,46100
1769593123938411,46070
1769593123981326,46000
1769593124024422,46020
1769593124067306,46000
1769593124109791,45930
1769593124152944,45930
1769593124195753,45920
1769593124239032,45940
1769593124282101,45900
1769593124326607,45850
1769593124369683,45850
1769593124412902,45860
1769593124456067,45840
1769593124498607,45790
1769593124541647,45850
1769593124584683,45810
1769593124627773,45800
1769593124670866,45740
1769593124713847,45770
1769593124756929,45800
1769593124800228,45790
1769593124846349,45810
1769593124889499,45830
1769593124932075,45820
1769593124975194,45950
1769593125017793,45860
1769593125060851,45940
1769593125104119,45970
1769593125147338,45910
1769593125190226,46040
1769593125233359,45960
1769593125276268,46000
1769593125319184,45980
1769593125361935,46050
1769593125406411,46030
1769593125449413,46070
1769593125492365,46070
1769593125534692,46010
1769593125577844,46040
1769593125620754,46100
1769593125663745,46040
1769593125706902,46010
1769593125749512,46050
1769593125792588,46020
1769593125835681,45890
1769593125878820,45940
1769593125921771,45920
1769593125966212,45870
1769593126009289,45870
1769593126052452,45830
1769593126095525,45850
1769593126138485,45780
1769593126181280,45780
1769593126224423,45810
1769593126267133,45860
1769593126309803,45790
1769593126353002,45830
1769593126396105,45760
1769593126439092,45740
1769593126481997,45760
1769593126525934,45790
1769593126568648,45810
1769593126611517,45800
1769593126654597,45910
1769593126697765,45860
1769593126740845,45930
1769593126783286,45900
1769593126825809,46000
1769593126868667,45960
1769593126911745,45980
1769593126954795,46030
1769593126997903,46050
1769593127040596,46080
1769593127085981,46040
1769593127128987,46100
1769593127172135,46030
1769593127215239,46130
1769593127258569,45940
1769593127301636,45880
1769593127344370,45850
1769593127387130,45860
1769593127430590,45820
1769593127473597,45830
1769593127516798,45770
1769593127559757,45770
1769593127605633,45700
1769593127648738,45830
1769593127691916,45770
1769593127734355,45810
1769593127777375,45830
1769593127820511,45810
1769593127863370,45790
1769593127906358,45790
1769593127949451,45810
1769593127992548,45870
1769593128035478,45870
1769593128078602,45890
1769593128125708,45920
1769593128168787,45920
1769593128211876,45990
1769593128254828,45980
1769593128298002,46030
1769593128341276,46060
1769593128384370,46030
1769593128427363,46060
1769593128470349,46060
1769593128513069,46010
1769593128555513,46030
1769593128598111,46040
1769593128641262,46020
1769593128685544,46000
1769593128728684,45930
1769593128771883,45890
1769593128815131,45890
1769593128858054,45940
1769593128901196,45920
1769593128944048,45890
1769593128986827,45890
1769593129029624,45800
1769593129072747,45860
1769593129115910,45850
1769593129158539,45820
1769593129205360,45770
1769593129248450,45730
1769593129291584,45830
1769593129334189,45790
1769593129377304,45730
1769593129420588,45770
1769593129463735,45760
1769593129506912,45820
1769593129549828,45810
1769593129592871,45830
1769593129635811,45770
1769593129678382,45740
1769593129725169,45820
1769593129767593,45510
