unix_timestamp,active_power (mW)
1769590172344666,43940
1769590172387480,43930
1769590172430005,44310
1769590172472929,44260
1769590172518100,44340
1769590172561080,44260
1769590172604092,44340
1769590172647384,44290
1769590172690425,44250
1769590172732765,44230
1769590172775838,44230
1769590172818615,44300
1769590172861599,44270
1769590172904693,44190
1769590172947578,44190
1769590172991142,44150
1769590173038133,44200
1769590173081249,44160
1769590173124147,44130
1769590173167361,44120
1769590173209810,44230
1769590173253010,44200
1769590173295471,44150
1769590173337744,44250
1769590173380966,44240
1769590173423396,44310
1769590173466382,44250
1769590173509426,44320
1769590173552334,44260
1769590173598216,44280
1769590173641206,44190
1769590173683513,44290
1769590173726644,44290
1769590173769851,44280
1769590173813105,44280
1769590173856180,44330
1769590173899196,44290
1769590173941731,44330
1769590173984876,44250
1769590174027928,44280
1769590174070902,44250
1769590174113908,44270
1769590174158332,44150
1769590174201457,44230
1769590174243828,44190
1769590174286835,44170
1769590174329902,44200
1769590174373037,44190
1769590174416089,44240
1769590174459022,44170
1769590174502268,44160
1769590174545453,44220
1769590174588491,44250
1769590174631483,44250
1769590174673816,44250
1769590174718380,44220
1769590174761093,44250
1769590174804169,44350
1769590174847263,44290
1769590174890398,44250
1769590174932853,44230
1769590174975801,44250
1769590175019031,44220
1769590175061927,44190
1769590175104323,44240
1769590175146961,44110
1769590175189442,44260
1769590175232277,44240
1769590175278458,44190
1769590175320919,44180
1769590175363830,44230
1769590175406962,44220
1769590175450192,44200
1769590175493166,44220
1769590175536283,44230
1769590175578754,44230
1769590175621758,44260
1769590175664805,44190
1769590175707764,44260
1769590175750720,44250
1769590175793786,44210
1769590175838629,44320
1769590175881336,44230
1769590175924273,44260
1769590175967099,44210
1769590176009865,44250
1769590176052882,44230
1769590176095854,44190
1769590176138893,44210
1769590176182051,44170
1769590176224942,44160
1769590176267863,44160
1769590176310564,44200
1769590176353636,44180
1769590176398640,44250
1769590176441491,44230
1769590176485023,44240
1769590176528379,44310
1769590176571055,44310
1769590176613886,44390
1769590176656859,44360
1769590176699958,44340
1769590176742731,44240
1769590176785852,44300
1769590176828789,44290
1769590176871733,44380
1769590176914497,44370
1769590176958865,44310
1769590177001992,44320
1769590177044957,44350
1769590177088221,44390
1769590177131062,44380
1769590177173894,44350
1769590177216232,44420
1769590177258798,44360
1769590177301880,44400
1769590177344930,44270
1769590177387884,44410
1769590177430821,44380
1769590177473890,44320
1769590177518827,44290
1769590177562002,44280
1769590177605115,44280
1769590177648226,44250
1769590177690965,44230
1769590177733960,44230
1769590177777065,44270
1769590177820108,44250
1769590177863251,44270
1769590177905707,44190
1769590177948892,44210
1769590177992025,44210
1769590178039067,44180
1769590178082136,44250
1769590178125310,44170
1769590178168562,44170
1769590178211159,44190
1769590178253757,44280
1769590178296832,44240
1769590178339702,44200
1769590178382211,44250
1769590178425399,44190
1769590178468562,44290
1769590178511487,44230
1769590178554498,44290
1769590178599179,44280
1769590178641906,44330
1769590178685066,44300
1769590178728021,44240
1769590178770541,44240
1769590178813728,44280
1769590178856740,44270
1769590178899733,44240
1769590178942662,44260
1769590178985566,44300
1769590179028478,44220
1769590179071247,44200
1769590179114681,44190
1769590179159305,44290
1769590179202456,44250
1769590179245538,44230
1769590179288597,44270
1769590179331763,44240
1769590179374709,44300
1769590179417817,44280
1769590179461055,44340
1769590179504074,44230
1769590179546449,44300
1769590179589561,44260
1769590179632665,44250
1769590179679357,44320
1769590179722509,44310
1769590179765618,44370
1769590179808615,44320
1769590179851754,44230
1769590179894744,44330
1769590179937824,44310
1769590179981060,44290
1769590180023977,44310
1769590180067039,44290
1769590180110037,44300
1769590180153058,44310
1769590180199427,44290
1769590180241734,44420
1769590180284751,44290
1769590180327204,44330
1769590180370232,44370
1769590180413428,44290
1769590180456445,44330
1769590180499442,44290
1769590180542651,44310
1769590180585556,44420
1769590180628341,44330
1769590180671494,44300
1769590180714423,44330
1769590180759500,44400
1769590180801934,44430
1769590180844263,44360
1769590180886809,44330
1769590180929840,44300
1769590180972913,44340
1769590181015836,44370
1769590181058363,44310
1769590181101578,44260
1769590181144719,44350
1769590181187958,44290
1769590181230939,44320
1769590181273845,44330
1769590181319459,44260
1769590181361902,44380
1769590181404977,44280
1769590181448159,44350
1769590181491200,44340
1769590181533786,44410
1769590181577031,44370
1769590181620087,44370
1769590181663192,44400
1769590181706430,44390
1769590181749593,44370
1769590181792533,44390
1769590181835281,44420
1769590181879802,44440
1769590181922710,44410
1769590181965199,44400
1769590182008228,44460
1769590182051202,44390
1769590182094308,44380
1769590182137438,44430
1769590182180492,44380
1769590182223455,44430
1769590182265811,44450
1769590182308981,44360
1769590182351852,44440
1769590182395028,44470
1769590182439784,44460
1769590182482446,44380
1769590182525320,44360
1769590182568212,44450
1769590182611083,44360
1769590182653892,44370
1769590182696761,44440
1769590182739342,44490
1769590182782158,44360
1769590182824832,44360
1769590182867987,44390
1769590182911093,44390
1769590182953760,44420
1769590182999839,44360
1769590183042236,44400
1769590183085354,44430
1769590183128384,44380
1769590183171171,44340
1769590183214862,44460
1769590183257133,44390
1769590183300008,44400
1769590183342912,44340
1769590183386053,44500
1769590183429125,44430
1769590183472231,44390
1769590183515124,44390
1769590183559863,44360
1769590183602550,44310
1769590183645639,44390
1769590183688654,44420
1769590183731529,44390
1769590183774724,44370
1769590183817922,44390
1769590183860079,44440
1769590183903208,44400
1769590183946208,44380
1769590183989460,44360
1769590184032554,44460
1769590184075447,44370
1769590184119966,44360
1769590184163130,44370
1769590184206280,44440
1769590184250179,44350
1769590184293446,44440
1769590184336310,44400
1769590184379339,44400
1769590184421547,44410
1769590184464396,44370
1769590184507464,44410
1769590184550506,44450
1769590184593610,44420
1769590184639967,44450
1769590184683161,44390
1769590184726317,44420
1769590184769211,44420
1769590184812029,44450
1769590184854689,44410
1769590184897741,44380
1769590184940937,44440
1769590184984012,44380
1769590185027109,44410
1769590185070189,44400
1769590185113362,44370
1769590185159933,44330
1769590185202968,44310
1769590185245932,44380
1769590185289130,44380
1769590185332016,44410
1769590185374723,44360
1769590185417404,44330
1769590185459760,44390
1769590185502304,44380
1769590185545264,44350
1769590185588424,44390
1769590185631530,44350
1769590185674493,44300
1769590185719988,44310
1769590185763084,44320
1769590185806300,44360
1769590185849420,44300
1769590185891737,44350
1769590185934783,44310
1769590185977878,44280
1769590186020862,44370
1769590186063887,44200
1769590186106989,44330
1769590186149982,44300
1769590186193110,44390
1769590186235463,44330
1769590186279974,44270
1769590186322628,44350
1769590186365429,44310
1769590186408401,44330
1769590186451690,44300
1769590186494730,44250
1769590186537912,44310
1769590186580991,44310
1769590186624162,44280
1769590186667021,44320
1769590186710081,44260
1769590186753143,44240
1769590186799933,44240
1769590186842689,44300
1769590186885733,44240
1769590186928002,44300
1769590186971097,44250
1769590187014185,44330
1769590187057236,44280
1769590187100111,44310
1769590187143010,44270
1769590187185834,44380
1769590187228973,44310
1769590187272653,44310
