unix_timestamp,active_power (mW)
1769594159997470,43980
1769594160040042,45160
1769594160082571,45950
1769594160125483,45950
1769594160168529,45870
1769594160211475,45870
1769594160254678,45880
1769594160297200,45890
1769594160343880,45880
1769594160386958,45880
1769594160429893,45910
1769594160472760,45720
1769594160515728,45810
1769594160558826,45780
1769594160601656,45790
1769594160644754,45820
1769594160687673,45800
1769594160730340,45840
1769594160773461,45920
1769594160816603,45940
1769594160859855,45940
1769594160903810,45960
1769594160946559,46060
1769594160989784,46130
1769594161032756,46050
1769594161075593,46140
1769594161118758,46170
1769594161161913,46080
1769594161204713,46050
1769594161247637,46110
1769594161290517,46070
1769594161333586,46110
1769594161376633,46110
1769594161419534,46030
1769594161463750,46050
1769594161506481,46020
1769594161549749,45990
1769594161592802,46060
1769594161635796,45930
1769594161679127,45870
1769594161721728,45800
1769594161764718,45850
1769594161807303,45830
1769594161850201,45870
1769594161893328,45950
1769594161936273,45920
1769594161978602,45840
1769594162023375,45770
1769594162066479,45810
1769594162109580,45850
1769594162152605,45840
1769594162195892,45850
1769594162238960,45840
1769594162281643,45870
1769594162324661,45910
1769594162367594,45920
1769594162410261,45920
1769594162453294,45970
1769594162496422,45960
1769594162539460,45980
1769594162583372,46010
1769594162626365,46050
1769594162669447,46060
1769594162712549,46040
1769594162755450,45950
1769594162797876,45930
1769594162840833,45940
1769594162883773,45930
1769594162926739,46010
1769594162969974,45910
1769594163012690,45840
1769594163055508,45830
1769594163098616,45810
1769594163143133,45840
1769594163185741,45850
1769594163228766,45860
1769594163271789,45810
1769594163314645,45830
1769594163357815,45840
1769594163400290,45810
1769594163443454,45790
1769594163485725,45770
1769594163528823,45760
1769594163571822,45830
1769594163614346,45810
1769594163657143,45860
1769594163702825,45880
1769594163745818,45910
1769594163788853,45920
1769594163831992,45980
1769594163874653,45910
1769594163917820,45950
1769594163960929,45980
1769594164003982,46010
1769594164047005,45940
1769594164090170,45990
1769594164133115,46050
1769594164176024,46080
1769594164222779,46110
1769594164265895,46070
1769594164308759,46050
1769594164351625,46070
1769594164394437,46070
1769594164437550,45990
1769594164480680,45960
1769594164523655,45950
1769594164566779,45940
1769594164609655,45920
1769594164652593,45950
1769594164696182,45890
1769594164742542,45960
1769594164785683,45960
1769594164828840,45910
1769594164871838,45860
1769594164914494,45900
1769594164957719,45870
1769594165000074,45860
1769594165042726,45780
1769594165085792,45860
1769594165128730,45840
1769594165171605,45820
1769594165214722,45850
1769594165257822,45920
1769594165302336,45870
1769594165345480,45900
1769594165388735,45900
1769594165431512,45980
1769594165474359,45900
1769594165517612,45910
1769594165560849,45880
1769594165603674,45990
1769594165646582,45990
1769594165689725,45990
1769594165732049,46120
1769594165774631,46150
1769594165817659,46090
1769594165862306,46040
1769594165905418,45980
1769594165948519,46030
1769594165991464,46040
1769594166033750,45890
1769594166076728,45920
1769594166119559,45940
1769594166162772,45960
1769594166205889,45930
1769594166249046,45890
1769594166291582,45850
1769594166334835,45880
1769594166377888,45830
1769594166421993,45840
1769594166465046,45780
1769594166508207,45840
1769594166551545,45800
1769594166594608,45780
1769594166637599,45850
1769594166680777,45870
1769594166723191,45910
1769594166765853,45890
1769594166808971,45890
1769594166852209,45900
1769594166895458,45940
1769594166937929,45900
1769594166981838,45990
1769594167024900,46010
1769594167067840,46120
1769594167110732,46060
1769594167153848,46090
1769594167196845,46080
1769594167239569,46130
1769594167281817,46070
1769594167324805,46110
1769594167367753,46080
1769594167410754,46080
1769594167453354,46050
1769594167496335,46010
1769594167541769,46020
1769594167584756,45950
1769594167627600,46000
1769594167670545,45890
1769594167713709,45900
1769594167756610,45910
1769594167799724,45840
1769594167842478,45860
1769594167885730,45900
1769594167928635,45870
1769594167971329,45840
1769594168014863,45830
1769594168057574,45780
1769594168101544,45710
1769594168144690,45850
1769594168187900,45890
1769594168230719,45950
1769594168273852,45910
1769594168316955,45880
1769594168360018,45970
1769594168403055,45930
1769594168446366,45900
1769594168488910,46000
1769594168531776,46000
1769594168574278,46010
1769594168617403,46100
1769594168661415,46060
1769594168704361,46080
1769594168747388,46070
1769594168789933,46110
1769594168832795,46060
1769594168875910,46030
1769594168919104,46010
1769594168962192,45990
1769594169005147,46030
1769594169048367,46020
1769594169090908,45940
1769594169133444,45970
1769594169176539,45970
1769594169221333,45890
1769594169264285,45800
1769594169307513,45860
1769594169350439,45750
1769594169393585,45830
1769594169436462,45810
1769594169479464,45770
1769594169522465,45850
1769594169565575,45860
1769594169608757,45840
1769594169651839,45850
1769594169694911,45820
1769594169740957,45810
1769594169783853,45930
1769594169826471,45870
1769594169869532,45940
1769594169912402,45880
1769594169955659,45900
1769594169998728,45990
1769594170041695,45910
1769594170084685,45940
1769594170127528,46000
1769594170170640,46000
1769594170213370,46010
1769594170256461,46020
1769594170301118,46020
1769594170344187,46070
1769594170387334,46090
1769594170429834,46070
1769594170472738,46010
1769594170515198,46050
1769594170557804,46050
1769594170600772,46020
1769594170643286,46060
1769594170686379,46070
1769594170729124,46070
1769594170771956,46010
1769594170814499,46030
1769594170860887,45910
1769594170904028,45940
1769594170946380,45920
1769594170988629,45900
1769594171031274,45840
1769594171074311,45890
1769594171117424,45870
1769594171160661,45790
1769594171203815,45780
1769594171246404,45860
1769594171289622,45810
1769594171332774,45710
1769594171375920,45830
1769594171420743,45810
1769594171463751,45840
1769594171507025,45790
1769594171549576,45770
1769594171592791,45850
1769594171635587,45910
1769594171678174,45880
1769594171721346,45930
1769594171764310,45880
1769594171807135,45900
1769594171849880,45980
1769594171892832,45920
1769594171935873,46010
1769594171980784,46100
1769594172023533,46060
1769594172065959,46070
1769594172108948,46070
1769594172151715,46040
1769594172194947,46070
1769594172238071,46100
1769594172281234,46120
1769594172324484,46010
1769594172367637,46060
1769594172410396,46040
1769594172453509,46040
1769594172496658,46050
1769594172540619,45930
1769594172583660,45950
1769594172626597,45890
1769594172669391,45900
1769594172712554,45860
1769594172755901,45850
1769594172798457,45920
1769594172841693,45910
1769594172884831,45860
1769594172927887,45880
1769594172971234,45770
1769594173014245,45850
1769594173060496,45840
1769594173103592,45830
1769594173146735,45860
1769594173189549,45860
1769594173232790,45920
1769594173275758,45860
1769594173318903,45910
1769594173361732,45920
1769594173404844,45980
1769594173447872,45980
1769594173490628,45960
1769594173533683,46130
1769594173580377,46120
1769594173623223,46090
1769594173666400,46100
1769594173709656,46080
1769594173752744,46100
1769594173795659,46050
1769594173838370,46070
1769594173881374,45960
1769594173924483,45950
1769594173967703,45890
1769594174009976,45960
1769594174052863,45890
1769594174095752,45910
1769594174140174,45890
1769594174183276,45870
1769594174225643,45850
1769594174268231,45800
1769594174311443,45810
1769594174354209,45860
1769594174397281,45810
1769594174440359,45850
1769594174483511,45790
1769594174525969,45790
1769594174568796,45840
1769594174611440,45840
1769594174654565,45870
1769594174699991,45970
1769594174742721,45980
1769594174785841,45930
1769594174828939,46060
1769594174871807,45980
1769594174914658,45990
1769594174957855,46040
1769594175000901,46070
1769594175043962,46040
1769594175087081,45980
1769594175129865,46060
1769594175172520,46100
1769594175215662,46090
1769594175259913,46050
1769594175302569,46020
1769594175345628,46110
1769594175388852,46100
1769594175431633,46040
1769594175474461,46140
1769594175517616,46080
1769594175560746,46060
1769594175603771,46120
1769594175646733,46000
1769594175689751,46040
1769594175732211,45980
1769594175774832,45450
