unix_timestamp,active_power (mW)
1774625499489130,49360
1774625499531388,49500
1774625499573803,49780
1774625499616902,49790
1774625499659874,49720
1774625499702785,49760
1774625499745756,49850
1774625499788921,49800
1774625499835083,49810
1774625499878120,49700
1774625499921124,49760
1774625499964299,49810
1774625500007077,49840
1774625500050280,49710
1774625500093162,49830
1774625500136168,49790
1774625500179242,49890
1774625500221659,49790
1774625500264697,49860
1774625500307084,49770
1774625500349678,49780
1774625500395075,49690
1774625500438167,49680
1774625500481266,49950
1774625500524235,49840
1774625500566975,49710
1774625500610015,49790
1774625500653089,49870
1774625500696069,49720
1774625500739174,49740
1774625500782342,49710
1774625500825367,49660
1774625500868430,49760
1774625500915018,49680
1774625500957723,49750
1774625501000814,49710
1774625501043874,49690
1774625501086538,49710
1774625501129771,49830
1774625501172967,49770
1774625501216081,49810
1774625501259051,49780
1774625501301801,49800
1774625501344950,49790
1774625501388033,49720
1774625501434654,49840
1774625501477790,49900
1774625501520940,49850
1774625501563785,49780
1774625501606981,49790
1774625501650054,49690
1774625501693082,49730
1774625501736173,49820
1774625501779245,49790
1774625501822226,49870
1774625501865261,49840
1774625501908295,49840
1774625501954551,49920
1774625501997721,49860
1774625502040958,49830
1774625502084153,49780
1774625502127291,49870
1774625502169842,49780
1774625502212959,49840
1774625502255851,49710
1774625502299012,49630
1774625502342009,49670
1774625502385154,49580
1774625502428294,49610
1774625502474464,49620
1774625502517606,49620
1774625502559925,49670
1774625502602960,49600
1774625502645993,49750
1774625502689035,49650
1774625502731969,49700
1774625502774642,49660
1774625502817759,49650
1774625502860943,49620
1774625502903839,49670
1774625502946970,49710
1774625502989781,49760
1774625503034195,49670
1774625503076931,49710
1774625503119410,49670
1774625503162096,49660
1774625503205280,49670
1774625503248267,49690
1774625503291328,49720
1774625503334434,49670
1774625503377477,49720
1774625503420572,49620
1774625503463768,49700
1774625503506653,49650
1774625503553767,49730
1774625503596950,49690
1774625503639745,49670
1774625503682679,49670
1774625503725632,49630
1774625503768714,49670
1774625503811878,49710
1774625503854590,49690
1774625503897580,49710
1774625503940676,49780
1774625503983759,49690
1774625504026763,49620
1774625504073570,49630
1774625504116681,49630
1774625504159884,49730
1774625504203099,49740
1774625504246244,49710
1774625504288741,49730
1774625504331629,49690
1774625504374807,49700
1774625504417598,49660
1774625504460772,49660
1774625504503940,49700
1774625504546704,49790
1774625504593366,49660
1774625504636435,49630
1774625504679538,49640
1774625504722422,49620
1774625504765507,49650
1774625504808401,49710
1774625504851388,49690
1774625504894023,49650
1774625504937030,49680
1774625504980145,49640
1774625505023354,49620
1774625505066543,49660
1774625505113000,49640
1774625505156102,49580
1774625505199259,49560
1774625505242259,49590
1774625505285300,49690
1774625505328136,49670
1774625505371255,49640
1774625505414216,49720
1774625505457288,49650
1774625505500091,49660
1774625505542627,49600
1774625505585904,49650
1774625505632637,49650
1774625505675468,49660
1774625505718590,49690
1774625505761790,49640
1774625505805004,49640
1774625505847902,49610
1774625505890915,49680
1774625505933885,49730
1774625505977108,49680
1774625506020318,49720
1774625506063440,49740
1774625506105789,49680
1774625506152321,49660
1774625506195224,49630
1774625506238337,49700
1774625506281220,49690
1774625506324304,49750
1774625506367272,49580
1774625506410367,49650
1774625506453263,49770
1774625506496315,49640
1774625506539239,49890
1774625506581793,49650
1774625506624920,49690
1774625506668183,49590
1774625506712044,49740
1774625506755147,49610
1774625506798092,49770
1774625506841387,49680
1774625506884413,49780
1774625506927620,49660
1774625506970393,49630
1774625507013373,49700
1774625507056396,49670
1774625507099322,49720
1774625507142298,49660
1774625507185270,49670
1774625507231864,49600
1774625507274854,49690
1774625507317763,49740
1774625507360827,49700
1774625507404035,49700
1774625507446856,49620
1774625507489726,49620
1774625507532805,49640
1774625507575824,49680
1774625507618644,49740
1774625507661763,49740
1774625507705074,49640
1774625507751517,49690
1774625507794626,49630
1774625507837796,49670
1774625507880987,49760
1774625507923840,49670
1774625507966928,49640
1774625508009859,49660
1774625508053042,49700
1774625508096275,49640
1774625508139345,49640
1774625508182475,49670
1774625508225398,49660
1774625508271244,49660
1774625508314325,49640
1774625508357126,49780
1774625508400337,49680
1774625508443342,49760
1774625508486317,49830
1774625508529350,49670
1774625508572412,49680
1774625508615590,49770
1774625508658813,49730
1774625508701856,49730
1774625508744920,49730
1774625508790957,49710
1774625508834083,49690
1774625508877251,49460
1774625508920457,49560
1774625508963523,49690
1774625509006625,49630
1774625509049740,49700
1774625509092872,49690
1774625509135680,49710
1774625509178785,49780
1774625509221710,49750
1774625509264290,49670
1774625509310663,49660
1774625509353786,49720
1774625509396974,49760
1774625509440167,49650
1774625509483281,49680
1774625509525727,49730
1774625509568842,49690
1774625509611755,49750
1774625509654764,49720
1774625509697742,49700
1774625509740748,49690
1774625509783870,49700
1774625509830591,49620
1774625509873802,49690
1774625509916850,49630
1774625509960048,49670
1774625510003182,49610
1774625510046237,49640
1774625510089363,49680
1774625510132443,49690
1774625510175406,49650
1774625510218277,49690
1774625510261473,49650
1774625510304101,49520
1774625510350122,49620
1774625510393155,49660
1774625510436355,49710
1774625510479425,49700
1774625510522415,49700
1774625510565681,49680
1774625510608812,49640
1774625510651878,49660
1774625510694840,49610
1774625510738002,49560
1774625510781154,49560
1774625510824349,49610
1774625510869796,49480
1774625510912885,49530
1774625510956079,49510
1774625510999120,49500
1774625511042076,49580
1774625511085251,49560
1774625511128173,49490
1774625511171145,49550
1774625511214303,49550
1774625511257307,49510
1774625511300294,49500
1774625511343299,49620
1774625511389639,49590
1774625511432610,49570
1774625511475781,49600
1774625511518603,49490
1774625511561845,49570
1774625511604990,49460
1774625511648100,49550
1774625511690981,49550
1774625511733912,49580
1774625511776398,49580
1774625511819534,49560
1774625511862642,49540
1774625511909322,49570
1774625511952385,49590
1774625511995102,49600
1774625512038085,49570
1774625512081433,49570
1774625512124418,49600
1774625512167323,49510
1774625512210412,49520
1774625512253298,49550
1774625512296374,49540
1774625512339369,49410
1774625512382391,49610
1774625512429033,49620
1774625512472091,49500
1774625512515195,49640
1774625512558392,49480
1774625512601406,49550
1774625512644380,49620
1774625512687358,49540
1774625512730458,49600
1774625512773349,49590
1774625512816344,49530
1774625512859441,49540
1774625512902006,49520
1774625512948752,49520
1774625512991810,49530
1774625513035112,49530
1774625513077695,49550
1774625513120871,49600
1774625513163836,49550
1774625513207067,49570
1774625513250204,49530
1774625513293206,49520
1774625513336308,49580
1774625513379447,49510
1774625513422543,49480
1774625513468465,49450
1774625513511692,49470
1774625513554410,49520
1774625513597580,49580
1774625513640674,49560
1774625513683674,49530
1774625513726780,49490
1774625513769654,49580
1774625513812815,49600
1774625513855283,49480
