unix_timestamp,active_power (mW)
1774627430941242,49310
1774627430986706,49320
1774627431029056,49280
1774627431072185,49300
1774627431115248,49420
1774627431158185,49440
1774627431201155,49280
1774627431244350,49230
1774627431287105,49260
1774627431330257,49300
1774627431373351,49380
1774627431416416,49380
1774627431459415,49320
1774627431501876,49440
1774627431546279,49420
1774627431589047,49260
1774627431632218,49330
1774627431675364,49380
1774627431717735,49380
1774627431760861,49320
1774627431803824,49300
1774627431846855,49280
1774627431889778,49460
1774627431932940,49370
1774627431976070,49250
1774627432018666,49290
1774627432061858,49350
1774627432105674,49380
1774627432148873,49320
1774627432191846,49370
1774627432234889,49340
1774627432278007,49270
1774627432321070,49300
1774627432364134,49390
1774627432407018,49330
1774627432450077,49330
1774627432493169,49320
1774627432536349,49330
1774627432579521,49450
1774627432625456,49340
1774627432668456,49360
1774627432711184,49450
1774627432753998,49250
1774627432797212,49400
1774627432840278,49410
1774627432883449,49320
1774627432926209,49280
1774627432969256,49280
1774627433012256,49340
1774627433055380,49390
1774627433098455,49350
1774627433144675,49360
1774627433187880,49330
1774627433230504,49360
1774627433273757,49370
1774627433317019,49350
1774627433360066,49430
1774627433403339,49200
1774627433446166,49360
1774627433489323,49350
1774627433532446,49440
1774627433575273,49230
1774627433618439,49410
1774627433664236,49390
1774627433707319,49310
1774627433750476,49300
1774627433793578,49270
1774627433836460,49230
1774627433879576,49320
1774627433922777,49290
1774627433965609,49310
1774627434008831,49200
1774627434051896,49320
1774627434094947,49330
1774627434137798,49270
1774627434183505,49310
1774627434226470,49380
1774627434269318,49250
1774627434312450,49390
1774627434355067,49420
1774627434398534,49410
1774627434441606,49380
1774627434484729,49310
1774627434528006,49520
1774627434571115,49270
1774627434613551,49260
1774627434656733,49400
1774627434702847,49220
1774627434745896,49400
1774627434788925,49300
1774627434831967,49360
1774627434874809,49390
1774627434917938,49330
1774627434960889,49350
1774627435003858,49330
1774627435046951,49270
1774627435089724,49330
1774627435132722,49370
1774627435175530,49370
1774627435222519,49320
1774627435265471,49330
1774627435308488,49390
1774627435351438,49260
1774627435393814,49290
1774627435436878,49160
1774627435480016,49220
1774627435523163,49320
1774627435566373,49350
1774627435609434,49230
1774627435652569,49230
1774627435695472,49320
1774627435741805,49340
1774627435784805,49360
1774627435827924,49440
1774627435871123,49460
1774627435914399,49320
1774627435957466,49350
1774627436000370,49380
1774627436043341,49270
1774627436086345,49250
1774627436129364,49430
1774627436172577,49310
1774627436215172,49250
1774627436261278,49390
1774627436304274,49320
1774627436346659,49380
1774627436389737,49290
1774627436432824,49400
1774627436475871,49400
1774627436518552,49390
1774627436561621,49320
1774627436604706,49320
1774627436647972,49380
1774627436691157,49360
1774627436734305,49390
1774627436780777,49320
1774627436823802,49380
1774627436867006,49390
1774627436910251,49340
1774627436953327,49270
1774627436996510,49440
1774627437039615,49340
1774627437082600,49360
1774627437125594,49270
1774627437168573,49310
1774627437211399,49340
1774627437254499,49290
1774627437300309,49250
1774627437343088,49310
1774627437386265,49350
1774627437429409,49250
1774627437472434,49220
1774627437515300,49290
1774627437557826,49210
1774627437601014,49320
1774627437643891,49270
1774627437687052,49240
1774627437729566,49230
1774627437772578,49370
1774627437815334,49270
1774627437859737,49250
1774627437902925,49270
1774627437945657,49240
1774627437988800,49230
1774627438031729,49290
1774627438074831,49270
1774627438117865,49400
1774627438160456,49260
1774627438203359,49350
1774627438245832,49230
1774627438289014,49430
1774627438332179,49360
1774627438379384,49250
1774627438422086,49310
1774627438465188,49270
1774627438508148,49300
1774627438550864,49380
1774627438593997,49170
1774627438636967,49330
1774627438680115,49340
1774627438722954,49290
1774627438765400,49210
1774627438808257,49340
1774627438851440,49280
1774627438894560,49340
1774627438938927,49280
1774627438981605,49190
1774627439024631,49290
1774627439067738,49300
1774627439110909,49290
1774627439154083,49240
1774627439197192,49330
1774627439240295,49330
1774627439283184,49280
1774627439326240,49370
1774627439368881,49330
1774627439412024,49320
1774627439458532,49360
1774627439501518,49200
1774627439544012,49370
1774627439587054,49430
1774627439630145,49350
1774627439673223,49360
1774627439716436,49420
1774627439759464,49360
1774627439802470,49410
1774627439845596,49340
1774627439888618,49360
1774627439931600,49240
1774627439978138,49380
1774627440020685,49380
1774627440063784,49330
1774627440106880,49330
1774627440149717,49390
1774627440192527,49310
1774627440235627,49350
1774627440278844,49380
1774627440322020,49320
1774627440365167,49330
1774627440408178,49300
1774627440451259,49340
1774627440497686,49320
1774627440540779,49350
1774627440583999,49160
1774627440627205,49280
1774627440670344,49380
1774627440713405,49370
1774627440756427,49380
1774627440799321,49490
1774627440841841,49400
1774627440885060,49400
1774627440928153,49340
1774627440971462,49350
1774627441017523,49300
1774627441060574,49430
1774627441103776,49360
1774627441146975,49410
1774627441189664,49350
1774627441232581,49240
1774627441275696,49440
1774627441318395,49380
1774627441361358,49390
1774627441404338,49260
1774627441447484,49220
1774627441490668,49200
1774627441537188,49300
1774627441580200,49260
1774627441622800,49470
1774627441665946,49370
1774627441709073,49440
1774627441752001,49290
1774627441794576,49300
1774627441837636,49330
1774627441880663,49350
1774627441923715,49230
1774627441966936,49410
1774627442009713,49360
1774627442052720,49360
1774627442097088,49260
1774627442140123,49190
1774627442183181,49260
1774627442226136,49340
1774627442269203,49370
1774627442312236,49370
1774627442355266,49360
1774627442398349,49290
1774627442441375,49350
1774627442484470,49220
1774627442527529,49360
1774627442570568,49400
1774627442616633,49320
1774627442659369,49330
1774627442702403,49320
1774627442745424,49280
1774627442788600,49350
1774627442831654,49350
1774627442874279,49370
1774627442917444,49380
1774627442960232,49340
1774627443003221,49320
1774627443046396,49350
1774627443089485,49360
1774627443136471,49320
1774627443179467,49340
1774627443221875,49280
1774627443264540,49400
1774627443307698,49390
1774627443350907,49290
1774627443393825,49310
1774627443436877,49340
1774627443479861,49280
1774627443522971,49360
1774627443566145,49310
1774627443609353,49350
1774627443656158,49260
1774627443699347,49320
1774627443742313,49350
1774627443784948,49400
1774627443827970,49320
1774627443870890,49290
1774627443914052,49360
1774627443957065,49330
1774627444000149,49370
1774627444043406,49350
1774627444086178,49400
1774627444129290,49370
1774627444175848,49280
1774627444218892,49280
1774627444261971,49260
1774627444305202,49280
1774627444348438,49270
1774627444391263,49320
1774627444434455,49330
1774627444477576,49500
1774627444520560,49470
1774627444563661,49140
1774627444606616,49330
1774627444649802,49270
1774627444695413,49360
1774627444738563,49360
1774627444781440,49320
1774627444824402,49390
1774627444867423,49320
1774627444909903,49350
1774627444952994,49320
1774627444996021,49290
1774627445039206,49410
1774627445082270,49340
1774627445125604,49330
1774627445168672,49270
1774627445215199,49330
1774627445258347,49290
1774627445301527,49330
1774627445344664,49260
1774627445387820,49230
1774627445430551,49330
1774627445473437,49320
1774627445516163,49350
1774627445559056,49340
1774627445602162,49380
1774627445645304,49440
1774627445688432,49280
1774627445734973,49370
1774627445778042,49400
1774627445820920,49390
1774627445864067,49320
1774627445907296,49360
1774627445950296,49270
1774627445993475,49450
1774627446036499,49380
1774627446079476,49400
1774627446122572,49400
1774627446165641,49370
1774627446208697,49270
1774627446254783,49340
