unix_timestamp,active_power (mW)
1774622667891289,50170
1774622667933644,50070
1774622667976646,50070
1774622668019585,50240
1774622668062529,50080
1774622668106876,50180
1774622668149586,50200
1774622668192558,50130
1774622668235711,50200
1774622668278322,50200
1774622668321561,50130
1774622668364792,50170
1774622668408008,50110
1774622668451166,50110
1774622668493541,50310
1774622668536709,50210
1774622668579778,50140
1774622668622490,50130
1774622668667136,50090
1774622668709637,50250
1774622668752757,50210
1774622668795843,50190
1774622668838675,50120
1774622668881950,50090
1774622668924469,50080
1774622668967625,50280
1774622669010605,50220
1774622669053709,50180
1774622669096596,50170
1774622669139563,50240
1774622669182565,50250
1774622669227636,50210
1774622669270641,50230
1774622669313563,50110
1774622669356634,50140
1774622669399690,50210
1774622669442707,50110
1774622669485811,50230
1774622669528740,50120
1774622669571646,50110
1774622669614619,50120
1774622669657591,50160
1774622669700614,50120
1774622669743710,50170
1774622669787904,50150
1774622669831079,50090
1774622669874166,50150
1774622669917189,50110
1774622669960196,50170
1774622670003359,50010
1774622670046525,50190
1774622670089582,50140
1774622670132733,50130
1774622670175701,50170
1774622670218857,50190
1774622670261584,50130
1774622670304215,50180
1774622670348235,50110
1774622670391426,50180
1774622670434539,50200
1774622670477681,50120
1774622670520640,50240
1774622670563344,50150
1774622670605799,50220
1774622670648960,50150
1774622670692082,50160
1774622670735121,50250
1774622670778171,50230
1774622670821318,50100
1774622670864512,50180
1774622670908600,50100
1774622670951727,50220
1774622670994737,50220
1774622671037738,50240
1774622671080716,50200
1774622671123708,50110
1774622671166749,50150
1774622671209768,50120
1774622671252823,50150
1774622671295486,50080
1774622671338524,50140
1774622671381501,50170
1774622671424384,50140
1774622671468808,50100
1774622671511692,50110
1774622671554615,50150
1774622671597829,50190
1774622671640700,50120
1774622671683843,50180
1774622671726819,50180
1774622671769875,50170
1774622671812922,50150
1774622671855854,50230
1774622671898582,50190
1774622671941659,50250
1774622671984712,50280
1774622672029160,50060
1774622672072318,50200
1774622672114941,50160
1774622672157975,50160
1774622672201000,50190
1774622672244142,50140
1774622672286747,53870
1774622672329770,49350
1774622672372736,50230
1774622672415740,50160
1774622672458769,50250
1774622672501892,50160
1774622672544810,50470
1774622672589428,50100
1774622672632607,50230
1774622672675804,50160
1774622672718350,50200
1774622672761339,50240
1774622672804423,50180
1774622672847434,50180
1774622672889964,50160
1774622672933088,50120
1774622672976105,50190
1774622673019199,50190
1774622673062202,50170
1774622673105263,50210
1774622673149800,50130
1774622673192976,50130
1774622673235734,50150
1774622673278781,50180
1774622673321326,50170
1774622673364536,50110
1774622673407717,50020
1774622673450760,50050
1774622673493804,50080
1774622673536803,50100
1774622673579764,50130
1774622673622456,50060
1774622673665573,50070
1774622673710097,50140
1774622673753206,50130
1774622673796443,50200
1774622673839320,50220
1774622673882365,50130
1774622673925262,50150
1774622673968276,50210
1774622674011402,50130
1774622674054363,50150
1774622674097630,50170
1774622674140764,50140
1774622674183376,50230
1774622674230216,50230
1774622674273385,50200
1774622674316559,50120
1774622674359777,50100
1774622674402953,50200
1774622674445676,50140
1774622674488846,50290
1774622674531741,50100
1774622674574281,50170
1774622674617454,50220
1774622674660547,50070
1774622674703700,50110
1774622674750479,50150
1774622674793769,50080
1774622674836889,50030
1774622674879757,50060
1774622674922706,50060
1774622674965830,50070
1774622675009030,50070
1774622675052080,50080
1774622675095184,50040
1774622675137644,50000
1774622675180581,50090
1774622675223583,50140
1774622675270610,50090
1774622675313644,50080
1774622675356576,50110
1774622675399691,50100
1774622675442874,50070
1774622675485822,50080
1774622675529000,50110
1774622675572221,50030
1774622675615166,50020
1774622675658333,50050
1774622675701348,50060
1774622675744346,50080
1774622675787042,50080
1774622675830977,50070
1774622675874180,50090
1774622675917379,50120
1774622675960499,50110
1774622676003595,50150
1774622676046642,50150
1774622676089726,50190
1774622676132778,50190
1774622676175953,50290
1774622676218818,50270
1774622676261702,50250
1774622676304190,50220
1774622676351078,50220
1774622676394287,50140
1774622676437383,50120
1774622676480325,50250
1774622676523266,50150
1774622676565804,50150
1774622676608900,50220
1774622676651797,50200
1774622676694451,50190
1774622676737558,50170
1774622676780626,50210
1774622676823671,50240
1774622676866694,50160
1774622676911512,50220
1774622676954074,50150
1774622676997202,50120
1774622677040306,50200
1774622677083762,50180
1774622677126506,50150
1774622677169649,50180
1774622677212675,50160
1774622677255838,50150
1774622677298789,50180
1774622677341709,50100
1774622677384614,50100
1774622677427732,50150
1774622677471826,50120
1774622677514948,50000
1774622677557816,50150
1774622677600288,49990
1774622677643353,49980
1774622677686551,50570
1774622677729725,50690
1774622677772779,50290
1774622677816181,50150
1774622677859270,50070
1774622677902400,50080
1774622677945281,50160
1774622677992064,50100
1774622678035241,50150
1774622678078514,50130
1774622678121338,50150
1774622678164391,50110
1774622678207455,49960
1774622678250456,50090
1774622678293577,50150
1774622678336659,50190
1774622678379762,50100
1774622678422620,50150
1774622678465538,50140
1774622678512314,50240
1774622678555003,50150
1774622678597725,50270
1774622678640845,50140
1774622678683759,50190
1774622678726348,50140
1774622678769534,50220
1774622678812479,50160
1774622678855763,50160
1774622678898975,50170
1774622678941756,50160
1774622678984722,50230
1774622679027746,50190
1774622679072646,50130
1774622679115553,50230
1774622679158411,50120
1774622679201561,50100
1774622679244730,50150
1774622679287793,50220
1774622679330544,50170
1774622679373508,50150
1774622679416630,50090
1774622679459523,50090
1774622679502563,50130
1774622679545835,50170
1774622679589161,50160
1774622679632935,50200
1774622679675992,50130
1774622679719026,50080
1774622679762149,50080
1774622679805071,50130
1774622679848099,50090
1774622679890865,50060
1774622679933863,50100
1774622679977134,50110
1774622680020340,50090
1774622680063433,50140
1774622680106522,50080
1774622680153432,50020
1774622680196563,50110
1774622680239808,50000
1774622680282620,50180
1774622680325740,50180
1774622680368713,50070
1774622680411639,50070
1774622680454825,49990
1774622680497439,50110
1774622680540622,50070
1774622680583842,50140
1774622680627060,50080
1774622680673661,50090
1774622680716685,50030
1774622680759660,50110
1774622680802700,50040
1774622680845663,50130
1774622680888650,50060
1774622680931847,50160
1774622680974881,50030
1774622681018016,50120
1774622681061165,50160
1774622681104168,50040
1774622681147388,50130
1774622681193919,50100
1774622681237044,50100
1774622681280366,50090
1774622681323093,50090
1774622681365648,50060
1774622681408885,50070
1774622681451999,50110
1774622681495005,50090
1774622681538051,50230
1774622681581086,50090
1774622681623792,50040
1774622681666772,50130
1774622681709838,50140
1774622681754118,50180
1774622681797340,50040
1774622681840210,50090
1774622681883281,50150
1774622681926328,50130
1774622681969515,50090
1774622682012503,50170
1774622682054893,50100
1774622682097830,50140
1774622682140832,50140
1774622682183855,50140
1774622682226968,50140
1774622682270020,50180
1774622682314427,50120
1774622682357579,50140
1774622682400596,50020
1774622682443549,50110
1774622682486262,50250
1774622682529297,50110
1774622682572395,50040
1774622682615230,50150
1774622682658237,50150
1774622682701393,50110
1774622682744631,50090
1774622682787803,50110
1774622682834680,50050
1774622682877705,50000
1774622682920723,50050
1774622682963745,50150
1774622683006595,50080
1774622683049710,50090
1774622683092711,50060
1774622683135839,50080
1774622683178723,50100
1774622683221721,50150
1774622683264758,50030
1774622683307797,50070
1774622683350391,50170
1774622683394997,50080
1774622683438123,50120
1774622683481112,50080
1774622683524022,50060
1774622683567128,50070
1774622683609828,50180
1774622683653027,50170
1774622683696231,50090
1774622683739297,50130
1774622683782331,50020
1774622683825456,50110
1774622683868351,50050
1774622683915265,50140
1774622683958656,50050
1774622684001646,50050
1774622684044626,50120
1774622684087213,50100
1774622684130454,50120
1774622684173585,50060
1774622684216840,50130
1774622684259734,50040
1774622684302656,50140
1774622684345796,50030
1774622684388484,50140
1774622684435647,50060
1774622684478664,50230
1774622684521695,50130
1774622684564627,50110
1774622684607437,50130
1774622684650700,50150
1774622684693771,50070
1774622684736858,50080
1774622684779894,50040
1774622684822873,50070
1774622684865763,50150
1774622684908679,50140
1774622684951344,50140
1774622684995859,50070
