unix_timestamp,active_power (mW)
1774623745254382,48580
1774623745296696,48560
1774623745339648,48680
1774623745382341,48590
1774623745425486,48630
1774623745468485,48550
1774623745511589,48550
1774623745554179,48500
1774623745597332,48650
1774623745640382,48580
1774623745683391,48610
1774623745726471,48630
1774623745769735,48620
1774623745814125,48560
1774623745857177,48620
1774623745900146,48560
1774623745943024,48660
1774623745986155,48790
1774623746029196,48690
1774623746072059,48600
1774623746115278,48490
1774623746158413,48570
1774623746201493,48680
1774623746244781,48610
1774623746287883,48570
1774623746333760,48590
1774623746376872,48600
1774623746419931,48580
1774623746462268,48560
1774623746505557,48690
1774623746548486,48670
1774623746591461,48730
1774623746634617,48580
1774623746677917,48670
1774623746720943,48670
1774623746764169,48690
1774623746807152,48600
1774623746853541,48590
1774623746896680,48620
1774623746939761,48610
1774623746982709,48700
1774623747025932,48580
1774623747068539,48620
1774623747111559,48540
1774623747154636,48530
1774623747197769,48690
1774623747240815,48650
1774623747283848,48620
1774623747326916,48600
1774623747373162,48600
1774623747416317,48720
1774623747459433,48690
1774623747502573,48580
1774623747545609,48540
1774623747588612,48580
1774623747631478,48720
1774623747674279,48690
1774623747717255,48690
1774623747760235,48540
1774623747803698,48480
1774623747846644,48510
1774623747892878,48740
1774623747935257,48670
1774623747978153,48730
1774623748021212,48730
1774623748064131,48780
1774623748107287,48700
1774623748149734,48630
1774623748192831,48620
1774623748235880,48650
1774623748278823,48610
1774623748321675,48610
1774623748364877,48610
1774623748407938,48600
1774623748452591,48560
1774623748495781,48630
1774623748538487,48630
1774623748581476,48620
1774623748624548,48710
1774623748667383,48690
1774623748710380,48570
1774623748753466,48600
1774623748796582,48700
1774623748839713,48720
1774623748882592,48650
1774623748925711,48700
1774623748972261,48500
1774623749014993,48590
1774623749058107,48690
1774623749101308,48730
1774623749144440,48600
1774623749187434,48550
1774623749230541,48490
1774623749273747,48570
1774623749316873,48690
1774623749360040,48730
1774623749403086,48690
1774623749446125,48710
1774623749491997,48590
1774623749535038,48590
1774623749578061,48590
1774623749621147,48720
1774623749664339,48670
1774623749707237,48680
1774623749750399,48750
1774623749793605,48760
1774623749836667,48710
1774623749879702,48610
1774623749922701,48610
1774623749965712,48640
1774623750011657,48600
1774623750054643,48650
1774623750097746,48590
1774623750140919,48470
1774623750184042,48530
1774623750227005,48600
1774623750270063,48670
1774623750313316,48720
1774623750356327,48730
1774623750399440,48690
1774623750442438,48620
1774623750485645,48630
1774623750531421,48690
1774623750574470,48710
1774623750617724,48570
1774623750660080,48630
1774623750702995,48680
1774623750746188,48610
1774623750789268,48590
1774623750832349,48680
1774623750875340,48710
1774623750918318,48680
1774623750961317,48620
1774623751004296,48510
1774623751051084,48570
1774623751093831,48720
1774623751137038,48720
1774623751180528,48600
1774623751223427,48590
1774623751265848,48570
1774623751309058,48530
1774623751352272,48570
1774623751395137,48640
1774623751437692,48730
1774623751480853,48780
1774623751523714,48690
1774623751570875,48640
1774623751613668,48670
1774623751656848,48610
1774623751699880,48640
1774623751742915,48600
1774623751786027,48640
1774623751828875,48670
1774623751871675,48560
1774623751914588,48550
1774623751957761,48580
1774623752000939,48610
1774623752044181,48580
1774623752090655,48640
1774623752133678,48650
1774623752176991,48560
1774623752219998,48710
1774623752263008,48590
1774623752306011,48740
1774623752349166,48630
1774623752392262,48650
1774623752435284,48700
1774623752478122,48560
1774623752521275,48710
1774623752564420,48610
1774623752610254,48740
1774623752653329,48680
1774623752696173,48600
1774623752739277,48570
1774623752782323,48600
1774623752825414,48680
1774623752868594,48680
1774623752911721,48690
1774623752954515,48610
1774623752997709,48570
1774623753040937,48620
1774623753083873,48680
1774623753129912,48700
1774623753173074,48670
1774623753216274,48680
1774623753259305,48560
1774623753301825,48620
1774623753345035,48730
1774623753388147,48660
1774623753430939,48650
1774623753473741,48580
1774623753516779,48590
1774623753559735,48710
1774623753602783,48680
1774623753649472,48580
1774623753692527,48490
1774623753735470,48590
1774623753777784,48700
1774623753820809,48680
1774623753863989,48740
1774623753907221,48550
1774623753950280,48470
1774623753993260,48620
1774623754036202,48720
1774623754079215,48680
1774623754122305,48630
1774623754169209,48510
1774623754212267,48590
1774623754255440,48610
1774623754297854,48750
1774623754341064,48700
1774623754384295,48570
1774623754427214,48530
1774623754470301,48560
1774623754513486,48710
1774623754556589,48730
1774623754599742,48750
1774623754642630,48420
1774623754688761,48680
1774623754731849,48690
1774623754775014,48700
1774623754818173,48580
1774623754861224,48560
1774623754904155,48550
1774623754947187,48630
1774623754990359,48670
1774623755033521,48710
1774623755076773,48670
1774623755119869,48600
1774623755162996,48490
1774623755208510,48710
1774623755251485,48700
1774623755294594,48560
1774623755337602,48620
1774623755380697,48610
1774623755423542,48670
1774623755465954,48510
1774623755509044,48500
1774623755551974,48610
1774623755594604,48560
1774623755637680,48670
1774623755680774,48610
1774623755723579,48530
1774623755768016,48650
1774623755810987,48640
1774623755853897,48630
1774623755897075,48590
1774623755940207,48530
1774623755983517,48590
1774623756025917,48620
1774623756068324,48670
1774623756111101,48580
1774623756154126,48510
1774623756197168,48600
1774623756240031,48600
1774623756283129,48700
1774623756327527,48590
1774623756370620,48610
1774623756413846,48580
1774623756456955,48750
1774623756500089,48680
1774623756542629,48580
1774623756585875,48620
1774623756629033,48620
1774623756672154,48700
1774623756715310,48660
1774623756757798,48610
1774623756800911,48560
1774623756847147,48680
1774623756890181,48740
1774623756933116,48630
1774623756976246,48580
1774623757019034,48590
1774623757062144,48600
1774623757105284,48690
1774623757148279,48700
1774623757191417,48540
1774623757234403,48570
1774623757277587,48640
1774623757320663,48730
1774623757366800,48570
1774623757409828,48590
1774623757452977,48570
1774623757496212,48660
1774623757539319,48660
1774623757582254,48690
1774623757625421,48530
1774623757668582,48540
1774623757711768,48630
1774623757754865,48720
1774623757797827,48690
1774623757840885,48560
1774623757886412,48550
1774623757929431,48660
1774623757971855,48680
1774623758015038,48650
1774623758058159,48630
1774623758101053,48510
1774623758144000,48610
1774623758187030,48670
1774623758229945,48690
1774623758272865,48570
1774623758315977,48550
1774623758359200,48640
1774623758406066,48690
1774623758449156,48710
1774623758491678,48730
1774623758534786,48820
1774623758578036,48650
1774623758621150,48520
1774623758664193,48620
1774623758706959,48650
1774623758750069,48590
1774623758793232,48540
1774623758836341,48570
1774623758879514,48570
1774623758925771,48590
1774623758968773,48660
1774623759011679,48580
1774623759054809,48620
1774623759097891,48690
1774623759141143,48650
1774623759184302,48640
1774623759227482,48610
1774623759270630,48620
