unix_timestamp,active_power (mW)
1769787199216624,40540
1769787199259547,43220
1769787199302033,42910
1769787199345046,42960
1769787199388026,42890
1769787199431036,42980
1769787199473910,42840
1769787199517043,42820
1769787199559980,42880
1769787199602873,42820
1769787199645743,42920
1769787199688848,42790
1769787199734037,42840
1769787199777006,42800
1769787199819997,42880
1769787199863063,42890
1769787199906076,42940
1769787199949214,42920
1769787199992267,42850
1769787200035306,42940
1769787200078270,43010
1769787200121211,42930
1769787200164262,42930
1769787200206948,42980
1769787200253999,42950
1769787200297146,42960
1769787200340390,42940
1769787200382863,32030
1769787200425813,24000
1769787200469019,24970
1769787200512250,25270
1769787200555436,24530
1769787200598402,22670
1769787200641614,21850
1769787200684699,24180
1769787200727445,26220
1769787200770880,21370
1769787200814276,26240
1769787200857113,28170
1769787200900168,47710
1769787200943144,42410
1769787200985590,43040
1769787201028153,42870
1769787201071319,42810
1769787201114364,42810
1769787201157548,43260
1769787201200739,42820
1769787201243903,42880
1769787201287054,42750
1769787201330136,42800
1769787201374442,42750
1769787201417447,42790
1769787201460426,42870
1769787201503499,42830
1769787201546378,42770
1769787201589320,42800
1769787201632256,42800
1769787201675017,42890
1769787201717849,42870
1769787201760857,42860
1769787201803917,42970
1769787201846629,42860
1769787201889719,42850
1769787201934565,42850
1769787201977643,42830
1769787202020191,42780
1769787202063303,42740
1769787202105569,42810
1769787202148813,42760
1769787202191621,42830
1769787202234574,42890
1769787202277668,42890
1769787202320624,42890
1769787202363610,42970
1769787202406341,43000
1769787202449357,26770
1769787202494697,23840
1769787202537784,24220
1769787202580820,25370
1769787202623962,24520
1769787202666401,23540
1769787202709225,20660
1769787202752231,22610
1769787202795047,24990
1769787202838266,25200
1769787202881486,28890
1769787202924632,44330
1769787202967629,43060
1769787203010157,43100
1769787203054858,42860
1769787203097893,42910
1769787203141048,43020
1769787203183982,42980
1769787203227033,42980
1769787203270158,42960
1769787203313409,42890
1769787203355812,42860
1769787203398424,42720
1769787203441565,42810
1769787203484466,42840
1769787203527405,42830
1769787203569716,42870
1769787203615001,42850
1769787203658153,42930
1769787203701270,42940
1769787203744223,42890
1769787203787094,42850
1769787203829787,42910
1769787203872780,42990
1769787203915945,42950
1769787203959141,42960
1769787204001777,42960
1769787204044902,42960
1769787204088139,42980
1769787204134979,42870
1769787204177621,42740
1769787204220651,42830
1769787204263898,42870
1769787204307084,42910
1769787204350184,42950
1769787204393227,42910
1769787204436430,26250
1769787204479233,20890
1769787204522307,23420
1769787204565498,25630
1769787204608667,20940
1769787204655265,23300
1769787204698002,25210
1769787204741285,24540
1769787204784251,24220
1769787204827056,22320
1769787204870095,28990
1769787204913171,44050
1769787204956388,43040
1769787204999486,43000
1769787205042488,42970
1769787205084905,42890
1769787205128037,42940
1769787205170710,42910
1769787205215564,42870
1769787205258583,43050
1769787205301224,42900
1769787205343681,42900
1769787205386780,42860
1769787205429461,42850
1769787205472590,42870
1769787205515562,42800
1769787205557951,42860
1769787205601177,42740
1769787205644388,42800
1769787205686718,42750
1769787205729753,42780
1769787205775529,42770
1769787205818897,42710
1769787205861658,42880
1769787205904871,42790
1769787205947649,42910
1769787205990905,42880
1769787206033660,43040
1769787206076728,42950
1769787206119811,42980
1769787206162377,43040
1769787206205306,42870
1769787206247793,42910
1769787206290636,42840
1769787206335790,42820
1769787206378174,42990
1769787206420730,43800
1769787206463631,43340
1769787206506571,42990
1769787206549585,25710
1769787206592677,20740
1769787206635804,23680
1769787206678439,25630
1769787206722003,20870
1769787206765201,23690
1769787206808197,25630
1769787206851242,20960
1769787206896081,44260
1769787206939112,43140
1769787206981358,43110
1769787207024312,43070
1769787207067172,42960
1769787207109579,43080
1769787207152492,42920
1769787207195013,42880
1769787207238066,42920
1769787207281121,43030
1769787207324192,43180
1769787207367221,43250
1769787207409844,43130
1769787207456312,42980
1769787207499383,42860
1769787207541910,42890
1769787207585070,42940
1769787207628041,43010
1769787207670695,42870
1769787207714054,42940
1769787207757241,42970
1769787207800609,42990
1769787207843360,42960
1769787207885831,42900
1769787207928817,42920
1769787207971724,42890
1769787208016497,42850
1769787208059493,42900
1769787208102264,42880
1769787208145390,42940
1769787208188293,42930
1769787208231416,42910
1769787208273713,42990
1769787208316717,42930
1769787208359805,42940
1769787208402463,42860
1769787208445362,42870
1769787208488349,42860
1769787208531451,42840
1769787208576620,26670
1769787208619394,25660
1769787208662274,24140
1769787208704805,21370
1769787208747642,21230
1769787208790212,23650
1769787208833397,23650
1769787208876949,31040
1769787208919906,44540
1769787208963077,42880
1769787209006146,42960
1769787209049245,42880
1769787209092434,42910
1769787209136859,43030
1769787209179961,42880
1769787209222689,42930
1769787209265618,42900
1769787209308323,42940
1769787209351438,43060
1769787209394030,42870
1769787209437015,43320
1769787209479951,42780
1769787209522666,42760
1769787209565758,42780
1769787209608661,42810
1769787209651735,42850
1769787209696994,42860
1769787209740195,42930
1769787209782659,42910
1769787209825831,42900
1769787209868740,42940
1769787209911701,42960
1769787209954475,42820
1769787209997445,42870
1769787210040626,42770
1769787210083805,42800
1769787210126783,42800
1769787210169764,43010
1769787210212826,42940
1769787210257245,42860
1769787210300395,42940
1769787210342908,42940
1769787210385672,42930
1769787210428535,42930
1769787210471627,42830
1769787210514701,42850
1769787210557670,42810
1769787210600756,42810
1769787210643688,30150
1769787210686768,23450
1769787210729717,24760
1769787210772798,24390
1769787210817564,22360
1769787210860611,30050
1769787210903511,43410
1769787210946032,42960
1769787210989285,42970
1769787211032497,43000
1769787211075430,43000
1769787211118380,42850
1769787211161712,42960
1769787211204703,42870
1769787211247744,42900
1769787211290861,43000
1769787211337737,42900
1769787211380946,43110
1769787211424152,42930
1769787211467323,43330
1769787211510301,42900
1769787211553482,42830
1769787211596669,42800
1769787211639732,42800
1769787211682780,42810
1769787211725897,42820
1769787211769198,42870
1769787211812139,42790
1769787211857972,42880
1769787211901024,42910
1769787211944194,43070
1769787211986740,43020
1769787212029878,42880
1769787212073040,42910
1769787212116106,42840
1769787212159252,42850
1769787212201361,42920
1769787212244432,42810
1769787212287569,42800
1769787212330761,42860
1769787212374056,42830
1769787212418045,42990
1769787212461125,42950
1769787212503979,42850
1769787212547049,42920
1769787212590128,42970
1769787212633157,42820
1769787212676338,34240
1769787212719569,22850
1769787212761942,25590
1769787212804993,22700
1769787212848101,21030
1769787212891136,32560
1769787212938297,43050
1769787212981345,42950
1769787213024421,42930
1769787213067539,42840
1769787213110611,42990
1769787213153587,42870
1769787213195951,42860
1769787213239014,42940
1769787213282116,42920
1769787213325134,42940
1769787213368333,42900
1769787213411293,42920
1769787213454437,42880
1769787213498533,42890
1769787213541604,42850
1769787213584442,42860
1769787213627422,42920
1769787213670351,42930
1769787213713471,42890
1769787213756441,42970
1769787213799382,42950
1769787213841773,42890
1769787213884947,42820
1769787213927758,42880
1769787213970353,42860
1769787214013329,42880
1769787214058747,42940
1769787214101955,42980
1769787214145054,43000
1769787214188139,42950
1769787214230631,43050
1769787214273749,42970
1769787214316669,42880
1769787214359638,42870
1769787214402752,42820
1769787214445937,42860
1769787214488989,42890
1769787214532056,42900
1769787214578810,43000
1769787214621970,43020
1769787214665041,42920
1769787214708181,41010
1769787214751017,19840
1769787214793859,22960
1769787214836916,23220
1769787214879845,32930
1769787214922761,44050
1769787214965839,42940
1769787215008929,42940
1769787215051978,42990
1769787215099167,43000
1769787215142207,42890
1769787215185511,42840
1769787215227948,42770
1769787215270678,43000
1769787215313862,42880
1769787215357022,42860
1769787215400207,42950
1769787215442735,42940
1769787215485958,42840
1769787215529024,43030
1769787215572115,43470
1769787215615040,42690
1769787215659375,42800
1769787215701928,42910
1769787215744305,42870
1769787215786833,42850
1769787215829858,42840
1769787215873159,42840
1769787215916257,42840
1769787215959169,42760
1769787216002140,42870
1769787216045326,42850
1769787216088450,42880
1769787216131443,42950
1769787216174645,42960
1769787216219692,42950
1769787216262770,42870
1769787216305845,42890
1769787216348915,42900
1769787216391968,42910
1769787216434650,42840
1769787216477623,42950
1769787216520724,42900
1769787216563714,42900
1769787216606282,42900
1769787216649462,42850
1769787216692328,42900
1769787216735247,42870
1769787216780076,24440
1769787216822742,22800
1769787216865638,31410
1769787216907939,43140
1769787216951129,42990
1769787216994338,42930
1769787217037571,42910
1769787217080524,42820
1769787217123634,42940
1769787217166515,43040
1769787217209554,42910
1769787217252648,42900
