unix_timestamp,active_power (mW)
1769787991095337,43390
1769787991137908,43040
1769787991180797,42880
1769787991226185,42880
1769787991269040,42940
1769787991312169,42870
1769787991355066,42820
1769787991398198,42960
1769787991440861,42830
1769787991483971,42920
1769787991527013,42850
1769787991570495,42890
1769787991613293,42810
1769787991656074,42930
1769787991699055,42990
1769787991741718,42880
1769787991786344,42750
1769787991829404,42810
1769787991871871,42820
1769787991915068,42910
1769787991957938,42890
1769787992000593,42880
1769787992043748,42940
1769787992086293,42880
1769787992129386,42970
1769787992172443,42900
1769787992215599,42930
1769787992258208,42840
1769787992301344,42890
1769787992346449,42960
1769787992389386,42590
1769787992432500,23780
1769787992475146,21870
1769787992517867,19660
1769787992560856,21820
1769787992603895,22520
1769787992646553,24370
1769787992689648,23620
1769787992732742,22120
1769787992775649,19210
1769787992818394,21580
1769787992861098,23050
1769787992906964,44330
1769787992950038,42980
1769787992993124,43060
1769787993036156,42940
1769787993078923,42880
1769787993121812,42890
1769787993164933,43030
1769787993207908,42790
1769787993251073,42870
1769787993294303,42860
1769787993337471,42860
1769787993380718,43650
1769787993427050,42920
1769787993469927,42920
1769787993512970,42870
1769787993555821,42860
1769787993598529,42910
1769787993641555,42890
1769787993684566,42910
1769787993727620,42910
1769787993770606,43000
1769787993813789,42910
1769787993856844,42870
1769787993899850,42890
1769787993942446,42950
1769787993987097,28250
1769787994030313,24490
1769787994073448,22000
1769787994116356,19750
1769787994159315,22890
1769787994202386,24120
1769787994245325,23720
1769787994288289,21680
1769787994331439,19890
1769787994374625,21410
1769787994417634,23330
1769787994460739,24270
1769787994507222,22010
1769787994549772,19440
1769787994592610,20990
1769787994635421,23890
1769787994678350,24460
1769787994721393,23620
1769787994764361,21390
1769787994807129,20180
1769787994850228,22320
1769787994893382,31920
1769787994936165,44900
1769787994979172,43000
1769787995022257,43020
1769787995067446,42940
1769787995110632,42920
1769787995153719,43050
1769787995196657,42890
1769787995239527,42950
1769787995282351,43050
1769787995325531,42910
1769787995368623,42960
1769787995411548,42910
1769787995454637,42860
1769787995497650,42880
1769787995540512,42890
1769787995587486,42910
1769787995629753,42890
1769787995672831,42960
1769787995715802,42820
1769787995758003,42850
1769787995801046,43020
1769787995843831,43250
1769787995886456,43160
1769787995929551,42760
1769787995972561,42940
1769787996015449,42850
1769787996057883,32440
1769787996100801,22070
1769787996147617,22970
1769787996190659,20300
1769787996233732,19580
1769787996276960,23740
1769787996319742,24140
1769787996362712,23800
1769787996405955,21750
1769787996449007,19420
1769787996491671,21280
1769787996534205,23600
1769787996577412,24200
1769787996620535,24060
1769787996663433,21360
1769787996707744,21700
1769787996750764,22570
1769787996793748,24390
1769787996836853,23740
1769787996879690,30180
1769787996922667,43150
1769787996965775,42930
1769787997008791,42900
1769787997051810,42970
1769787997094766,42890
1769787997137855,43090
1769787997180989,42920
1769787997227904,42890
1769787997270993,42760
1769787997314129,42850
1769787997357113,42790
1769787997399990,42810
1769787997443141,42760
1769787997486092,42840
1769787997528978,42780
1769787997572196,42870
1769787997615003,42870
1769787997657369,42910
1769787997700480,42880
1769787997743436,42870
1769787997788059,42910
1769787997831176,43050
1769787997874233,42930
1769787997917222,43100
1769787997960178,42840
1769787998002619,42890
1769787998045794,42770
1769787998088789,40070
1769787998131888,18270
1769787998174841,20530
1769787998217770,23430
1769787998260546,24210
1769787998303467,23610
1769787998348013,19990
1769787998390680,21910
1769787998433747,22600
1769787998476821,24510
1769787998519849,23210
1769787998562473,21480
1769787998605560,20100
1769787998648553,21960
1769787998691372,22580
1769787998734170,24470
1769787998777183,23830
1769787998820389,21770
1769787998863228,19340
1769787998908269,43520
1769787998951402,42970
1769787998994446,42880
1769787999037076,42890
1769787999080038,42820
1769787999122789,42930
1769787999165782,42880
1769787999208954,42770
1769787999252226,42790
1769787999295355,42870
1769787999338915,42760
1769787999381905,42800
1769787999428264,42790
1769787999470933,42760
1769787999513619,42860
1769787999556795,42830
1769787999599881,42830
1769787999642557,42810
1769787999685720,42860
1769787999728685,42810
1769787999771319,42830
1769787999814393,42870
1769787999857520,42930
1769787999900659,43110
1769787999943634,42940
1769787999988401,42910
1769788000031466,42820
1769788000074108,42840
1769788000116782,41350
1769788000159882,23550
1769788000202901,21590
1769788000245846,19720
1769788000288795,22130
1769788000331670,22820
1769788000374630,23910
1769788000417718,23050
1769788000460347,20960
1769788000503208,19120
1769788000548661,23600
1769788000591429,23630
1769788000633809,23370
1769788000676477,19540
1769788000718992,20320
1769788000762217,23440
1769788000805466,23300
1769788000848614,23790
1769788000891816,31780
1769788000934735,43260
1769788000977811,42920
1769788001020687,42940
1769788001062980,42930
1769788001108710,42850
1769788001151763,43000
1769788001194617,42860
1769788001237858,42850
1769788001280761,42930
1769788001323582,42890
1769788001366880,42860
1769788001410008,42880
1769788001452821,42910
1769788001495763,42870
1769788001538413,42830
1769788001581521,42840
1769788001625664,42940
1769788001668799,42910
1769788001711708,42910
1769788001754811,42990
1769788001797972,42830
1769788001841139,42820
1769788001883729,42780
1769788001926683,43140
1769788001969800,42810
1769788002012737,42870
1769788002055697,42870
1769788002098718,42880
1769788002141672,42890
1769788002185023,42900
1769788002229046,21830
1769788002272082,19330
1769788002315233,21210
1769788002358273,24390
1769788002401193,23080
1769788002444361,24180
1769788002487163,22810
1769788002530123,19200
1769788002573212,21850
1769788002616384,22670
1769788002659099,24330
1769788002701760,23580
1769788002744760,22310
1769788002788998,21440
1769788002832051,22900
1769788002875034,32470
1769788002917799,45000
1769788002960835,42830
1769788003003895,42900
1769788003046729,42850
1769788003089593,42790
1769788003132552,42780
1769788003175663,42990
1769788003218650,42810
1769788003261774,42840
1769788003304746,43000
1769788003349090,42940
1769788003392188,42960
1769788003435051,42910
1769788003478095,42830
1769788003521144,42800
1769788003564008,42780
1769788003607100,42790
1769788003649764,42800
1769788003692818,42770
1769788003735492,42740
1769788003778689,42860
1769788003821731,42850
1769788003864975,42830
1769788003909294,42860
1769788003952489,42950
1769788003995655,43070
1769788004038069,43400
1769788004081105,42850
1769788004124183,42950
1769788004167164,42830
1769788004209687,42850
1769788004252816,26890
1769788004295676,24310
1769788004338467,23140
1769788004381658,21300
1769788004424741,20080
1769788004469374,22360
1769788004512549,24320
1769788004555167,23310
1769788004597763,21620
1769788004640651,19980
1769788004683448,22410
1769788004725917,22640
1769788004768976,24070
1769788004811988,23160
1769788004854827,21470
1769788004897928,32740
1769788004941119,42890
1769788004984283,42940
1769788005029358,42860
1769788005072527,42910
1769788005115441,43140
1769788005158636,42830
1769788005201621,43030
1769788005244749,42860
1769788005287670,42900
1769788005330524,42890
1769788005373734,42860
1769788005416881,42850
1769788005459486,42840
1769788005502629,42810
1769788005549555,42760
1769788005592349,42790
1769788005635173,42860
1769788005677864,42790
1769788005720844,42730
1769788005763829,42860
1769788005806654,42810
1769788005849055,42800
1769788005892014,42740
1769788005934904,42790
1769788005977937,42780
1769788006021046,42820
1769788006064047,42990
1769788006109646,42800
1769788006152453,42800
1769788006195534,42810
1769788006238510,42790
1769788006281508,30790
1769788006324513,21970
1769788006367644,23000
1769788006410602,23430
1769788006453105,23450
1769788006495777,18990
1769788006538683,20990
1769788006581724,23040
1769788006624736,24360
1769788006669538,20820
1769788006712674,19430
1769788006755391,22790
1769788006797748,23560
1769788006840762,23220
1769788006883855,31810
1769788006926672,43030
1769788006969739,43090
1769788007012733,42980
1769788007055659,42910
1769788007098612,42760
1769788007141942,42930
1769788007185131,42820
1769788007229715,42790
1769788007272567,42900
1769788007315452,42820
1769788007358289,42800
1769788007401486,42840
1769788007443938,42800
1769788007486845,42890
1769788007529739,42840
1769788007572878,42870
1769788007615821,42900
1769788007658361,42890
1769788007701657,42890
1769788007744662,42900
1769788007789858,42830
1769788007832862,42800
1769788007875861,42800
1769788007918701,42790
1769788007961736,42840
1769788008004507,42820
1769788008047445,42820
1769788008090631,43000
1769788008133653,42830
1769788008176667,42800
1769788008219847,42840
1769788008262982,42790
1769788008310030,39120
1769788008353039,18100
1769788008396320,18970
1769788008438662,23840
1769788008481761,23430
1769788008524738,22880
1769788008567702,22120
1769788008610696,19290
1769788008653765,21510
1769788008696940,22110
1769788008739319,24090
1769788008781788,23190
1769788008824789,21000
1769788008869824,34540
1769788008912832,43270
1769788008955699,42940
1769788008998751,42940
1769788009041658,42900
1769788009084748,42810
1769788009127843,42860
1769788009170644,43020
1769788009213815,42860
1769788009256741,42880
1769788009299872,42920
1769788009342892,42910
1769788009386125,42900
1769788009430116,42860
1769788009473252,42820
1769788009516525,42770
1769788009559676,42830
1769788009602645,42820
1769788009645748,42920
1769788009688978,42830
1769788009731868,42790
1769788009774717,42810
1769788009817817,42820
1769788009860802,42770
1769788009903553,42820
1769788009950179,42840
1769788009993221,42870
1769788010036197,42880
1769788010079292,42880
1769788010122428,43060
1769788010165689,42890
1769788010208808,42920
1769788010251790,42890
1769788010294872,42970
1769788010337890,42950
1769788010380988,41340
1769788010424187,23390
1769788010470104,18760
1769788010513211,22730
1769788010556379,22640
1769788010599110,23470
1769788010641780,23500
1769788010684397,18660
1769788010727176,19990
1769788010769955,23280
1769788010812937,24060
1769788010856065,23240
1769788010898742,31080
1769788010941889,43250
1769788010984946,43100
1769788011030075,42960
1769788011073222,42970
1769788011116350,42940
1769788011158924,43030
1769788011202104,42880
1769788011245336,42960
1769788011288446,43030
1769788011331500,42940
1769788011374571,42990
1769788011417769,42920
1769788011460723,42910
1769788011503769,42890
1769788011550001,42990
1769788011593271,42940
1769788011636326,42870
1769788011679499,42910
1769788011722034,42860
1769788011764435,42970
1769788011807529,42900
1769788011850994,42890
1769788011893884,42970
1769788011936752,42850
1769788011980339,42900
1769788012022783,42910
1769788012065775,42920
1769788012109982,42920
1769788012153070,43070
1769788012195975,42860
1769788012239165,42970
1769788012282267,42740
1769788012325320,42820
1769788012368384,42830
1769788012411646,41240
1769788012454823,22900
1769788012497702,19450
1769788012540565,20680
1769788012583828,23560
1769788012629993,20800
1769788012672975,19020
1769788012716002,22610
1769788012759070,23470
1769788012802087,23140
1769788012845264,21400
1769788012888284,32320
1769788012931310,43180
1769788012974453,43090
1769788013017664,43070
1769788013060774,42930
1769788013103735,42950
1769788013149885,42910
1769788013193006,43020
1769788013236096,42920
1769788013279001,42880
1769788013322216,42910
1769788013365190,42860
1769788013408444,42870
1769788013451600,42820
1769788013494769,42860
1769788013538016,42840
