unix_timestamp,active_power (mW)
1769791273939368,44140
1769791273981879,44200
1769791274025111,44130
1769791274068163,44090
1769791274110689,44150
1769791274153870,44150
1769791274197106,44160
1769791274240268,44060
1769791274283376,44140
1769791274326609,44170
1769791274369803,44100
1769791274412961,44160
1769791274459178,44180
1769791274501811,44130
1769791274544946,44110
1769791274587810,44190
1769791274630777,44160
1769791274673756,44300
1769791274716817,44190
1769791274759793,44210
1769791274802507,44220
1769791274845666,44190
1769791274888834,44220
1769791274932016,44220
1769791274974814,44170
1769791275018765,44150
1769791275061927,44170
1769791275104395,44050
1769791275147165,44170
1769791275189933,44250
1769791275232965,44140
1769791275276079,44150
1769791275318720,44220
1769791275361607,44160
1769791275404768,44110
1769791275447845,44160
1769791275490878,44110
1769791275534023,44130
1769791275578250,44100
1769791275620725,44140
1769791275663879,44130
1769791275707072,44110
1769791275749583,44110
1769791275792661,44090
1769791275835788,44070
1769791275878751,44060
1769791275921893,44160
1769791275964930,28490
1769791276007983,25070
1769791276050636,20610
1769791276093808,22820
1769791276137910,20530
1769791276180316,22850
1769791276223086,25010
1769791276266226,20700
1769791276309495,22830
1769791276352571,25190
1769791276395727,20620
1769791276438374,22780
1769791276481394,25280
1769791276524498,20640
1769791276567535,22920
1769791276610646,25010
1769791276657494,22670
1769791276700638,24370
1769791276742935,24220
1769791276785173,24000
1769791276828036,21110
1769791276871195,20440
1769791276914026,34790
1769791276957175,45120
1769791277000042,44170
1769791277042707,44220
1769791277085754,44120
1769791277128884,44080
1769791277171752,44170
1769791277217371,44090
1769791277260233,44050
1769791277303358,44030
1769791277346619,44120
1769791277389783,43970
1769791277433018,44050
1769791277476050,44060
1769791277518975,44040
1769791277561790,44040
1769791277605014,44020
1769791277648109,44030
1769791277690669,44030
1769791277736768,44010
1769791277779611,44050
1769791277822766,44030
1769791277865903,44140
1769791277908876,44140
1769791277951962,44090
1769791277995196,33700
1769791278038179,22570
1769791278081271,24900
1769791278124413,20350
1769791278167031,22850
1769791278209555,25050
1769791278256652,23030
1769791278299787,25060
1769791278342923,20410
1769791278385304,22820
1769791278428284,25070
1769791278471293,20530
1769791278513893,22860
1769791278557087,25130
1769791278600241,20370
1769791278643003,22980
1769791278685353,25210
1769791278728305,20420
1769791278770913,23220
1769791278816188,20580
1769791278859220,22950
1769791278901639,33350
1769791278944228,44630
1769791278987470,44190
1769791279030545,44210
1769791279073758,44070
1769791279117155,44060
1769791279160023,44160
1769791279202522,44150
1769791279245609,44050
1769791279288265,44030
1769791279331363,44170
1769791279375796,43970
1769791279418587,44020
1769791279461805,44060
1769791279504919,44040
1769791279547399,44050
1769791279590619,44040
1769791279633856,44010
1769791279677018,44000
1769791279719797,44100
1769791279762283,43980
1769791279805487,44100
1769791279848662,44020
1769791279891099,44090
1769791279935475,44090
1769791279978573,44060
1769791280021894,42100
1769791280064955,19300
1769791280108068,22390
1769791280150650,23340
1769791280193632,24540
1769791280236662,23500
1769791280279662,21260
1769791280322122,19880
1769791280365291,24210
1769791280408136,23510
1769791280450846,24650
1769791280495682,22080
1769791280538766,20560
1769791280581825,22680
1769791280624389,22970
1769791280667350,25010
1769791280710473,23630
1769791280753623,22070
1769791280796726,20470
1769791280839433,23100
1769791280882528,22970
1769791280925692,32060
1769791280968771,45620
1769791281015024,44150
1769791281057775,44050
1769791281100905,44090
1769791281143948,43990
1769791281186602,44240
1769791281228867,43970
1769791281271772,44090
1769791281314427,44020
1769791281357140,43910
1769791281400249,44010
1769791281443213,44060
1769791281486315,44080
1769791281529447,44060
1769791281574464,44020
1769791281617438,44030
1769791281660476,43990
1769791281702926,44020
1769791281745819,43910
1769791281788892,44070
1769791281831831,44010
1769791281874584,44040
1769791281917507,44060
1769791281960676,44060
1769791282003527,44070
1769791282045882,44100
1769791282088878,44030
1769791282134933,21630
1769791282177732,20340
1769791282220720,23290
1769791282263769,22840
1769791282305997,25290
1769791282349141,23480
1769791282392552,21090
1769791282435052,20350
1769791282477921,24160
1769791282520790,24220
1769791282563901,23890
1769791282606735,23930
1769791282649872,19380
1769791282693941,23750
1769791282737092,24640
1769791282780105,24300
1769791282823272,22970
1769791282866291,19720
1769791282909124,31330
1769791282952208,45680
1769791282995103,44040
1769791283038057,44100
1769791283081401,44090
1769791283124676,44140
1769791283167763,44150
1769791283213566,44000
1769791283256661,44010
1769791283299711,44180
1769791283342578,44120
1769791283385650,43990
1769791283428724,43920
1769791283471739,43980
1769791283514348,44030
1769791283557545,44020
1769791283600672,44060
1769791283643249,44090
1769791283686342,43990
1769791283733153,44000
1769791283776302,44030
1769791283819086,44090
1769791283861933,44050
1769791283905199,44030
1769791283947846,44060
1769791283990791,43910
1769791284033683,44060
1769791284076810,44050
1769791284119703,44110
1769791284162516,26980
1769791284205703,24850
1769791284248836,23370
1769791284292807,19840
1769791284335784,24250
1769791284378947,23580
1769791284421983,24570
1769791284465139,23430
1769791284508352,21500
1769791284551153,19860
1769791284594192,24020
1769791284637132,23660
1769791284680143,24470
1769791284722934,26440
1769791284765980,22710
1769791284812362,20560
1769791284854851,22800
1769791284898036,31720
1769791284940638,44280
1769791284983732,44420
1769791285026956,44160
1769791285069978,44150
1769791285112983,44040
1769791285155285,44130
1769791285197843,44050
1769791285241435,44040
1769791285284629,44060
1769791285327751,44070
1769791285371951,43990
1769791285414518,44020
1769791285457587,43980
1769791285500612,44090
1769791285543665,44090
1769791285586773,44050
1769791285629982,44070
1769791285673150,43990
1769791285716138,44020
1769791285758587,44040
1769791285800905,44090
1769791285843365,44040
1769791285886516,43970
1769791285931798,44040
1769791285974540,44050
1769791286017687,44100
1769791286060521,44050
1769791286103379,44010
1769791286146528,44050
1769791286188888,31180
1769791286231539,22530
1769791286274364,23600
1769791286317521,23730
1769791286360638,23830
1769791286403735,18840
1769791286446869,19700
1769791286491407,24130
1769791286534541,23550
1769791286576991,23870
1769791286620062,18640
1769791286662878,20310
1769791286706088,24510
1769791286749142,23880
1769791286792045,23660
1769791286834965,21290
1769791286877790,18770
1769791286920988,29680
1769791286964074,48150
1769791287010972,44230
1769791287053866,44110
1769791287096971,43960
1769791287139491,44160
1769791287181910,44080
1769791287225185,44040
1769791287267843,44040
1769791287310682,44150
1769791287353957,44020
1769791287396698,43970
1769791287439822,43990
1769791287482826,44160
1769791287525968,44100
1769791287570592,44010
1769791287613661,44040
1769791287656719,43980
1769791287699061,44100
1769791287742296,44100
1769791287785436,44110
1769791287828568,44020
1769791287871073,44000
1769791287913880,44080
1769791287956909,44090
1769791287999906,44070
1769791288043031,44040
1769791288090252,44020
1769791288133340,44070
1769791288176415,44080
1769791288219386,41070
1769791288261906,18320
1769791288304945,20610
1769791288347963,23490
1769791288391048,24460
1769791288433899,22900
1769791288476769,20090
1769791288519875,22290
1769791288562429,24560
1769791288605006,20170
1769791288649904,24590
1769791288692971,20250
1769791288735392,22380
1769791288778834,24930
1769791288821750,20030
1769791288864706,22450
1769791288907842,29330
1769791288950679,44750
1769791288993660,44270
1769791289036580,44310
1769791289079507,44180
1769791289122636,44110
1769791289169480,44110
1769791289212549,43990
1769791289255490,44010
1769791289297870,44130
1769791289341048,44120
1769791289384212,43970
1769791289427363,44010
1769791289470453,43940
1769791289513570,44010
1769791289556580,44050
1769791289599604,44010
1769791289642685,43950
1769791289689129,44010
1769791289732334,44050
1769791289775405,44170
1769791289817790,44030
1769791289860967,44090
1769791289903942,44070
1769791289946696,44100
1769791289989805,44060
1769791290032980,44050
1769791290075857,44050
1769791290118910,44050
1769791290161496,44070
1769791290204732,44110
1769791290248715,43600
1769791290291713,23750
1769791290334573,21560
1769791290377781,19540
1769791290420934,22030
1769791290463763,22510
1769791290506917,24280
1769791290550103,23610
1769791290593132,21620
1769791290636083,20010
1769791290678611,22230
1769791290721769,22460
1769791290768193,23420
1769791290810926,21370
1769791290853675,20030
1769791290896793,26310
1769791290939676,47020
1769791290982290,44540
1769791291025380,44080
1769791291068650,44290
1769791291111580,44190
1769791291153985,44110
1769791291196655,44760
1769791291239530,44730
1769791291281742,44050
1769791291327811,44140
1769791291370981,44160
1769791291414075,44180
1769791291456974,44170
1769791291499816,44110
1769791291543057,44080
1769791291586177,44300
1769791291629281,44090
1769791291672298,44160
1769791291715012,44100
1769791291758133,44200
1769791291800608,44220
1769791291847495,44090
1769791291889918,44060
1769791291932601,44100
1769791291975695,44100
1769791292018558,44030
1769791292061785,44050
1769791292104875,44090
1769791292147985,44090
1769791292190711,44120
1769791292233639,44080
1769791292276910,44150
1769791292320028,44140
1769791292366832,24250
1769791292409836,22940
1769791292453094,20190
1769791292496257,19840
1769791292539500,23820
1769791292582696,23640
1769791292625841,23720
1769791292668954,23840
1769791292712142,18900
1769791292754889,19640
1769791292797779,24820
1769791292840986,24070
1769791292886492,24800
1769791292929530,45350
1769791292972051,44340
1769791293015076,44240
1769791293058171,44230
1769791293101197,44430
1769791293144310,44130
1769791293187254,44290
1769791293229777,44100
1769791293272852,44120
1769791293315784,44150
1769791293358867,44060
1769791293406080,44100
1769791293449200,44130
1769791293491993,44050
1769791293534584,44020
1769791293577625,43990
1769791293620663,44120
1769791293663689,44100
1769791293706662,44060
1769791293749698,44030
1769791293792764,44090
1769791293835817,44040
1769791293879074,44040
1769791293921475,43970
1769791293965376,44070
1769791294008316,44050
1769791294051320,43990
1769791294094273,43990
1769791294137372,44040
1769791294180520,44080
1769791294223286,44070
1769791294265721,44020
1769791294308936,44150
1769791294352163,44100
1769791294395210,29990
1769791294438429,22540
1769791294485047,24060
1769791294528051,22960
1769791294571250,19370
1769791294613658,21880
1769791294656710,22470
1769791294699816,24470
1769791294742563,23960
1769791294785684,21900
1769791294828931,19320
1769791294871537,21610
1769791294914188,24460
1769791294957091,47550
1769791295000157,44560
1769791295044954,44030
1769791295087871,44110
1769791295130958,44460
1769791295173880,44030
1769791295217056,44080
1769791295259892,44010
1769791295302779,44200
1769791295345874,44070
1769791295388641,44030
1769791295431627,44040
1769791295474019,44010
1769791295516669,44020
1769791295559860,44000
1769791295604165,44060
1769791295647204,44030
1769791295689652,44090
1769791295732682,44160
1769791295775569,44080
1769791295818509,43990
1769791295861303,44080
1769791295904402,44080
1769791295947584,44140
1769791295990688,44070
1769791296033775,44020
1769791296076885,44230
1769791296123674,44100
1769791296166661,44070
1769791296209694,44100
1769791296252800,44060
1769791296295657,44120
1769791296338810,44070
1769791296381893,44100
1769791296425095,40320
1769791296468038,18010
1769791296510745,20440
1769791296553826,23660
1769791296596896,24480
1769791296643274,21380
1769791296686368,22790
1769791296729435,24170
1769791296772721,20040
1769791296815155,22670
1769791296858081,24580
1769791296901095,24620
1769791296943981,43200
1769791296987139,44510
1769791297029732,44230
1769791297072821,44220
1769791297116055,44130
1769791297162711,44260
1769791297205530,44320
1769791297248720,44190
1769791297291679,44080
1769791297334538,43990
1769791297377545,44030
1769791297420716,44090
1769791297463910,44050
1769791297507056,44050
1769791297549919,44010
1769791297593056,43960
1769791297636256,44120
1769791297682412,44050
1769791297725537,44050
1769791297768564,44090
1769791297811799,44120
1769791297855013,44110
1769791297898246,44020
1769791297941263,44060
1769791297984399,44090
1769791298027520,44140
1769791298070534,44090
1769791298113728,44090
1769791298156869,44040
1769791298201968,44040
1769791298245065,44190
1769791298288059,44070
1769791298330639,44080
1769791298373859,44130
1769791298417035,44200
1769791298460051,28180
1769791298502614,23660
1769791298545465,23530
1769791298588672,23260
1769791298631786,18690
1769791298674540,21190
1769791298721379,24110
1769791298764521,23800
1769791298807194,22270
1769791298850190,18900
1769791298893302,20870
1769791298936067,48590
1769791298979267,44800
1769791299022202,44080
1769791299065359,44160
1769791299108584,44110
1769791299151591,44140
1769791299194518,44300
1769791299240953,44260
1769791299283978,44720
1769791299326595,44100
1769791299369649,44060
1769791299412863,44120
1769791299455992,44010
1769791299499253,44160
1769791299541769,44130
1769791299584912,44110
1769791299627719,43970
1769791299670865,44050
1769791299714088,44170
1769791299760605,44040
1769791299803603,44050
1769791299846567,44080
1769791299889586,44180
1769791299932887,44140
1769791299976038,44090
1769791300018310,44100
1769791300061291,44250
1769791300103639,44110
