unix_timestamp,active_power (mW)
1770049165885788,42930
1770049165928385,43050
1770049165971337,42840
1770049166014205,42870
1770049166059832,42870
1770049166102748,42950
1770049166146054,42990
1770049166189275,42920
1770049166232654,42890
1770049166275846,42960
1770049166318908,42890
1770049166361316,42950
1770049166404344,42830
1770049166447412,42920
1770049166489984,42870
1770049166533034,43010
1770049166580173,42900
1770049166623023,42880
1770049166665725,43010
1770049166708001,43080
1770049166750981,42950
1770049166793831,42920
1770049166836651,42880
1770049166879291,42910
1770049166921634,43030
1770049166964703,42960
1770049167007606,42900
1770049167050595,42910
1770049167093253,42880
1770049167135624,42980
1770049167180711,42990
1770049167223780,42940
1770049167266630,42920
1770049167308922,42940
1770049167351648,43050
1770049167394216,43020
1770049167437112,42910
1770049167480009,42880
1770049167523044,42800
1770049167565927,42950
1770049167608748,43000
1770049167651761,43010
1770049167694491,42860
1770049167736713,42870
1770049167781190,42890
1770049167824272,42930
1770049167867181,42860
1770049167909727,42920
1770049167952862,42890
1770049167995842,43010
1770049168038437,42930
1770049168081312,42830
1770049168124293,42920
1770049168167365,42950
1770049168210001,42960
1770049168253226,42970
1770049168296054,42940
1770049168341637,42930
1770049168384807,42930
1770049168427814,42980
1770049168470889,42960
1770049168514109,42940
1770049168557007,42900
1770049168600037,42970
1770049168643056,42990
1770049168685960,42930
1770049168729023,42860
1770049168772187,42930
1770049168815436,42800
1770049168857995,42900
1770049168902010,42910
1770049168944834,42900
1770049168987588,42820
1770049169030215,42910
1770049169073116,43010
1770049169115711,42860
1770049169158922,42960
1770049169201453,42850
1770049169244503,42790
1770049169287523,42880
1770049169330567,42940
1770049169373759,42880
1770049169416643,42840
1770049169462449,42830
1770049169504861,42940
1770049169547793,42960
1770049169590684,42860
1770049169633637,42810
1770049169676573,42870
1770049169719765,42970
1770049169762496,42860
1770049169805233,42870
1770049169848296,42810
1770049169891322,42890
1770049169934476,42890
1770049169977574,42890
1770049170022855,42820
1770049170065906,42830
1770049170108829,42830
1770049170151895,42950
1770049170194665,42880
1770049170237687,42860
1770049170280211,42860
1770049170322987,42880
1770049170365950,42910
1770049170409141,42880
1770049170452352,42880
1770049170494623,42900
1770049170537722,42850
1770049170583401,42940
1770049170626516,42840
1770049170669549,42850
1770049170711923,42910
1770049170754510,42970
1770049170797332,43000
1770049170840359,42980
1770049170883395,42890
1770049170926088,42870
1770049170968926,43000
1770049171011980,42970
1770049171054729,43020
1770049171097304,42890
1770049171143789,42980
1770049171186868,42950
1770049171229836,42950
1770049171272901,42920
1770049171315971,42850
1770049171359318,42930
1770049171402613,43020
1770049171445737,43010
1770049171488067,42970
1770049171530759,42920
1770049171573387,42890
1770049171615984,42970
1770049171659077,42970
1770049171704241,42830
1770049171747270,42850
1770049171790048,42890
1770049171833050,42910
1770049171876116,42880
1770049171918987,42880
1770049171962120,42910
1770049172005191,42920
1770049172048362,42890
1770049172091590,42960
1770049172134539,42940
1770049172177157,42900
1770049172219956,42890
1770049172264659,42950
1770049172307673,42880
1770049172350750,42890
1770049172393706,42860
1770049172436714,42980
1770049172479850,42910
1770049172522626,42860
1770049172565183,42860
1770049172608176,42870
1770049172651100,43000
1770049172694153,42960
1770049172737137,42860
1770049172780156,42880
1770049172825094,42970
1770049172868271,42920
1770049172911557,42930
1770049172954462,42940
1770049172997410,43000
1770049173040361,42990
1770049173083626,42930
1770049173126150,42940
1770049173168970,42880
1770049173212197,42950
1770049173254580,42940
1770049173297579,42940
1770049173340619,42860
1770049173385687,42930
1770049173428629,42950
1770049173471523,42880
1770049173514214,42860
1770049173556593,42910
1770049173599051,42950
1770049173641521,42990
1770049173684472,43010
1770049173727220,42960
1770049173769926,43000
1770049173812446,42960
1770049173855309,42910
1770049173898170,43010
1770049173940828,42940
1770049173986205,42910
1770049174029210,42990
1770049174072301,42980
1770049174115187,42930
1770049174158014,42890
1770049174201186,42950
1770049174244206,42980
1770049174287101,42940
1770049174329799,42960
1770049174372854,42880
1770049174416131,42970
1770049174459036,43040
1770049174501350,42980
1770049174546702,42880
1770049174589197,43030
1770049174632125,43010
1770049174675026,42960
1770049174717523,42910
1770049174760713,42950
1770049174803714,42960
1770049174846546,43010
1770049174889156,42980
1770049174932291,42910
1770049174975175,42970
1770049175017807,42980
1770049175060915,42920
1770049175107151,42940
1770049175150317,42920
1770049175193251,43020
1770049175235724,42960
1770049175278798,42950
1770049175321399,42940
1770049175364153,42900
1770049175406954,42980
1770049175449959,42960
1770049175492705,42920
1770049175535045,42910
1770049175577857,42990
1770049175621055,42980
1770049175667619,42970
1770049175710646,42930
1770049175753308,42990
1770049175796385,42920
1770049175838871,42890
1770049175881080,42930
1770049175924303,42910
1770049175967479,42860
1770049176010371,42950
1770049176053273,42920
1770049176096311,42870
1770049176139354,42980
1770049176181996,42920
1770049176228082,42890
1770049176271243,42890
1770049176314204,42820
1770049176357382,42950
1770049176400349,42930
1770049176443183,42930
1770049176486065,42960
1770049176529202,42950
1770049176572361,42900
1770049176615499,42970
1770049176658403,42890
1770049176700974,42920
1770049176744106,42910
1770049176788624,42920
1770049176831573,42900
1770049176874245,43020
1770049176917282,43000
1770049176960464,42870
1770049177003398,42890
1770049177045558,42960
1770049177087786,43020
1770049177130770,42980
1770049177173944,42980
1770049177217004,42900
1770049177260180,43040
1770049177302531,42960
1770049177349282,42900
1770049177392483,42890
1770049177435394,43000
1770049177478177,42990
1770049177521153,42900
1770049177564165,42940
1770049177607265,43000
1770049177649886,43000
1770049177692994,42990
1770049177736036,42940
1770049177778962,42920
1770049177821456,42990
1770049177864627,42950
1770049177909792,42910
1770049177952633,42930
1770049177995546,42930
1770049178038010,42920
1770049178081093,42980
1770049178124082,42970
1770049178166743,42990
1770049178209875,42910
1770049178252217,42980
1770049178295514,43040
1770049178338222,43000
1770049178380911,42970
1770049178423345,42960
1770049178466131,42950
1770049178510478,43010
1770049178553436,42930
1770049178596457,42980
1770049178639313,42960
1770049178682222,43020
1770049178725215,42950
1770049178768165,43000
1770049178811065,43000
1770049178853657,42970
1770049178896775,42930
1770049178939798,42920
1770049178982603,42990
1770049179025548,42960
1770049179070949,42990
1770049179114091,43010
1770049179157110,42990
1770049179200126,42980
1770049179243122,42960
1770049179286045,42980
1770049179329069,42950
1770049179372245,42980
1770049179414866,42940
1770049179457612,42960
1770049179500740,43020
1770049179543239,42960
1770049179586071,42940
1770049179631533,42960
1770049179674753,42960
1770049179717865,42930
1770049179760790,42960
1770049179803792,43010
1770049179846339,42900
1770049179889260,42960
1770049179932367,42900
1770049179975356,42940
1770049180018349,42990
1770049180061467,42930
1770049180104576,43010
1770049180147685,43030
1770049180192097,42950
1770049180235024,42990
1770049180277479,42990
1770049180320678,42970
1770049180363587,42920
1770049180406574,43020
1770049180449557,42950
1770049180492733,42970
1770049180535578,42950
1770049180578049,42900
1770049180621104,42940
1770049180664291,43070
1770049180707169,43020
1770049180752696,42960
1770049180795909,42960
1770049180838818,42910
1770049180881355,42900
1770049180924332,42940
1770049180967156,42920
1770049181009873,42950
1770049181052968,42860
1770049181096190,42920
1770049181139125,42950
1770049181182210,42870
1770049181225265,42870
1770049181268170,42910
1770049181313151,42920
1770049181356269,42870
1770049181399226,42880
1770049181441860,42900
1770049181484833,42850
1770049181527752,42790
1770049181570126,42860
1770049181613180,42850
1770049181656388,42810
1770049181699208,42780
1770049181741765,42830
1770049181784631,42810
1770049181827535,42800
1770049181873691,42830
1770049181916695,42840
1770049181959651,42880
1770049182002547,42790
1770049182045201,42820
1770049182088209,42870
1770049182131134,42850
1770049182173694,42830
1770049182216738,42910
1770049182259867,42730
1770049182302429,42840
1770049182345222,42820
1770049182388262,42800
1770049182434518,42830
1770049182477226,42860
1770049182520508,42910
1770049182563468,42840
1770049182606669,42860
1770049182649619,42870
1770049182692755,42860
1770049182735728,42850
1770049182778850,42810
1770049182821210,42880
1770049182864138,42810
1770049182906909,42850
1770049182950033,42770
1770049182995038,42830
1770049183037932,42820
1770049183080900,42890
1770049183123684,42900
1770049183165943,42840
1770049183209157,42890
1770049183252356,42890
1770049183294956,42890
1770049183337850,42800
1770049183380289,42920
1770049183423452,42850
1770049183466088,42890
1770049183508955,42890
1770049183555822,42880
1770049183598989,42860
1770049183642009,42920
1770049183685139,42950
1770049183728165,42930
1770049183771157,42950
1770049183813994,42920
1770049183857152,42970
1770049183900114,42990
1770049183942798,42940
1770049183985146,42970
1770049184028121,42900
1770049184070679,42930
1770049184116557,42910
1770049184159305,42940
1770049184202498,42880
1770049184245451,42850
1770049184288500,42780
1770049184330820,42870
