unix_timestamp,active_power (mW)
1774524224357116,48470
1774524224402978,19470
1774524224445676,20410
1774524224488874,35290
1774524224532083,43610
1774524224575095,48690
1774524224618236,48530
1774524224661312,48550
1774524224704520,48460
1774524224747728,48520
1774524224790444,48510
1774524224833660,48420
1774524224876637,48620
1774524224919500,48580
1774524224963887,48580
1774524225006717,48540
1774524225049738,48520
1774524225092754,48540
1774524225135809,48490
1774524225178820,48500
1774524225221757,48520
1774524225264821,48500
1774524225307602,48550
1774524225350847,48500
1774524225393873,48480
1774524225436945,48590
1774524225480009,48540
1774524225524787,48530
1774524225567636,48460
1774524225610861,48510
1774524225653859,48550
1774524225697056,48410
1774524225739938,48610
1774524225782875,48530
1774524225825854,48440
1774524225868946,48490
1774524225912102,48450
1774524225955330,48490
1774524225998436,48520
1774524226045508,48530
1774524226088664,48520
1774524226131425,48460
1774524226174144,48450
1774524226217296,48470
1774524226260443,48500
1774524226303332,48540
1774524226346370,48450
1774524226389580,48540
1774524226432593,48510
1774524226475811,48420
1774524226518458,48480
1774524226561611,48520
1774524226606487,49250
1774524226649618,48630
1774524226692806,48580
1774524226735801,48580
1774524226778579,48390
1774524226821614,48560
1774524226864732,48430
1774524226907888,48520
1774524226950492,48560
1774524226993681,48580
1774524227036590,48520
1774524227079668,48540
1774524227122805,48520
1774524227167270,48530
1774524227210422,48450
1774524227253423,48580
1774524227296615,48510
1774524227339589,48550
1774524227382230,48630
1774524227425294,48590
1774524227468416,48570
1774524227511565,48520
1774524227554148,48560
1774524227597212,48600
1774524227640055,48550
1774524227682635,48610
1774524227728078,48530
1774524227770611,48570
1774524227813607,48590
1774524227856754,48690
1774524227899776,48520
1774524227942852,48560
1774524227985598,48620
1774524228028487,48540
1774524228071544,48630
1774524228114626,48560
1774524228157631,48480
1774524228200937,48500
1774524228244055,48540
1774524228289001,48550
1774524228332097,48500
1774524228375099,48450
1774524228418052,48530
1774524228461017,48550
1774524228503944,48560
1774524228547010,48580
1774524228589736,48580
1774524228632723,48560
1774524228675763,48460
1774524228718808,48470
1774524228761674,48490
1774524228804760,48420
1774524228849786,48430
1774524228892910,48420
1774524228936023,48450
1774524228979217,48510
1774524229021681,48350
1774524229064717,48460
1774524229107625,48480
1774524229151034,48430
1774524229193428,48470
1774524229236484,48480
1774524229279281,48350
1774524229321620,48460
1774524229364861,48520
1774524229410672,48420
1774524229453877,48550
1774524229497152,48450
1774524229540060,48440
1774524229583011,48430
1774524229625675,48410
1774524229668845,48460
1774524229711888,48500
1774524229755107,48420
1774524229797702,48400
1774524229840846,48440
1774524229883958,48510
1774524229927134,48420
1774524229971624,48400
1774524230014712,48470
1774524230057795,48520
1774524230100951,48550
1774524230143847,48490
1774524230186871,48490
1774524230229793,48450
1774524230272947,48490
1774524230315860,48590
1774524230358414,48550
1774524230401515,48470
1774524230444565,48530
1774524230487598,48500
1774524230532294,48570
1774524230575212,48540
1774524230617620,48490
1774524230660833,48470
1774524230703985,48490
1774524230747074,48490
1774524230789642,48520
1774524230832798,48550
1774524230875896,48640
1774524230919059,48510
1774524230961884,48490
1774524231005005,48480
1774524231047878,48450
1774524231093433,48480
1774524231136596,48500
1774524231179745,48390
1774524231222417,48470
1774524231265669,48430
1774524231308703,48390
1774524231351633,48530
1774524231394830,48440
1774524231438057,48500
1774524231480959,48470
1774524231523835,48390
1774524231566790,48450
1774524231609809,48460
1774524231654257,48440
1774524231697377,48430
1774524231740389,48510
1774524231783338,48460
1774524231826354,48470
1774524231869420,48440
1774524231912374,48470
1774524231955376,48450
1774524231998454,48410
1774524232041570,48510
1774524232084676,48440
1774524232127842,48510
1774524232170451,48510
1774524232215137,48440
1774524232258113,48470
1774524232301022,48460
1774524232344118,48440
1774524232387240,48420
1774524232430402,48390
1774524232473519,48390
1774524232516711,48410
1774524232559776,48400
1774524232602503,48450
1774524232645484,48380
1774524232688703,48340
1774524232731724,48370
1774524232776134,48230
1774524232819293,48290
1774524232862454,48410
1774524232905597,48210
1774524232948651,48400
1774524232991777,48290
1774524233034872,48370
1774524233077592,48250
1774524233120592,48430
1774524233163611,48390
1774524233206760,48360
1774524233249798,48420
1774524233292954,48350
1774524233337230,48360
1774524233379843,48410
1774524233422901,48460
1774524233465951,48500
1774524233508562,48480
1774524233551320,48480
1774524233594331,48440
1774524233637448,48540
1774524233680551,48510
1774524233723516,48450
1774524233766550,48510
1774524233809649,48420
1774524233852744,48500
1774524233898193,48440
1774524233941341,48480
1774524233983918,48450
1774524234026935,48470
1774524234069868,48450
1774524234113009,48410
1774524234155995,48400
1774524234199023,48380
1774524234242038,48410
1774524234285100,48230
1774524234328194,48390
1774524234371115,48500
1774524234414301,48350
1774524234459097,48390
1774524234502108,48370
1774524234545157,48370
1774524234588252,48380
1774524234630662,48390
1774524234673249,48310
1774524234716308,48400
1774524234759572,48410
1774524234802587,48370
1774524234845819,48530
1774524234888773,48300
1774524234931766,48320
1774524234975018,48330
1774524235020220,48450
1774524235063006,48400
1774524235105896,48420
1774524235148885,48390
1774524235191544,48340
1774524235234698,48430
1774524235277833,48380
1774524235320971,48350
1774524235363954,48380
1774524235406849,48390
1774524235449400,48330
1774524235492423,48360
1774524235535733,48330
1774524235581092,48310
1774524235624052,48330
1774524235666973,48320
1774524235709745,48330
1774524235752814,48260
1774524235795747,48290
1774524235838783,48330
1774524235881961,48310
1774524235925024,48340
1774524235968162,48360
1774524236011096,48300
1774524236054109,48320
1774524236097045,48450
1774524236142219,48370
1774524236185121,48330
1774524236228169,48330
1774524236270986,48280
1774524236313996,48400
1774524236357178,48390
1774524236400092,48370
1774524236443411,48410
1774524236486467,48420
1774524236529711,48420
1774524236572899,48500
