unix_timestamp,active_power (mW)
1769792217944840,43730
1769792217987037,43440
1769792218029927,43440
1769792218073090,43280
1769792218116198,43300
1769792218159151,43230
1769792218202197,43260
1769792218245213,43310
1769792218288322,43340
1769792218331465,43350
1769792218374419,43250
1769792218417483,43200
1769792218463038,43320
1769792218505306,43300
1769792218548330,43320
1769792218591480,43290
1769792218634559,43300
1769792218677462,43380
1769792218720674,43310
1769792218763671,43320
1769792218806454,43500
1769792218849632,43320
1769792218892666,43620
1769792218935181,43330
1769792218977704,43300
1769792219022698,43270
1769792219065855,43320
1769792219109003,43270
1769792219152196,43210
1769792219195359,43400
1769792219238433,43310
1769792219281817,43300
1769792219324876,43420
1769792219368077,43290
1769792219410930,43240
1769792219454006,43290
1769792219497107,43360
1769792219542420,43330
1769792219585560,43440
1769792219628651,43380
1769792219671811,43360
1769792219714761,43360
1769792219757999,43300
1769792219801128,43270
1769792219844104,43290
1769792219886869,43380
1769792219929771,43340
1769792219972849,43360
1769792220015765,43310
1769792220062292,35700
1769792220105330,19620
1769792220148172,23950
1769792220191112,19070
1769792220234261,20250
1769792220277420,22340
1769792220320640,23570
1769792220363865,23220
1769792220406664,19860
1769792220449827,18450
1769792220492888,22320
1769792220535905,22850
1769792220582003,21020
1769792220625096,17380
1769792220668249,23300
1769792220711407,23380
1769792220753824,23100
1769792220796759,20890
1769792220839460,18590
1769792220882110,21780
1769792220925154,30550
1769792220968285,45250
1769792221010793,43270
1769792221053651,43250
1769792221096791,43230
1769792221141629,43360
1769792221184730,43340
1769792221227548,43300
1769792221270576,43310
1769792221313453,43250
1769792221356577,43270
1769792221399580,43180
1769792221442192,43150
1769792221485376,43200
1769792221528538,43300
1769792221571358,43260
1769792221613700,43270
1769792221656846,43270
1769792221701339,43240
1769792221744445,43150
1769792221787364,43160
1769792221829798,43210
1769792221873002,43290
1769792221915841,43390
1769792221959066,43300
1769792222002211,43320
1769792222045091,43330
1769792222087933,43300
1769792222130721,41660
1769792222173946,18980
1769792222216930,20210
1769792222261248,23050
1769792222304297,17610
1769792222347427,18870
1769792222390573,23200
1769792222433552,23470
1769792222476626,25210
1769792222519871,22730
1769792222563012,22670
1769792222606177,21740
1769792222649049,18900
1769792222692119,21320
1769792222734605,23740
1769792222780886,20900
1769792222823861,22700
1769792222866744,22750
1769792222909305,27880
1769792222952345,44350
1769792222995189,43280
1769792223038080,43300
1769792223081325,43320
1769792223124185,43360
1769792223166998,43390
1769792223210572,43380
1769792223253386,43250
1769792223295827,43170
1769792223340554,43220
1769792223383745,43160
1769792223426909,43220
1769792223469739,43230
1769792223512931,43180
1769792223555770,43120
1769792223599008,43240
1769792223641908,43260
1769792223685099,43270
1769792223728171,43270
1769792223771240,43300
1769792223814353,43220
1769792223860393,43170
1769792223903166,43200
1769792223946340,43270
1769792223989444,43280
1769792224032386,43250
1769792224075168,43290
1769792224117806,43290
1769792224160925,43260
1769792224204098,23200
1769792224246631,22700
1769792224289822,20190
1769792224333040,18350
1769792224376155,21070
1769792224420285,22460
1769792224463207,21270
1769792224505431,18850
1769792224547930,21150
1769792224591023,23650
1769792224634231,19730
1769792224677353,20010
1769792224720564,23970
1769792224763198,18950
1769792224806307,20960
1769792224849312,24080
1769792224892013,19340
1769792224935117,26680
1769792224979955,42990
1769792225023160,43560
1769792225065537,43220
1769792225108387,43250
1769792225150954,43240
1769792225193946,43420
1769792225236947,43250
1769792225279957,43250
1769792225322780,43240
1769792225365864,43210
1769792225408963,43230
1769792225451814,43180
1769792225495038,43210
1769792225539724,43230
1769792225582126,43310
1769792225625222,43280
1769792225668191,43230
1769792225710821,43220
1769792225753114,43210
1769792225795441,43210
1769792225838444,43200
1769792225881494,43240
1769792225924021,43180
1769792225966919,43390
1769792226009731,43370
1769792226052726,43310
1769792226099387,43270
1769792226141871,43230
1769792226185089,43210
1769792226227983,25880
1769792226270752,23370
1769792226313249,22460
1769792226356478,19370
1769792226399591,18700
1769792226442645,21650
1769792226485727,23030
1769792226528809,22420
1769792226571819,21090
1769792226614637,18570
1769792226659241,23170
1769792226702365,21760
1769792226745446,18620
1769792226788401,21300
1769792226830943,22850
1769792226874038,22520
1769792226916623,25610
1769792226959775,44640
1769792227002451,43560
1769792227045366,43430
1769792227088351,43650
1769792227130745,43220
1769792227173860,43250
1769792227219151,43210
1769792227261826,43200
1769792227305082,43350
1769792227348006,43240
1769792227390980,43260
1769792227433994,43200
1769792227477044,43230
1769792227519617,43180
1769792227562598,43200
1769792227605667,43160
1769792227648748,43230
1769792227691759,43300
1769792227734237,43330
1769792227778820,43240
1769792227821943,43270
1769792227864929,43240
1769792227907834,43230
1769792227950849,43220
1769792227994040,43220
1769792228036868,43230
1769792228079833,43230
1769792228122946,43240
1769792228165782,43240
1769792228208931,43240
1769792228252104,43310
1769792228298817,20790
1769792228341881,22310
1769792228384738,22340
1769792228427878,21780
1769792228470744,18260
1769792228513901,22210
1769792228557029,22460
1769792228599973,22450
1769792228642718,19110
1769792228685673,22510
1769792228728830,23600
1769792228771803,22400
1769792228818621,20420
1769792228861766,23100
1769792228904938,26500
1769792228948018,44400
1769792228990824,43490
1769792229033733,43580
1769792229076598,43390
1769792229119205,43320
1769792229161682,43440
1769792229204436,43380
1769792229247361,43300
1769792229290414,43350
1769792229333438,43310
1769792229378404,43320
1769792229421464,43360
1769792229464411,43230
1769792229507194,43270
1769792229549768,43240
1769792229592856,43260
1769792229635805,43200
1769792229678887,43280
1769792229721467,43300
1769792229764598,43240
1769792229807598,43330
1769792229850703,43320
1769792229893822,43340
1769792229938246,43260
1769792229981324,43400
1769792230024301,43270
1769792230067496,43290
1769792230109927,43240
1769792230153040,43210
1769792230195880,43270
1769792230238777,43320
1769792230281960,43290
1769792230324397,40590
1769792230367372,16930
1769792230410422,18430
1769792230453376,22860
1769792230498118,22430
1769792230540533,21480
1769792230583066,18590
1769792230625835,21250
1769792230668991,23700
1769792230712162,18950
1769792230754818,20850
1769792230797231,23780
1769792230840396,18950
1769792230883505,21110
1769792230926585,27880
1769792230969652,44320
1769792231012818,43480
1769792231057927,43360
1769792231101054,43400
1769792231143797,43430
1769792231186437,43190
1769792231229530,43220
1769792231272488,43200
1769792231315639,43290
1769792231358422,43200
1769792231401471,43180
1769792231444604,43210
1769792231487681,43270
1769792231529962,43200
1769792231573105,43250
1769792231617751,43210
1769792231660936,43270
1769792231704085,43270
1769792231747143,43280
1769792231790162,43240
1769792231833333,43230
1769792231876233,43200
1769792231919061,43230
1769792231962196,43230
1769792232004806,43310
1769792232047695,43320
1769792232090407,43220
1769792232133423,43200
1769792232177749,43270
1769792232220884,43320
1769792232264045,43260
1769792232306786,43280
1769792232349842,42610
1769792232392311,23050
1769792232435130,19340
1769792232477479,18490
1769792232520359,21410
1769792232563321,22130
1769792232606499,22430
1769792232649648,21270
1769792232692853,18890
1769792232737570,23350
1769792232780554,20900
1769792232823494,18380
1769792232866472,21920
1769792232909636,26600
1769792232952665,45740
1769792232995713,43380
1769792233038912,43280
1769792233082101,43350
1769792233125237,43260
1769792233168253,43500
1769792233211138,43400
1769792233257547,43260
1769792233300584,43270
1769792233343722,43250
1769792233386752,43280
1769792233429840,43250
1769792233472855,43300
1769792233515807,43230
1769792233558440,43200
1769792233601584,43270
1769792233644669,43230
1769792233687689,43290
1769792233730518,43240
1769792233777536,43240
1769792233820483,43240
1769792233863540,43230
1769792233906240,43250
1769792233949120,43230
1769792233992224,43340
1769792234034941,43210
1769792234077963,43210
1769792234121898,43270
1769792234165058,43220
1769792234207269,43210
1769792234250417,43210
1769792234297387,43190
1769792234340442,43530
1769792234383595,43190
1769792234426152,24370
1769792234469330,22700
1769792234512259,21040
1769792234555031,18270
1769792234598021,21230
1769792234641250,22160
1769792234684409,22800
1769792234727059,22990
1769792234770121,17630
1769792234812954,19360
1769792234857326,23600
1769792234899634,25200
1769792234942201,44670
1769792234985424,43440
1769792235028370,43440
1769792235071054,43320
1769792235114233,43290
1769792235157540,43280
1769792235200660,43520
1769792235243462,43270
1769792235286415,43210
1769792235329216,43290
1769792235372224,43200
1769792235417132,43190
1769792235460262,43130
1769792235503197,43190
1769792235546230,43190
1769792235589301,43210
1769792235632083,43240
1769792235675322,43190
1769792235718312,43200
1769792235760713,43250
1769792235803590,43150
1769792235846749,43260
1769792235889922,43150
1769792235932525,43220
1769792235977177,43250
1769792236019524,43160
1769792236062387,43180
1769792236105351,43270
1769792236148344,43260
1769792236191077,43220
1769792236233933,43210
1769792236277080,43240
1769792236320368,43270
1769792236363313,43230
1769792236406372,43250
1769792236449344,43230
1769792236492381,24230
1769792236537225,22120
1769792236580256,17510
1769792236623250,19190
1769792236666318,22460
1769792236709325,23560
1769792236751713,20680
1769792236793925,19550
1769792236836833,23120
1769792236879887,22950
1769792236922936,23550
1769792236966059,44720
1769792237009257,43440
1769792237052490,43390
1769792237097224,43220
1769792237140776,43200
1769792237183989,43300
1769792237226727,43380
1769792237269626,43200
1769792237312589,43190
1769792237355721,43160
1769792237398536,43140
1769792237441509,43290
1769792237484503,43220
1769792237527634,43200
1769792237570232,43300
1769792237617421,43290
1769792237660523,43290
1769792237703545,43260
1769792237746601,43300
1769792237789634,43300
1769792237832838,43280
1769792237876041,43350
1769792237918409,43240
1769792237961538,43290
1769792238004579,43480
1769792238047451,43260
1769792238090448,43350
1769792238137398,43310
1769792238180474,43250
1769792238223337,43310
1769792238266248,43260
1769792238309445,43520
1769792238352286,43210
1769792238395459,43270
1769792238438654,43230
1769792238481873,24470
1769792238524976,22830
1769792238568096,21530
1769792238611191,17910
1769792238657316,21620
1769792238700342,22830
1769792238742931,22300
1769792238786102,19280
1769792238829306,19480
1769792238872251,23410
1769792238915352,25050
1769792238957787,44660
1769792239000770,43440
1769792239043758,43360
1769792239086738,43230
1769792239129689,43240
1769792239172921,43300
1769792239217336,43240
1769792239260383,43330
1769792239303376,43360
1769792239346522,43300
1769792239389645,43220
1769792239432890,43220
1769792239475420,43410
1769792239518312,43340
1769792239561328,43250
1769792239604345,43260
1769792239646994,43220
1769792239690073,43270
1769792239733400,43340
1769792239777320,43180
1769792239820440,43240
1769792239863287,43240
1769792239906196,43320
1769792239949277,43290
1769792239992152,43270
1769792240034737,43270
1769792240078040,43290
1769792240121132,43300
1769792240163601,43350
1769792240205862,43270
1769792240248989,43380
1769792240291882,43320
1769792240337436,43320
1769792240380528,43310
1769792240423679,43290
1769792240466240,43370
1769792240509216,43400
1769792240552462,40890
1769792240595491,16790
1769792240638707,18890
1769792240681994,21380
1769792240725134,22210
1769792240768011,22010
1769792240811056,20450
1769792240857388,21640
1769792240900643,26140
1769792240943856,46380
1769792240987017,43470
1769792241030275,43340
1769792241073143,43290
1769792241116020,43230
1769792241159009,43300
1769792241201876,43430
