unix_timestamp,active_power (mW)
1769789436635143,40210
1769789436677473,44070
1769789436720555,44050
1769789436763242,44030
1769789436807943,43950
1769789436850927,43950
1769789436894047,43920
1769789436937238,43920
1769789436980390,43850
1769789437023058,43900
1769789437066062,43950
1769789437108986,43920
1769789437152042,44000
1769789437194976,43840
1769789437238062,43900
1769789437281206,43920
1769789437328123,43950
1769789437371064,43820
1769789437414137,43860
1769789437457191,43890
1769789437500357,43870
1769789437543527,43920
1769789437586518,44160
1769789437629680,43970
1769789437673011,43950
1769789437716148,43800
1769789437759313,43860
1769789437801644,43920
1769789437848436,25600
1769789437891340,38880
1769789437933756,43560
1769789437976287,43480
1769789438019562,43370
1769789438062841,43370
1769789438105738,43450
1769789438148878,43470
1769789438191802,43390
1769789438234695,43360
1769789438277678,43360
1769789438320888,43400
1769789438363339,43390
1769789438408758,43410
1769789438451669,43360
1769789438494169,43400
1769789438537240,43390
1769789438580245,43440
1769789438622695,43380
1769789438665712,43460
1769789438708914,43460
1769789438751855,43480
1769789438794289,43420
1769789438837324,43370
1769789438880390,40680
1769789438923355,35360
1769789438969178,43580
1769789439012170,43420
1769789439055159,43440
1769789439098253,43400
1769789439141324,43480
1769789439184457,43300
1769789439227436,43420
1769789439270407,43440
1769789439313673,43450
1769789439356770,43540
1769789439399728,43400
1769789439442515,47260
1769789439489387,43360
1769789439531900,43370
1769789439574886,43400
1769789439617707,43550
1769789439660994,44040
1769789439704162,44060
1769789439747396,43180
1769789439789856,43330
1769789439832926,43400
1769789439875999,43470
1769789439919017,29020
1769789439962171,26140
1769789440005367,21360
1769789440049918,26090
1769789440092930,21540
1769789440136090,23830
1769789440179005,23950
1769789440222280,26240
1769789440264633,24810
1769789440307405,24380
1769789440350480,21840
1769789440393520,24330
1769789440436688,26250
1769789440479622,24810
1769789440522331,20550
1769789440565326,22140
1769789440610130,25300
1769789440653289,25370
1769789440696292,24650
1769789440738897,22980
1769789440782010,24360
1769789440825197,24170
1769789440868115,24420
1769789440911285,37200
1769789440954178,43260
1769789440997373,43700
1769789441040311,43400
1769789441083489,43440
1769789441130433,43460
1769789441173604,43550
1769789441216590,43480
1769789441259694,43350
1769789441302328,43380
1769789441345544,43420
1769789441388014,43300
1769789441430614,43450
1769789441473743,43410
1769789441516797,43460
1769789441559236,43410
1769789441601738,43360
1769789441644714,43290
1769789441690779,43810
1769789441733957,43830
1769789441777154,43350
1769789441820198,43420
1769789441863282,43600
1769789441905736,43560
1769789441948659,31820
1769789441991318,24100
1769789442033702,24890
1769789442076678,25410
1769789442119598,24730
1769789442162747,22480
1769789442205811,22080
1769789442251224,24150
1769789442293642,25290
1769789442336653,25300
1769789442379503,24470
1769789442422661,22810
1769789442465363,24710
1769789442508426,21170
1769789442551036,24010
1769789442593292,23840
1769789442636366,25460
1769789442679130,25100
1769789442721734,23980
1769789442764753,24610
1769789442807605,22500
1769789442851660,24300
1769789442894390,40530
1769789442937366,43820
1769789442980501,44070
1769789443023459,43980
1769789443066628,43960
1769789443109605,43980
1769789443152631,44040
1769789443195557,43950
1769789443238618,43910
1769789443281649,44030
1769789443324597,43910
1769789443367654,43860
1769789443411936,43970
1769789443455036,43850
1769789443498199,43920
1769789443541360,43970
1769789443583605,43890
1769789443626899,43950
1769789443669784,43870
1769789443712909,43890
1769789443755989,44030
1769789443798686,43920
1769789443841634,44010
1769789443884651,43900
1769789443927249,43960
1769789443972142,39660
1769789444015273,20040
1769789444058416,21730
1769789444101445,25470
1769789444144588,25010
1769789444187512,25440
1769789444230226,21510
1769789444273292,24100
1769789444316429,26300
1769789444359428,25250
1769789444401882,19970
1769789444444899,21770
1769789444487964,26110
1769789444532315,25620
1769789444575536,24550
1769789444618007,23310
1769789444660921,24080
1769789444704005,25000
1769789444746702,20590
1769789444789577,22170
1769789444832275,25770
1769789444875259,24880
1769789444918264,39970
1769789444961470,43430
1769789445004384,43480
1769789445046724,43400
1769789445092724,43300
1769789445135572,43480
1769789445178675,43310
1769789445221682,43360
1769789445264725,43340
1769789445307722,43400
1769789445350779,43300
1769789445393770,43500
1769789445436755,44180
1769789445479912,43570
1769789445522465,43380
1769789445565493,43330
1769789445608137,43430
1769789445652909,43450
1769789445695912,43450
1769789445738619,43430
1769789445781719,43530
1769789445824592,43360
1769789445867570,43440
1769789445910858,43420
1769789445953848,43420
1769789445996844,43440
1769789446039841,41790
1769789446082746,21210
1769789446125928,23430
1769789446168836,23710
1769789446213160,24170
1769789446256303,25420
1769789446299164,24660
1769789446342200,22570
1769789446385239,22070
1769789446428191,24300
1769789446471414,26530
1769789446514399,21430
1769789446557547,24140
1769789446600820,26290
1769789446643556,21540
1769789446686193,24150
1769789446729121,26410
1769789446773421,24200
1769789446816716,26340
1769789446859858,21480
1769789446902929,40530
1769789446945635,43900
1769789446988591,43400
1769789447031656,43400
1769789447074756,43430
1769789447117740,43400
1769789447160928,43540
1769789447204064,43450
1769789447247063,43390
1769789447293606,43370
1769789447336551,43380
1769789447379811,43300
1769789447422846,43340
1769789447465855,43290
1769789447508703,43400
1769789447551089,43310
1769789447594046,43360
1769789447636662,43300
1769789447679479,43370
1769789447722041,43370
1769789447765228,43350
1769789447808379,43350
1769789447853949,43330
1769789447897054,43410
1769789447940099,43860
1769789447983188,43910
1769789448025705,43910
1769789448068714,43840
1769789448111820,25590
1769789448154707,22740
1769789448197710,21480
1769789448240702,23980
1769789448283735,24270
1769789448326719,25390
1769789448369689,25000
1769789448414090,22820
1769789448457064,21810
1769789448500162,23920
1769789448542683,24220
1769789448585658,25350
1769789448628823,25180
1769789448671372,24450
1769789448713791,23870
1769789448756953,20960
1769789448799956,23410
1769789448842927,24450
1769789448886032,25560
1769789448929235,40540
1769789448974415,43940
1769789449017510,43940
1769789449060672,43950
1769789449103568,43790
1769789449146960,43300
1769789449190107,43470
1769789449233147,43380
1769789449276344,43400
1769789449319447,43370
1769789449361956,43360
1769789449405178,43370
1769789449448200,43350
1769789449494661,43290
1769789449537603,43300
1769789449580602,43260
1769789449623371,43340
1769789449665646,43380
1769789449708662,43400
1769789449751034,43330
1769789449794218,43320
1769789449837235,43330
1769789449880355,43360
1769789449923387,43400
1769789449966466,43800
1769789450009677,43900
1769789450054797,43980
1769789450097865,43920
1769789450140992,26240
1769789450184041,25840
1769789450226641,23910
1769789450269491,21090
1769789450312649,23730
1769789450355515,25070
1769789450398516,24680
1769789450441448,22680
1769789450484468,21560
1769789450527367,23690
1769789450569806,23710
1769789450615111,25290
1769789450658251,20970
1769789450701448,23490
1769789450743852,23650
1769789450786274,25770
1769789450829420,24570
1769789450871854,23780
1769789450914713,39040
1769789450957579,43960
1769789451000682,44100
1769789451043779,44280
1769789451086587,44600
1769789451129700,44010
1769789451175325,43890
1769789451218427,43900
1769789451261439,44190
1769789451304708,43970
1769789451347880,44010
1769789451390670,43970
1769789451433656,43960
1769789451476039,44000
1769789451519360,43960
1769789451562294,43950
1769789451604756,44010
1769789451647903,43940
1769789451690556,44010
1769789451735635,43950
1769789451778208,43970
1769789451821341,43970
1769789451864421,44050
1769789451907506,44010
1769789451950649,44140
1769789451993646,43970
1769789452036686,43920
1769789452079646,44030
1769789452122370,43980
1769789452165410,44050
1769789452208307,28720
1769789452251428,24320
1769789452295871,24480
1769789452339024,24170
1769789452382029,21780
1769789452425091,21510
1769789452468306,23090
1769789452511327,24480
1769789452554443,25830
1769789452597671,21010
1769789452640195,23800
1769789452683296,25730
1769789452725696,21080
1769789452768752,23640
1769789452811724,25820
1769789452856080,21090
1769789452899257,41530
1769789452941721,44140
1769789452984658,44080
1769789453027719,43990
1769789453070719,43900
1769789453113812,43890
1769789453156856,44000
1769789453199926,43860
1769789453243048,43950
1769789453286223,43990
1769789453329321,43930
1769789453376222,43960
1769789453418976,43940
1769789453462268,43920
1769789453505442,43930
1769789453548404,43910
1769789453591226,43930
1769789453634484,43920
1769789453677702,43980
1769789453720609,43930
1769789453763288,43940
1769789453805689,43940
1769789453848695,43890
1769789453891697,43900
1769789453936580,43890
1769789453979780,44040
1769789454023043,43930
1769789454066247,43860
1769789454109259,43860
1769789454152274,43840
1769789454195177,43850
1769789454238413,33380
1769789454281667,23230
1769789454324623,25730
1769789454367401,21000
1769789454410601,23400
1769789454456725,21240
1769789454499608,22920
1769789454542959,23430
1769789454586118,25380
1769789454629358,24380
1769789454672479,23980
1769789454715131,22910
1769789454757818,23570
1769789454800837,20950
1769789454844011,23190
1769789454887226,23250
1769789454929839,42960
1769789454973076,43480
1769789455017135,43450
1769789455060232,43400
1769789455103275,43430
1769789455146401,43440
1769789455189333,43320
1769789455232459,43350
1769789455275430,43530
1769789455318696,43340
1769789455361804,43400
1769789455404848,43320
1769789455447676,43340
1769789455490642,43340
1769789455537373,43300
1769789455580570,43340
1769789455623859,43400
1769789455666506,43350
1769789455713716,43350
1769789455756697,43270
1769789455799319,43350
1769789455842039,43360
1769789455885178,43330
1769789455928309,43440
1769789455971573,43440
1769789456017534,43550
1769789456060792,43330
1769789456103648,43290
1769789456146609,43340
1769789456189823,43350
1769789456232726,43420
1769789456275805,40470
1769789456318409,19560
1769789456361454,22260
1769789456404487,24220
1769789456447650,25730
1769789456490638,21220
1769789456533584,23330
1769789456577960,21150
1769789456620874,23420
1769789456663923,25850
1769789456706981,21080
1769789456749840,23620
1769789456793125,25740
1769789456836092,21050
1769789456879137,23550
1769789456921760,42730
1769789456964915,43660
1769789457008140,43470
1769789457050839,43360
1769789457093958,43430
1769789457138252,43480
1769789457181505,43520
1769789457224675,43390
1769789457267549,43340
1769789457310738,43280
1769789457353794,43230
1769789457396820,43340
1769789457439707,43360
1769789457482885,43370
1769789457526010,43390
1769789457568871,43350
1769789457611935,43290
1769789457658585,43380
1769789457701811,43400
1769789457745073,43330
1769789457788297,43340
1769789457831106,43310
1769789457874229,43310
1769789457916901,43400
1769789457959821,43930
1769789458002917,44030
1769789458046008,43910
1769789458088994,44220
1769789458132078,43870
1769789458178982,44010
1769789458222205,43980
1769789458265334,44030
1769789458308287,42340
1769789458351241,24780
1769789458394483,21670
1769789458437642,20970
1769789458480650,24110
1769789458523751,23340
1769789458566681,24880
1769789458609814,24630
1769789458652782,24080
1769789458699289,21580
1769789458741760,23460
1769789458784688,23340
1769789458827588,25970
1769789458870387,23410
1769789458913688,41870
1769789458956770,44260
1769789458999676,44000
1769789459042675,43930
1769789459085795,43900
1769789459128902,43930
1769789459171530,44110
1769789459214717,43820
1769789459259493,44100
1769789459302660,43950
1769789459345729,43980
1769789459388722,43880
1769789459431710,43900
1769789459474587,43840
1769789459517745,43810
1769789459560743,43870
1769789459603607,43880
1769789459646770,43970
1769789459690020,43960
1769789459732873,43940
1769789459775950,43790
1769789459819822,43880
1769789459862626,43900
1769789459905609,43900
1769789459948753,43440
1769789459991654,43400
1769789460034306,43420
1769789460077363,43340
1769789460120470,43610
1769789460163535,43290
1769789460206705,43420
1769789460249819,43460
1769789460293346,43360
1769789460340048,43280
1769789460383255,25790
1769789460426397,20800
1769789460469302,23310
1769789460512188,25730
1769789460555305,21050
1769789460598422,23380
1769789460641222,25840
1769789460684340,21100
1769789460726946,23210
1769789460769730,23380
1769789460812913,25280
1769789460855953,24430
1769789460900425,41120
1769789460943456,43690
1769789460986343,43500
1769789461029328,43410
1769789461072410,43360
1769789461115339,43380
1769789461158325,43480
1769789461201360,43360
1769789461244290,43400
1769789461287355,43400
