unix_timestamp,active_power (mW)
1769789867925172,42900
1769789867967913,44390
1769789868011014,44210
1769789868053774,44050
1769789868096987,43560
1769789868140182,43580
1769789868184619,43560
1769789868227684,43530
1769789868270651,43580
1769789868313773,43540
1769789868356980,43360
1769789868399927,43410
1769789868442707,43720
1769789868485303,43930
1769789868528341,43950
1769789868571434,43950
1769789868614393,44020
1769789868657428,43840
1769789868704524,43980
1769789868747287,43910
1769789868789772,43960
1769789868832845,44010
1769789868876377,44020
1769789868919219,44070
1769789868962243,43950
1769789869005431,43990
1769789869048496,44070
1769789869091314,43970
1769789869134216,44020
1769789869177157,44110
1769789869220317,44020
1769789869264672,43980
1769789869307711,43990
1769789869350487,43920
1769789869393477,43950
1769789869436651,43920
1769789869479606,43990
1769789869521954,44000
1769789869564992,44080
1769789869607951,43990
1769789869650636,44020
1769789869693716,44020
1769789869736994,44220
1769789869779849,44050
1769789869824494,43990
1769789869866974,44010
1769789869910001,44050
1769789869953019,44050
1769789869996193,26260
1769789870039281,22750
1769789870081925,21780
1769789870125111,24470
1769789870168200,24180
1769789870210700,25610
1769789870253658,25170
1769789870296784,24530
1769789870339668,22450
1769789870384296,24410
1769789870427054,24280
1769789870469688,25190
1769789870512780,24080
1769789870555821,24550
1769789870599016,25640
1769789870641661,24840
1769789870684727,22930
1769789870727727,22250
1769789870770179,24480
1769789870813128,26690
1769789870856059,21600
1769789870898824,24530
1769789870944307,44130
1769789870987037,43850
1769789871030037,43410
1769789871073270,43380
1769789871116361,43440
1769789871159307,43390
1769789871202081,43440
1769789871245243,43320
1769789871288301,43460
1769789871331041,43330
1769789871373874,43290
1769789871417055,43360
1769789871464233,43290
1769789871507052,43330
1769789871550228,43330
1769789871592674,43290
1769789871635705,43290
1769789871678820,43320
1769789871721691,43240
1769789871764769,43430
1769789871807367,43420
1769789871850507,43370
1769789871893582,43320
1769789871936769,43370
1769789871979737,43880
1769789872024213,27740
1769789872067230,26360
1769789872110400,24380
1769789872153537,22440
1769789872196676,22380
1769789872239589,24430
1769789872282753,24250
1769789872326753,25450
1769789872369921,25540
1769789872413178,24810
1769789872456328,22730
1769789872499173,22250
1769789872544187,24200
1769789872587361,25760
1769789872629713,25370
1769789872672331,24390
1769789872715345,21710
1769789872757833,24350
1769789872800916,26680
1769789872843843,21510
1769789872886790,24460
1769789872929640,44470
1769789872972777,44120
1769789873015468,44000
1769789873058696,43950
1769789873104325,43950
1769789873147501,43880
1769789873190649,44070
1769789873233269,43880
1769789873275615,43960
1769789873318317,43850
1769789873361340,43850
1769789873404263,43870
1769789873447106,43850
1769789873490267,43880
1769789873533331,43900
1769789873576281,43940
1769789873619207,43880
1769789873664259,43850
1769789873707314,43910
1769789873749849,43840
1769789873792968,43890
1769789873835481,44080
1769789873878352,43910
1769789873921559,43920
1769789873964845,43840
1769789874007772,43400
1769789874050903,43440
1769789874093960,31020
1769789874137057,24540
1769789874184274,24410
1769789874227342,25660
1769789874269863,24380
1769789874312871,21530
1769789874355548,24590
1769789874398095,26490
1769789874441056,21480
1769789874483512,24650
1769789874526761,26400
1769789874569889,21550
1769789874612790,24480
1769789874655790,26420
1769789874699019,21360
1769789874744347,26560
1769789874787045,21470
1769789874829995,24520
1769789874873228,26510
1769789874916019,41530
1769789874959270,43790
1769789875002361,43470
1769789875044952,43410
1769789875087808,43380
1769789875130615,43300
1769789875173708,43450
1769789875216734,43280
1769789875259606,43280
1769789875304222,43200
1769789875346586,43260
1769789875389743,43250
1769789875432840,43250
1769789875475980,43250
1769789875519051,43360
1769789875562103,43270
1769789875604808,43240
1769789875647704,43330
1769789875689943,43270
1769789875732708,43330
1769789875775666,43370
1769789875818597,43410
1769789875864400,43570
1769789875907149,43360
1769789875949627,43950
1769789875992622,44070
1769789876035644,43990
1769789876078636,44030
1769789876121773,39560
1769789876165010,20170
1769789876208231,21930
1769789876250781,26150
1769789876293320,25290
1769789876336428,25700
1769789876379233,24480
1769789876424228,22270
1769789876466900,24160
1769789876509918,24400
1769789876553144,25520
1769789876596265,25900
1769789876639068,21710
1769789876682101,24400
1769789876725333,26710
1769789876768507,21820
1769789876811608,24360
1769789876853871,26610
1769789876896429,21660
1769789876939598,43880
1769789876984350,43400
1769789877027430,43460
1769789877070326,43420
1769789877113610,43350
1769789877156044,43470
1769789877199075,43350
1769789877241826,43360
1769789877284843,43440
1769789877327879,43290
1769789877370508,43280
1769789877413730,43340
1769789877456845,43330
1769789877499230,43280
1769789877544530,43310
1769789877587556,43290
1769789877630647,43370
1769789877673605,43290
1769789877716633,43300
1769789877759745,43280
1769789877802841,43330
1769789877845857,43330
1769789877888983,43350
1769789877931882,43530
1769789877974841,43350
1769789878017943,43740
1769789878064383,43350
1769789878107070,43340
1769789878150227,41790
1769789878193278,25450
1769789878236243,20180
1769789878279373,22030
1769789878321882,26740
1769789878365569,24620
1769789878408808,26460
1769789878451811,25260
1769789878494874,24680
1769789878537943,20560
1769789878584532,26370
1769789878627323,24990
1769789878669751,26030
1769789878712692,25030
1769789878755662,24260
1769789878798452,21050
1769789878841501,23320
1769789878884653,25910
1769789878927808,44060
1769789878970426,43630
1769789879013362,43560
1769789879056533,43510
1769789879099300,43360
1769789879144834,43460
1769789879187602,43310
1769789879230040,43390
1769789879273008,43520
1769789879316203,43310
1769789879359319,43330
1769789879401862,43300
1769789879444888,43350
1769789879487649,43340
1769789879530908,43360
1769789879573956,43370
1769789879616970,43300
1769789879660052,43330
1769789879704992,43340
1769789879747976,43350
1769789879791061,43390
1769789879834061,43310
1769789879877167,43330
1769789879919955,43370
1769789879962733,44090
1769789880005047,43980
1769789880047756,43980
1769789880090950,43850
1769789880134209,43930
1769789880177206,43890
1769789880220286,43900
1769789880265057,21380
1769789880307860,24370
1769789880351020,26470
1769789880393966,21470
1769789880437230,24570
1769789880480097,26510
1769789880523248,21520
1769789880565702,24740
1769789880608646,26390
1769789880651720,21600
1769789880694562,24570
1769789880737614,26590
1769789880780635,21540
1769789880825149,26500
1769789880868261,21670
1769789880911182,45000
1769789880954261,44620
1769789880997259,44010
1769789881040202,44050
1769789881082667,44040
1769789881125741,43940
1769789881168874,43960
1769789881212097,44070
1769789881255259,43860
1769789881298188,43870
1769789881341444,44020
1769789881385434,43940
1769789881428513,43870
1769789881471445,43950
1769789881514519,43940
1769789881557581,43900
1769789881600801,43980
1769789881643760,43900
1769789881686565,43910
1769789881729784,43990
1769789881772853,43950
1769789881815951,43950
1769789881858753,43900
1769789881905637,43940
1769789881948785,43970
1769789881991631,44090
1769789882034426,44170
1769789882077504,44070
1769789882120536,44060
1769789882163748,44000
1769789882206963,44020
1769789882249802,44060
1769789882292344,27070
1769789882335309,26130
1769789882378426,23880
1769789882421657,24260
1769789882465814,22570
1769789882509031,24190
1769789882552214,23970
1769789882595296,25370
1769789882638310,25160
1769789882681414,24080
1769789882724466,21260
1769789882767359,24370
1769789882809757,26270
1769789882852907,25290
1769789882895931,19820
1769789882938677,45020
1769789882981748,43990
1769789883025960,43410
1769789883068948,43340
1769789883111902,43380
1769789883154983,43540
1769789883197719,43360
1769789883240892,43340
1769789883283776,43540
1769789883326738,43250
1769789883369731,43310
1769789883412399,43290
1769789883454936,43360
1769789883497865,43340
1769789883540937,43360
1769789883586167,43290
1769789883629340,43370
1769789883672405,43440
1769789883715407,43280
1769789883758629,43300
1769789883801640,43420
1769789883844639,43400
1769789883887635,43350
1769789883930894,43330
1769789883974151,43910
1769789884017176,43860
1769789884060170,43980
1769789884106232,44010
1769789884149259,43870
1769789884192253,43980
1769789884235275,43950
1769789884278409,44000
1769789884321558,29950
1769789884364959,24280
1769789884407300,24880
1769789884449703,25300
1769789884492812,24040
1769789884535980,21250
1769789884578847,24190
1769789884621829,26130
1769789884666510,24100
1769789884709247,26420
1769789884752197,21290
1769789884795366,24110
1769789884838199,26390
1769789884881352,21190
1769789884924391,45060
1769789884967045,43990
1769789885009744,43390
1769789885052617,43430
1769789885095751,43370
1769789885138697,43390
1769789885181900,43520
1769789885226691,43350
1769789885269782,43330
1769789885312776,43290
1769789885355866,43230
1769789885398917,43310
1769789885441779,43330
1769789885484720,43310
1769789885527734,43310
1769789885570680,43400
1769789885613595,43300
1769789885656772,43310
1769789885699853,43350
1769789885742154,43330
1769789885786857,43290
1769789885830018,43330
1769789885872993,43370
1769789885915863,43420
1769789885959088,44000
1769789886002264,43990
1769789886045240,43940
1769789886088318,43880
1769789886131288,44090
1769789886174313,43990
1769789886217101,43920
1769789886260332,43860
1769789886307291,43950
1769789886350092,34560
1769789886393278,23680
1769789886436377,26130
1769789886479136,21180
1769789886521828,24030
1769789886564894,26070
1769789886607928,21330
1769789886651023,24100
1769789886694120,26270
1769789886737421,21350
1769789886780317,24120
1769789886823224,26380
1769789886867495,24720
1769789886910604,45170
1769789886953947,43570
1769789886996556,43570
1769789887039645,43460
1769789887082183,43410
1769789887125036,43470
1769789887167693,43270
1769789887210885,43300
1769789887254049,43340
1769789887296960,43660
1769789887340249,43400
1769789887382994,43360
1769789887427782,43350
1769789887470542,43260
1769789887513531,43360
1769789887556739,43330
1769789887599675,43280
1769789887642788,43350
1769789887685773,43370
1769789887728341,43280
1769789887771077,43310
1769789887814101,43310
1769789887857230,43410
1769789887900448,43410
1769789887943355,43400
1769789887988105,43910
1769789888030842,43820
1769789888073734,43860
1769789888116652,43900
1769789888159661,44160
1769789888202747,43990
1769789888245664,44000
1769789888288728,44030
1769789888331826,43860
1769789888375021,43890
1769789888418264,41510
1769789888461499,20090
1769789888508434,24070
1769789888551636,25420
1769789888594437,25150
1769789888637606,24480
1769789888680241,22370
1769789888723403,21890
1769789888765954,24090
1769789888808782,24120
1769789888851822,25480
1769789888894916,25150
1769789888937532,43830
1769789888980716,43650
1769789889023501,43450
1769789889068677,43470
1769789889111887,43400
1769789889154448,43520
1769789889197517,43440
1769789889240544,43310
1769789889283755,43320
1769789889327030,43310
1769789889370192,43420
1769789889413198,43390
1769789889456022,43470
1769789889498699,43370
1769789889541346,43370
1769789889584345,43350
1769789889629071,43410
1769789889672147,43400
1769789889715194,43460
1769789889758339,43370
1769789889801294,43280
1769789889843994,43320
1769789889887000,43350
1769789889929948,43450
1769789889973141,43990
1769789890015995,44040
1769789890059062,44010
1769789890102103,43900
1769789890145002,43870
1769789890189375,44240
1769789890232307,44050
1769789890275229,44010
1769789890318280,43970
1769789890361257,43950
1769789890404403,43880
1769789890447609,29300
1769789890489929,26100
1769789890532884,21230
1769789890575782,23930
1769789890618982,26040
1769789890663065,21240
1769789890709772,26120
1769789890752275,21310
1769789890795057,24210
1769789890838106,26160
1769789890881265,25950
1769789890924372,42080
1769789890967420,43790
1769789891010532,43500
1769789891053732,43500
1769789891096897,43470
1769789891139876,43420
1769789891182552,43530
1769789891225631,43320
1769789891270025,43480
1769789891313120,43330
1769789891356230,43410
1769789891399301,43410
1769789891441835,43350
1769789891485014,43310
1769789891527886,43270
1769789891570785,43310
1769789891613798,43440
1769789891657056,43430
