unix_timestamp,active_power (mW)
1774612062051012,45120
1774612062093418,39120
1774612062136004,44730
1774612062179025,45310
1774612062222022,45210
1774612062265045,45090
1774612062308154,45090
1774612062354228,44980
1774612062397363,44950
1774612062440483,44980
1774612062483461,45090
1774612062526582,45110
1774612062569803,45030
1774612062612947,44920
1774612062655814,44900
1774612062698882,44890
1774612062741914,44900
1774612062785045,44880
1774612062828114,45020
1774612062874067,45080
1774612062917166,45040
1774612062960268,45070
1774612063003245,45140
1774612063046323,45090
1774612063089302,45050
1774612063132422,45050
1774612063175296,45080
1774612063218245,45060
1774612063261213,45040
1774612063304246,45050
1774612063347378,45100
1774612063393964,45060
1774612063437128,45060
1774612063480229,45140
1774612063523458,45100
1774612063566323,45260
1774612063609322,45080
1774612063652399,45140
1774612063695210,45060
1774612063738446,45030
1774612063781681,45000
1774612063824837,45030
1774612063867846,45000
1774612063913775,45110
1774612063956801,45040
1774612063999685,45030
1774612064042868,45080
1774612064085427,44950
1774612064128461,44950
1774612064171350,44910
1774612064213751,44980
1774612064256759,45000
1774612064299875,45030
1774612064342639,45040
1774612064385710,45090
1774612064428810,45080
1774612064473576,45070
1774612064516669,45080
1774612064559867,45070
1774612064602626,45160
1774612064645679,45020
1774612064688684,45060
1774612064731827,45030
1774612064774758,45000
1774612064817734,45040
1774612064860888,45030
1774612064903503,45070
1774612064946698,45050
1774612064993525,45030
1774612065036576,45010
1774612065079419,45070
1774612065121906,45040
1774612065165032,44990
1774612065208153,45020
1774612065251337,44930
1774612065294291,45050
1774612065337175,45080
1774612065380300,45110
1774612065423519,45100
1774612065466715,45100
1774612065513174,44910
1774612065556135,44940
1774612065599174,45150
1774612065642355,44970
1774612065685465,45000
1774612065728655,45050
1774612065771850,45030
1774612065815070,44950
1774612065858154,44880
1774612065901243,44880
1774612065944161,44910
1774612065987189,44920
1774612066033049,44970
1774612066076078,44970
1774612066119033,45040
1774612066162094,45050
1774612066205310,45030
1774612066248390,45100
1774612066291332,45080
1774612066334256,45110
1774612066377125,45080
1774612066420300,45100
1774612066463451,45050
1774612066506422,45070
1774612066552982,44990
1774612066595977,44990
1774612066638895,45150
1774612066681948,45010
1774612066724982,45080
1774612066768045,45080
1774612066811184,45060
1774612066853608,45070
1774612066896713,45090
1774612066939792,44980
1774612066982954,45000
1774612067026012,45060
1774612067072677,45160
1774612067115776,45030
1774612067158447,45010
1774612067201547,44980
1774612067244614,44900
1774612067287671,44930
1774612067330856,44990
1774612067373672,45060
1774612067416678,45040
1774612067459260,44980
1774612067502246,44920
1774612067545387,44890
1774612067592317,44910
1774612067635062,44950
1774612067677910,45050
1774612067721048,45040
1774612067763881,45110
1774612067806794,45150
1774612067849695,45100
1774612067892920,45130
1774612067936100,45100
1774612067978929,45060
1774612068021753,44960
1774612068064253,44970
1774612068107168,45020
1774612068152299,45040
1774612068195331,45020
1774612068238281,45050
1774612068281318,45140
1774612068324356,45140
1774612068367441,45030
1774612068410292,45160
1774612068453259,45070
1774612068496306,44970
1774612068539167,45020
1774612068582246,45120
1774612068625382,45090
1774612068671907,45160
1774612068714966,45000
1774612068759587,45010
1774612068802367,44970
1774612068845305,45080
1774612068888371,45020
1774612068931203,45100
1774612068974246,44920
1774612069017176,44880
1774612069060072,44930
1774612069102987,45000
1774612069146107,44980
1774612069191576,44940
1774612069234604,44860
1774612069277466,44860
1774612069321067,44930
1774612069364264,44930
1774612069407336,44990
1774612069450345,44830
1774612069493413,44860
1774612069536359,44900
1774612069579042,44850
1774612069621694,44900
1774612069664731,45040
1774612069711292,45150
1774612069754305,44910
1774612069797250,44970
1774612069840298,44830
1774612069883340,44890
1774612069926362,44940
1774612069969376,45000
1774612070012526,44970
1774612070055675,45120
1774612070098790,45110
1774612070141602,45160
1774612070184682,45150
1774612070227076,45080
1774612070271102,45010
1774612070314286,45060
1774612070357426,45040
1774612070400674,45080
1774612070443924,45070
1774612070486641,45040
1774612070529674,45070
1774612070572736,45040
1774612070615671,45030
1774612070658717,45000
1774612070701856,45020
1774612070744922,45210
1774612070790743,44920
1774612070833839,44810
1774612070877037,44890
1774612070920187,44920
1774612070963356,45020
1774612071006278,45120
1774612071049091,45020
1774612071091944,45040
1774612071135102,44940
1774612071177596,44860
1774612071220793,44890
1774612071263814,44930
1774612071310561,45030
1774612071353320,45130
1774612071396476,45080
1774612071439448,45100
1774612071482518,45040
1774612071525425,45040
1774612071568605,45080
1774612071611495,45000
1774612071654577,45100
1774612071697585,45020
1774612071740719,45000
1774612071783693,45200
1774612071830262,45040
1774612071873331,45070
1774612071916348,45090
1774612071959047,45020
1774612072002249,45150
1774612072045377,45120
1774612072088305,45070
1774612072131379,45010
1774612072174354,45020
1774612072217449,45030
1774612072260622,45090
1774612072303864,45120
1774612072349990,44970
1774612072393005,44890
1774612072436029,45010
1774612072478967,45090
1774612072522131,45080
1774612072565084,45010
1774612072607946,44880
1774612072651019,44850
1774612072693640,44900
1774612072736684,44950
1774612072779731,45090
1774612072822465,45190
1774612072865525,44960
1774612072909640,44950
1774612072952751,44970
1774612072995810,44970
1774612073038811,44950
1774612073081632,44990
1774612073124806,45070
1774612073167917,45090
1774612073210518,45050
1774612073253620,45080
1774612073296648,45090
1774612073339841,45000
1774612073383019,45020
1774612073429499,45050
1774612073472508,45040
1774612073515085,45030
1774612073557874,45060
1774612073600975,44990
1774612073644211,44980
1774612073687059,45020
1774612073729784,45100
1774612073772795,45050
1774612073815857,45200
1774612073858964,44970
1774612073901984,45040
1774612073949048,45120
1774612073992183,45160
1774612074034947,45100
1774612074077906,45030
1774612074120667,45020
1774612074163709,44970
1774612074206693,45060
1774612074249783,45100
1774612074292835,45090
1774612074335816,44920
1774612074378689,44920
1774612074421897,44890
1774612074468675,45040
1774612074511848,45090
1774612074554555,44980
1774612074597497,44930
1774612074640703,44820
1774612074683880,44910
1774612074726614,45020
1774612074769781,45100
1774612074812784,45060
1774612074855912,45120
1774612074899122,44900
1774612074941870,44900
1774612074988286,44950
1774612075031270,45050
1774612075074334,45050
1774612075117588,44860
1774612075160466,44780
1774612075203495,44870
1774612075245918,44980
1774612075288950,45020
1774612075331923,45040
1774612075374971,44900
1774612075418040,44760
1774612075461146,44870
1774612075504118,45000
1774612075548061,45100
1774612075591212,45010
1774612075634386,45100
1774612075677590,44930
1774612075720811,44910
1774612075763824,44950
1774612075806838,45020
1774612075849727,45230
1774612075892842,45070
1774612075935849,44990
1774612075978646,44890
1774612076021734,44930
1774612076067813,45110
1774612076110800,45060
1774612076153979,45030
1774612076197053,44870
1774612076239918,44890
1774612076282891,44880
1774612076326067,45020
1774612076369119,45020
1774612076412049,45030
1774612076454997,45000
1774612076498000,44850
1774612076540965,44810
1774612076587496,44950
1774612076629910,45040
1774612076672899,45110
1774612076716164,44950
1774612076758971,44940
1774612076802172,44810
1774612076845403,44900
1774612076888470,44930
1774612076931492,44970
1774612076974573,45050
1774612077017120,45050
1774612077060335,44940
1774612077103064,44830
1774612077147195,44810
1774612077189493,44830
1774612077232698,44930
1774612077275861,45010
1774612077318314,45000
1774612077361246,44990
