unix_timestamp,active_power (mW)
1774613392274760,45350
1774613392317103,36680
1774613392359388,46230
1774613392401647,45540
1774613392444634,45550
1774613392487775,45460
1774613392530917,45540
1774613392573782,45630
1774613392616966,45590
1774613392660039,45560
1774613392702977,45590
1774613392749941,45540
1774613392793131,45510
1774613392836285,45490
1774613392878694,45510
1774613392921797,45430
1774613392964912,45510
1774613393007964,45490
1774613393051120,45540
1774613393094230,45580
1774613393137367,45450
1774613393180342,45530
1774613393223371,45440
1774613393270141,45440
1774613393313545,45400
1774613393356535,45580
1774613393399524,45510
1774613393442582,45520
1774613393485441,45540
1774613393528403,45500
1774613393571588,45520
1774613393614415,45470
1774613393657796,45480
1774613393700837,45520
1774613393743763,45480
1774613393790347,45380
1774613393833500,45480
1774613393876531,45490
1774613393919555,45420
1774613393962603,45500
1774613394005609,45450
1774613394048573,45490
1774613394091472,45450
1774613394134292,45440
1774613394177533,45450
1774613394220692,45390
1774613394263738,45480
1774613394306576,45530
1774613394350578,45590
1774613394393660,45450
1774613394436571,45470
1774613394479526,45490
1774613394522055,45460
1774613394565025,45520
1774613394607741,45520
1774613394650324,45610
1774613394693370,45570
1774613394736513,45470
1774613394779457,45650
1774613394822539,45500
1774613394865482,45530
1774613394910907,45560
1774613394954015,45560
1774613394997026,45530
1774613395040155,45550
1774613395083297,45570
1774613395125494,45530
1774613395168614,45440
1774613395211513,45460
1774613395254812,45490
1774613395297663,45500
1774613395340842,45510
1774613395383909,45510
1774613395426354,45550
1774613395471101,45560
1774613395513632,45490
1774613395556693,45550
1774613395599215,45470
1774613395641651,45510
1774613395684551,45410
1774613395727613,45450
1774613395770382,45480
1774613395813560,45720
1774613395856487,45570
1774613395899328,45530
1774613395942339,45510
1774613395985496,45540
1774613396031450,45450
1774613396074472,45560
1774613396117671,45560
1774613396160617,45530
1774613396203527,45580
1774613396246374,45530
1774613396289533,45500
1774613396332553,45530
1774613396375476,45510
1774613396418527,45510
1774613396461423,45490
1774613396504404,45540
1774613396547567,45600
1774613396591659,45530
1774613396634769,45570
1774613396677670,45560
1774613396720670,45530
1774613396763660,45470
1774613396806647,45670
1774613396849811,45450
1774613396892993,45530
1774613396935955,45560
1774613396978808,45530
1774613397022112,45620
1774613397064530,45560
1774613397107516,45570
1774613397151925,45540
1774613397195019,45540
1774613397238001,45510
1774613397281119,45540
1774613397324222,45520
1774613397367204,45470
1774613397410188,45580
1774613397453371,45580
1774613397496598,45570
1774613397539649,45520
1774613397582671,45500
1774613397625470,45440
1774613397671971,45460
1774613397714726,45470
1774613397757819,45500
1774613397800927,45470
1774613397843838,45590
1774613397886789,45580
1774613397929508,45540
1774613397972602,45480
1774613398015655,45570
1774613398058632,45540
1774613398101785,45470
1774613398144969,45370
1774613398188290,45530
1774613398232218,45470
1774613398274561,45510
1774613398317570,45510
1774613398360605,45460
1774613398403620,45550
1774613398446739,45490
1774613398489627,45520
1774613398532519,45480
1774613398575548,45550
1774613398618197,45490
1774613398661192,45570
1774613398703474,45580
1774613398746076,45540
1774613398792338,45380
1774613398835529,45490
1774613398878284,45620
1774613398921253,45540
1774613398964294,45550
1774613399007408,45530
1774613399050490,45580
1774613399093485,45530
1774613399136611,45580
1774613399179648,45540
1774613399222454,45510
1774613399265581,45520
1774613399312481,45530
1774613399355510,45550
1774613399398532,45570
1774613399441545,45650
1774613399484483,45530
1774613399527278,45500
1774613399570479,45600
1774613399613490,45500
1774613399656566,45390
1774613399699737,45470
1774613399742659,45510
1774613399785825,45520
1774613399832784,45560
1774613399875932,45670
1774613399919064,45500
1774613399962270,45460
1774613400004438,45530
1774613400047305,45500
1774613400089814,45500
1774613400132985,45570
1774613400176214,45510
1774613400219491,45580
1774613400262577,45530
1774613400305693,45450
1774613400352777,45430
1774613400395965,45390
1774613400438621,45420
1774613400481688,45400
1774613400524614,45330
1774613400567374,45430
1774613400610397,45490
1774613400652917,45460
1774613400695553,45530
1774613400738586,45550
1774613400781735,45570
1774613400824649,45520
1774613400867589,45530
1774613400913018,45620
1774613400955766,45440
1774613400998609,45510
1774613401041616,45510
1774613401084548,45540
1774613401127720,45560
1774613401170651,45510
1774613401213509,45560
1774613401256381,45530
1774613401299107,45500
1774613401342249,45530
1774613401385278,45450
1774613401428434,45570
1774613401473230,45450
1774613401516381,45470
1774613401559446,45490
1774613401602115,45530
1774613401645176,45420
1774613401688065,45460
1774613401731332,45540
1774613401774451,45510
1774613401817483,45480
1774613401860541,45360
1774613401903182,45360
1774613401946292,45630
1774613401989274,45370
1774613402033303,45540
1774613402076297,45480
1774613402119277,45600
1774613402162289,45570
1774613402205364,45610
1774613402248334,45470
1774613402291524,45500
1774613402334132,45540
1774613402377308,45550
1774613402420333,45510
1774613402463318,45500
1774613402505675,45490
1774613402548648,45540
1774613402593575,45580
1774613402636707,45530
1774613402679637,45540
1774613402722396,45490
1774613402765579,45570
1774613402808520,45540
1774613402851602,45570
1774613402894630,45560
1774613402937838,45450
1774613402980987,45700
1774613403024099,45540
1774613403067023,45500
1774613403113581,45470
1774613403156569,45500
1774613403199621,45560
1774613403242645,45520
1774613403285743,45420
1774613403328783,45450
1774613403371817,45440
1774613403414967,45420
1774613403458069,45400
1774613403501138,45460
1774613403544258,45400
1774613403587440,45420
1774613403633547,45430
1774613403676748,45440
1774613403719940,45540
1774613403763128,45480
1774613403806333,45440
1774613403849374,45580
1774613403892413,45520
1774613403935379,45460
1774613403978504,45600
1774613404021525,45620
1774613404064657,45510
1774613404107552,45490
1774613404153759,45460
1774613404196816,45440
1774613404240027,45370
1774613404283235,45440
1774613404326111,45430
1774613404369111,45350
1774613404412260,45440
1774613404455097,45440
1774613404497650,45460
1774613404540853,45430
1774613404583984,45450
1774613404626957,45460
1774613404673808,45510
1774613404716908,45490
1774613404760127,45440
1774613404803142,45520
1774613404846198,45580
1774613404889253,45500
1774613404932403,45530
1774613404975549,45470
1774613405018808,45580
1774613405061623,45440
1774613405104687,45370
1774613405147649,45460
1774613405193939,45470
1774613405237070,45420
1774613405280214,45550
1774613405323247,45440
1774613405366421,45510
1774613405409530,45480
1774613405452552,45520
1774613405495414,45540
1774613405538492,45520
1774613405581102,45540
1774613405624068,45530
1774613405667023,45570
1774613405714071,45540
1774613405757227,45490
1774613405800282,45550
1774613405843333,45510
1774613405885897,45550
1774613405928950,45560
1774613405971915,45570
1774613406014930,45530
1774613406058038,45730
1774613406101181,45580
1774613406144211,45550
1774613406187365,45590
1774613406234138,45510
1774613406277304,45560
1774613406320255,45470
1774613406363045,45490
1774613406406244,45570
1774613406449410,45570
1774613406492640,45500
1774613406535590,45440
1774613406578609,45530
1774613406621591,45580
1774613406664649,45530
1774613406707434,45580
1774613406749959,45480
1774613406794253,45600
1774613406837350,45440
1774613406880393,45490
1774613406923487,45490
1774613406966362,45570
1774613407009632,45460
1774613407052502,45690
1774613407094964,45460
1774613407137975,45540
1774613407181092,45530
1774613407224129,45590
1774613407267224,45480
1774613407310490,45580
1774613407354502,45510
1774613407397514,45470
1774613407440517,45530
1774613407483675,45550
1774613407526538,45520
1774613407569559,45440
1774613407612591,45510
1774613407655702,45530
1774613407698625,45470
1774613407741817,45480
1774613407784983,45440
1774613407828241,45470
1774613407874481,45480
1774613407917482,45440
1774613407960423,45400
1774613408003389,45430
1774613408046543,45440
1774613408089774,45520
1774613408132937,45470
1774613408175848,45400
1774613408219056,45510
1774613408262183,45490
1774613408305208,45420
1774613408348171,45530
1774613408394534,45450
1774613408437538,45510
1774613408480508,45500
1774613408523518,45430
1774613408566328,45470
1774613408609438,45480
1774613408652452,45390
