unix_timestamp,active_power (mW)
1774610541926784,43860
1774610541969124,43920
1774610542012259,43970
1774610542055447,43920
1774610542098548,44000
1774610542141739,43950
1774610542184719,44030
1774610542227587,43930
1774610542270654,43910
1774610542313799,43970
1774610542356979,43940
1774610542400109,44020
1774610542444512,43890
1774610542487507,43850
1774610542530064,43800
1774610542573060,43890
1774610542616126,43920
1774610542659316,43870
1774610542702375,43790
1774610542745555,43730
1774610542788673,43810
1774610542831674,43820
1774610542874680,43840
1774610542917758,43930
1774610542964184,43890
1774610543007337,43950
1774610543050570,43870
1774610543093756,43870
1774610543136155,43860
1774610543179237,43900
1774610543221686,43880
1774610543264755,43950
1774610543307647,44030
1774610543350446,43980
1774610543393292,43960
1774610543436318,44020
1774610543479345,43900
1774610543524140,43860
1774610543566713,43940
1774610543609724,44010
1774610543652780,43980
1774610543695768,43950
1774610543738545,43890
1774610543781685,43890
1774610543824800,43940
1774610543868068,43950
1774610543911129,43980
1774610543954259,44030
1774610543997495,43900
1774610544043723,43880
1774610544086332,43890
1774610544129616,43930
1774610544172773,43760
1774610544215868,43760
1774610544258471,43860
1774610544301616,43810
1774610544344719,43800
1774610544387573,43800
1774610544430539,43830
1774610544473680,43780
1774610544516770,43800
1774610544563253,43830
1774610544605629,43890
1774610544648608,44000
1774610544691537,43970
1774610544734685,43960
1774610544777729,43940
1774610544820685,43960
1774610544863887,43930
1774610544906601,43980
1774610544949554,43870
1774610544992798,44080
1774610545035868,43960
1774610545078415,43980
1774610545123160,43990
1774610545166159,43920
1774610545209447,43930
1774610545252596,43930
1774610545295701,43920
1774610545338719,43990
1774610545381619,43960
1774610545424616,43910
1774610545467636,43960
1774610545510632,43960
1774610545553543,43840
1774610545596709,43920
1774610545642835,44010
1774610545685824,43890
1774610545729078,43850
1774610545772215,43920
1774610545815137,44020
1774610545858338,44010
1774610545901466,43980
1774610545944685,43870
1774610545987785,43850
1774610546031006,44020
1774610546074190,43970
1774610546117315,43950
1774610546162460,43810
1774610546205538,43750
1774610546248695,43810
1774610546291875,43940
1774610546334814,43850
1774610546377947,43870
1774610546421052,43860
1774610546464207,43820
1774610546506856,43800
1774610546549640,43810
1774610546592695,43880
1774610546635661,43920
1774610546682123,44010
1774610546724785,43940
1774610546767724,43880
1774610546810618,43900
1774610546853641,43950
1774610546896666,43920
1774610546939673,44010
1774610546982642,44030
1774610547025473,44130
1774610547068378,43920
1774610547111547,43900
1774610547154624,43900
1774610547197826,43850
1774610547241969,44040
1774610547285002,43950
1774610547327468,43910
1774610547370385,43860
1774610547413520,43960
1774610547456738,43970
1774610547499958,43950
1774610547542578,43960
1774610547585802,43990
1774610547629000,43900
1774610547672215,43920
1774610547715285,43940
1774610547761469,43780
1774610547804610,43810
1774610547847372,43880
1774610547890600,43870
1774610547933260,43830
1774610547976190,43830
1774610548019388,43810
1774610548061671,43970
1774610548104735,43810
1774610548147375,43900
1774610548190442,43880
1774610548233689,43980
1774610548276836,44030
1774610548321152,43950
1774610548364382,44000
1774610548407521,43920
1774610548449853,43930
1774610548492820,43970
1774610548535512,43970
1774610548578469,44060
1774610548621692,44030
1774610548664853,43910
1774610548707802,43940
1774610548750907,43910
1774610548794104,43860
1774610548840969,43980
1774610548884107,43920
1774610548927243,43970
1774610548969722,43940
1774610549012869,43920
1774610549056078,43980
1774610549099230,44030
1774610549141587,43970
1774610549184650,43960
1774610549227650,43830
1774610549270532,43900
1774610549313684,43950
1774610549360476,43870
1774610549403165,43840
1774610549446103,43740
1774610549489248,43890
1774610549532397,43940
1774610549575623,43870
1774610549618731,43870
1774610549661739,43810
1774610549704903,43750
1774610549747589,43810
1774610549790330,43910
1774610549833486,43870
1774610549880286,44020
1774610549923379,44010
1774610549966550,43910
1774610550009643,43940
1774610550052624,43980
1774610550095464,44000
1774610550137935,43890
1774610550181101,43970
1774610550224271,43990
1774610550267525,44020
1774610550310343,43950
1774610550352810,44030
1774610550395940,43920
1774610550439916,43890
1774610550482961,44000
1774610550526234,44000
1774610550569471,43990
1774610550612651,43920
1774610550655739,43940
1774610550698738,43910
1774610550741807,43960
1774610550785024,43940
1774610550828167,43840
1774610550871033,43930
1774610550913760,43830
1774610550959588,43870
1774610551002767,43840
1774610551045702,43750
1774610551088633,43790
1774610551131258,43940
1774610551174306,43850
1774610551216939,43850
1774610551259966,43890
1774610551303199,43970
1774610551346282,43950
1774610551389343,43850
1774610551432475,43860
1774610551479437,43980
1774610551522448,43950
1774610551565446,43890
1774610551608500,43960
1774610551651282,43950
1774610551694203,43920
1774610551737362,43990
1774610551780559,43870
1774610551823636,43910
1774610551866655,43970
1774610551909738,43980
1774610551952901,43920
1774610551999024,43910
1774610552041708,43930
1774610552084752,43900
1774610552127799,44120
1774610552170876,43970
1774610552213741,44010
1774610552256619,43920
1774610552299761,43890
1774610552342302,43920
1774610552385368,43980
1774610552428373,43940
1774610552471546,43830
1774610552514675,43800
1774610552558624,43920
1774610552601735,43880
1774610552644718,43810
1774610552687712,43790
1774610552730759,43820
1774610552773764,43790
1774610552816903,43880
1774610552859675,43890
1774610552902657,43800
1774610552945626,43770
1774610552988649,43770
1774610553031634,43790
1774610553074235,43810
1774610553118223,43930
1774610553160557,43980
1774610553203840,43850
1774610553246778,43780
1774610553289750,43780
1774610553332715,43950
1774610553375431,43890
1774610553418477,43880
1774610553461423,43760
1774610553504374,43690
1774610553547040,43870
1774610553589652,43850
1774610553632757,43950
1774610553677956,43830
1774610553720987,43780
1774610553764216,43800
1774610553807285,43810
1774610553850545,43960
1774610553893748,43950
1774610553936692,43880
1774610553979567,43840
1774610554022695,43820
1774610554065834,43790
1774610554108813,43820
1774610554151790,43920
1774610554197557,43940
1774610554240735,43770
1774610554283822,43740
1774610554326687,43840
1774610554369523,43840
1774610554412710,43910
1774610554455775,44020
1774610554498782,43810
1774610554541912,43870
1774610554585075,43750
1774610554628309,43730
1774610554671472,43810
1774610554717272,43920
1774610554760352,43840
1774610554802961,43770
1774610554845684,43820
1774610554888876,43810
1774610554931963,43870
1774610554974948,43870
1774610555017636,43830
1774610555060654,43770
1774610555103751,43800
1774610555147038,43830
1774610555190197,43810
1774610555237071,43900
1774610555280100,44060
1774610555322873,44060
1774610555365737,44040
1774610555408721,43950
1774610555451662,44020
1774610555494636,43940
1774610555537566,43930
1774610555580374,43970
1774610555623001,43940
1774610555666030,43900
1774610555709263,44010
1774610555752334,43890
1774610555796753,43970
1774610555839498,43920
1774610555882646,43990
1774610555925707,43970
1774610555968624,43850
1774610556011777,43900
1774610556054787,43880
1774610556097504,43920
1774610556140501,43870
1774610556183550,43860
1774610556226727,43770
1774610556269737,44010
1774610556316302,43880
1774610556359471,43900
1774610556402528,43800
1774610556445700,43780
1774610556488687,43820
1774610556531743,43770
1774610556575049,43940
1774610556618148,43960
1774610556661304,43990
1774610556704402,43940
1774610556747472,43910
1774610556790722,43910
1774610556836241,43920
1774610556879260,44010
1774610556922499,43940
