unix_timestamp,active_power (mW)
1769526495664411,43520
1769526495707005,43830
1769526495749837,43850
1769526495792660,43840
1769526495835678,43850
1769526495878681,43880
1769526495921784,43870
1769526495965025,43870
1769526496008103,43870
1769526496050696,43860
1769526496093850,43830
1769526496137127,43830
1769526496182559,43870
1769526496225639,43820
1769526496268835,43890
1769526496311690,43900
1769526496354712,43860
1769526496397629,43790
1769526496440738,43770
1769526496483730,43820
1769526496526488,43690
1769526496569724,43790
1769526496612916,43830
1769526496655951,43790
1769526496702245,43800
1769526496745407,43710
1769526496788463,43720
1769526496831252,43730
1769526496874167,43670
1769526496917182,43700
1769526496960204,43750
1769526497003266,43660
1769526497046185,43810
1769526497088382,43760
1769526497131279,43700
1769526497173780,43650
1769526497216918,43710
1769526497262302,43740
1769526497305494,43750
1769526497348704,43830
1769526497391403,43770
1769526497433891,43740
1769526497477017,43700
1769526497519915,43710
1769526497562615,43710
1769526497605763,43690
1769526497648934,43660
1769526497691704,43700
1769526497734264,43800
1769526497777363,43790
1769526497821762,43800
1769526497864897,43670
1769526497907917,43730
1769526497950621,43640
1769526497993690,43800
1769526498036945,43700
1769526498079961,43720
1769526498122986,43690
1769526498166067,43740
1769526498209005,43770
1769526498251805,43710
1769526498294676,43770
1769526498341524,43720
1769526498384654,43710
1769526498427804,43770
1769526498470439,43750
1769526498513208,43810
1769526498555889,43750
1769526498598765,43720
1769526498642351,43700
1769526498685577,43700
1769526498728854,43720
1769526498771772,43800
1769526498814501,43800
1769526498861233,43760
1769526498904258,43720
1769526498946839,43750
1769526498989891,43780
1769526499032795,43760
1769526499075720,43680
1769526499118814,43670
1769526499161882,43630
1769526499205072,43720
1769526499248231,43750
1769526499291312,43790
1769526499334222,43770
1769526499381070,43780
1769526499424224,43690
1769526499467003,43710
1769526499509816,43730
1769526499553085,43740
1769526499595908,43760
1769526499638436,43740
1769526499681724,43790
1769526499724864,43830
1769526499767754,43940
1769526499810784,43750
1769526499853822,43750
1769526499900859,43740
1769526499943994,43740
1769526499986868,43740
1769526500029887,43820
1769526500072320,43820
1769526500114572,43830
1769526500157625,43840
1769526500200721,43740
1769526500243777,43730
1769526500286784,43740
1769526500329849,43840
1769526500372988,43690
1769526500415972,43790
1769526500460742,43780
1769526500503398,43790
1769526500545822,43840
1769526500588790,43760
1769526500631965,43830
1769526500675156,43730
1769526500718009,43770
1769526500761127,43730
1769526500804127,43880
1769526500847175,43790
1769526500890330,43870
1769526500933255,43740
1769526500976440,43720
1769526501020370,43730
1769526501063294,43710
1769526501105696,43710
1769526501148777,43720
1769526501192061,43700
1769526501235007,43740
1769526501278101,43750
1769526501321202,43760
1769526501364065,43780
1769526501407047,43730
1769526501449856,43680
1769526501493019,43670
1769526501535846,43690
1769526501580109,43790
1769526501622730,43820
1769526501665878,43790
1769526501709056,43850
1769526501751816,43820
1769526501794742,43900
1769526501837794,43850
1769526501880733,43760
1769526501923182,43790
1769526501966272,43830
1769526502009325,43850
1769526502052562,43800
1769526502095675,43840
1769526502140136,43790
1769526502183100,43820
1769526502226014,43750
1769526502269096,43750
1769526502311993,43740
1769526502355127,43780
1769526502398241,43700
1769526502441173,43850
1769526502483652,43740
1769526502526036,43720
1769526502569247,43720
1769526502612176,43770
1769526502654771,43750
1769526502699857,43720
1769526502742419,43740
1769526502785424,43690
1769526502828568,43840
1769526502871720,43750
1769526502914399,43780
1769526502957488,43780
1769526503000561,43710
1769526503043247,43770
1769526503085598,43770
1769526503128866,43850
1769526503172079,43750
1769526503214953,43730
1769526503259536,43710
1769526503302675,43730
1769526503345819,43660
1769526503388733,43770
1769526503431887,43790
1769526503474708,43730
1769526503517840,43660
1769526503560863,43770
1769526503603749,43710
1769526503646592,43740
1769526503689686,43680
1769526503732893,43700
1769526503779442,43660
1769526503822540,43690
1769526503865727,43860
1769526503908998,43800
1769526503952228,43800
1769526503995404,43730
1769526504038549,43680
1769526504081563,43810
1769526504124583,43690
1769526504167724,43750
1769526504210707,43670
1769526504253881,43740
1769526504299249,43730
1769526504341773,43680
1769526504384472,43800
1769526504427737,43770
1769526504470835,43820
1769526504513062,43790
1769526504555958,43770
1769526504598703,43730
1769526504641940,43660
1769526504685115,43730
1769526504728036,43630
1769526504771204,43780
1769526504813765,43740
1769526504859162,43890
1769526504901922,43730
1769526504945059,43820
1769526504987931,43810
1769526505031107,43760
1769526505074343,43710
1769526505117508,43740
1769526505160630,43750
1769526505203226,43760
1769526505245546,43630
1769526505288572,43680
1769526505331694,43680
1769526505374619,43740
1769526505418958,43820
1769526505462115,43770
1769526505504509,43770
1769526505547054,43810
1769526505589925,43700
1769526505633075,43720
1769526505676169,43740
1769526505719192,43660
1769526505762281,43670
1769526505805322,43720
1769526505848294,43770
1769526505891344,43660
1769526505934362,43830
1769526505978786,43760
1769526506021858,43740
1769526506065148,43770
1769526506107473,43790
1769526506150079,43840
1769526506192836,43770
1769526506235528,43670
1769526506277846,43710
1769526506321089,43690
1769526506364068,43660
1769526506407014,43670
1769526506450223,43700
1769526506493301,43720
1769526506538593,43730
1769526506581658,43750
1769526506624626,43780
1769526506667695,43850
1769526506710956,43730
1769526506754088,43710
1769526506797212,43670
1769526506839976,43680
1769526506883076,43680
1769526506926057,43750
1769526506968722,43770
1769526507011633,43690
1769526507054273,43720
1769526507098359,43770
1769526507141499,43790
1769526507184528,43800
1769526507227611,43780
1769526507270670,43700
1769526507313769,43810
1769526507356903,43790
1769526507399567,43720
1769526507442565,43690
1769526507485776,43710
1769526507528817,43630
1769526507571190,43660
1769526507613759,43710
1769526507658296,43610
1769526507701437,43640
1769526507744328,43720
1769526507787551,43790
1769526507830728,43750
1769526507873877,43770
1769526507917096,43820
1769526507960027,43870
1769526508002352,43770
1769526508045478,43730
1769526508088528,43780
1769526508131772,43730
1769526508178222,43710
1769526508221323,43620
1769526508264389,43670
1769526508307442,43760
1769526508350612,43670
1769526508393161,43650
1769526508436139,43780
1769526508478708,43800
1769526508521710,43760
1769526508564845,43780
1769526508607739,43780
1769526508650518,43720
1769526508693776,43810
1769526508738129,43670
1769526508781094,43760
1769526508824060,43680
1769526508867260,43700
1769526508910263,43680
1769526508953277,43680
1769526508996703,43810
1769526509039703,43690
1769526509082545,43760
1769526509125383,43780
1769526509168414,43730
1769526509211524,43780
1769526509257949,43890
1769526509301264,43780
1769526509344358,43830
1769526509387575,43740
1769526509430795,43770
1769526509474002,43740
1769526509517180,43850
1769526509559545,43720
1769526509602225,43700
1769526509645324,43620
1769526509688236,43750
1769526509731271,43700
1769526509778001,43770
1769526509821122,43720
1769526509864150,43730
1769526509906907,43730
1769526509949905,43860
1769526509993019,44000
1769526510035944,43710
1769526510078658,43840
1769526510121758,43730
1769526510164515,43740
1769526510207677,43740
1769526510250349,43690
1769526510293471,43610
1769526510337828,43610
1769526510380776,43660
1769526510423391,43740
1769526510466125,43730
1769526510509123,43750
1769526510551912,43760
1769526510594331,43470
