unix_timestamp,active_power (mW)
1774606153453315,45870
1774606153495744,42910
1774606153538395,46140
1774606153581603,46080
1774606153624686,46070
1774606153667835,46160
1774606153712583,46030
1774606153755329,46070
1774606153798473,46070
1774606153841346,46080
1774606153884589,46100
1774606153927767,46110
1774606153970587,46080
1774606154013467,46110
1774606154056445,46040
1774606154099453,46020
1774606154142525,45940
1774606154185462,46090
1774606154232346,46040
1774606154275021,46030
1774606154318241,46020
1774606154361019,46100
1774606154404275,46020
1774606154447431,46060
1774606154489869,46030
1774606154533054,45980
1774606154575818,46020
1774606154618717,46050
1774606154661125,45940
1774606154704008,46020
1774606154747105,46040
1774606154791865,45870
1774606154834879,46020
1774606154878073,46010
1774606154921014,46060
1774606154964134,45910
1774606155007234,45840
1774606155050286,45850
1774606155093482,46010
1774606155136495,45950
1774606155179445,46080
1774606155222270,46010
1774606155265386,45920
1774606155311597,46000
1774606155354709,45950
1774606155397815,46010
1774606155441014,46060
1774606155483987,46050
1774606155527183,46020
1774606155570420,45990
1774606155613429,46080
1774606155656402,46040
1774606155699649,45960
1774606155742767,46110
1774606155785638,46030
1774606155831361,46090
1774606155873696,45960
1774606155916853,45950
1774606155960089,46040
1774606156003267,46090
1774606156046355,46030
1774606156089503,45950
1774606156132412,45990
1774606156175527,45960
1774606156218809,46000
1774606156261948,46010
1774606156305182,45970
1774606156350872,45930
1774606156393994,46020
1774606156437158,45960
1774606156480337,46010
1774606156523442,45890
1774606156566324,45920
1774606156609571,45910
1774606156652676,46050
1774606156695716,46010
1774606156738439,46060
1774606156781330,46020
1774606156824357,45910
1774606156870640,45990
1774606156913764,45950
1774606156956876,46030
1774606156999813,46010
1774606157042969,46020
1774606157085521,46040
1774606157128498,45970
1774606157171561,46030
1774606157214647,46000
1774606157257808,46000
1774606157300820,45940
1774606157343801,46020
1774606157390480,46060
1774606157433457,46050
1774606157476551,46020
1774606157519550,46020
1774606157562189,46040
1774606157605134,46030
1774606157648137,45970
1774606157690896,45980
1774606157733935,46020
1774606157777004,46070
1774606157820105,46050
1774606157863348,45980
1774606157910092,45960
1774606157953120,46020
1774606157996279,45970
1774606158039166,46000
1774606158082215,45930
1774606158125318,45870
1774606158168351,45870
1774606158211533,45950
1774606158254666,45970
1774606158297353,45970
1774606158340479,46000
1774606158383311,45940
1774606158429959,45990
1774606158472490,45910
1774606158515479,45940
1774606158558186,46000
1774606158601178,45970
1774606158644284,45990
1774606158687114,46070
1774606158730333,45990
1774606158773419,45900
1774606158816373,45870
1774606158858987,45860
1774606158901973,45950
1774606158945205,46050
1774606158989586,45940
1774606159032575,45850
1774606159075801,45920
1774606159118952,45860
1774606159162146,46000
1774606159205369,46000
1774606159248477,45970
1774606159291099,45940
1774606159334255,45960
1774606159377422,45910
1774606159420573,45970
1774606159463194,45910
1774606159509189,46020
1774606159552341,46020
1774606159595091,46040
1774606159638078,46030
1774606159681218,45870
1774606159724380,45850
1774606159767189,45990
1774606159810351,45980
1774606159853618,45970
1774606159896820,46080
1774606159939740,46020
1774606159982439,46030
1774606160029027,45940
1774606160071696,45860
1774606160114909,45910
1774606160158054,45910
1774606160201122,45950
1774606160244215,46100
1774606160286974,46120
1774606160330203,45990
1774606160373459,45980
1774606160416316,45940
1774606160459410,45990
1774606160501994,46000
1774606160548951,45990
1774606160591864,45920
1774606160634732,46010
1774606160677393,46010
1774606160720163,45960
1774606160763272,46090
1774606160805737,46090
1774606160848893,46030
1774606160891860,45980
1774606160935040,46110
1774606160978238,45990
1774606161021382,45920
1774606161064401,46000
1774606161108638,46020
1774606161151787,45990
1774606161195025,46010
1774606161237820,46010
1774606161280797,46030
1774606161323806,45970
1774606161366454,46000
1774606161409508,46010
1774606161452428,46000
1774606161495551,46010
1774606161538092,45930
1774606161581200,45990
1774606161624434,45980
1774606161668447,46030
1774606161711530,45930
1774606161754436,46000
1774606161797581,45880
1774606161840480,45960
1774606161883288,45990
1774606161926455,45950
1774606161969361,46020
1774606162012418,46050
1774606162055331,46040
1774606162098461,45970
1774606162141575,45850
1774606162188089,45930
1774606162230883,45970
1774606162274091,46070
1774606162317278,45950
1774606162360352,45960
1774606162403243,46050
1774606162446416,45940
1774606162489434,45960
1774606162532420,45890
1774606162575379,45960
1774606162618628,45910
1774606162661720,45900
1774606162707976,45980
1774606162751100,45970
1774606162794286,46030
1774606162837546,46050
1774606162880733,46050
1774606162923922,46000
1774606162967036,45920
1774606163010069,45980
1774606163053221,45960
1774606163096376,46110
1774606163139424,46040
1774606163182370,45940
1774606163227844,46020
1774606163270975,46010
1774606163313986,45950
1774606163357080,46020
1774606163400229,46020
1774606163443306,46090
1774606163486251,45960
1774606163529238,46060
1774606163572346,46070
1774606163615191,46020
1774606163657642,45980
1774606163700632,45980
1774606163743696,46040
1774606163787688,46040
1774606163830774,46110
1774606163873926,45990
1774606163917121,45970
1774606163959986,45960
1774606164003117,45970
1774606164046356,46010
1774606164089677,45920
1774606164132692,46060
1774606164175842,46050
1774606164218807,46110
1774606164261957,46050
1774606164307490,46000
1774606164350600,46010
1774606164393758,46050
1774606164436947,45950
1774606164480131,46030
1774606164523085,46050
1774606164565532,46040
1774606164608417,46070
1774606164651627,46030
1774606164694359,46010
1774606164737415,45970
1774606164780399,46030
1774606164822989,46060
1774606164867469,46070
1774606164910530,46020
1774606164953670,45980
1774606164996794,46050
1774606165039812,46060
1774606165082958,46100
1774606165125753,46010
1774606165168957,46080
1774606165212226,46020
1774606165255424,46080
1774606165298431,45950
1774606165341400,46080
1774606165387255,45960
1774606165430390,45970
1774606165473497,46070
1774606165516488,46080
1774606165559043,46060
1774606165601403,46010
1774606165644496,46070
1774606165687488,46030
1774606165730372,45980
1774606165773529,45960
1774606165816446,45990
1774606165859583,45980
1774606165902449,46040
1774606165946784,45930
1774606165989913,45890
1774606166033062,45940
1774606166076226,45960
1774606166119151,45990
1774606166161670,45930
1774606166204824,45940
1774606166247918,46030
1774606166290884,46020
1774606166333862,46040
1774606166376866,46000
1774606166419811,46070
1774606166462344,46050
1774606166506790,46150
1774606166549608,46040
1774606166592614,46110
1774606166635643,46060
1774606166678788,46090
1774606166721236,46040
1774606166764377,46050
1774606166807516,45990
1774606166850427,45980
1774606166893611,46070
1774606166936780,46050
1774606166979865,46030
1774606167026406,46050
1774606167068822,46010
1774606167111852,46030
1774606167154836,46010
1774606167197841,46010
1774606167240932,46020
1774606167283961,46060
1774606167326995,45980
1774606167370110,45920
1774606167413237,46020
1774606167456346,46030
1774606167498978,46020
1774606167541593,45990
1774606167586181,45890
1774606167629238,45920
1774606167672336,45960
1774606167715242,45990
1774606167758109,45960
1774606167801255,45940
1774606167844264,45910
1774606167887330,46040
1774606167930498,45970
1774606167973378,46010
1774606168016357,46000
1774606168059352,46050
1774606168101967,46030
1774606168145854,46060
1774606168188883,46110
1774606168231935,46030
1774606168275003,46090
1774606168317480,46090
1774606168360554,46060
1774606168403542,46030
1774606168446585,45990
1774606168489699,46020
1774606168532851,45980
1774606168575896,46030
1774606168618553,46030
1774606168661768,46010
1774606168705615,46100
1774606168748710,46010
1774606168791784,46040
1774606168834878,46060
1774606168877903,46070
1774606168921089,45980
1774606168964015,45920
1774606169007089,45990
1774606169049527,45990
1774606169092579,46050
1774606169135551,46090
1774606169178597,45980
1774606169225295,45880
1774606169268312,46000
1774606169311515,45950
1774606169354393,46030
1774606169397593,45860
1774606169439987,45890
1774606169483122,45910
1774606169525739,45940
1774606169568852,45870
1774606169611846,46010
1774606169654895,46060
1774606169698168,45960
1774606169745002,45880
1774606169788080,45860
1774606169831262,45970
