unix_timestamp,active_power (mW)
1774605727604842,46010
1774605727647279,45040
1774605727689818,45990
1774605727732800,46090
1774605727775820,46060
1774605727818821,46060
1774605727861621,46130
1774605727904743,46090
1774605727947724,46030
1774605727993638,45980
1774605728036645,45990
1774605728079651,46030
1774605728122745,45990
1774605728165555,46010
1774605728208587,46060
1774605728251796,45960
1774605728294506,46030
1774605728337511,46040
1774605728380590,45970
1774605728423750,46010
1774605728466763,45940
1774605728513580,45980
1774605728556729,46000
1774605728599865,46000
1774605728642868,45870
1774605728686059,45970
1774605728728970,46010
1774605728772102,45980
1774605728814916,45890
1774605728858055,45920
1774605728901027,45940
1774605728944299,45920
1774605728986890,45970
1774605729033649,46010
1774605729076851,45960
1774605729120040,45970
1774605729163169,46050
1774605729206412,46050
1774605729249350,45960
1774605729292183,46090
1774605729334769,45980
1774605729377947,46010
1774605729420685,46100
1774605729463586,46060
1774605729506730,46030
1774605729549718,45980
1774605729593718,46020
1774605729636864,46040
1774605729679919,45980
1774605729722638,45880
1774605729765827,45950
1774605729809074,45950
1774605729851960,46010
1774605729894974,46010
1774605729938030,46100
1774605729981290,45980
1774605730024208,46050
1774605730067183,46030
1774605730113958,46030
1774605730157172,46060
1774605730200372,46090
1774605730243146,46050
1774605730286075,45980
1774605730328698,45970
1774605730371810,45990
1774605730415068,45880
1774605730458303,46010
1774605730501480,45990
1774605730543849,45990
1774605730586842,45960
1774605730629598,45980
1774605730674068,45880
1774605730717139,46020
1774605730760249,46000
1774605730803263,45880
1774605730846318,45870
1774605730889254,45970
1774605730932206,45950
1774605730975313,45910
1774605731018231,45870
1774605731061291,45860
1774605731104256,46010
1774605731147340,46020
1774605731194077,46050
1774605731237049,46010
1774605731280234,45990
1774605731323400,45950
1774605731365889,46010
1774605731409075,46010
1774605731452149,45910
1774605731495258,46030
1774605731538250,46090
1774605731581414,46120
1774605731624405,46070
1774605731667510,46090
1774605731714399,46010
1774605731757263,46030
1774605731800351,45990
1774605731843194,45900
1774605731886323,45910
1774605731929328,45920
1774605731972425,45920
1774605732015472,45880
1774605732057919,45920
1774605732101061,45960
1774605732143955,45940
1774605732186844,45960
1774605732229993,45940
1774605732274303,45990
1774605732317465,45880
1774605732360388,46010
1774605732403314,46000
1774605732446385,45990
1774605732489232,46020
1774605732532065,45950
1774605732575026,45980
1774605732617964,46020
1774605732660893,45910
1774605732703845,45920
1774605732746973,45940
1774605732789821,46020
1774605732834642,45970
1774605732877777,46030
1774605732920925,46140
1774605732964065,46040
1774605733006414,46060
1774605733049499,45990
1774605733092503,45960
1774605733135482,45940
1774605733178605,45950
1774605733221672,46060
1774605733264818,45930
1774605733307825,46000
1774605733350901,45980
1774605733394837,46070
1774605733438018,46080
1774605733481269,46000
1774605733524082,46080
1774605733567023,46030
1774605733609666,45930
1774605733652745,45960
1774605733696311,45910
1774605733739363,46050
1774605733781611,46010
1774605733824831,46020
1774605733867855,46030
1774605733910824,46050
1774605733954920,46060
1774605733998045,46080
1774605734040935,46060
1774605734083949,46020
1774605734126645,46010
1774605734169737,46020
1774605734212830,46020
1774605734255870,45950
1774605734298915,45950
1774605734341858,45960
1774605734385123,45990
1774605734428368,45960
1774605734475139,45970
1774605734517650,46010
1774605734560768,46050
1774605734603746,46040
1774605734646913,46070
1774605734690119,45960
1774605734733075,45930
1774605734776224,45930
1774605734818592,45940
1774605734861710,45920
1774605734904819,45790
1774605734948038,45880
1774605734991090,45940
1774605735035213,45980
1774605735077640,46000
1774605735120556,46040
1774605735163458,45980
1774605735206334,46080
1774605735249304,45990
1774605735292285,45930
1774605735335403,45960
1774605735378343,45930
1774605735421324,45990
1774605735464464,45960
1774605735507513,45990
1774605735549751,46020
1774605735595556,46010
1774605735638330,45900
1774605735681248,45940
1774605735724225,45990
1774605735766974,45920
1774605735809949,46030
1774605735853218,46020
1774605735896401,46040
1774605735939397,46020
1774605735982529,45980
1774605736025324,45920
1774605736068227,45950
1774605736111150,45990
1774605736155956,45940
1774605736199112,46050
1774605736242293,46020
1774605736285471,46040
1774605736328405,46100
1774605736370883,46000
1774605736414087,45990
1774605736457147,45960
1774605736500242,45980
1774605736543324,46020
1774605736586323,45980
1774605736628992,46030
1774605736676089,46090
1774605736719139,46140
1774605736762090,45940
1774605736805278,46020
1774605736848265,45890
1774605736891390,45950
1774605736934414,46000
1774605736977552,45940
1774605737020769,46110
1774605737063716,46020
1774605737106866,45990
1774605737150136,45990
1774605737196321,45990
1774605737239074,46000
1774605737282000,46010
1774605737325163,45950
1774605737368250,46000
1774605737411348,46030
1774605737454464,45930
1774605737496951,46020
1774605737539843,45930
1774605737582662,46090
1774605737625749,46000
1774605737668888,45930
1774605737712153,45940
1774605737756490,45940
1774605737799561,45930
1774605737842155,46000
1774605737885272,45970
1774605737928342,46010
1774605737971323,46020
1774605738014436,46030
1774605738057629,45950
1774605738100690,45960
1774605738143773,46050
1774605738186824,46020
1774605738229708,46060
1774605738276800,45980
1774605738319995,46000
1774605738363049,45940
1774605738406183,45990
1774605738449240,46040
1774605738492121,46060
1774605738535033,46020
1774605738578013,46010
1774605738621050,46000
1774605738664118,46040
1774605738707249,46000
1774605738750434,45960
1774605738797062,46040
1774605738839862,46040
1774605738882418,46010
1774605738925656,46000
1774605738968838,45980
1774605739012025,46000
1774605739055048,45960
1774605739098355,45990
1774605739141464,46000
1774605739184573,45970
1774605739227381,45960
1774605739270378,46020
1774605739317283,45820
1774605739360190,45980
1774605739403271,45900
1774605739445831,45960
1774605739488899,45990
1774605739532070,46020
1774605739574558,45980
1774605739617789,45910
1774605739660931,45870
1774605739703981,45860
1774605739747084,45910
1774605739790356,45990
1774605739833547,46020
1774605739877614,45960
1774605739920739,45890
1774605739963801,45880
1774605740006968,45940
1774605740049975,45980
1774605740093069,45970
1774605740136147,45940
1774605740178790,46000
1774605740221803,45890
1774605740264917,45870
1774605740307974,45900
1774605740351029,45960
1774605740397883,45990
1774605740440738,45970
1774605740483633,45960
1774605740526833,45930
1774605740569769,45880
1774605740612893,46000
1774605740655871,45960
1774605740698895,46010
1774605740742142,46010
1774605740785313,46000
1774605740828564,45980
1774605740871789,46050
1774605740918264,45980
1774605740961462,46040
1774605741004590,45980
1774605741047647,46060
1774605741090654,46000
1774605741133770,46060
1774605741176931,46010
1774605741219915,45960
1774605741263410,45980
1774605741306483,46050
1774605741349583,46070
1774605741392349,45940
1774605741438769,45940
1774605741481858,46020
1774605741525151,46020
1774605741568200,46070
1774605741611300,46020
1774605741654193,45980
1774605741697347,45950
1774605741740373,45990
1774605741783195,46030
1774605741825701,45990
1774605741868872,46070
1774605741911953,46050
1774605741955216,45990
1774605741999132,46010
1774605742042300,46050
1774605742085309,45990
1774605742128338,45980
1774605742171245,45970
1774605742214244,45970
1774605742257402,45940
1774605742300043,46030
1774605742343125,46000
1774605742386111,46030
1774605742429265,46050
1774605742472290,45950
1774605742515171,45960
1774605742559505,45970
1774605742602626,46010
1774605742645633,46010
1774605742688740,45990
1774605742731437,46050
1774605742774549,45980
1774605742817745,46010
1774605742860824,46010
1774605742903916,46050
1774605742946623,46030
1774605742989707,46000
1774605743032833,46000
1774605743079807,45930
1774605743122808,46030
1774605743165735,45980
1774605743208727,46000
1774605743251759,45970
1774605743294792,45920
1774605743337658,45930
1774605743380633,45940
1774605743423777,46010
1774605743466685,46050
1774605743509844,45920
1774605743552034,45830
1774605743594994,45940
1774605743640122,46000
1774605743683255,45990
1774605743726363,45990
1774605743769363,45950
1774605743812289,45900
1774605743855298,45970
1774605743898409,45990
1774605743941585,45950
