unix_timestamp,active_power (mW)
1774605231360996,45380
1774605231403434,43530
1774605231445803,44240
1774605231488892,45410
1774605231533966,45480
1774605231577036,45410
1774605231620067,45370
1774605231663092,45360
1774605231705948,45330
1774605231748945,45350
1774605231792058,45380
1774605231834896,45330
1774605231878019,45260
1774605231921080,45420
1774605231963910,45400
1774605232006585,45410
1774605232053753,45480
1774605232096847,45390
1774605232139917,45320
1774605232182999,45400
1774605232225979,45310
1774605232269042,45300
1774605232311866,45340
1774605232354517,45320
1774605232397695,45290
1774605232440912,45430
1774605232483963,45330
1774605232526634,45460
1774605232569104,45380
1774605232613586,45430
1774605232656689,45440
1774605232699883,45350
1774605232743042,45380
1774605232785913,45490
1774605232828820,45350
1774605232871827,45420
1774605232914828,45350
1774605232958017,45400
1774605233000995,45370
1774605233043757,45340
1774605233086823,45250
1774605233133602,45270
1774605233176599,45340
1774605233219842,45350
1774605233262993,45300
1774605233305954,45320
1774605233349025,45360
1774605233392009,45360
1774605233435158,45390
1774605233478241,45380
1774605233521439,45330
1774605233564722,45350
1774605233607916,45300
1774605233653304,45340
1774605233696420,45370
1774605233739610,45420
1774605233782476,45430
1774605233825650,45430
1774605233868664,45400
1774605233911727,45330
1774605233954824,45340
1774605233997822,45310
1774605234040855,45230
1774605234084005,45340
1774605234127053,45350
1774605234173581,45430
1774605234216744,45440
1774605234259721,45460
1774605234302393,45420
1774605234345558,45370
1774605234388637,45350
1774605234431660,45410
1774605234474478,45450
1774605234517694,45320
1774605234560907,45350
1774605234603748,45360
1774605234646900,45340
1774605234693011,45310
1774605234736138,45330
1774605234779054,45370
1774605234822215,45370
1774605234865463,45300
1774605234908719,45400
1774605234951832,45290
1774605234994573,45310
1774605235037508,45330
1774605235080609,45350
1774605235123663,45440
1774605235166713,45350
1774605235212879,45280
1774605235255972,45350
1774605235298672,45400
1774605235341854,45460
1774605235384957,45350
1774605235427933,45440
1774605235470814,45410
1774605235513900,45330
1774605235556859,45260
1774605235599713,45290
1774605235642919,45200
1774605235686073,45330
1774605235732706,45450
1774605235775754,45420
1774605235818950,45410
1774605235861804,45360
1774605235904802,45460
1774605235947854,45450
1774605235991045,45350
1774605236034208,45420
1774605236077381,45370
1774605236120381,45370
1774605236163427,45280
1774605236206326,45450
1774605236252601,45360
1774605236295700,45250
1774605236338900,45330
1774605236381765,45290
1774605236424817,45360
1774605236467779,45390
1774605236510637,45350
1774605236553830,45380
1774605236596790,45380
1774605236639610,45350
1774605236682773,45400
1774605236725607,45330
1774605236768053,45270
1774605236812484,45260
1774605236855590,45280
1774605236898682,45330
1774605236941921,45440
1774605236984981,45460
1774605237028012,45350
1774605237071038,45400
1774605237113980,45360
1774605237157049,45320
1774605237200155,45340
1774605237242856,45370
1774605237285849,45390
1774605237332162,45370
1774605237374854,45420
1774605237417743,45420
1774605237460909,45400
1774605237503953,45370
1774605237546644,45350
1774605237589611,45410
1774605237632818,45380
1774605237675721,45370
1774605237718501,45330
1774605237761587,45350
1774605237804839,45370
1774605237847863,45340
1774605237892096,45400
1774605237935130,45370
1774605237977626,45430
1774605238020663,45420
1774605238063816,45410
1774605238106712,45290
1774605238149701,45360
1774605238192868,45340
1774605238236042,45190
1774605238279021,45290
1774605238322086,45340
1774605238365318,45320
1774605238411881,45370
1774605238454410,45350
1774605238497457,45400
1774605238540472,45380
1774605238583168,45400
1774605238626249,45440
1774605238668906,45370
1774605238711329,45410
1774605238754505,45400
1774605238797518,45430
1774605238840723,45390
1774605238883803,45380
1774605238926703,45420
1774605238971823,45320
1774605239014848,45400
1774605239057878,45380
1774605239100840,45320
1774605239143889,45340
1774605239186487,45330
1774605239229603,45280
1774605239272702,45290
1774605239315675,45390
1774605239358762,45350
1774605239401978,45290
1774605239444967,45290
1774605239491698,45390
1774605239534832,45380
1774605239577989,45410
1774605239620876,45390
1774605239664198,45380
1774605239706893,45340
1774605239749975,45400
1774605239792914,45310
1774605239835945,45360
1774605239878875,45430
1774605239921891,45380
1774605239964936,45260
1774605240011499,45320
1774605240054641,45350
1774605240097797,45320
1774605240140824,45280
1774605240183850,45370
1774605240226618,45410
1774605240269758,45380
1774605240312772,45410
1774605240355878,45410
1774605240398482,45350
1774605240441595,45370
1774605240484579,45440
1774605240531372,45370
1774605240574491,45410
1774605240617549,45490
1774605240660546,45420
1774605240703482,45370
1774605240746616,45380
1774605240789799,45450
1774605240832712,45320
1774605240875942,45360
1774605240918957,45340
1774605240961961,45250
1774605241004821,45260
1774605241051286,45370
1774605241094419,45370
1774605241137521,45380
1774605241180505,45480
1774605241223663,45400
1774605241266774,45360
1774605241309697,45400
1774605241352910,45440
1774605241395909,45350
1774605241438377,45390
1774605241481430,45360
1774605241524576,45360
1774605241570928,45400
1774605241613807,45390
1774605241657001,45350
1774605241700127,45340
1774605241742688,45270
1774605241785862,45320
1774605241828857,45300
1774605241871883,45310
1774605241914735,45310
1774605241958021,45340
1774605242001179,45320
1774605242044210,45380
1774605242090980,45420
1774605242134054,45380
1774605242177174,45440
1774605242220120,45450
1774605242262953,45460
1774605242305873,45440
1774605242348683,45410
1774605242391604,45430
1774605242434679,45450
1774605242477654,45390
1774605242520693,45460
1774605242563755,45400
1774605242606498,45320
1774605242650844,45370
1774605242693982,45460
1774605242736947,45340
1774605242779894,45480
1774605242822791,45430
1774605242865504,45430
1774605242908635,45380
1774605242951520,45350
1774605242994586,45310
1774605243037676,45240
1774605243080797,45310
1774605243123877,45340
1774605243170554,45370
1774605243213693,45310
1774605243256875,45300
1774605243300020,45350
1774605243343268,45340
1774605243385785,45270
1774605243428666,45250
1774605243471671,45350
1774605243514225,45340
1774605243557228,45290
1774605243600456,45340
1774605243643300,45350
1774605243685682,45400
1774605243730553,45290
1774605243773616,45360
1774605243816863,45370
1774605243859975,45380
1774605243902553,45410
1774605243945628,45340
1774605243988525,45370
1774605244031472,45390
1774605244074392,45370
1774605244117600,45380
1774605244160668,45340
1774605244203593,45340
1774605244246510,45430
1774605244290451,45420
1774605244333567,45400
1774605244376812,45410
1774605244419825,45420
1774605244462831,45340
1774605244505154,45390
1774605244548209,45330
1774605244591245,45400
