unix_timestamp,active_power (mW)
1774608024768339,46530
1774608024810666,44930
1774608024853019,44140
1774608024898587,46530
1774608024941719,46550
1774608024984940,46560
1774608025028114,46560
1774608025071253,46510
1774608025113619,46450
1774608025156695,46510
1774608025199636,46520
1774608025242621,46580
1774608025285832,46560
1774608025328784,46590
1774608025371577,46620
1774608025414483,46520
1774608025458795,46470
1774608025501610,46500
1774608025544170,46560
1774608025587146,46430
1774608025629542,46520
1774608025672804,46520
1774608025715817,46460
1774608025758756,46600
1774608025801719,46460
1774608025844713,46460
1774608025887698,46480
1774608025930616,46420
1774608025973524,46510
1774608026018986,46550
1774608026061727,46550
1774608026104659,46490
1774608026147661,46480
1774608026190890,46430
1774608026233996,46430
1774608026277214,46420
1774608026320389,46440
1774608026363601,46400
1774608026406916,46480
1774608026449291,46440
1774608026492314,46590
1774608026539104,46540
1774608026581669,46560
1774608026624870,46490
1774608026668049,46460
1774608026711229,46500
1774608026754304,46570
1774608026797526,46530
1774608026840718,46490
1774608026883727,46550
1774608026926741,46540
1774608026969748,46540
1774608027012755,46540
1774608027059523,46450
1774608027102608,46490
1774608027145753,46480
1774608027188757,46460
1774608027231685,46510
1774608027274771,46520
1774608027317713,46510
1774608027360848,46500
1774608027403581,46560
1774608027446447,46500
1774608027489504,46560
1774608027532718,46520
1774608027579611,46490
1774608027622636,46530
1774608027665895,46530
1774608027709103,46470
1774608027752352,46520
1774608027795386,46490
1774608027838444,46460
1774608027881663,46450
1774608027924785,46430
1774608027967637,46390
1774608028010708,46470
1774608028053745,46520
1774608028099612,46560
1774608028142738,46550
1774608028185903,46520
1774608028228917,46570
1774608028271929,46570
1774608028314602,46490
1774608028357586,46460
1774608028400672,46440
1774608028443889,46480
1774608028487016,46330
1774608028529964,46480
1774608028573246,46420
1774608028619713,46450
1774608028662884,46480
1774608028705760,46510
1774608028748849,46550
1774608028791828,46500
1774608028834853,46650
1774608028878039,46580
1774608028921185,46540
1774608028964196,46550
1774608029007408,46510
1774608029050523,46530
1774608029093620,46510
1774608029139966,46500
1774608029183081,46510
1774608029226106,46540
1774608029269181,46480
1774608029312412,46490
1774608029355357,46500
1774608029397809,46470
1774608029441013,46610
1774608029484145,46510
1774608029527246,46530
1774608029570174,46590
1774608029613142,46480
1774608029659942,46580
1774608029703121,46560
1774608029745626,46600
1774608029788450,46590
1774608029831632,46620
1774608029874573,46540
1774608029917681,46590
1774608029960656,46510
1774608030003618,46510
1774608030046615,46560
1774608030089837,46600
1774608030132764,46550
1774608030175200,46550
1774608030219925,46440
1774608030262668,46550
1774608030305599,46620
1774608030348589,46650
1774608030391400,46560
1774608030434598,46590
1774608030477732,46570
1774608030520803,46590
1774608030563834,46520
1774608030606504,46560
1774608030649578,46630
1774608030692425,46440
1774608030735421,46440
1774608030780175,46430
1774608030823334,46440
1774608030866113,46400
1774608030909336,46480
1774608030951934,46400
1774608030994994,46410
1774608031038110,46500
1774608031081074,46430
1774608031123973,46430
1774608031166959,46510
1774608031209679,46540
1774608031252871,46540
1774608031295884,46460
1774608031340092,46490
1774608031382676,46490
1774608031425679,46590
1774608031468625,46510
1774608031511725,46580
1774608031554303,46550
1774608031597510,46490
1774608031640666,46570
1774608031683642,46600
1774608031726672,46590
1774608031769730,46670
1774608031812824,46550
1774608031856016,46480
1774608031899979,46520
1774608031943104,46520
1774608031985732,46570
1774608032028697,46540
1774608032071744,46490
1774608032114598,46480
1774608032157744,46470
1774608032200944,46420
1774608032244212,46490
1774608032287345,46420
1774608032330438,46540
1774608032373562,46420
1774608032419930,46510
1774608032463032,46480
1774608032505974,46450
1774608032549067,46370
1774608032591592,46440
1774608032634697,46380
1774608032677665,46390
1774608032720605,46340
1774608032763551,46400
1774608032806576,46400
1774608032849820,46420
1774608032892725,46400
1774608032935739,46370
1774608032980127,46330
1774608033023106,46370
1774608033065840,46430
1774608033108730,46410
1774608033151735,46430
1774608033194470,46490
1774608033237673,46420
1774608033280607,46430
1774608033323736,46460
1774608033366680,46440
1774608033409793,46370
1774608033452840,46480
1774608033495492,46480
1774608033539965,46540
1774608033583016,46560
1774608033626251,46540
1774608033669433,46600
1774608033712649,46590
1774608033755613,46470
1774608033798364,46540
1774608033841491,46530
1774608033884455,46600
1774608033927634,46590
1774608033970952,46550
1774608034014122,46540
1774608034059905,46550
1774608034102559,46520
1774608034145586,46540
1774608034188726,46630
1774608034231843,46640
1774608034274862,46560
1774608034318064,46470
1774608034361143,46630
1774608034404052,46500
1774608034447219,46460
1774608034490245,46480
1774608034533367,46530
1774608034579879,46420
1774608034622978,46400
1774608034666192,46460
1774608034709358,46400
1774608034752498,46460
1774608034795419,46520
1774608034838412,46490
1774608034881464,46410
1774608034924394,46350
1774608034967221,46440
1774608035009644,46420
1774608035052517,46480
1774608035095495,46520
1774608035139718,46500
1774608035182550,46500
1774608035225712,46570
1774608035268519,46450
1774608035311433,46540
1774608035354162,46630
1774608035397183,46590
1774608035440350,46580
1774608035483198,46540
1774608035526455,46560
1774608035569569,46480
1774608035612544,46390
1774608035655424,46530
1774608035699690,46460
1774608035742580,46560
1774608035785698,46490
1774608035828873,46480
1774608035871914,46490
1774608035914882,46410
1774608035957578,46460
1774608036000557,46420
1774608036043683,46470
1774608036086623,46530
1774608036129619,46490
1774608036172745,46410
1774608036215736,46520
1774608036259747,46540
1774608036302730,46540
1774608036345634,46590
1774608036388556,46500
1774608036431739,46530
1774608036474854,46540
1774608036517895,46550
1774608036561045,46600
1774608036603575,46630
1774608036646607,46540
1774608036689762,46520
1774608036732720,46580
1774608036779620,46570
1774608036822767,46580
1774608036865750,46560
1774608036908394,46480
1774608036951685,46470
1774608036994751,46540
1774608037037695,46500
1774608037080649,46460
1774608037123418,46540
1774608037166373,46460
1774608037209510,46550
1774608037252714,46410
1774608037299663,46510
1774608037342655,46420
1774608037385525,46560
1774608037428538,46500
1774608037471629,46510
1774608037514773,46550
1774608037557741,46500
1774608037600868,46450
1774608037643790,46510
1774608037686776,46480
1774608037729321,46480
1774608037772205,46470
1774608037815446,46480
1774608037859495,46440
1774608037902527,46420
1774608037945609,46460
1774608037988650,46510
1774608038031530,46570
1774608038074613,46420
1774608038117840,46510
1774608038160778,46520
1774608038203884,46520
1774608038246603,46520
1774608038289661,46540
1774608038332759,46460
1774608038379324,46490
1774608038422484,46550
1774608038465669,46440
1774608038508797,46550
1774608038551357,46490
1774608038594306,46450
1774608038637428,46480
1774608038680730,46500
1774608038723759,46410
1774608038766397,46460
1774608038809557,46470
1774608038852714,46570
1774608038899252,46450
1774608038942428,46480
1774608038985602,46550
1774608039028785,46490
1774608039071650,46550
1774608039114764,46470
1774608039157676,46510
1774608039200838,46570
1774608039243799,46520
1774608039286543,46470
1774608039329612,46520
1774608039372658,46580
1774608039419158,46490
1774608039462341,46470
1774608039505586,46520
1774608039548757,46510
1774608039591548,46530
1774608039634404,46510
1774608039677568,46510
1774608039720757,46550
1774608039763634,46550
1774608039806822,46520
1774608039849699,46540
1774608039892662,46480
1774608039939045,46550
1774608039981493,46470
1774608040024621,46500
1774608040067618,46600
1774608040110649,46550
1774608040153620,46510
1774608040196776,46510
1774608040240042,46580
1774608040283149,46480
1774608040326127,46490
1774608040369259,46430
1774608040412348,46410
1774608040458948,46520
1774608040501736,46450
1774608040544871,46530
1774608040588103,46540
1774608040631094,46570
1774608040673771,46590
1774608040716640,46550
1774608040759889,46540
1774608040802373,46510
1774608040845322,46610
1774608040888454,46570
1774608040931616,46580
1774608040974849,46520
1774608041018904,46560
1774608041061911,46610
1774608041105109,46580
1774608041148267,46570
1774608041191244,46580
1774608041234513,46590
1774608041277678,46540
1774608041320641,46590
1774608041363357,46530
1774608041406603,46470
1774608041449777,46520
1774608041492912,46520
1774608041538655,46540
1774608041581642,46440
1774608041624428,46470
1774608041667520,46500
1774608041710484,46500
1774608041753705,46540
1774608041796860,46510
1774608041839825,46550
1774608041882505,46490
1774608041925839,46540
1774608041968997,46590
1774608042012061,46580
1774608042058716,46570
1774608042101839,46500
1774608042144960,46570
1774608042188144,46530
1774608042231377,46550
1774608042274365,46500
1774608042317457,46550
1774608042360570,46570
1774608042403745,46560
1774608042446512,46550
1774608042489624,46460
1774608042532686,46560
1774608042578705,46520
1774608042621804,46540
