unix_timestamp,active_power (mW)
1770034844687401,46120
1770034844729996,40820
1770034844773224,42720
1770034844816309,46130
1770034844859232,46070
1770034844902091,46100
1770034844947146,46130
1770034844989798,46030
1770034845032841,46050
1770034845075886,46060
1770034845118519,46100
1770034845161306,46050
1770034845204428,46100
1770034845247535,46030
1770034845290057,46030
1770034845333124,46040
1770034845376108,46010
1770034845418848,45970
1770034845461365,46000
1770034845506875,45920
1770034845549870,46000
1770034845593073,45970
1770034845636279,45960
1770034845679028,46110
1770034845722175,45940
1770034845765181,45880
1770034845807912,45930
1770034845850758,45930
1770034845893585,45910
1770034845936358,45880
1770034845979175,45890
1770034846022022,45930
1770034846066288,45870
1770034846109145,45910
1770034846151922,45960
1770034846194865,46010
1770034846237722,45940
1770034846280405,45980
1770034846322880,45980
1770034846365434,45990
1770034846408322,45960
1770034846451118,46010
1770034846493490,46020
1770034846536056,46010
1770034846579092,46050
1770034846621740,46080
1770034846666199,46040
1770034846708877,46150
1770034846751382,46090
1770034846794526,46040
1770034846837351,46040
1770034846880171,46040
1770034846922758,46050
1770034846965247,46080
1770034847008374,45940
1770034847051461,46050
1770034847094183,46040
1770034847136811,46060
1770034847179662,45990
1770034847225708,45970
1770034847268813,45980
1770034847311954,45960
1770034847354522,45930
1770034847397562,45920
1770034847440732,45900
1770034847483908,45940
1770034847526535,45950
1770034847569173,45910
1770034847612262,45910
1770034847655346,45890
1770034847698074,45970
1770034847741074,45990
1770034847785415,45910
1770034847828480,45970
1770034847870886,46010
1770034847913298,46030
1770034847956312,46090
1770034847999444,46050
1770034848042632,45990
1770034848085116,46060
1770034848128137,46100
1770034848171225,46060
1770034848214309,45980
1770034848257304,46030
1770034848300275,46060
1770034848345030,45920
1770034848388095,45870
1770034848430942,46020
1770034848473341,45950
1770034848516249,45960
1770034848559073,45950
1770034848601898,45940
1770034848644346,45960
1770034848687486,45930
1770034848730595,45950
1770034848773173,46070
1770034848816127,45830
1770034848858774,45950
1770034848904489,45960
1770034848947293,45870
1770034848989870,45910
1770034849032984,45900
1770034849076190,45960
1770034849119305,45950
1770034849162002,45940
1770034849205148,45980
1770034849248249,45990
1770034849291060,46040
1770034849333700,46000
1770034849376848,46020
1770034849419985,46060
1770034849464354,46060
1770034849507416,45980
1770034849550076,46100
1770034849593172,46110
1770034849636301,46060
1770034849678730,46080
1770034849721341,46060
1770034849764336,46120
1770034849807367,46200
1770034849850106,46120
1770034849893284,46050
1770034849936358,46060
1770034849978983,45980
1770034850023934,46020
1770034850067042,46000
1770034850109545,46010
1770034850152091,46030
1770034850195210,46010
1770034850237790,45980
1770034850280484,45910
1770034850323217,45960
1770034850366306,45930
1770034850409594,45840
1770034850452567,45870
1770034850495274,45900
1770034850537811,45870
1770034850583523,45920
1770034850626376,45840
1770034850669107,45960
1770034850712027,45880
1770034850755161,45940
1770034850798061,46040
1770034850841071,46030
1770034850884185,45990
1770034850926976,46000
1770034850969458,45980
1770034851012542,45980
1770034851055548,46080
1770034851098620,46020
1770034851143398,46000
1770034851186081,46100
1770034851229284,46110
1770034851272456,46050
1770034851315071,46060
1770034851358180,46110
1770034851400636,46120
1770034851443963,46050
1770034851486701,46090
1770034851529524,46050
1770034851572587,46030
1770034851615304,46030
1770034851658340,45990
1770034851702954,46030
1770034851745647,45900
1770034851788045,45900
1770034851830587,46060
1770034851873800,45880
1770034851916374,45940
1770034851959192,45910
1770034852001728,45940
1770034852044067,45900
1770034852087169,45920
1770034852130123,45920
1770034852173302,45980
1770034852216296,45900
1770034852262696,45860
1770034852305774,46010
1770034852348723,46040
1770034852391758,45900
1770034852434692,45990
1770034852477886,46020
1770034852520200,46010
1770034852563234,46010
1770034852605935,46010
1770034852648915,46110
1770034852691989,46070
1770034852734974,46060
1770034852778105,46100
1770034852822537,46070
1770034852865231,46100
1770034852908365,46020
1770034852951162,46020
1770034852993932,46010
1770034853036928,46070
1770034853080060,46030
1770034853122535,46020
1770034853165726,45910
1770034853208626,46030
1770034853251350,46040
1770034853294087,45990
1770034853336815,46120
1770034853382103,46030
1770034853424883,46040
1770034853467715,46110
1770034853510528,46090
1770034853552952,46100
1770034853595843,46040
1770034853638722,46130
1770034853681242,46070
1770034853724005,46090
1770034853766729,46050
1770034853809551,46050
1770034853852458,46030
1770034853894954,46200
1770034853937416,45990
1770034853981775,46020
1770034854024830,46030
1770034854067696,46120
1770034854110570,45950
1770034854153414,46030
1770034854196258,45980
1770034854239062,46010
1770034854281892,45950
1770034854324980,46000
1770034854367974,46080
1770034854410899,46060
1770034854453638,46100
1770034854496446,46030
1770034854541525,46050
1770034854584507,46130
1770034854627498,46010
1770034854670692,46110
1770034854713195,46050
1770034854756235,46070
1770034854798928,45960
1770034854841931,46010
1770034854885081,46000
1770034854927983,46160
1770034854970845,46070
1770034855013331,46040
1770034855056366,46050
1770034855101052,45890
1770034855143832,45880
1770034855187057,45890
1770034855230118,45960
1770034855273134,45990
1770034855315956,45910
1770034855359057,45870
1770034855401967,45860
1770034855445025,45830
1770034855488266,45840
1770034855531185,45940
1770034855574037,45950
1770034855616902,45910
1770034855660940,45970
1770034855704038,45960
1770034855746890,45890
1770034855789310,45940
1770034855832518,46010
1770034855875518,45970
1770034855917824,45940
1770034855961076,46100
1770034856004305,45970
1770034856047343,46040
1770034856089988,46050
1770034856133104,45980
1770034856176205,45990
1770034856220706,45970
1770034856263825,46030
1770034856306620,46150
1770034856349788,45990
1770034856392908,46090
1770034856435685,46030
1770034856478500,46080
1770034856521651,46040
1770034856564803,46050
1770034856607170,46130
1770034856650118,46030
1770034856693260,46090
1770034856735810,46030
1770034856780551,46120
1770034856823254,46060
1770034856866011,46060
1770034856908842,46110
1770034856951761,46250
1770034856994694,46020
1770034857037480,46090
1770034857080153,46070
1770034857122901,46040
1770034857165729,46120
1770034857208396,46050
1770034857251268,46070
1770034857293811,46120
1770034857340272,46120
1770034857383144,46040
1770034857426156,46190
1770034857469187,46090
1770034857512217,46060
1770034857555324,46080
1770034857598145,46100
1770034857641177,46100
1770034857684003,46070
1770034857727069,46080
1770034857769983,46150
1770034857812757,46080
1770034857855494,46150
1770034857899991,46090
1770034857943011,46070
1770034857985907,46150
1770034858028895,46090
1770034858071954,46170
1770034858114814,46080
1770034858157248,46100
1770034858200497,46070
1770034858243355,46100
1770034858286145,46120
1770034858329315,46060
1770034858372412,45990
1770034858415369,46050
1770034858459634,45960
1770034858502758,45960
1770034858545908,46030
1770034858589200,46000
1770034858632062,45950
1770034858675110,45930
1770034858717807,45890
1770034858760855,45880
1770034858803738,45910
1770034858846231,45980
1770034858889379,45940
1770034858931769,45970
1770034858974335,45950
1770034859019349,45990
1770034859062530,45960
1770034859105119,45980
1770034859147775,45970
1770034859190455,45980
1770034859232853,46070
1770034859275595,46040
1770034859317914,46070
1770034859360230,46030
1770034859403106,46000
1770034859445612,46030
1770034859488086,46070
1770034859531039,46040
1770034859573689,46070
1770034859619253,46120
1770034859662022,46020
1770034859705251,46030
1770034859748408,46020
1770034859791505,46030
1770034859834463,46120
1770034859877603,46070
1770034859920813,46100
1770034859963982,46070
1770034860006609,46050
1770034860049263,46230
1770034860092339,46080
1770034860138928,45990
1770034860181645,46040
1770034860224671,46060
1770034860267370,46030
1770034860310203,46060
1770034860352854,46050
1770034860395616,46040
1770034860438110,46110
1770034860481246,46010
1770034860524115,46020
1770034860566707,46010
1770034860609786,46110
1770034860652936,45990
1770034860698711,46060
1770034860741065,46020
1770034860784112,46090
1770034860827257,46090
1770034860869890,46060
1770034860912360,46110
1770034860955369,46080
1770034860997923,46120
1770034861041044,46050
1770034861084252,46150
1770034861126743,46060
1770034861169098,46040
1770034861211716,46050
1770034861254491,46020
1770034861298720,46060
1770034861341522,46030
1770034861384479,46080
1770034861427249,46060
1770034861469887,46040
1770034861512949,46110
1770034861556084,46110
1770034861599059,46090
1770034861641830,46140
1770034861684831,46090
1770034861727628,46090
1770034861770246,46080
1770034861813215,46050
1770034861858305,46050
1770034861901419,46060
1770034861943798,46050
1770034861986528,46100
1770034862029160,46070
1770034862072330,46260
1770034862115197,46020
1770034862158008,46070
1770034862201071,46070
1770034862244140,46110
1770034862286984,46070
1770034862329417,45970
1770034862372631,46060
1770034862418030,45970
1770034862461109,46000
1770034862504061,45980
1770034862546866,46080
1770034862590050,45990
1770034862633194,46020
1770034862676108,46000
1770034862718996,46030
1770034862762158,46030
1770034862804978,46050
1770034862848176,46010
1770034862891045,46020
1770034862933397,45970
1770034862977921,46080
1770034863020980,46000
1770034863064076,46040
1770034863107070,46080
1770034863149836,46140
1770034863192842,46050
1770034863235956,46050
1770034863278850,46070
1770034863321311,46060
1770034863364438,46090
1770034863407318,45980
1770034863449817,46100
1770034863492809,46110
1770034863537670,46160
1770034863580733,46080
1770034863623607,46050
1770034863666461,46110
1770034863709635,46010
1770034863752712,46060
