unix_timestamp,active_power (mW)
1770036438833962,44860
1770036438876553,40240
1770036438919390,45880
1770036438962153,44650
1770036439004732,44890
1770036439047433,44960
1770036439092705,44890
1770036439135721,44890
1770036439178635,44860
1770036439221789,44860
1770036439264710,44900
1770036439307586,44830
1770036439350555,44820
1770036439393660,44840
1770036439436266,44900
1770036439479149,44830
1770036439522298,44830
1770036439565108,44870
1770036439608309,44910
1770036439652718,44830
1770036439695133,44850
1770036439737956,44890
1770036439781142,44850
1770036439824182,44850
1770036439866904,44850
1770036439910012,44900
1770036439952984,44820
1770036439996151,44830
1770036440038408,44870
1770036440081583,44970
1770036440124872,44850
1770036440167947,44860
1770036440212838,44900
1770036440255814,44800
1770036440298637,44860
1770036440341419,44900
1770036440383899,44890
1770036440426701,44880
1770036440469821,44930
1770036440512928,44920
1770036440556087,44980
1770036440599028,44860
1770036440641287,44880
1770036440684165,44930
1770036440727304,44890
1770036440772761,44850
1770036440815720,44780
1770036440858565,44880
1770036440901628,44860
1770036440944740,44790
1770036440987814,44910
1770036441030981,44840
1770036441073816,44840
1770036441116911,44930
1770036441159987,44820
1770036441203060,44910
1770036441245707,44820
1770036441292905,44870
1770036441335771,44770
1770036441378805,44870
1770036441421508,44910
1770036441465038,44810
1770036441508210,44830
1770036441551115,44810
1770036441594291,44790
1770036441637196,44910
1770036441680975,44830
1770036441724004,44820
1770036441767120,44870
1770036441813404,44880
1770036441855762,44890
1770036441898658,44840
1770036441941194,44870
1770036441984057,44860
1770036442026906,44850
1770036442070171,44850
1770036442112625,45010
1770036442155314,44860
1770036442198283,44820
1770036442240782,44860
1770036442283578,44850
1770036442326212,44790
1770036442373186,44870
1770036442416284,44860
1770036442458708,44880
1770036442501663,44870
1770036442544805,44850
1770036442587958,44810
1770036442631104,44810
1770036442674140,44910
1770036442717164,44840
1770036442760202,44860
1770036442803067,44810
1770036442846204,44870
1770036442893087,44830
1770036442936178,44840
1770036442979152,44900
1770036443022433,44900
1770036443065275,44880
1770036443108446,44840
1770036443151392,44940
1770036443194136,44930
1770036443237437,44880
1770036443280588,44880
1770036443323515,44870
1770036443366564,44860
1770036443413263,44840
1770036443456174,44800
1770036443498839,44860
1770036443541658,44840
1770036443583983,44940
1770036443626931,44880
1770036443669333,44820
1770036443712185,44890
1770036443754907,44870
1770036443797509,44910
1770036443840467,44850
1770036443883185,44890
1770036443926123,44860
1770036443968709,44830
1770036444013406,44930
1770036444056526,44840
1770036444099334,44880
1770036444142020,44990
1770036444184302,44920
1770036444227263,44870
1770036444269954,44940
1770036444313020,44850
1770036444356055,44860
1770036444398584,44880
1770036444441554,44870
1770036444484395,44860
1770036444526878,44830
1770036444573504,44830
1770036444616512,44830
1770036444659502,44880
1770036444702228,44830
1770036444745285,44830
1770036444788323,44890
1770036444831238,44830
1770036444873824,44840
1770036444916944,44830
1770036444959863,44810
1770036445002642,44930
1770036445045194,44870
1770036445088315,44900
1770036445133501,44760
1770036445176552,45020
1770036445219487,44900
1770036445262700,44850
1770036445305124,44860
1770036445348216,44850
1770036445391266,44770
1770036445434484,44840
1770036445477224,44880
1770036445520306,44810
1770036445563498,44890
1770036445606062,44820
1770036445649227,44790
1770036445693568,44750
1770036445736291,44770
1770036445778958,44780
1770036445821752,44770
1770036445864418,44740
1770036445907426,44770
1770036445950043,44720
1770036445992389,44770
1770036446035086,44830
1770036446077625,44790
1770036446120504,44730
1770036446163524,44800
1770036446206492,44720
1770036446249052,44870
1770036446293714,44800
1770036446336806,44780
1770036446380027,44750
1770036446423210,44710
1770036446465941,44760
1770036446509026,44750
1770036446552133,44640
1770036446594931,44660
1770036446637266,44700
1770036446680439,44680
1770036446723556,44650
1770036446766120,44750
1770036446808471,44750
1770036446853836,44730
1770036446896978,44660
1770036446940031,44650
1770036446982999,44770
1770036447026146,44770
1770036447069155,44710
1770036447112233,44750
1770036447155616,44700
1770036447198666,44630
1770036447241745,44820
1770036447284904,44630
1770036447327749,44660
1770036447373902,44630
1770036447417117,44670
1770036447460101,44660
1770036447502815,44700
1770036447546000,44610
1770036447589031,44710
1770036447631767,44670
1770036447674791,44710
1770036447717206,44720
1770036447760339,44670
1770036447803303,44690
1770036447845780,44650
1770036447888868,44660
1770036447934087,44680
1770036447977218,44650
1770036448020112,44620
1770036448063227,44690
1770036448106197,44600
1770036448149351,44660
1770036448192198,44680
1770036448235318,44720
1770036448278597,44770
1770036448321684,44780
1770036448364840,44740
1770036448408077,44670
1770036448454211,44800
1770036448497372,44790
1770036448540507,44850
1770036448583468,44840
1770036448626173,44840
1770036448669211,44870
1770036448712221,44880
1770036448755182,44820
1770036448797948,44870
1770036448841169,44880
1770036448884153,44870
1770036448926852,44850
1770036448969898,44910
1770036449014502,44790
1770036449057251,44800
1770036449100225,44780
1770036449143013,44830
1770036449186197,44810
1770036449229351,44830
1770036449272512,44920
1770036449315472,44800
1770036449358091,44770
1770036449400603,44820
1770036449443774,44800
1770036449486534,44720
1770036449529194,44780
1770036449574716,44730
1770036449617109,44750
1770036449660241,44800
1770036449703349,44750
1770036449746115,44760
1770036449789319,44830
1770036449832465,44780
1770036449874910,44670
1770036449917987,44750
1770036449960990,44770
1770036450003913,44720
1770036450046363,44730
1770036450089439,44680
1770036450134910,44700
1770036450177277,44700
1770036450220100,44720
1770036450262959,44710
1770036450306140,44820
1770036450349432,44720
1770036450392623,44660
1770036450435404,44630
1770036450478072,44690
1770036450521112,44780
1770036450564181,44760
1770036450606735,44730
1770036450649232,44770
1770036450695046,44790
1770036450737814,44740
1770036450780852,44800
1770036450823923,44800
1770036450867015,44800
1770036450910075,44860
1770036450953227,44910
1770036450996287,44890
1770036451039347,44900
1770036451082157,44840
1770036451125269,44860
1770036451168480,44920
1770036451215325,44890
1770036451258384,44870
1770036451301636,44910
1770036451344770,44920
1770036451387945,44950
1770036451430586,44860
1770036451473871,44840
1770036451516678,44840
1770036451559551,44830
1770036451602680,44900
1770036451645605,44880
1770036451688676,44820
1770036451735236,44780
1770036451777950,44820
1770036451821021,44820
1770036451864152,44800
1770036451907007,44760
1770036451949550,44750
1770036451992692,44790
1770036452035601,44830
1770036452078162,44770
