unix_timestamp,active_power (mW)
1769683506313212,23630
1769683506356081,20770
1769683506399189,31590
1769683506441869,40370
1769683506484952,50350
1769683506528023,49830
1769683506571036,49730
1769683506614152,49810
1769683506657400,49730
1769683506701713,49570
1769683506743971,49380
1769683506786617,49470
1769683506829735,49520
1769683506872357,49500
1769683506915526,49470
1769683506957866,49420
1769683507000938,49540
1769683507044023,49630
1769683507087226,49530
1769683507130414,49460
1769683507173564,49700
1769683507216558,49800
1769683507261516,49580
1769683507304537,49590
1769683507347570,49600
1769683507390723,49560
1769683507433905,49650
1769683507477034,49670
1769683507520030,49660
1769683507563124,49560
1769683507606201,49740
1769683507649188,49630
1769683507692355,49610
1769683507735321,49760
1769683507781348,49610
1769683507824079,49640
1769683507866793,49630
1769683507909869,49750
1769683507952845,49800
1769683507995828,49970
1769683508039022,49970
1769683508081737,49980
1769683508124808,50050
1769683508167810,49990
1769683508210544,50010
1769683508253561,52080
1769683508296583,49530
1769683508341002,50070
1769683508383638,50000
1769683508426234,50100
1769683508469384,49970
1769683508512557,50140
1769683508555263,49940
1769683508597866,49940
1769683508640949,49900
1769683508683880,50010
1769683508726608,49910
1769683508769844,50030
1769683508812813,50030
1769683508856080,50040
1769683508900669,50030
1769683508943721,50000
1769683508986690,49920
1769683509029754,50110
1769683509072708,49990
1769683509115558,50020
1769683509158563,50000
1769683509200872,49850
1769683509243957,49700
1769683509286532,49710
1769683509329739,49640
1769683509372851,49680
1769683509416068,49760
1769683509460539,49690
1769683509503554,49620
1769683509546463,49520
1769683509589721,49610
1769683509632879,49610
1769683509676081,49620
1769683509718778,49650
1769683509761873,49640
1769683509804921,49650
1769683509848004,49630
1769683509890979,49610
1769683509934833,49520
1769683509980117,49700
1769683510023199,49690
1769683510065789,49550
1769683510108934,49580
1769683510152159,49660
1769683510194541,49710
1769683510237652,49560
1769683510280415,49570
1769683510323412,49640
1769683510366001,49590
1769683510409213,49600
1769683510452275,49510
1769683510495500,49480
1769683510539939,49580
1769683510582543,49470
1769683510625610,49580
1769683510668563,49540
1769683510711474,49610
1769683510753717,49580
1769683510796029,49540
1769683510838515,49490
1769683510881671,49630
1769683510924984,49630
1769683510967926,49550
1769683511011151,49810
1769683511053888,49500
1769683511099817,49700
1769683511142756,49640
1769683511185628,49790
1769683511228740,49590
1769683511271377,49670
1769683511313700,49680
1769683511356610,49660
1769683511399350,49580
1769683511441863,49800
1769683511485015,49650
1769683511527952,49670
1769683511571097,49590
1769683511614301,49600
1769683511659438,49580
1769683511702428,49560
1769683511745594,49530
1769683511788686,49480
1769683511831669,49530
1769683511874408,49540
1769683511917553,49630
1769683511960590,49480
1769683512002942,49730
1769683512046182,49510
1769683512089406,49630
1769683512132610,49510
1769683512179157,49610
1769683512221847,49600
1769683512264300,49650
1769683512306959,49700
1769683512349839,49880
1769683512392547,50380
1769683512435408,50200
1769683512478531,49500
1769683512521755,49700
1769683512564736,49600
1769683512607821,49780
1769683512650782,49650
1769683512693362,49760
1769683512738919,49540
1769683512781920,49740
1769683512825093,49760
1769683512867653,49570
1769683512910698,49650
1769683512952948,49710
1769683512995777,49640
1769683513038902,49620
1769683513082117,49660
1769683513125311,49540
1769683513168397,49700
1769683513211263,49730
1769683513254365,49770
1769683513298357,49650
1769683513341528,49690
1769683513384455,50330
1769683513427637,49600
1769683513470349,49620
1769683513513252,49610
1769683513556559,49710
1769683513599394,49520
1769683513641752,49560
1769683513685030,49620
1769683513728074,49690
1769683513771079,49650
1769683513813785,49740
1769683513858249,49700
1769683513900535,49580
1769683513943542,49750
1769683513986575,49660
1769683514029673,49690
1769683514072346,49810
1769683514115536,49660
1769683514158653,49610
1769683514201715,49740
1769683514244768,49610
1769683514287870,49670
1769683514330453,49540
1769683514373559,49720
1769683514417973,49550
1769683514461006,49740
1769683514503537,49690
1769683514546004,49550
1769683514589163,49660
1769683514631651,49740
1769683514674413,49740
1769683514717854,49740
1769683514760863,49550
1769683514803655,49720
1769683514846714,49630
1769683514889683,49480
1769683514932706,49640
1769683514977620,49600
1769683515020661,49770
1769683515063627,49660
1769683515106672,49750
1769683515149690,49640
1769683515192707,49650
1769683515235299,49740
1769683515278020,49660
1769683515321007,49590
1769683515363984,49580
1769683515406582,49490
1769683515449470,49750
1769683515492649,49570
1769683515537428,49680
1769683515580562,49470
1769683515623684,49610
1769683515666004,49660
1769683515708997,49760
1769683515752165,49660
1769683515794780,49610
1769683515837908,49610
1769683515880801,49650
1769683515923847,49600
1769683515966066,49680
1769683516009127,49720
1769683516052029,49820
1769683516097293,49600
1769683516140382,49590
1769683516183366,49520
1769683516226523,49450
1769683516269460,49630
1769683516312542,49700
1769683516355475,49660
1769683516397966,49740
1769683516441064,49560
1769683516483912,49540
1769683516527187,49570
1769683516570355,49590
1769683516616726,49500
1769683516659466,49590
1769683516702357,49390
1769683516744660,49400
1769683516787601,49580
1769683516830644,49710
1769683516873688,49590
1769683516916609,49620
1769683516959666,49660
1769683517002774,49670
1769683517045847,49630
1769683517088541,49640
1769683517131778,49460
1769683517176470,49780
1769683517219275,49480
1769683517262187,49730
1769683517305310,49680
1769683517348361,49630
1769683517391159,49750
1769683517434272,49640
1769683517477443,49700
1769683517520608,49680
1769683517563626,49630
1769683517606651,49630
1769683517649673,49590
1769683517696262,49630
1769683517739014,49620
1769683517781892,49710
1769683517824400,49680
1769683517867538,49710
1769683517910132,49630
1769683517953159,49670
1769683517996395,49550
1769683518039469,49720
1769683518082589,49650
1769683518125589,49600
1769683518168697,49610
1769683518211658,49660
1769683518255983,49620
1769683518299075,49570
1769683518341870,49550
1769683518384970,49510
1769683518427951,49500
1769683518471134,49640
1769683518514358,49610
1769683518557600,49460
1769683518600799,49550
1769683518643578,49670
1769683518686778,49650
1769683518729612,49680
1769683518775862,49570
1769683518818967,49670
1769683518862149,49550
1769683518905342,49680
1769683518947764,49550
1769683518990660,49600
1769683519033155,49680
1769683519075980,49750
1769683519119141,49640
1769683519162042,49710
1769683519205129,49780
1769683519248087,49460
1769683519291307,49680
1769683519335557,49600
1769683519377986,49710
1769683519421077,49540
1769683519464053,49760
1769683519507160,49680
1769683519549667,49590
1769683519592842,49720
1769683519635459,49580
1769683519678579,49580
1769683519721420,49650
1769683519764588,49660
1769683519807644,49640
1769683519850695,49710
1769683519895332,49500
1769683519938043,49470
1769683519981214,49650
1769683520024404,49540
1769683520067594,49570
1769683520110677,49640
1769683520153559,49470
1769683520196492,49580
1769683520239688,49530
1769683520282648,49560
1769683520325760,49610
1769683520368977,49480
1769683520415133,49530
1769683520458240,49500
1769683520501432,49590
1769683520544310,49610
1769683520587232,49680
1769683520630381,49720
1769683520673480,49660
1769683520716704,49590
1769683520759127,49520
1769683520802175,49640
1769683520844875,49590
1769683520887957,49680
1769683520930883,49690
1769683520974874,49710
1769683521017820,49480
1769683521060822,49650
1769683521103968,49620
1769683521146950,49520
1769683521189781,49600
1769683521232763,49750
1769683521275744,49610
