unix_timestamp,active_power (mW)
1770048500637203,43120
1770048500679834,43160
1770048500725343,43100
1770048500767950,43080
1770048500810656,43020
1770048500853263,43030
1770048500895643,43150
1770048500938839,43160
1770048500981291,43160
1770048501024243,43160
1770048501066712,43100
1770048501109188,43040
1770048501152139,43060
1770048501195345,43010
1770048501237923,43050
1770048501280194,43060
1770048501325568,43160
1770048501368757,43170
1770048501411902,43160
1770048501454559,43060
1770048501497297,42970
1770048501540265,42990
1770048501583282,43060
1770048501625658,43160
1770048501668565,43160
1770048501711404,43160
1770048501753935,43180
1770048501797223,43170
1770048501840212,43120
1770048501885835,43060
1770048501928890,43050
1770048501971785,43070
1770048502015676,43100
1770048502058268,43060
1770048502100947,43160
1770048502144001,43160
1770048502186962,43150
1770048502230167,43150
1770048502272714,43060
1770048502316002,42950
1770048502358580,43010
1770048502401261,43040
1770048502446029,43130
1770048502488874,43180
1770048502531741,43210
1770048502574652,43140
1770048502617471,43160
1770048502660362,43090
1770048502703280,43040
1770048502746061,43100
1770048502788665,43100
1770048502831532,43040
1770048502874259,43060
1770048502916443,43150
1770048502959388,43140
1770048503006258,43160
1770048503049048,43110
1770048503092001,43110
1770048503135043,43030
1770048503178134,43000
1770048503221191,43030
1770048503264106,43000
1770048503307240,43040
1770048503350392,43030
1770048503393443,43160
1770048503436605,43060
1770048503480308,43160
1770048503526410,43200
1770048503569355,43160
1770048503612434,43050
1770048503655762,43120
1770048503698460,43040
1770048503741169,42950
1770048503784261,42980
1770048503827287,43070
1770048503870033,43080
1770048503913257,43100
1770048503956356,43170
1770048503999350,43220
1770048504041922,43190
1770048504086601,43030
1770048504129426,42930
1770048504171985,42960
1770048504214467,42930
1770048504256994,43000
1770048504299907,43070
1770048504342813,43180
1770048504385180,43110
1770048504428182,43190
1770048504470948,43110
1770048504513894,43040
1770048504556658,43050
1770048504599447,43020
1770048504641769,43030
1770048504687071,43100
1770048504730090,43160
1770048504773223,43200
1770048504816300,43120
1770048504859183,43130
1770048504901905,43120
1770048504945121,43100
1770048504988314,43010
1770048505032279,43110
1770048505075296,43080
1770048505118028,43180
1770048505161078,43270
1770048505207112,43230
1770048505249638,43200
1770048505292895,43240
1770048505335669,43080
1770048505378202,43040
1770048505421178,43090
1770048505463609,43200
1770048505506185,43180
1770048505549384,43240
1770048505592000,43310
1770048505635174,43300
1770048505677970,43200
1770048505720551,43130
1770048505767457,43090
1770048505810561,43110
1770048505853601,43090
1770048505896741,43230
1770048505939945,43180
1770048505982796,43160
1770048506025707,43210
1770048506068715,43250
1770048506111747,43190
1770048506154537,43150
1770048506197168,43050
1770048506239526,43080
1770048506282599,43120
1770048506327745,43160
1770048506370441,43170
1770048506413338,43230
1770048506456358,43180
1770048506499511,43130
1770048506542193,43150
1770048506585665,43150
1770048506628675,43110
1770048506671716,43100
1770048506714904,43120
1770048506758039,43100
1770048506800958,43080
1770048506843424,43200
1770048506887902,43260
1770048506931063,43230
1770048506974220,43150
1770048507017280,43170
1770048507059976,43090
1770048507102598,43190
1770048507145314,43120
1770048507188364,43160
1770048507231614,43280
1770048507274313,43180
1770048507316567,43200
1770048507359744,43250
1770048507402768,43270
1770048507448176,43150
1770048507490906,43130
1770048507533811,43040
1770048507576790,43070
1770048507619839,43060
1770048507663086,43180
1770048507706178,43150
1770048507748836,43130
1770048507792055,43210
1770048507834886,43210
1770048507877867,43160
1770048507920998,43140
1770048507963916,43070
1770048508008347,43050
1770048508050869,43080
1770048508093343,43050
1770048508135752,43090
1770048508178961,43110
1770048508222080,43060
1770048508265114,43080
1770048508308300,43090
1770048508351461,43180
1770048508394626,43170
1770048508437274,43160
1770048508480357,43130
1770048508523249,43020
1770048508568433,42990
1770048508611512,42930
1770048508654309,43040
1770048508697378,43080
1770048508740167,43110
1770048508783369,43170
1770048508826147,43180
1770048508868835,43180
1770048508911723,43110
1770048508954470,43050
1770048508997038,43000
1770048509039946,43000
1770048509082591,42990
1770048509128674,43100
1770048509171335,43080
1770048509213933,43160
1770048509256493,43140
1770048509299326,43100
1770048509342176,43030
1770048509385170,43020
1770048509428361,42890
1770048509471301,42980
1770048509514059,42980
1770048509557215,43020
1770048509600387,43040
1770048509643371,43060
1770048509688914,43160
1770048509731654,43260
1770048509774571,43170
1770048509817363,43150
1770048509859669,43090
1770048509902761,42990
1770048509945740,43030
1770048509988584,42900
1770048510031750,42970
1770048510074599,42970
1770048510117221,43090
1770048510160107,43100
1770048510202904,43170
1770048510248934,43210
1770048510291963,43150
1770048510334688,42950
1770048510377308,42960
1770048510420466,42990
1770048510463346,43040
1770048510505966,43010
1770048510549047,43190
1770048510591520,43170
1770048510634548,43050
1770048510677353,43160
1770048510720371,43070
1770048510763814,43050
1770048510809323,42980
1770048510851620,42940
1770048510894552,42960
1770048510937234,43030
1770048510979881,42960
1770048511022843,43050
1770048511065708,43160
1770048511108264,43220
1770048511150804,43100
1770048511193283,43170
1770048511236257,43110
1770048511278665,43070
1770048511321096,43000
1770048511363983,42990
1770048511409521,42990
1770048511451833,43000
1770048511493996,43030
1770048511536482,43200
1770048511579483,43180
1770048511622384,43270
1770048511665237,43140
1770048511708195,43050
1770048511751186,43020
1770048511794171,42970
1770048511836721,42940
1770048511879491,42960
1770048511922172,43000
1770048511964924,43010
1770048512009684,43180
1770048512052934,43190
1770048512095896,43140
1770048512138609,43110
1770048512181479,43130
1770048512224221,42990
1770048512267292,42910
1770048512310419,42940
1770048512353422,43030
1770048512396601,42970
1770048512439480,43080
1770048512482209,43170
1770048512525187,43150
1770048512569949,43180
1770048512613078,43110
1770048512656215,43040
1770048512699171,42980
1770048512741760,42970
1770048512784310,42890
1770048512826753,43030
1770048512869246,43050
1770048512911968,43140
1770048512954754,43110
1770048512997066,43180
1770048513040029,43200
1770048513082437,43090
1770048513125436,43120
1770048513170166,42990
1770048513213095,43050
1770048513255985,43090
1770048513298685,43170
1770048513341696,43110
1770048513384474,43150
1770048513427110,43070
1770048513470054,42990
1770048513512749,43110
1770048513555249,43000
1770048513597777,43030
1770048513641049,42970
1770048513683696,43070
1770048513730489,43120
1770048513773605,43130
1770048513816874,43160
1770048513860015,43110
1770048513903004,43070
1770048513945495,43000
1770048513988634,42970
1770048514031492,43070
1770048514074618,43230
1770048514117255,43170
1770048514160179,43120
1770048514203360,43020
1770048514246274,43140
1770048514290844,43120
1770048514334224,43170
1770048514377255,43130
1770048514420346,43250
1770048514463355,43180
1770048514506604,43090
1770048514549253,43190
1770048514592354,43070
1770048514635467,43170
1770048514678163,43160
1770048514721198,43150
1770048514764114,43150
1770048514810934,43140
1770048514853795,43180
1770048514896498,43160
1770048514939315,43080
1770048514982093,43100
1770048515024534,43060
1770048515066926,42990
1770048515109303,43010
1770048515152201,43030
1770048515194584,43080
1770048515237791,43100
1770048515280450,43040
1770048515323642,43120
1770048515366787,43150
1770048515411074,43120
1770048515454342,43110
1770048515496779,43100
1770048515539169,43050
1770048515582093,42940
1770048515625052,42980
1770048515668266,42950
1770048515711573,43050
1770048515754380,43120
1770048515797563,43120
1770048515840479,43170
1770048515883362,43080
1770048515926254,43090
1770048515971337,42930
1770048516014466,42950
1770048516057319,42960
1770048516100176,43060
1770048516142795,43160
1770048516185559,43160
1770048516228112,43210
1770048516270724,43090
1770048516313213,43090
1770048516356472,43070
1770048516399599,42940
1770048516442637,43000
1770048516485729,43060
1770048516531628,43180
1770048516574797,43080
1770048516617815,43070
1770048516660839,43010
1770048516703516,43080
1770048516746547,43150
1770048516789699,43090
1770048516832945,43140
1770048516875893,43170
1770048516918649,43260
1770048516961851,43100
1770048517005047,43150
1770048517051920,43120
1770048517094485,43120
1770048517137195,43170
1770048517180481,43220
1770048517222916,43200
1770048517265932,43200
1770048517308858,43220
1770048517351949,43120
1770048517394787,43070
1770048517438036,43030
1770048517480909,43010
1770048517523917,42890
1770048517567047,42960
1770048517612137,42980
1770048517655129,43020
1770048517697758,43040
1770048517740964,43080
1770048517783913,43160
1770048517826726,43180
1770048517869283,43200
1770048517912034,43100
1770048517954992,43040
1770048517997985,42950
1770048518041172,42950
1770048518084355,42990
1770048518126994,42950
1770048518172309,43100
1770048518215260,43190
1770048518258255,43180
1770048518301512,43100
1770048518344579,43120
1770048518387594,43020
1770048518430566,42980
1770048518473650,42920
1770048518516274,43000
1770048518559416,42960
1770048518601831,43000
1770048518644983,43130
1770048518687848,43150
1770048518732577,43130
1770048518775386,43080
1770048518818149,42970
1770048518861047,42970
1770048518903866,42940
1770048518946759,42990
1770048518989757,43050
1770048519032695,43110
1770048519075393,43150
