unix_timestamp,active_power (mW)
1770054760312599,46470
1770054760355399,40820
1770054760398021,43100
1770054760440418,46580
1770054760483348,46520
1770054760526099,46500
1770054760571894,46400
1770054760614692,46450
1770054760657299,46480
1770054760700403,46460
1770054760743335,46480
1770054760786086,46470
1770054760829385,46400
1770054760872592,46450
1770054760915397,46450
1770054760958687,46430
1770054761001938,46400
1770054761045082,46410
1770054761091954,46430
1770054761135101,46400
1770054761177970,46410
1770054761221149,46460
1770054761264135,46490
1770054761307025,46400
1770054761349694,46490
1770054761392657,46430
1770054761435704,46470
1770054761478803,46420
1770054761521106,46390
1770054761564263,46420
1770054761607424,46450
1770054761651946,46440
1770054761694615,46440
1770054761737484,46440
1770054761780354,46430
1770054761823403,46430
1770054761866025,46460
1770054761909016,46440
1770054761951926,46380
1770054761994835,46460
1770054762037485,46440
1770054762080566,46390
1770054762122914,46520
1770054762165431,46440
1770054762211944,46460
1770054762255056,46450
1770054762297895,46500
1770054762341039,46490
1770054762384048,46500
1770054762426886,46440
1770054762469302,46400
1770054762512543,46470
1770054762555795,46370
1770054762598974,46410
1770054762641746,46460
1770054762684685,46420
1770054762727431,46380
1770054762771923,46480
1770054762815062,46470
1770054762857944,46420
1770054762901098,46480
1770054762944032,46420
1770054762986946,46510
1770054763029395,46470
1770054763072565,46470
1770054763115392,46410
1770054763158309,46460
1770054763201215,46420
1770054763244012,46430
1770054763286574,46430
1770054763331899,46420
1770054763374759,46430
1770054763417279,46430
1770054763460263,46430
1770054763502652,46430
1770054763545005,46390
1770054763587908,46360
1770054763630819,46390
1770054763673306,46430
1770054763716094,46350
1770054763758996,46480
1770054763801941,46390
1770054763844743,46440
1770054763887173,46400
1770054763931894,46460
1770054763974828,46390
1770054764017332,46440
1770054764060503,46430
1770054764103482,46410
1770054764146493,46450
1770054764189361,46490
1770054764232423,46500
1770054764275391,46450
1770054764318532,46460
1770054764361205,46490
1770054764404349,46410
1770054764447275,46540
1770054764492090,46620
1770054764534850,46510
1770054764577447,46530
1770054764620547,46530
1770054764663601,46520
1770054764706108,46430
1770054764749156,46480
1770054764792214,46510
1770054764835461,46460
1770054764877967,46410
1770054764921190,46470
1770054764963614,46430
1770054765005987,46350
1770054765052035,46440
1770054765095064,46430
1770054765137742,46370
1770054765180834,46430
1770054765223923,46370
1770054765266923,46300
1770054765309395,46450
1770054765352527,46410
1770054765395384,46390
1770054765438449,46470
1770054765481550,46380
1770054765524632,46360
1770054765567477,46420
1770054765611920,46450
1770054765654611,46480
1770054765697531,46470
1770054765740402,46480
1770054765782994,46430
1770054765826125,46400
1770054765868471,46420
1770054765910754,46430
1770054765953273,46430
1770054765996522,46480
1770054766039251,46480
1770054766082278,46490
1770054766125125,46490
1770054766171870,46490
1770054766215033,46490
1770054766257300,46470
1770054766300476,46620
1770054766343603,46470
1770054766386625,46530
1770054766429408,46500
1770054766472468,46480
1770054766515318,46470
1770054766557865,46460
1770054766600939,46480
1770054766643862,46560
1770054766686454,46370
1770054766731881,46410
1770054766774605,46400
1770054766817115,46340
1770054766860040,46330
1770054766902781,46270
1770054766945372,46330
1770054766988500,46360
1770054767031743,46370
1770054767074311,46380
1770054767117217,46400
1770054767160274,46380
1770054767203423,46390
1770054767246474,46500
1770054767291759,46480
1770054767334469,46410
1770054767377048,46490
1770054767419823,46470
1770054767462453,46460
1770054767505516,46450
1770054767548527,46420
1770054767591584,46400
1770054767634216,46380
1770054767677353,46280
1770054767720179,46370
1770054767763190,46260
1770054767806222,46270
1770054767851704,46310
1770054767894363,46380
1770054767937385,46350
1770054767980582,46380
1770054768023661,46320
1770054768066814,46270
1770054768109967,46350
1770054768153006,46370
1770054768196181,46430
1770054768238780,46380
1770054768281534,46400
1770054768323952,46410
1770054768366931,46360
1770054768411622,46340
1770054768454421,46290
1770054768496826,46290
1770054768540138,46370
1770054768582638,46340
1770054768625019,46380
1770054768667996,46380
1770054768711007,46340
1770054768753544,46420
1770054768795982,46430
1770054768838972,46380
1770054768881371,46360
1770054768924136,46390
1770054768966747,46380
1770054769011323,46290
1770054769054135,46410
1770054769097222,46440
1770054769140497,46520
1770054769183355,46450
1770054769226308,46430
1770054769269346,46490
1770054769312558,46470
1770054769355773,46430
1770054769398692,46380
1770054769441871,46330
1770054769485016,46420
1770054769531059,46470
1770054769573952,46430
1770054769616954,46510
1770054769659971,46540
1770054769703154,46500
1770054769746086,46540
1770054769789709,46440
1770054769832090,46420
1770054769874856,46430
1770054769917318,46330
1770054769959608,46460
1770054770002073,46330
1770054770044862,46370
1770054770091019,46310
1770054770133743,46320
1770054770176307,46440
1770054770218650,46450
1770054770261732,46450
1770054770304904,46410
1770054770347973,46430
1770054770390942,46440
1770054770433818,46380
1770054770476908,46420
1770054770519814,46360
1770054770562619,46370
1770054770605259,46390
1770054770650933,46450
1770054770693727,46430
1770054770736761,46530
1770054770779627,46520
1770054770822442,46410
1770054770865054,46320
1770054770907306,46380
1770054770949940,46350
1770054770992494,46450
1770054771035176,46560
1770054771078219,46550
1770054771121269,46460
1770054771164088,46510
1770054771210533,46330
1770054771253166,46390
1770054771296178,46440
1770054771339033,46540
1770054771381891,46550
1770054771425019,46520
1770054771468105,46550
1770054771511083,46510
1770054771553636,46560
1770054771596542,46500
1770054771639406,46410
1770054771682123,46430
1770054771725166,46480
1770054771770529,46410
1770054771813582,46360
1770054771856457,46310
1770054771899431,46430
1770054771942004,46430
1770054771985071,46480
1770054772028122,46460
1770054772071158,46420
1770054772113655,46490
1770054772156720,46540
1770054772199783,46460
1770054772242747,46380
1770054772285952,46410
1770054772330352,46390
1770054772372729,46330
1770054772415619,46310
1770054772458013,46340
1770054772500965,46300
1770054772544115,46360
1770054772586973,46480
1770054772629350,46460
1770054772672125,46480
1770054772715183,46450
1770054772757915,46420
1770054772801026,46360
1770054772843475,46390
1770054772889982,46450
1770054772933219,46450
1770054772976232,46560
1770054773019068,46440
1770054773061644,46450
1770054773104724,46340
1770054773147696,46420
1770054773190767,46480
1770054773233735,46510
1770054773276812,46550
1770054773319878,46480
1770054773362717,46480
1770054773409802,46490
1770054773452972,46440
1770054773495361,46410
1770054773537963,46510
1770054773581173,46450
1770054773624321,46450
1770054773666745,46430
1770054773709663,46400
1770054773752859,46370
1770054773795905,46450
1770054773839051,46430
1770054773881481,46520
1770054773924363,46450
1770054773969680,46430
1770054774012545,46440
1770054774055716,46390
1770054774098134,46480
1770054774141147,46420
1770054774184216,46340
1770054774227457,46330
1770054774270592,46380
1770054774313834,46460
1770054774356951,46540
1770054774399912,46460
1770054774442969,46520
1770054774485518,46380
1770054774529586,46400
1770054774572602,46440
1770054774615724,46490
1770054774658252,46490
1770054774701071,46540
1770054774744181,46470
1770054774787124,46500
1770054774829902,46460
1770054774873037,46460
1770054774915914,46460
1770054774958415,46450
1770054775001232,46560
1770054775044455,46510
1770054775089242,46510
1770054775131990,46510
1770054775174865,46460
1770054775217885,46530
1770054775260504,46510
1770054775303689,46400
1770054775346664,46330
1770054775389231,46320
1770054775431995,46350
1770054775475056,46310
1770054775517635,46310
1770054775560786,46360
1770054775603363,46430
1770054775649179,46350
1770054775692176,46330
1770054775735287,46360
1770054775778238,46330
1770054775821353,46380
1770054775864312,46370
1770054775907561,46350
1770054775950174,46430
1770054775993423,46550
1770054776036635,46550
1770054776079542,46320
1770054776122161,46320
1770054776168719,46440
1770054776211606,46490
1770054776254335,46490
1770054776297465,46500
1770054776340776,46480
1770054776383870,46400
1770054776426908,46460
1770054776469955,46410
1770054776512484,46360
1770054776554962,46350
1770054776597687,46460
1770054776640669,46440
1770054776683582,46470
1770054776728553,46550
1770054776771341,46480
1770054776814193,46400
1770054776856698,46420
1770054776899807,46390
1770054776942402,46360
1770054776984894,46430
1770054777027541,46390
1770054777069960,46360
1770054777112964,46350
1770054777156109,46440
1770054777199367,46390
1770054777242588,46450
1770054777288497,46320
1770054777331468,46260
1770054777374009,46390
1770054777416671,46400
1770054777459628,46500
1770054777502437,46560
1770054777545096,46570
1770054777587813,46510
1770054777630593,46550
1770054777673102,46490
1770054777715623,46400
1770054777758522,46310
1770054777800803,46310
1770054777843123,46350
1770054777888179,46310
1770054777931010,46320
1770054777973831,46410
1770054778016977,46420
1770054778060153,46420
1770054778102640,46470
1770054778145186,46350
1770054778188355,46330
