unix_timestamp,active_power (mW)
1774536563744001,41520
1774536563786646,34720
1774536563828877,42320
1774536563871831,43660
1774536563915027,43580
1774536563957576,43400
1774536564000518,43430
1774536564043796,43390
1774536564086191,43360
1774536564129400,43340
1774536564172507,43410
1774536564215455,43430
1774536564257980,43400
1774536564304114,43410
1774536564346873,43300
1774536564389833,43400
1774536564433036,43380
1774536564476264,43440
1774536564519459,43450
1774536564562522,43440
1774536564605540,43450
1774536564648671,43460
1774536564691677,43480
1774536564734807,43470
1774536564778038,43410
1774536564824229,43480
1774536564867454,43430
1774536564910258,43430
1774536564952759,43460
1774536564995742,43410
1774536565038982,43440
1774536565082080,43390
1774536565125190,43360
1774536565168128,43360
1774536565211202,43420
1774536565254304,43400
1774536565297482,43380
1774536565344276,43390
1774536565387384,43390
1774536565430018,43410
1774536565473188,43380
1774536565516330,43480
1774536565559270,43470
1774536565601850,43490
1774536565644871,43430
1774536565687924,43450
1774536565731106,43640
1774536565774332,43380
1774536565817561,43500
1774536565864477,43410
1774536565907640,43440
1774536565950841,43620
1774536565994010,43390
1774536566037194,43510
1774536566080200,43310
1774536566123396,43360
1774536566165909,43450
1774536566209021,43410
1774536566251876,43420
1774536566294640,43470
1774536566337730,43400
1774536566384460,43440
1774536566427270,43470
1774536566470307,43460
1774536566513452,43470
1774536566556626,43530
1774536566599584,43470
1774536566642692,43450
1774536566685875,43390
1774536566729145,43430
1774536566772307,43400
1774536566815277,43490
1774536566857692,43370
1774536566904547,43430
1774536566947745,43360
1774536566990604,43360
1774536567033652,43330
1774536567076744,43350
1774536567119569,43360
1774536567162239,43330
1774536567205254,43340
1774536567248179,43270
1774536567291002,43330
1774536567334109,43320
1774536567377291,43300
1774536567420316,43310
1774536567464657,43330
1774536567507665,43310
1774536567550634,43340
1774536567593635,43380
1774536567636728,43440
1774536567679737,43210
1774536567722371,43300
1774536567765453,43350
1774536567808641,43350
1774536567851606,43450
1774536567894632,43530
1774536567937661,43430
1774536567980715,43530
1774536568024931,43510
1774536568067914,43520
1774536568110855,43460
1774536568153889,43350
1774536568196964,43390
1774536568240152,43300
1774536568283135,43310
1774536568326631,43220
1774536568369535,43290
1774536568412588,43300
1774536568455444,43270
1774536568498322,43240
1774536568544981,43260
1774536568588571,43250
1774536568631525,43320
1774536568674558,43440
1774536568717527,43420
1774536568760608,43360
1774536568803181,43330
1774536568846462,44370
1774536568889415,43990
1774536568932603,43470
1774536568975503,43360
1774536569018316,43360
1774536569065177,43450
1774536569108301,43550
1774536569150943,43540
1774536569194116,43520
1774536569237177,43490
1774536569280173,43570
1774536569322844,43440
1774536569365640,43540
1774536569408567,43480
1774536569451678,43430
1774536569494299,43450
1774536569537492,43440
1774536569580481,43370
1774536569625426,43380
1774536569668611,43390
1774536569711472,43630
1774536569753923,43440
1774536569797119,43520
1774536569840122,43460
1774536569882918,43460
1774536569925589,43500
1774536569968573,43480
1774536570011101,43490
1774536570054242,43550
1774536570097171,43560
1774536570140258,43430
1774536570185393,43400
1774536570228639,43310
1774536570271776,43320
1774536570314793,43350
1774536570357069,43360
1774536570400121,43330
1774536570443351,43260
1774536570485813,43310
1774536570528971,43360
1774536570572113,43320
1774536570614808,43270
1774536570657586,43380
1774536570700514,43450
1774536570745533,43400
1774536570788752,43460
1774536570831919,43440
1774536570875098,43340
1774536570918146,43390
1774536570960859,43300
1774536571003824,43230
1774536571046914,43150
1774536571089839,43170
1774536571133117,43210
1774536571176287,43250
1774536571219562,43230
1774536571265707,43370
1774536571308852,43270
1774536571351655,43310
1774536571394661,43320
1774536571437795,43360
1774536571480962,43300
1774536571524018,43360
1774536571566883,43330
1774536571609688,43490
1774536571652756,43380
1774536571695675,43330
1774536571738651,43310
1774536571781815,43260
1774536571825780,43310
1774536571868483,43290
1774536571911553,43230
1774536571954591,43260
1774536571997667,43270
1774536572040741,43210
1774536572083590,43200
1774536572126575,43410
1774536572169684,43390
1774536572212669,43380
1774536572255746,43290
1774536572298804,43350
1774536572345862,43420
1774536572388970,43420
1774536572431932,43670
1774536572475062,43310
1774536572518017,43310
1774536572561202,43330
1774536572604191,43310
1774536572647410,43330
1774536572690554,43280
1774536572733539,43260
1774536572776686,43300
1774536572819827,43290
1774536572866087,43280
1774536572909153,43250
1774536572952113,43330
1774536572994733,43300
1774536573037781,43360
1774536573080364,43300
1774536573123470,43380
1774536573166473,43370
1774536573209513,43360
1774536573252567,43410
1774536573295757,43420
1774536573338900,43390
1774536573381904,43410
1774536573426222,43290
1774536573469293,43230
1774536573512452,43350
1774536573555095,43430
1774536573598262,43240
1774536573641503,43270
1774536573684610,43170
1774536573727478,43440
1774536573770492,43280
1774536573813004,43250
1774536573856148,43320
1774536573899298,43310
1774536573946269,43300
1774536573989348,43330
1774536574031971,43440
1774536574075072,43440
1774536574118333,43280
1774536574161559,44000
1774536574204413,43470
1774536574247602,43310
1774536574290520,43330
1774536574333425,43280
1774536574376515,43220
1774536574419504,43270
1774536574466450,43320
1774536574509536,43230
1774536574552365,43320
1774536574595214,43310
1774536574637726,43230
1774536574680273,43300
1774536574723095,43380
1774536574766129,43330
1774536574809248,43470
1774536574852135,43430
1774536574895185,43330
1774536574938265,43300
1774536574981461,43330
1774536575026484,43310
1774536575069502,43340
1774536575112443,43300
1774536575155332,43270
1774536575198398,43390
1774536575241560,43250
1774536575284540,43370
1774536575327519,43400
1774536575370550,43310
1774536575413700,43360
1774536575456668,43370
1774536575499719,43380
1774536575542327,43400
1774536575586545,43340
1774536575629655,43480
1774536575672690,43320
1774536575715461,43340
1774536575758349,43330
1774536575801413,43280
1774536575844506,43210
1774536575887730,43320
1774536575930569,43190
1774536575973445,43320
1774536576016621,43310
1774536576059183,43280
1774536576102443,43260
1774536576146793,43300
1774536576189904,43470
1774536576232868,43330
1774536576275861,43540
1774536576318919,43320
1774536576362100,43350
1774536576405123,43240
1774536576448184,43240
1774536576491124,43220
1774536576533580,43250
1774536576576478,43240
1774536576619697,43230
1774536576662204,43250
1774536576706942,43280
1774536576750063,43280
1774536576793026,43310
1774536576836049,43360
1774536576879090,43340
1774536576922283,43350
1774536576965552,43330
1774536577008643,43330
1774536577051219,43360
1774536577094205,43230
1774536577137308,43230
1774536577180277,43200
1774536577227147,43290
1774536577270274,43280
1774536577313334,43240
1774536577356391,43370
1774536577398801,43370
1774536577441968,43270
1774536577484919,43360
1774536577527955,43340
1774536577570700,43300
1774536577613609,43420
1774536577656806,43230
1774536577699684,43280
1774536577742933,43340
1774536577787278,43260
1774536577830366,43200
1774536577873278,43300
1774536577916340,43330
1774536577959110,43370
1774536578002163,43350
1774536578045172,43420
1774536578088367,43470
1774536578131306,43390
1774536578174402,43340
1774536578217031,43350
1774536578259993,43410
1774536578303068,43400
1774536578347511,43390
1774536578390602,43420
1774536578433951,43340
1774536578477092,43420
1774536578520364,43330
1774536578563520,43390
1774536578606105,43290
1774536578649290,43310
1774536578692367,43210
1774536578735371,43200
1774536578778410,43240
1774536578821418,43300
1774536578867700,43280
1774536578910797,43310
1774536578953962,43330
1774536578996925,43320
1774536579039465,43340
1774536579082614,43410
1774536579125636,43360
1774536579168738,43320
1774536579211737,43370
1774536579254890,43330
1774536579297838,43420
1774536579340980,43380
1774536579383824,43330
1774536579427892,43340
1774536579471018,43330
1774536579513978,43270
1774536579557189,43250
1774536579600297,43390
1774536579643136,43270
1774536579686141,43270
1774536579729335,43270
1774536579772548,43310
1774536579815594,43370
1774536579858705,43360
1774536579901731,43440
1774536579948136,43340
1774536579991343,43380
1774536580033802,43450
1774536580076904,43330
1774536580119895,43400
1774536580162432,43400
1774536580205518,43360
1774536580248323,43430
1774536580291367,43560
1774536580334425,43490
1774536580377583,43500
1774536580420574,43440
1774536580463829,43500
1774536580508446,43360
