unix_timestamp,active_power (mW)
1774530409431735,40550
1774530409474142,40880
1774530409516475,40570
1774530409559522,40750
1774530409602277,40460
1774530409645359,40680
1774530409688517,40710
1774530409731676,40540
1774530409774779,40510
1774530409819860,40530
1774530409863053,40550
1774530409905491,40630
1774530409948764,40530
1774530409991912,40560
1774530410034650,40520
1774530410077772,40590
1774530410120903,40510
1774530410163650,40550
1774530410206639,40570
1774530410249740,40600
1774530410292794,40580
1774530410335803,40520
1774530410379968,40550
1774530410422617,40470
1774530410465630,40470
1774530410508724,40480
1774530410551325,40530
1774530410594414,40470
1774530410637364,40500
1774530410680579,40450
1774530410723474,40440
1774530410766590,40380
1774530410809863,40490
1774530410853076,40500
1774530410899962,40430
1774530410942667,40420
1774530410985832,40530
1774530411028874,40530
1774530411071897,40440
1774530411114947,40450
1774530411157592,40510
1774530411200576,40440
1774530411243328,40430
1774530411285594,40530
1774530411328595,40450
1774530411371580,40550
1774530411414142,40410
1774530411459920,40450
1774530411502995,40440
1774530411545548,40630
1774530411588702,40490
1774530411631595,40420
1774530411674761,40610
1774530411717633,40400
1774530411760533,40570
1774530411803729,40510
1774530411846135,40410
1774530411889155,40370
1774530411932247,40420
1774530411975474,40480
1774530412019901,40480
1774530412062645,40450
1774530412105919,40440
1774530412149090,40560
1774530412192241,40510
1774530412235336,40540
1774530412277688,40610
1774530412320780,40590
1774530412363644,40530
1774530412406845,40550
1774530412449335,40540
1774530412492435,40570
1774530412535377,40460
1774530412579822,40450
1774530412622809,40430
1774530412665799,40440
1774530412708608,40420
1774530412751432,40480
1774530412794418,40380
1774530412837493,40420
1774530412880112,40450
1774530412922806,40520
1774530412965781,40410
1774530413008831,40460
1774530413051782,40540
1774530413094656,40530
1774530413139732,40390
1774530413182444,40430
1774530413225625,40510
1774530413268680,40540
1774530413311806,40520
1774530413354946,40480
1774530413398035,40570
1774530413441248,40480
1774530413484458,40540
1774530413527275,40660
1774530413569638,40530
1774530413612762,40540
1774530413659469,40750
1774530413702752,40660
1774530413745798,40630
1774530413788664,40580
1774530413831859,40500
1774530413874883,40520
1774530413917912,40500
1774530413960851,40490
1774530414003838,40450
1774530414046828,40490
1774530414089775,40460
1774530414132882,40470
1774530414179439,40450
1774530414221856,40520
1774530414264957,40470
1774530414307511,40500
1774530414350396,40510
1774530414393475,40560
1774530414436440,40550
1774530414479452,40560
1774530414521844,40600
1774530414565013,40520
1774530414608074,40610
1774530414651210,40580
1774530414694408,40580
1774530414739405,40490
1774530414781766,40510
1774530414824814,40590
1774530414867665,40430
1774530414910673,40460
1774530414953786,40410
1774530414996802,40560
1774530415039696,40530
1774530415082547,40580
1774530415125715,40650
1774530415168735,40540
1774530415211635,40580
1774530415254646,40560
1774530415299298,40600
1774530415342406,40470
1774530415385366,40500
1774530415428564,40540
1774530415471364,40620
1774530415514608,40530
1774530415557857,40470
1774530415600520,40530
1774530415643569,40500
1774530415686689,40490
1774530415729773,40550
1774530415772751,40570
1774530415819251,40630
1774530415862244,40570
1774530415905303,40580
1774530415948311,40630
1774530415991171,40600
1774530416034407,40570
1774530416077600,40500
1774530416120775,40560
1774530416163741,40610
1774530416206814,40470
1774530416249658,40510
1774530416292819,40560
1774530416339054,40590
1774530416382161,40530
1774530416425252,40560
1774530416468234,40560
1774530416511375,40450
1774530416553841,40440
1774530416596698,40500
1774530416639255,40480
1774530416682463,40500
1774530416725679,40510
1774530416768644,40510
1774530416811798,40580
1774530416854472,40570
1774530416898925,40540
1774530416942002,40620
1774530416985116,40600
1774530417028130,40590
1774530417071197,40540
1774530417114247,40490
1774530417157328,40370
1774530417200381,40440
1774530417242805,40490
1774530417285755,40480
1774530417328723,40540
1774530417371602,40520
1774530417414519,40580
1774530417458835,40580
1774530417501897,40560
1774530417544797,40640
1774530417587919,40610
1774530417630814,40590
1774530417674015,40770
1774530417717209,40540
1774530417760420,40600
1774530417803494,40590
1774530417846484,40720
1774530417889691,40480
1774530417932733,40420
1774530417978563,40410
1774530418021429,40470
1774530418064432,40410
1774530418107418,40500
1774530418150494,40540
1774530418193539,40540
1774530418236632,40660
1774530418279677,40540
1774530418322678,40560
1774530418365889,40620
1774530418408793,40520
1774530418451417,40570
1774530418498466,40520
1774530418541687,40540
1774530418584767,40590
1774530418627668,40580
1774530418670812,40620
1774530418713485,40510
1774530418756669,40550
1774530418799870,40610
1774530418842617,40460
1774530418885711,40480
1774530418928800,40460
1774530418971907,40470
1774530419018374,40560
1774530419061231,40440
1774530419104356,40650
1774530419147567,40550
1774530419190762,40590
1774530419233819,40530
1774530419276732,40580
1774530419319569,40600
1774530419362618,40620
1774530419405693,40610
1774530419448438,40610
1774530419491581,40550
1774530419538005,40520
1774530419580927,40410
1774530419623755,40450
1774530419666583,40420
1774530419709744,40490
1774530419752727,40650
1774530419795750,40480
1774530419838324,40580
1774530419881542,40750
1774530419924688,40670
1774530419967604,40580
1774530420010417,40540
1774530420053650,40610
1774530420098113,40630
1774530420141159,40610
1774530420184300,40560
1774530420227385,40590
1774530420269688,40560
1774530420312302,40530
1774530420355179,40530
1774530420398241,40570
1774530420441309,40540
1774530420484339,40490
1774530420527504,40520
1774530420570405,40460
1774530420613501,40450
1774530420657923,40480
1774530420701173,40500
1774530420744311,40510
1774530420787399,40540
1774530420830347,40510
1774530420873514,40440
1774530420916698,40500
1774530420959270,40460
1774530421002292,40480
1774530421045283,40540
1774530421088367,40490
1774530421131321,40600
1774530421173832,40540
1774530421217776,40550
1774530421260860,40520
1774530421303649,40540
1774530421346696,40530
1774530421389616,40560
1774530421432613,40630
1774530421475750,40640
1774530421518371,40690
1774530421561461,40630
1774530421604557,40430
1774530421647721,40440
1774530421690678,40560
1774530421737400,40470
1774530421780514,40420
1774530421823626,40520
1774530421866753,40450
1774530421909782,40630
1774530421952787,40590
1774530421995844,40600
1774530422038737,40550
1774530422081776,40630
1774530422124921,40560
1774530422167779,43720
1774530422210601,40760
1774530422257520,40610
1774530422300549,40580
1774530422343587,40590
1774530422386725,40610
1774530422429277,40480
1774530422472438,40450
1774530422515323,40490
1774530422558384,40570
1774530422601504,40550
1774530422644477,40540
1774530422687643,40570
1774530422730491,40520
1774530422777386,40620
1774530422820502,40530
1774530422863757,40480
1774530422906873,40500
1774530422949930,40510
1774530422993052,40460
1774530423036288,40520
1774530423079402,40510
1774530423121905,40520
1774530423164853,40460
1774530423207952,40480
1774530423251105,40500
1774530423297326,40540
1774530423340358,40580
1774530423383355,40580
1774530423426120,40610
1774530423469228,40540
1774530423511831,40630
1774530423554873,40620
1774530423598129,40650
1774530423641184,40620
1774530423684220,40540
1774530423727316,40610
1774530423769630,40490
1774530423812620,40560
1774530423857220,40480
1774530423900385,40590
1774530423943505,40630
1774530423986057,40530
1774530424029231,40650
1774530424072389,40570
1774530424115390,40510
1774530424158469,40520
1774530424201498,40460
1774530424244601,40570
1774530424287749,40540
1774530424330492,40450
1774530424377078,40470
1774530424420247,40510
1774530424463158,40560
1774530424505758,40490
1774530424548771,40590
1774530424591895,40580
1774530424634822,40510
1774530424678029,40610
1774530424721154,40550
1774530424764247,40570
1774530424807253,40520
1774530424850494,40600
1774530424897137,40580
1774530424940168,40460
1774530424983324,40480
1774530425026518,40520
1774530425069411,40530
1774530425112509,40500
1774530425155570,40580
1774530425198679,40510
1774530425241844,40500
1774530425284882,40540
1774530425327813,40550
1774530425370830,40530
1774530425417036,40510
1774530425460142,40480
1774530425503251,40420
1774530425545880,40630
1774530425588742,40410
1774530425631776,40510
1774530425674575,40670
1774530425717732,40490
1774530425760766,40560
1774530425803768,40560
1774530425846679,40590
1774530425889772,40640
1774530425936750,40570
1774530425979899,40580
1774530426022701,40640
1774530426065648,40490
1774530426108778,40450
1774530426151713,40570
1774530426194511,40570
1774530426237625,40590
1774530426280834,40530
1774530426323684,40520
1774530426366557,40490
1774530426409672,40580
1774530426456683,40550
1774530426499501,40570
1774530426542293,40580
1774530426584870,40620
1774530426628072,40570
1774530426671146,40590
1774530426713721,40580
1774530426756888,40570
1774530426799842,40560
1774530426842945,40590
1774530426885951,40570
1774530426928788,40640
1774530426971863,40520
1774530427016651,40410
1774530427059707,40490
1774530427102254,40410
1774530427145121,40440
1774530427188197,40450
1774530427231310,40430
1774530427274340,40500
1774530427317568,40590
1774530427360707,40540
1774530427403805,40630
1774530427446832,40570
1774530427489841,40570
1774530427536413,40620
1774530427579563,40570
1774530427622417,40460
1774530427665610,40490
1774530427708741,40540
1774530427751814,40590
1774530427794753,40640
1774530427837710,40490
1774530427880729,40500
1774530427923722,40450
