unix_timestamp,active_power (mW)
1774530076136893,40510
1774530076182773,41100
1774530076225649,40580
1774530076268541,40490
1774530076311518,40540
1774530076354632,40500
1774530076397797,40560
1774530076440784,40530
1774530076483986,40500
1774530076528412,40550
1774530076571592,40440
1774530076614245,40500
1774530076657461,40520
1774530076700545,40510
1774530076743453,40550
1774530076786526,40590
1774530076829363,40530
1774530076872404,40530
1774530076915146,40610
1774530076958152,40530
1774530077001053,40510
1774530077044283,40650
1774530077088952,40510
1774530077132227,40560
1774530077175641,40590
1774530077218262,40530
1774530077261153,40490
1774530077304163,40520
1774530077346677,40560
1774530077389680,40550
1774530077432701,40550
1774530077475840,40590
1774530077518499,40500
1774530077561523,40630
1774530077604569,40590
1774530077649678,40630
1774530077692926,40580
1774530077735892,40570
1774530077779088,40560
1774530077821557,40600
1774530077864522,40710
1774530077907660,40660
1774530077950326,40560
1774530077993141,40510
1774530078036252,40610
1774530078079473,40520
1774530078122562,40490
1774530078165640,40560
1774530078210372,40580
1774530078253552,40480
1774530078296665,40520
1774530078339614,40630
1774530078382485,40550
1774530078425542,40480
1774530078468826,40510
1774530078511893,40550
1774530078554563,40510
1774530078597593,40480
1774530078640658,40480
1774530078683594,40490
1774530078726241,40580
1774530078770873,40580
1774530078814058,40480
1774530078857043,40430
1774530078900005,40520
1774530078943078,40620
1774530078986064,40450
1774530079028944,40450
1774530079071952,40520
1774530079115030,40530
1774530079157360,40540
1774530079200611,40500
1774530079243655,40560
1774530079286327,40530
1774530079331489,40560
1774530079374680,40540
1774530079417632,40520
1774530079460227,40530
1774530079503220,40500
1774530079545599,40470
1774530079588487,40650
1774530079631398,40430
1774530079673633,40570
1774530079716598,40490
1774530079759392,40410
1774530079802445,40400
1774530079845660,40530
1774530079892137,40600
1774530079935264,40490
1774530079977690,40560
1774530080020826,40600
1774530080063774,40530
1774530080106913,40490
1774530080150045,40570
1774530080193084,40540
1774530080236162,40500
1774530080278990,40450
1774530080322054,40530
1774530080365183,40520
1774530080408044,40490
1774530080452799,40520
1774530080496150,40480
1774530080538859,40520
1774530080581794,40460
1774530080624844,40510
1774530080668008,40460
1774530080710961,40570
1774530080754044,40540
1774530080797052,40500
1774530080840086,40540
1774530080883000,40530
1774530080926202,40550
1774530080969394,40410
1774530081013439,40570
1774530081056600,40550
1774530081099496,40470
1774530081142526,40600
1774530081185768,40470
1774530081229056,40500
1774530081272299,40500
1774530081315486,40490
1774530081358438,40520
1774530081401336,40510
1774530081444461,40600
1774530081487537,40560
1774530081534089,40610
1774530081577291,40520
1774530081620539,40480
1774530081663622,40620
1774530081706669,40410
1774530081749547,40490
1774530081792628,40500
1774530081835467,40460
1774530081878587,40500
1774530081921638,40530
1774530081964265,40630
1774530082007065,40440
1774530082050300,40590
1774530082094722,40470
1774530082137862,40480
1774530082180972,40540
1774530082223704,40530
1774530082266280,40510
1774530082309291,40580
1774530082352270,40530
1774530082395428,40510
1774530082437888,40490
1774530082480915,40550
1774530082523871,40550
1774530082566712,40530
1774530082609834,40560
1774530082655290,40480
1774530082698235,40470
1774530082741300,40450
1774530082784375,40550
1774530082827557,40600
1774530082870571,40450
1774530082913803,40490
1774530082956985,40500
1774530082999887,40570
1774530083042895,40490
1774530083086117,40530
1774530083129322,40560
1774530083175898,40480
1774530083218814,40550
1774530083261722,40560
1774530083304859,40370
1774530083347498,40590
1774530083390543,40510
1774530083433849,40540
1774530083477013,40470
1774530083519882,40560
1774530083562918,40590
1774530083605818,40610
1774530083649031,40570
1774530083692062,40530
1774530083736708,40550
1774530083779623,40500
1774530083822593,40450
1774530083865367,40520
1774530083908294,40510
1774530083950819,40420
1774530083993903,40660
1774530084037068,40490
1774530084079950,40500
1774530084122881,40480
1774530084165594,40540
1774530084208566,40560
1774530084251440,40510
1774530084297430,40600
1774530084340441,40580
1774530084383508,40650
1774530084426459,40540
1774530084469485,40570
1774530084512563,40620
1774530084555107,40530
1774530084598005,40510
1774530084641156,40510
1774530084683907,40530
1774530084727057,40470
1774530084769978,40540
1774530084813054,40570
1774530084857942,40840
1774530084900993,40480
1774530084944095,40560
1774530084987210,40510
1774530085030181,40510
1774530085073156,40450
1774530085116389,40460
1774530085158970,40460
1774530085201910,40500
1774530085245152,40560
1774530085288337,40470
1774530085331529,40470
1774530085378594,40530
1774530085421644,40450
1774530085464589,40470
1774530085507613,40550
1774530085550247,40480
1774530085593397,40480
1774530085636550,40490
1774530085679519,40730
1774530085722440,40520
1774530085765098,40520
1774530085807553,40480
1774530085850559,40530
1774530085893639,40560
1774530085939288,40510
1774530085982509,40450
1774530086025619,40660
1774530086068593,40590
1774530086111550,40590
1774530086154637,40450
1774530086197706,40560
1774530086240600,40550
1774530086283461,40520
1774530086326351,40460
1774530086369370,40550
1774530086412468,40540
1774530086455583,40470
1774530086499977,40490
1774530086542725,40490
1774530086585618,40530
1774530086628133,40540
1774530086670980,40460
1774530086713916,40470
1774530086756917,40560
1774530086799926,40510
1774530086843058,40480
1774530086885547,40410
1774530086928593,40540
1774530086971479,40450
1774530087014148,40480
1774530087060695,40490
1774530087103823,40550
1774530087146446,40540
1774530087189551,40520
1774530087232582,40560
1774530087275579,40590
1774530087318764,40520
1774530087361763,40560
1774530087404954,40540
1774530087447438,40590
1774530087490518,40570
1774530087533636,40540
1774530087576918,40550
1774530087621385,40490
1774530087664454,40530
1774530087707477,40560
1774530087750420,40480
1774530087793484,40510
1774530087836474,40490
1774530087879625,40500
1774530087922642,40470
1774530087965695,40490
1774530088008874,40540
1774530088052124,40560
1774530088095256,40600
1774530088142031,40580
1774530088185180,40500
1774530088228141,40530
1774530088271313,40510
1774530088314455,40460
1774530088357530,40500
1774530088400550,40470
1774530088443635,40450
1774530088486381,40510
1774530088529507,40500
1774530088572393,40500
1774530088615373,40480
1774530088658446,40510
1774530088702699,40500
1774530088745889,40550
1774530088788821,40560
1774530088832074,40660
1774530088875157,40600
1774530088918290,40580
1774530088961507,40540
1774530089004480,40560
1774530089047456,40630
1774530089090608,40530
1774530089133642,40530
1774530089176489,40520
1774530089223497,40500
1774530089266652,40640
1774530089309848,40560
1774530089353039,40600
1774530089395937,44180
1774530089439016,40000
1774530089482148,40520
1774530089525379,40490
1774530089568423,40600
1774530089611184,40540
1774530089653743,40520
1774530089696734,40680
1774530089739894,40540
1774530089784059,40590
1774530089827259,40460
1774530089870461,40530
1774530089913496,40540
1774530089956529,40470
1774530089999514,40540
1774530090042789,40500
1774530090085841,40430
1774530090129067,40620
1774530090172303,40600
1774530090215267,40570
1774530090258468,40540
1774530090304761,40520
1774530090347881,40550
1774530090390850,40570
1774530090433935,40560
1774530090476947,40540
1774530090519965,40590
1774530090563196,40560
1774530090605807,40560
1774530090648916,40580
1774530090691949,40460
1774530090734973,40550
1774530090778194,40510
1774530090821252,40480
1774530090865506,40490
1774530090908671,40530
1774530090951600,40530
1774530090994500,40480
1774530091037492,40540
1774530091080536,40550
1774530091123647,40630
1774530091166666,40580
1774530091209602,40570
1774530091252663,40570
1774530091295732,40610
1774530091338546,40620
1774530091381643,40550
1774530091426232,40590
1774530091469407,40580
1774530091512537,40540
1774530091555563,40680
1774530091598046,40530
1774530091641120,40600
1774530091684268,41120
1774530091726891,40550
1774530091769813,40540
1774530091812809,40570
1774530091855952,40560
1774530091899185,40540
1774530091942282,40610
1774530091986887,40550
1774530092030087,40580
1774530092073365,40590
1774530092116446,40530
1774530092159494,40570
1774530092202494,41290
1774530092245637,40630
1774530092288598,40510
1774530092331545,40580
1774530092374433,40510
1774530092417429,40860
1774530092460566,40470
1774530092503140,40540
1774530092547565,40550
1774530092590410,40480
1774530092633668,40540
1774530092676648,40490
1774530092719857,40510
1774530092762723,40530
1774530092805726,40530
1774530092848627,40490
1774530092891508,40580
1774530092934567,40580
1774530092977712,40600
1774530093020643,40510
1774530093063814,40570
1774530093108322,40530
1774530093151433,40550
1774530093194047,40560
1774530093237229,40490
1774530093280196,40520
1774530093323369,40560
1774530093365725,40530
1774530093408899,40490
1774530093451887,40530
1774530093494619,40490
1774530093537692,40640
1774530093580269,40490
1774530093623134,40490
1774530093669022,40650
1774530093712094,40570
1774530093755147,40590
1774530093798351,40520
1774530093841493,40550
1774530093884461,40610
1774530093927737,40500
1774530093970857,40460
1774530094013257,40480
1774530094056494,40570
1774530094099492,40500
1774530094142626,40520
1774530094189582,40470
1774530094232045,40650
1774530094275111,40580
1774530094318282,40500
1774530094361355,40450
1774530094404436,40530
1774530094447332,40500
1774530094490308,40490
1774530094533266,40380
1774530094576410,41120
1774530094618938,41070
