* Multiboot begin: 0x10000 
* Multiboot end: 0x34b850 
[x86_64 PC] constructor 
[ Machine ] Initializing heap
[ Machine ] Main memory detected as 533413696 b
[ Machine ] Reserving 1048576 b for machine use 
================================================================================

                           #include<os> // Literally                            

================================================================================
     [ Kernel ] Stack: 0x1ffbb8
     [ Kernel ] Boot magic: 0x2badb002, addr: 0x10000
     [ x86_64 ] Initializing paging
                * Supported page sizes: 4.000_KiB, 2.000_MiB
                * Adding 512 1GiB entries @ 0x0 -> 0x8000000000
                * Identity mapping 0 -> 0, size 16.000_GiB, flags 0x83 (8192 pages á 2.000_MiB)
                * Marking page 0 as not present
                * Allowing execute on 0x201000 -> 0x2d8e70
                * Passing page tables to CPU
<Multiboot>Booted with multiboot
	* Boot flags: 0x1a67
	* Valid memory (523883 Kib):
	  0x00000000 - 0x0009abff (619 Kib)
	  0x00100000 - 0x1fffffff (523264 Kib)
	
	* Booted with parameters @ 0x10078: 
	* Multiboot provided memory map  (18 entries @ 0x10088)
	  0x0000000000 - 0x000009abff FREE (619 Kb.)
	  0x000009ac00 - 0x000009ffff RESERVED (21 Kb.)
	  0x00000e0000 - 0x00000fffff RESERVED (128 Kb.)
	  0x0000100000 - 0x001fffffff FREE (523264 Kb.)
	  0x0020000000 - 0x00201fffff RESERVED (2048 Kb.)
	  0x0020200000 - 0x003fffffff FREE (522240 Kb.)
	  0x0040000000 - 0x00401fffff RESERVED (2048 Kb.)
	  0x0040200000 - 0x00ca9f5fff FREE (2269144 Kb.)
	  0x00ca9f6000 - 0x00caa39fff RESERVED (272 Kb.)
	  0x00caa3a000 - 0x00cadb6fff FREE (3572 Kb.)
	  0x00cadb7000 - 0x00cade6fff RESERVED (192 Kb.)
	  0x00cade7000 - 0x00cafe6fff RESERVED (2048 Kb.)
	  0x00cafe7000 - 0x00caffefff FREE (96 Kb.)
	  0x00cafff000 - 0x00caffffff FREE (4 Kb.)
	  0x00cb800000 - 0x00cf9fffff RESERVED (67584 Kb.)
	  0x00fed1c000 - 0x00fed1ffff RESERVED (16 Kb.)
	  0x00ffc00000 - 0x00ffc1ffff RESERVED (128 Kb.)
	  0x0100000000 - 0x042dffffff FREE (13336576 Kb.)
	
     [ Kernel ] Total memory detected as 383.766_MiB 
                Assigning fixed memory ranges (Memory map)
                * ELF symbol table size 0, ignoring.
                * Assigning heap 0x34d000 -> 0x17fc3fff
     [ Kernel ] Virtual memory map
                0x0000001000 - 0x0000007fff,  28.000_KiB (100.0 %) Page tables              
                0x0000010000 - 0x000009abff, 555.000_KiB (100.0 %) Stack                    
                0x000009ac00 - 0x000009ffff,  21.000_KiB (100.0 %) Reserved (Multiboot)     
                0x00000e0000 - 0x00000fffff, 128.000_KiB (100.0 %) Reserved (Multiboot)     
                0x0000201000 - 0x00002d8fff, 864.000_KiB (100.0 %) ELF .text                
                0x000034d000 - 0x0017fc3fff, 380.465_MiB (0.126 %) Dynamic memory           
                0x0020000000 - 0x00201fffff,   2.000_MiB (100.0 %) Reserved (Multiboot)     
                0x0040000000 - 0x00401fffff,   2.000_MiB (100.0 %) Reserved (Multiboot)     
                0x00ca9f6000 - 0x00caa39fff, 272.000_KiB (100.0 %) Reserved (Multiboot)     
                0x00cadb7000 - 0x00cade6fff, 192.000_KiB (100.0 %) Reserved (Multiboot)     
                0x00cade7000 - 0x00cafe6fff,   2.000_MiB (100.0 %) Reserved (Multiboot)     
                0x00cb800000 - 0x00cf9fffff,  66.000_MiB (100.0 %) Reserved (Multiboot)     
                0x00fed1c000 - 0x00fed1ffff,  16.000_KiB (100.0 %) Reserved (Multiboot)     
                0x00ffc00000 - 0x00ffc1ffff, 128.000_KiB (100.0 %) Reserved (Multiboot)     
       [ ACPI ] Reading headers
                OEM: DELL   Rev. 2
       [ ACPI ] Reading APIC information
                LAPIC base: 0xfee00000  (flags: 0x1)
                I/O APIC 2   ADDR 0xfec00000  INTR 0x0
                IRQ redirect for bus 0 from IRQ 0 to VEC 2
                IRQ redirect for bus 0 from IRQ 9 to VEC 9
        [ SMP ] Found 16 APs
     [ SMBIOS ] Version 2.6
        [ x86 ] Setting up GDT, TLS, IST
        [ x86 ] Initializing CPU 0
   [ I/O APIC ] Initializing ID=2
                Addr: 0xfec00000  Version: 0x20  Intr: 0  Entries: 24
     [ x2APIC ] Enabling x2APIC @ 0xfee00900
                APIC id: 0  ver: 1060015
        [ x86 ] Enabling interrupts
        [ x86 ] Setting up kernel clock sources
       [ CMOS ] Enabling regular clock sync for CMOS clock
        [ x86 ] CMOS clock initialized
       [ CMOS ] Estimating CPU-frequency
                |
                +--(18 samples, 0.000100 sec. interval)
                |
                Enabled redirected entry 2 ioapic 0 -> 0 on apic 0
                +--> 3093.094105 MHz
       [ APIC ] Measuring APIC timer...
                Initializing drivers
[ PCI Manager ] Probing PCI bus
                |
                +--[ Bridge device, Intel (0x0100) ]
                +--[ Display controller, Intel (0x0102) ]
                +--[ Simple comm. controller , Intel (0x1c3a) ]
                +--[ Network controller, Intel (0x1502) ]
                +--[ Serial bus controller, Intel (0x1c2d) ]
                +--[ Multimedia device, Intel (0x1c20) ]
                +--[ Bridge device, Intel (0x1c10) ]
                |
                o
                +--[ Bridge device, Intel (0x1c14) ]
                |
                o
                +--[ Serial bus controller, Intel (0x1c26) ]
                +--[ Bridge device, Intel (0x244e) ]
                |
                o
                +--[ Bridge device, Intel (0x1c4c) ]
                +--[ Storage controller, Intel (0x1c02) ]
                +--[ Serial bus controller, Intel (0x1c22) ]
                o
                |- Initializing Storage controller
                |--[ Storage controller, Intel (0x8086:0x1c02) ]
                |  +-x Driver not found 
                o
                |- Initializing Network controller
                |--[ Network controller, Intel, Ethernet (0x8086:0x1502) ]
                |  +-x Driver not found 
                o
    [ Machine ] Listing registered devices
                |
                o
  [ SystemLog ] Initializing System Log
                Created @ 0x1fffffff0000 (63 kB)
                Data @ 0x1fffffff0028 (65496 bytes)
     [ Kernel ] Initializing RNG
     [ Kernel ] Initializing plugins
     [ Kernel ] Running service constructors
--------------------------------------------------------------------------------
================================================================================
 IncludeOS VERY_DIRTY (x86_64 / 64-bit)
 +--> Running [ Hello world - OS included ]
~~~~~~~~~~~~~~~~~~~~~~~~~~~~~~~~~~~~~~~~~~~~~~~~~~~~~~~~~~~~~~~~~~~~~~~~~~~~~~~~
 +--> WARNING: No good random source found: RDRAND/RDSEED instructions not available.
 +-->        To make this warning fatal, re-compile with FOR_PRODUCTION=ON.
~~~~~~~~~~~~~~~~~~~~~~~~~~~~~~~~~~~~~~~~~~~~~~~~~~~~~~~~~~~~~~~~~~~~~~~~~~~~~~~~
benchmark,cpu_cycles,cycles_start,cycles_end,time_ns,time_ms,cooldown_ms,temp_before,temp_after,pkg_temp_before,pkg_temp_after,pkg_joules,pkg_mJ,dram_joules,dram_mJ,total_joules,total_mJ
crc32,57160364376,146109683722,203270048098,18479995904.000,18479.995904,0.000,36.00,39.00,36.00,39.00,260.138336,260138.336,0.000000,0.000,260.138336,260138.336
crc32,57160462452,203398627322,260559089774,18480027392.000,18480.027392,0.000,36.00,38.00,36.00,38.00,260.276489,260276.489,0.000000,0.000,260.276489,260276.489
crc32,57160377380,260687777370,317848154750,18480000000.000,18480.000000,0.000,37.00,39.00,37.00,39.00,260.292419,260292.419,0.000000,0.000,260.292419,260292.419
crc32,57160375704,317976927686,375137303390,18479999744.000,18479.999744,0.000,37.00,38.00,37.00,38.00,260.222198,260222.198,0.000000,0.000,260.222198,260222.198
crc32,57160365516,375266149514,432426515030,18479996160.000,18479.996160,0.000,37.00,39.00,37.00,39.00,260.422698,260422.698,0.000000,0.000,260.422698,260422.698
crc32,57160336900,432555435706,489715772606,18479986944.000,18479.986944,0.000,37.00,40.00,37.00,40.00,260.795532,260795.532,0.000000,0.000,260.795532,260795.532
crc32,57160371504,489844705618,547005077122,18479997952.000,18479.997952,0.000,38.00,39.00,38.00,39.00,261.116714,261116.714,0.000000,0.000,261.116714,261116.714
crc32,57160396164,547134119318,604294515482,18480005888.000,18480.005888,0.000,38.00,39.00,38.00,39.00,261.436325,261436.325,0.000000,0.000,261.436325,261436.325
crc32,57160457548,604423612526,661584070074,18480025856.000,18480.025856,0.000,38.00,40.00,38.00,40.00,261.443786,261443.786,0.000000,0.000,261.443786,261443.786
crc32,57160370576,661713245914,718873616490,18479997696.000,18479.997696,0.000,38.00,40.00,39.00,40.00,261.455184,261455.184,0.000000,0.000,261.455184,261455.184
crc32,57160985900,719002785306,776163771206,18480196864.000,18480.196864,0.000,38.00,40.00,38.00,40.00,261.939620,261939.620,0.000000,0.000,261.939620,261939.620
crc32,57160374652,776293003590,833453378242,18479998976.000,18479.998976,0.000,40.00,40.00,40.00,40.00,262.161682,262161.682,0.000000,0.000,262.161682,262161.682
crc32,57160409216,833582679378,890743088594,18480010240.000,18480.010240,0.000,40.00,40.00,40.00,40.00,262.085372,262085.372,0.000000,0.000,262.085372,262085.372
crc32,57160367764,890872460142,948032827906,18479996928.000,18479.996928,0.000,39.00,41.00,39.00,41.00,262.164184,262164.184,0.000000,0.000,262.164184,262164.184
crc32,57160371872,948162242066,1005322613938,18479998208.000,18479.998208,0.000,40.00,40.00,40.00,40.00,262.317199,262317.199,0.000000,0.000,262.317199,262317.199
crc32,57160400248,1005452850018,1062613250266,18480007424.000,18480.007424,0.000,39.00,40.00,39.00,40.00,262.232696,262232.696,0.000000,0.000,262.232696,262232.696
crc32,57160375416,1062744303094,1119904678510,18479999488.000,18479.999488,0.000,40.00,41.00,40.00,41.00,262.379348,262379.348,0.000000,0.000,262.379348,262379.348
crc32,57160310052,1120035838958,1177196149010,18479978240.000,18479.978240,0.000,40.00,41.00,40.00,41.00,262.554824,262554.824,0.000000,0.000,262.554824,262554.824
crc32,57160373804,1177327306566,1234487680370,18479998976.000,18479.998976,0.000,40.00,41.00,40.00,41.00,262.620788,262620.788,0.000000,0.000,262.620788,262620.788
crc32,57160466880,1234618888646,1291779355526,18480028928.000,18480.028928,0.000,40.00,40.00,40.00,40.00,262.611114,262611.114,0.000000,0.000,262.611114,262611.114
crc32,57160408492,1291910565774,1349070974266,18480010240.000,18480.010240,0.000,40.00,41.00,40.00,41.00,262.684860,262684.860,0.000000,0.000,262.684860,262684.860
crc32,57160409236,1349202232850,1406362642086,18480010240.000,18480.010240,0.000,40.00,42.00,40.00,42.00,263.113555,263113.555,0.000000,0.000,263.113555,263113.555
crc32,57160369348,1406493901462,1463654270810,18479997440.000,18479.997440,0.000,41.00,41.00,41.00,41.00,263.106918,263106.918,0.000000,0.000,263.106918,263106.918
crc32,57160347132,1463785576326,1520945923458,18479990272.000,18479.990272,0.000,40.00,41.00,40.00,41.00,262.958374,262958.374,0.000000,0.000,262.958374,262958.374
crc32,57160360368,1521077246006,1578237606374,18479994368.000,18479.994368,0.000,40.00,41.00,40.00,41.00,262.935516,262935.516,0.000000,0.000,262.935516,262935.516
crc32,57160398096,1578368968418,1635529366514,18480006912.000,18480.006912,0.000,41.00,42.00,41.00,42.00,263.270233,263270.233,0.000000,0.000,263.270233,263270.233
crc32,57160384364,1635660756690,1692821141054,18480002560.000,18480.002560,0.000,40.00,41.00,40.00,41.00,263.342681,263342.681,0.000000,0.000,263.342681,263342.681
crc32,57160397188,1692952518722,1750112915910,18480006400.000,18480.006400,0.000,40.00,41.00,40.00,41.00,263.352416,263352.416,0.000000,0.000,263.352416,263352.416
crc32,57160382348,1750244293506,1807404675854,18480001792.000,18480.001792,0.000,40.00,42.00,40.00,42.00,263.257888,263257.888,0.000000,0.000,263.257888,263257.888
crc32,57160375164,1807536054422,1864696429586,18479999232.000,18479.999232,0.000,40.00,41.00,41.00,41.00,263.367660,263367.660,0.000000,0.000,263.367660,263367.660
crc32,57160397704,1864827867230,1921988264934,18480006656.000,18480.006656,0.000,41.00,41.00,41.00,41.00,263.305236,263305.236,0.000000,0.000,263.305236,263305.236
crc32,57160394548,1922119709338,1979280103886,18480005632.000,18480.005632,0.000,40.00,42.00,41.00,42.00,263.635345,263635.345,0.000000,0.000,263.635345,263635.345
crc32,57160404312,1979411556566,2036571960878,18480008960.000,18480.008960,0.000,40.00,42.00,40.00,42.00,263.669174,263669.174,0.000000,0.000,263.669174,263669.174
crc32,57160354972,2036703401778,2093863756750,18479992832.000,18479.992832,0.000,41.00,42.00,41.00,42.00,263.830596,263830.596,0.000000,0.000,263.830596,263830.596
crc32,57160408980,2093995257338,2151155666318,18480010240.000,18480.010240,0.000,40.00,42.00,40.00,42.00,263.892791,263892.791,0.000000,0.000,263.892791,263892.791
crc32,57160401592,2151287171990,2208447573582,18480007936.000,18480.007936,0.000,41.00,43.00,41.00,43.00,264.044921,264044.921,0.000000,0.000,264.044921,264044.921
crc32,57160369420,2208579089526,2265739458946,18479997696.000,18479.997696,0.000,41.00,42.00,41.00,42.00,263.945617,263945.617,0.000000,0.000,263.945617,263945.617
crc32,57160425620,2265870985118,2323031410738,18480015360.000,18480.015360,0.000,40.00,43.00,40.00,43.00,263.890014,263890.014,0.000000,0.000,263.890014,263890.014
crc32,57160304012,2323162916810,2380323220822,18479976448.000,18479.976448,0.000,41.00,42.00,41.00,42.00,264.104629,264104.629,0.000000,0.000,264.104629,264104.629
crc32,57160381188,2380454766038,2437615147226,18480001536.000,18480.001536,0.000,40.00,43.00,41.00,43.00,264.144927,264144.927,0.000000,0.000,264.144927,264144.927
crc32,57160336564,2437746704558,2494907041122,18479986944.000,18479.986944,0.000,41.00,43.00,41.00,43.00,264.211135,264211.135,0.000000,0.000,264.211135,264211.135
crc32,57160437176,2495038605318,2552199042494,18480019200.000,18480.019200,0.000,41.00,43.00,41.00,43.00,264.285491,264285.491,0.000000,0.000,264.285491,264285.491
crc32,57160470664,2552330613046,2609491083710,18480030208.000,18480.030208,0.000,41.00,42.00,41.00,42.00,264.206817,264206.817,0.000000,0.000,264.206817,264206.817
crc32,57160413548,2609622703858,2666783117406,18480011520.000,18480.011520,0.000,41.00,43.00,41.00,43.00,264.132369,264132.369,0.000000,0.000,264.132369,264132.369
crc32,57161012056,2666914757806,2724075769862,18480205312.000,18480.205312,0.000,41.00,43.00,41.00,43.00,264.269805,264269.805,0.000000,0.000,264.269805,264269.805
crc32,57160395292,2724207377682,2781367772974,18480005632.000,18480.005632,0.000,42.00,43.00,42.00,43.00,264.378326,264378.326,0.000000,0.000,264.378326,264378.326
crc32,57160282636,2781499372214,2838659654850,18479969536.000,18479.969536,0.000,42.00,42.00,42.00,42.00,264.467788,264467.788,0.000000,0.000,264.467788,264467.788
crc32,57160401960,2838791281918,2895951683878,18480007936.000,18480.007936,0.000,42.00,43.00,42.00,43.00,264.550201,264550.201,0.000000,0.000,264.550201,264550.201
crc32,57160424848,2896083331258,2953243756106,18480015616.000,18480.015616,0.000,41.00,43.00,41.00,43.00,264.501083,264501.083,0.000000,0.000,264.501083,264501.083
crc32,57160410164,2953375412850,3010535823014,18480010496.000,18480.010496,0.000,42.00,43.00,42.00,43.00,264.740570,264740.570,0.000000,0.000,264.740570,264740.570
cubic,46021116556,3010667502186,3056688618742,14878667520.000,14878.667520,0.000,42.00,44.00,42.00,44.00,226.702682,226702.682,0.000000,0.000,226.702682,226702.682
cubic,46020450596,3056820291454,3102840742050,14878451968.000,14878.451968,0.000,43.00,44.00,43.00,44.00,226.770004,226770.004,0.000000,0.000,226.770004,226770.004
  * Multiboot begin: 0x10000 
* Multiboot end: 0x34b850 
[x86_64 PC] constructor 
[ Machine ] Initializing heap
[ Machine ] Main memory detected as 533413696 b
[ Machine ] Reserving 1048576 b for machine use 
================================================================================

                           #include<os> // Literally                            

================================================================================
     [ Kernel ] Stack: 0x1ffbb8
     [ Kernel ] Boot magic: 0x2badb002, addr: 0x10000
     [ x86_64 ] Initializing paging
                * Supported page sizes: 4.000_KiB, 2.000_MiB
                * Adding 512 1GiB entries @ 0x0 -> 0x8000000000
                * Identity mapping 0 -> 0, size 16.000_GiB, flags 0x83 (8192 pages á 2.000_MiB)
                * Marking page 0 as not present
                * Allowing execute on 0x201000 -> 0x2d8ee0
                * Passing page tables to CPU
<Multiboot>Booted with multiboot
	* Boot flags: 0x1a67
	* Valid memory (523883 Kib):
	  0x00000000 - 0x0009abff (619 Kib)
	  0x00100000 - 0x1fffffff (523264 Kib)
	
	* Booted with parameters @ 0x10078: 
	* Multiboot provided memory map  (18 entries @ 0x10088)
	  0x0000000000 - 0x000009abff FREE (619 Kb.)
	  0x000009ac00 - 0x000009ffff RESERVED (21 Kb.)
	  0x00000e0000 - 0x00000fffff RESERVED (128 Kb.)
	  0x0000100000 - 0x001fffffff FREE (523264 Kb.)
	  0x0020000000 - 0x00201fffff RESERVED (2048 Kb.)
	  0x0020200000 - 0x003fffffff FREE (522240 Kb.)
	  0x0040000000 - 0x00401fffff RESERVED (2048 Kb.)
	  0x0040200000 - 0x00ca9f5fff FREE (2269144 Kb.)
	  0x00ca9f6000 - 0x00caa39fff RESERVED (272 Kb.)
	  0x00caa3a000 - 0x00cadb6fff FREE (3572 Kb.)
	  0x00cadb7000 - 0x00cade6fff RESERVED (192 Kb.)
	  0x00cade7000 - 0x00cafe6fff RESERVED (2048 Kb.)
	  0x00cafe7000 - 0x00caffefff FREE (96 Kb.)
	  0x00cafff000 - 0x00caffffff FREE (4 Kb.)
	  0x00cb800000 - 0x00cf9fffff RESERVED (67584 Kb.)
	  0x00fed1c000 - 0x00fed1ffff RESERVED (16 Kb.)
	  0x00ffc00000 - 0x00ffc1ffff RESERVED (128 Kb.)
	  0x0100000000 - 0x042dffffff FREE (13336576 Kb.)
	
     [ Kernel ] Total memory detected as 383.766_MiB 
                Assigning fixed memory ranges (Memory map)
                * ELF symbol table size 0, ignoring.
                * Assigning heap 0x34d000 -> 0x17fc3fff
     [ Kernel ] Virtual memory map
                0x0000001000 - 0x0000007fff,  28.000_KiB (100.0 %) Page tables              
                0x0000010000 - 0x000009abff, 555.000_KiB (100.0 %) Stack                    
                0x000009ac00 - 0x000009ffff,  21.000_KiB (100.0 %) Reserved (Multiboot)     
                0x00000e0000 - 0x00000fffff, 128.000_KiB (100.0 %) Reserved (Multiboot)     
                0x0000201000 - 0x00002d8fff, 864.000_KiB (100.0 %) ELF .text                
                0x000034d000 - 0x0017fc3fff, 380.465_MiB (0.126 %) Dynamic memory           
                0x0020000000 - 0x00201fffff,   2.000_MiB (100.0 %) Reserved (Multiboot)     
                0x0040000000 - 0x00401fffff,   2.000_MiB (100.0 %) Reserved (Multiboot)     
                0x00ca9f6000 - 0x00caa39fff, 272.000_KiB (100.0 %) Reserved (Multiboot)     
                0x00cadb7000 - 0x00cade6fff, 192.000_KiB (100.0 %) Reserved (Multiboot)     
                0x00cade7000 - 0x00cafe6fff,   2.000_MiB (100.0 %) Reserved (Multiboot)     
                0x00cb800000 - 0x00cf9fffff,  66.000_MiB (100.0 %) Reserved (Multiboot)     
                0x00fed1c000 - 0x00fed1ffff,  16.000_KiB (100.0 %) Reserved (Multiboot)     
                0x00ffc00000 - 0x00ffc1ffff, 128.000_KiB (100.0 %) Reserved (Multiboot)     
       [ ACPI ] Reading headers
                OEM: DELL   Rev. 2
       [ ACPI ] Reading APIC information
                LAPIC base: 0xfee00000  (flags: 0x1)
                I/O APIC 2   ADDR 0xfec00000  INTR 0x0
                IRQ redirect for bus 0 from IRQ 0 to VEC 2
                IRQ redirect for bus 0 from IRQ 9 to VEC 9
        [ SMP ] Found 16 APs
     [ SMBIOS ] Version 2.6
        [ x86 ] Setting up GDT, TLS, IST
        [ x86 ] Initializing CPU 0
   [ I/O APIC ] Initializing ID=2
                Addr: 0xfec00000  Version: 0x20  Intr: 0  Entries: 24
     [ x2APIC ] Enabling x2APIC @ 0xfee00900
                APIC id: 0  ver: 1060015
        [ x86 ] Enabling interrupts
        [ x86 ] Setting up kernel clock sources
       [ CMOS ] Enabling regular clock sync for CMOS clock
        [ x86 ] CMOS clock initialized
       [ CMOS ] Estimating CPU-frequency
                |
                +--(18 samples, 0.000100 sec. interval)
                |
                Enabled redirected entry 2 ioapic 0 -> 0 on apic 0
                +--> 3092.870890 MHz
       [ APIC ] Measuring APIC timer...
                Initializing drivers
[ PCI Manager ] Probing PCI bus
                |
                +--[ Bridge device, Intel (0x0100) ]
                +--[ Display controller, Intel (0x0102) ]
                +--[ Simple comm. controller , Intel (0x1c3a) ]
                +--[ Network controller, Intel (0x1502) ]
                +--[ Serial bus controller, Intel (0x1c2d) ]
                +--[ Multimedia device, Intel (0x1c20) ]
                +--[ Bridge device, Intel (0x1c10) ]
                |
                o
                +--[ Bridge device, Intel (0x1c14) ]
                |
                o
                +--[ Serial bus controller, Intel (0x1c26) ]
                +--[ Bridge device, Intel (0x244e) ]
                |
                o
                +--[ Bridge device, Intel (0x1c4c) ]
                +--[ Storage controller, Intel (0x1c02) ]
                +--[ Serial bus controller, Intel (0x1c22) ]
                o
                |- Initializing Storage controller
                |--[ Storage controller, Intel (0x8086:0x1c02) ]
                |  +-x Driver not found 
                o
                |- Initializing Network controller
                |--[ Network controller, Intel, Ethernet (0x8086:0x1502) ]
                |  +-x Driver not found 
                o
    [ Machine ] Listing registered devices
                |
                o
  [ SystemLog ] Initializing System Log
                Created @ 0x1fffffff0000 (63 kB)
                Data @ 0x1fffffff0028 (65496 bytes)
     [ Kernel ] Initializing RNG
     [ Kernel ] Initializing plugins
     [ Kernel ] Running service constructors
--------------------------------------------------------------------------------
================================================================================
 IncludeOS VERY_DIRTY (x86_64 / 64-bit)
 +--> Running [ Hello world - OS included ]
~~~~~~~~~~~~~~~~~~~~~~~~~~~~~~~~~~~~~~~~~~~~~~~~~~~~~~~~~~~~~~~~~~~~~~~~~~~~~~~~
 +--> WARNING: No good random source found: RDRAND/RDSEED instructions not available.
 +-->        To make this warning fatal, re-compile with FOR_PRODUCTION=ON.
~~~~~~~~~~~~~~~~~~~~~~~~~~~~~~~~~~~~~~~~~~~~~~~~~~~~~~~~~~~~~~~~~~~~~~~~~~~~~~~~
benchmark,cpu_cycles,cycles_start,cycles_end,time_ns,time_ms,cooldown_ms,temp_before,temp_after,pkg_temp_before,pkg_temp_after,pkg_joules,pkg_mJ,dram_joules,dram_mJ,total_joules,total_mJ
crc32,57160411972,81788149313,138948561285,18481345280.000,18481.345280,0.000,41.00,43.00,41.00,43.00,264.136016,264136.016,0.000000,0.000,264.136016,264136.016
crc32,57161037132,139077160329,196238197461,18481547008.000,18481.547008,0.000,41.00,42.00,41.00,42.00,263.940811,263940.811,0.000000,0.000,263.940811,263940.811
crc32,57160347684,196367622769,253527970453,18481324032.000,18481.324032,0.000,40.00,43.00,40.00,43.00,263.922073,263922.073,0.000000,0.000,263.922073,263922.073
crc32,57160402512,253657460061,310817862573,18481341952.000,18481.341952,0.000,41.00,43.00,41.00,43.00,264.193283,264193.283,0.000000,0.000,264.193283,264193.283
crc32,57160369540,310947380485,368107750025,18481331200.000,18481.331200,0.000,42.00,42.00,42.00,42.00,264.073547,264073.547,0.000000,0.000,264.073547,264073.547
crc32,57160424672,368237319557,425397744229,18481348864.000,18481.348864,0.000,41.00,42.00,41.00,42.00,264.127197,264127.197,0.000000,0.000,264.127197,264127.197
crc32,57160414980,425527356341,482687771321,18481345792.000,18481.345792,0.000,41.00,43.00,41.00,43.00,264.130584,264130.584,0.000000,0.000,264.130584,264130.584
cubic,46052357436,482817445289,528869802725,14889842176.000,14889.842176,0.000,42.00,43.00,42.00,43.00,226.362762,226362.762,0.000000,0.000,226.362762,226362.762
cubic,46051818044,528999469813,575051287857,14889667840.000,14889.667840,0.000,41.00,44.00,42.00,44.00,226.491058,226491.058,0.000000,0.000,226.491058,226491.058
cubic,46052349060,575181031941,621233381001,14889839360.000,14889.839360,0.000,42.00,44.00,42.00,44.00,226.447326,226447.326,0.000000,0.000,226.447326,226447.326
cubic,46051765292,621363132349,667414897641,14889650432.000,14889.650432,0.000,42.00,44.00,42.00,44.00,226.484619,226484.619,0.000000,0.000,226.484619,226484.619
cubic,46052308480,667544695001,713597003481,14889826304.000,14889.826304,0.000,42.00,44.00,42.00,44.00,226.596618,226596.618,0.000000,0.000,226.596618,226596.618
cubic,46052212552,713726805165,759779017717,14889795328.000,14889.795328,0.000,43.00,43.00,43.00,43.00,226.647003,226647.003,0.000000,0.000,226.647003,226647.003
cubic,46051728168,759908864257,805960592425,14889638656.000,14889.638656,0.000,42.00,44.00,43.00,44.00,226.708099,226708.099,0.000000,0.000,226.708099,226708.099
dijkstra,59090565012,806090479525,865181044537,19105410048.000,19105.410048,0.000,43.00,46.00,43.00,46.00,322.266937,322266.937,0.000000,0.000,322.266937,322266.937
dijkstra,59012922340,865313385205,924326307545,19080306432.000,19080.306432,0.000,44.00,47.00,44.00,47.00,322.193679,322193.679,0.000000,0.000,322.193679,322193.679
dijkstra,59079277216,924458658761,983537935977,19101760512.000,19101.760512,0.000,44.00,47.00,44.00,47.00,322.982986,322982.986,0.000000,0.000,322.982986,322982.986
dijkstra,59052309300,983670337025,1042722646325,19093041152.000,19093.041152,0.000,44.00,47.00,44.00,47.00,322.900238,322900.238,0.000000,0.000,322.900238,322900.238
dijkstra,59038345588,1042855910401,1101894255989,19088526592.000,19088.526592,0.000,44.00,47.00,44.00,47.00,322.880065,322880.065,0.000000,0.000,322.880065,322880.065
dijkstra,59038306424,1102028334289,1161066640713,19088513792.000,19088.513792,0.000,44.00,47.00,44.00,47.00,322.988601,322988.601,0.000000,0.000,322.988601,322988.601
dijkstra,59079051712,1161200741781,1220279793493,19101687552.000,19101.687552,0.000,44.00,47.00,44.00,47.00,323.401977,323401.977,0.000000,0.000,323.401977,323401.977
fdct,47424043608,1220413935249,1267837978857,15333341440.000,15333.341440,0.000,44.00,46.00,44.00,46.00,255.601562,255601.562,0.000000,0.000,255.601562,255601.562
fdct,47424517704,1267968913917,1315393431621,15333494784.000,15333.494784,0.000,44.00,46.00,44.00,46.00,255.538681,255538.681,0.000000,0.000,255.538681,255538.681
fdct,47424375504,1315524375053,1362948750557,15333448704.000,15333.448704,0.000,44.00,47.00,44.00,47.00,255.707229,255707.229,0.000000,0.000,255.707229,255707.229
fdct,47425137500,1363079697589,1410504835089,15333694976.000,15333.694976,0.000,44.00,46.00,44.00,46.00,255.759979,255759.979,0.000000,0.000,255.759979,255759.979
fdct,47425279212,1410635791145,1458061070357,15333740800.000,15333.740800,0.000,44.00,47.00,44.00,47.00,255.707107,255707.107,0.000000,0.000,255.707107,255707.107
fdct,47424545424,1458192046477,1505616591901,15333503744.000,15333.503744,0.000,44.00,47.00,44.00,47.00,255.786972,255786.972,0.000000,0.000,255.786972,255786.972
fdct,47424441096,1505747552205,1553171993301,15333470208.000,15333.470208,0.000,44.00,47.00,44.00,47.00,255.874298,255874.298,0.000000,0.000,255.874298,255874.298
fir,41014353608,1553302954365,1594317307973,13260933632.000,13260.933632,0.000,45.00,47.00,45.00,47.00,218.024658,218024.658,0.000000,0.000,218.024658,218024.658
fir,41014428340,1594447469293,1635461897633,13260957696.000,13260.957696,0.000,44.00,47.00,44.00,47.00,218.116165,218116.165,0.000000,0.000,218.116165,218116.165
fir,41014299844,1635592067281,1676606367125,13260916224.000,13260.916224,0.000,44.00,46.00,44.00,46.00,218.022048,218022.048,0.000000,0.000,218.022048,218022.048
fir,41014460324,1676736522041,1717750982365,13260968192.000,13260.968192,0.000,44.00,47.00,44.00,47.00,217.964675,217964.675,0.000000,0.000,217.964675,217964.675
fir,41014462028,1717881165649,1758895627677,13260968704.000,13260.968704,0.000,44.00,46.00,44.00,46.00,217.682968,217682.968,0.000000,0.000,217.682968,217682.968
fir,41014401416,1759025795613,1800040197029,13260948736.000,13260.948736,0.000,44.00,46.00,44.00,46.00,217.750946,217750.946,0.000000,0.000,217.750946,217750.946
fir,41014389944,1800170402533,1841184792477,13260945152.000,13260.945152,0.000,44.00,46.00,44.00,46.00,217.743820,217743.820,0.000000,0.000,217.743820,217743.820
matmult-float,50626119560,1841315009285,1891941128845,16368650240.000,16368.650240,0.000,44.00,46.00,44.00,46.00,289.901412,289901.412,0.000000,0.000,289.901412,289901.412
matmult-float,50637196656,1892079509657,1942716706313,16372231680.000,16372.231680,0.000,44.00,46.00,44.00,46.00,289.936599,289936.599,0.000000,0.000,289.936599,289936.599
matmult-float,50612210796,1942855064981,1993467275777,16364153088.000,16364.153088,0.000,44.00,47.00,44.00,47.00,290.113739,290113.739,0.000000,0.000,290.113739,290113.739
matmult-float,50622869092,1993605642793,2044228511885,16367598848.000,16367.598848,0.000,44.00,46.00,44.00,46.00,290.141998,290141.998,0.000000,0.000,290.141998,290141.998
matmult-float,50602523996,2044366888049,2094969412045,16361021184.000,16361.021184,0.000,43.00,47.00,43.00,47.00,290.195587,290195.587,0.000000,0.000,290.195587,290195.587
matmult-float,50610244616,2095107758249,2145718002865,16363517440.000,16363.517440,0.000,44.00,47.00,44.00,47.00,290.381317,290381.317,0.000000,0.000,290.381317,290381.317
matmult-float,50619354436,2145856353517,2196475707953,16366462720.000,16366.462720,0.000,45.00,47.00,45.00,47.00,290.347885,290347.885,0.000000,0.000,290.347885,290347.885
matmult-int,48610099700,2196614102453,2245224202153,15716822016.000,15716.822016,0.000,44.00,47.00,44.00,47.00,270.843048,270843.048,0.000000,0.000,270.843048,270843.048
matmult-int,48615150588,2245360968065,2293976118653,15718455040.000,15718.455040,0.000,45.00,47.00,45.00,47.00,270.747756,270747.756,0.000000,0.000,270.747756,270747.756
matmult-int,48637125352,2294112903125,2342750028477,15725560320.000,15725.560320,0.000,45.00,48.00,45.00,48.00,271.137100,271137.100,0.000000,0.000,271.137100,271137.100
matmult-int,48609175084,2342886828093,2391496003177,15716523264.000,15716.523264,0.000,44.00,47.00,44.00,47.00,270.910919,270910.919,0.000000,0.000,270.910919,270910.919
matmult-int,48605355008,2391632792305,2440238147313,15715288064.000,15715.288064,0.000,44.00,47.00,44.00,47.00,270.813461,270813.461,0.000000,0.000,270.813461,270813.461
matmult-int,48601648836,2440374931637,2488976580473,15714089728.000,15714.089728,0.000,44.00,48.00,44.00,48.00,270.915420,270915.420,0.000000,0.000,270.915420,270915.420
matmult-int,48607008532,2489113375693,2537720384225,15715822592.000,15715.822592,0.000,45.00,47.00,45.00,47.00,271.251022,271251.022,0.000000,0.000,271.251022,271251.022
nettle-sha256,55496606724,2537857216973,2593353823697,17943396352.000,17943.396352,0.000,44.00,47.00,44.00,47.00,342.328643,342328.643,0.000000,0.000,342.328643,342328.643
nettle-sha256,55518555564,2593492245733,2649010801297,17950492928.000,17950.492928,0.000,44.00,48.00,44.00,48.00,342.403869,342403.869,0.000000,0.000,342.403869,342403.869
nettle-sha256,55518539352,2649149175021,2704667714373,17950487552.000,17950.487552,0.000,44.00,47.00,44.00,47.00,342.520736,342520.736,0.000000,0.000,342.520736,342520.736
nettle-sha256,55517931620,2704806161365,2760324092985,17950291200.000,17950.291200,0.000,44.00,48.00,44.00,48.00,342.614746,342614.746,0.000000,0.000,342.614746,342614.746
nettle-sha256,55518532372,2760462513933,2815981046305,17950485760.000,17950.485760,0.000,45.00,48.00,45.00,48.00,342.596694,342596.694,0.000000,0.000,342.596694,342596.694
nettle-sha256,55517966920,2816119527641,2871637494561,17950302976.000,17950.302976,0.000,45.00,47.00,45.00,47.00,342.426284,342426.284,0.000000,0.000,342.426284,342426.284
nettle-sha256,55518540648,2871775960213,2927294500861,17950488320.000,17950.488320,0.000,45.00,48.00,45.00,48.00,342.598205,342598.205,0.000000,0.000,342.598205,342598.205
rijndael,51625233844,2927433008197,2979058242041,16691688192.000,16691.688192,0.000,44.00,48.00,44.00,48.00,300.175292,300175.292,0.000000,0.000,300.175292,300175.292
rijndael,51625771236,2979192691017,3030818462253,16691861504.000,16691.861504,0.000,45.00,47.00,45.00,47.00,300.246841,300246.841,0.000000,0.000,300.246841,300246.841
rijndael,51625201268,3030952841725,3082578042993,16691677696.000,16691.677696,0.000,45.00,47.00,45.00,47.00,300.193115,300193.115,0.000000,0.000,300.193115,300193.115
rijndael,51625198940,3082712480217,3134337679157,16691676672.000,16691.676672,0.000,45.00,48.00,45.00,48.00,300.062881,300062.881,0.000000,0.000,300.062881,300062.881
rijndael,51625707308,3134472098837,3186097806145,16691840768.000,16691.840768,0.000,45.00,47.00,44.00,47.00,300.079513,300079.513,0.000000,0.000,300.079513,300079.513
rijndael,51625210408,3186232236885,3237857447293,16691680512.000,16691.680512,0.000,45.00,47.00,45.00,47.00,299.841232,299841.232,0.000000,0.000,299.841232,299841.232
rijndael,51625168684,3237991901721,3289617070405,16691666688.000,16691.666688,0.000,44.00,46.00,44.00,46.00,299.813400,299813.400,0.000000,0.000,299.813400,299813.400
