unix_timestamp,active_power (mW)
1769766072670024,39650
1769766072712941,42390
1769766072755816,42230
1769766072798842,42270
1769766072841899,42150
1769766072884930,42240
1769766072927813,42170
1769766072970644,42100
1769766073013727,42090
1769766073056870,42180
1769766073099795,42210
1769766073142562,42320
1769766073187251,42150
1769766073229601,42340
1769766073272675,42250
1769766073315732,42160
1769766073358496,42160
1769766073401647,42110
1769766073444875,42180
1769766073487965,42240
1769766073531094,42180
1769766073573613,42140
1769766073616774,42110
1769766073659821,42160
1769766073706820,42080
1769766073749948,42080
1769766073793057,42100
1769766073835553,42160
1769766073878005,42250
1769766073921231,42120
1769766073964283,42120
1769766074007272,42150
1769766074049670,42140
1769766074092907,42140
1769766074135938,45130
1769766074178493,42350
1769766074221519,42160
1769766074266460,42160
1769766074309639,42170
1769766074352741,42150
1769766074395740,42110
1769766074438368,42200
1769766074481466,42170
1769766074524610,42090
1769766074567429,42200
1769766074610449,42150
1769766074653518,42110
1769766074696533,42200
1769766074739181,42170
1769766074781457,42260
1769766074825897,42200
1769766074868161,42210
1769766074911263,42100
1769766074953845,42240
1769766074997060,42160
1769766075039894,42180
1769766075082633,42280
1769766075125688,42120
1769766075168668,42230
1769766075211885,42170
1769766075255041,42110
1769766075297452,42120
1769766075340648,42190
1769766075385435,42150
1769766075428430,42150
1769766075471545,42050
1769766075514459,42220
1769766075557714,42230
1769766075600777,42170
1769766075643651,42080
1769766075686525,42110
1769766075729618,42200
1769766075772847,42180
1769766075815557,42060
1769766075858495,42140
1769766075904995,42130
1769766075948057,42200
1769766075991080,42280
1769766076034347,42140
1769766076077254,42180
1769766076120255,42240
1769766076163293,42180
1769766076206321,42150
1769766076249371,42150
1769766076292658,42130
1769766076335530,42140
1769766076378022,42180
1769766076424535,42170
1769766076467232,42130
1769766076510379,42180
1769766076553499,42150
1769766076596699,42100
1769766076639568,42240
1769766076682710,42200
1769766076725523,42180
1769766076768492,42140
1769766076811493,42170
1769766076853850,42300
1769766076896880,42280
1769766076943964,42150
1769766076987101,42100
1769766077030350,42240
1769766077073035,42290
1769766077116013,42140
1769766077159123,42100
1769766077202251,42130
1769766077245415,42370
1769766077288352,42240
1769766077331100,42200
1769766077373828,42140
1769766077417121,42200
1769766077463569,42160
1769766077506679,42100
1769766077549820,42170
1769766077593066,42150
1769766077636097,42130
1769766077679197,42080
1769766077721837,42140
1769766077764900,42170
1769766077808002,42210
1769766077850932,42140
1769766077893882,42170
1769766077937050,42140
1769766077983164,42090
1769766078025641,42130
1769766078068756,42150
1769766078111948,42170
1769766078154738,42240
1769766078197793,42220
1769766078241010,42060
1769766078284166,42210
1769766078326927,42210
1769766078369817,42220
1769766078413012,42170
1769766078456137,42150
1769766078502618,42200
1769766078545830,42150
1769766078588911,42210
1769766078631493,42180
1769766078674681,42100
1769766078717792,42230
1769766078760677,42180
1769766078803699,42160
1769766078846685,42130
1769766078889773,42320
1769766078932917,42170
1769766078975728,42200
1769766079022332,42140
1769766079065289,42080
1769766079108172,42340
1769766079151281,42170
1769766079194411,42150
1769766079237348,42120
1769766079280295,42120
1769766079322976,42150
1769766079365765,42170
1769766079408669,42160
1769766079451681,42180
1769766079494650,42190
1769766079541736,42090
1769766079584829,42200
1769766079628006,42170
1769766079671187,42120
1769766079713916,42170
1769766079757147,42160
1769766079800036,42140
1769766079842674,42150
1769766079885115,42160
1769766079928062,42110
1769766079971197,42240
1769766080013713,42120
1769766080056667,42130
1769766080101191,42160
1769766080144292,42210
1769766080187133,42150
1769766080230284,42150
1769766080273074,42230
1769766080315868,42180
1769766080358479,42240
1769766080401581,42130
1769766080444217,42170
1769766080487327,42230
1769766080530288,42200
1769766080573414,42110
1769766080616438,42160
1769766080660604,42180
1769766080703598,42170
1769766080746606,42120
1769766080789779,42160
1769766080832954,42120
1769766080876000,42210
1769766080918492,42300
1769766080961630,42160
1769766081004813,42360
1769766081047064,42180
1769766081089844,42160
1769766081132909,42220
1769766081175976,42200
1769766081220162,42340
1769766081263130,42150
1769766081306149,42210
1769766081349391,42140
1769766081392452,42180
1769766081435595,42220
1769766081478780,42170
1769766081521581,42140
1769766081564674,42190
1769766081607732,42160
1769766081650353,42270
1769766081693231,42120
1769766081735690,42150
1769766081779620,42190
1769766081822257,42160
1769766081865393,42220
1769766081908436,42200
1769766081951261,42130
1769766081994112,42180
1769766082036846,42220
1769766082079944,42140
1769766082123046,42190
1769766082166162,42120
1769766082209087,42130
1769766082251905,42210
1769766082294902,42170
1769766082339093,42160
1769766082381925,42160
1769766082425117,42180
1769766082468193,42230
1769766082511276,42140
1769766082553612,42100
1769766082596607,42200
1769766082639884,42120
1769766082683043,42110
1769766082726159,42140
1769766082769297,42110
1769766082812146,42110
1769766082858669,42200
1769766082901749,42200
1769766082944583,42320
1769766082987392,42160
1769766083030516,42160
1769766083073087,42250
1769766083116235,42220
1769766083159353,42190
1769766083201819,42100
1769766083244943,42110
1769766083288166,42150
1769766083331233,42160
1769766083373834,42100
1769766083418120,42200
1769766083461073,42190
1769766083504034,42200
1769766083547173,42160
1769766083590032,42160
1769766083633179,42130
1769766083675836,42200
1769766083718901,42160
1769766083762032,42130
1769766083805158,42200
1769766083848311,42120
1769766083891284,42260
1769766083937651,42170
1769766083981181,42210
1769766084024300,42180
1769766084067100,42120
1769766084110244,42130
1769766084153344,42110
1769766084195862,42170
1769766084238720,42070
1769766084281869,42170
1769766084324966,42210
1769766084367842,42180
1769766084410637,42150
1769766084457270,42110
1769766084500299,42090
1769766084543095,42160
1769766084586308,42270
1769766084629290,42090
1769766084672313,42110
1769766084715340,42150
1769766084758253,42110
1769766084801268,42130
1769766084844285,42070
1769766084887241,42090
1769766084930344,42130
1769766084976796,42140
1769766085019825,42280
1769766085063025,42310
1769766085105814,42130
1769766085148989,42250
1769766085192158,42120
1769766085234523,42250
1769766085277711,42130
1769766085320930,42130
1769766085363775,42190
1769766085406609,42120
1769766085449816,42120
1769766085496251,42130
1769766085538982,42140
1769766085581395,42260
1769766085624093,42140
1769766085666993,42100
1769766085710032,42100
1769766085752989,42140
1769766085796179,42130
1769766085838885,42130
1769766085882033,42220
1769766085925067,42210
1769766085968140,42180
1769766086010903,42180
1769766086055635,42160
1769766086098044,42150
1769766086141142,42180
1769766086184037,42180
1769766086227189,42130
1769766086270356,42180
1769766086313261,42200
1769766086355656,42140
1769766086398400,42130
1769766086441262,42210
1769766086484642,42180
1769766086527764,42180
1769766086570747,42200
1769766086615243,42260
1769766086657888,42150
1769766086700787,42180
1769766086743641,42180
1769766086786735,42120
1769766086829996,42210
1769766086873088,42190
1769766086916316,42140
1769766086959448,42210
1769766087001960,42190
1769766087045133,42180
1769766087087961,42220
1769766087134834,42120
1769766087177884,42170
1769766087221073,42110
1769766087263971,42110
1769766087307007,42070
1769766087349896,42110
1769766087393113,42140
1769766087436181,42100
1769766087479055,42330
1769766087522193,42170
1769766087565497,42120
1769766087608636,42090
1769766087654392,42190
1769766087697440,42180
1769766087740584,42140
1769766087783794,42110
1769766087826613,42200
1769766087870103,42200
1769766087913263,42070
1769766087956423,42080
1769766087999399,42250
1769766088042511,42120
1769766088085297,42170
1769766088128518,42180
1769766088173878,42130
1769766088216840,42200
1769766088259733,42210
1769766088302874,42080
1769766088345885,42150
1769766088388869,42170
1769766088431808,42230
1769766088474778,42170
1769766088517791,42200
1769766088560870,42120
1769766088604015,42190
1769766088647099,42140
1769766088693411,42160
1769766088736474,42150
1769766088779689,42150
1769766088822844,42230
1769766088865983,42230
1769766088909267,42160
1769766088952453,42110
1769766088995346,42120
1769766089038557,42190
1769766089081541,42200
1769766089124533,42400
1769766089167557,42180
1769766089213137,42290
1769766089256320,42150
1769766089299354,42140
1769766089342311,42130
1769766089385375,42110
1769766089428337,42050
1769766089471458,42110
1769766089513827,42230
1769766089556797,42150
1769766089599733,42130
1769766089642589,42190
1769766089685641,42130
